[2025-09-05T19:47:11.653Z] [LOG] Test setup initialized - logging to test-output.log
[2025-09-05T19:47:12.051Z] [LOG] [dotenv@17.2.1] injecting env (0) from .env -- tip: 📡 auto-backup env with Radar: https://dotenvx.com/radar
[2025-09-05T19:47:12.053Z] [LOG] Setting up Frequency network with options: {
  "wasmOverride": "./wasm/frequency_runtime.wasm",
  "blockNumber": 3000000,
  "endpoint": [
    "wss://0.rpc.frequency.xyz"
  ],
  "port": 8000,
  "mockSignatureHost": true,
  "runtimeLogLevel": 5,
  "db": "frequency-db.sqlite"
}
[2025-09-05T19:47:15.810Z] [LOG] Setting up Polkadot network with options: {
  "blockNumber": 14500000,
  "endpoint": [
    "wss://rpc.ibp.network/polkadot"
  ],
  "db": "polkadot-db.sqlite"
}
[2025-09-05T19:47:28.038Z] [LOG] AssetHubinbox before block: {
  "2000": "0x0000000000000000000000000000000000000000000000000000000000000000",
  "2004": "0xcdc74b855bf5ff842b37d492af89ef9889a1493314f0eceee79097426af9b974",
  "2006": "0xd3f0e899387890a1640b9deb089105b97a28e5bd6dd44e17d51161af2834c1b3",
  "2011": "0x25aa2f5e7929c1f29a1f09c17a89bb5344db8d2cb4227093f3d7d528db090211",
  "2012": "0x0012fb60583103874d44e0fa53ebd01ad98e7e7545852abade428806225e4d37",
  "2021": "0x0000000000000000000000000000000000000000000000000000000000000000",
  "2030": "0x0000000000000000000000000000000000000000000000000000000000000000",
  "2031": "0x0000000000000000000000000000000000000000000000000000000000000000",
  "2032": "0x8f1935545b4c59b99a2bcaa5e8b3787f06581de1c5b3ffbe707d540beb177125",
  "2035": "0x0000000000000000000000000000000000000000000000000000000000000000",
  "2046": "0x0000000000000000000000000000000000000000000000000000000000000000"
}
[2025-09-05T19:47:29.726Z] [LOG] AssetHubinbox before block: {
  "2000": "0x0000000000000000000000000000000000000000000000000000000000000000",
  "2004": "0xcdc74b855bf5ff842b37d492af89ef9889a1493314f0eceee79097426af9b974",
  "2006": "0xd3f0e899387890a1640b9deb089105b97a28e5bd6dd44e17d51161af2834c1b3",
  "2011": "0x25aa2f5e7929c1f29a1f09c17a89bb5344db8d2cb4227093f3d7d528db090211",
  "2012": "0x0012fb60583103874d44e0fa53ebd01ad98e7e7545852abade428806225e4d37",
  "2021": "0x0000000000000000000000000000000000000000000000000000000000000000",
  "2030": "0x0000000000000000000000000000000000000000000000000000000000000000",
  "2031": "0x0000000000000000000000000000000000000000000000000000000000000000",
  "2032": "0x8f1935545b4c59b99a2bcaa5e8b3787f06581de1c5b3ffbe707d540beb177125",
  "2035": "0x0000000000000000000000000000000000000000000000000000000000000000",
  "2046": "0x0000000000000000000000000000000000000000000000000000000000000000",
  "2091": "0x68d828cffbff078a2cbf41945aab4cf9dfc39cb9e2d60dd9ae33aabc3d452274"
}
[2025-09-05T19:54:03.361Z] [LOG] Test setup initialized - logging to test-output.log
[2025-09-05T19:54:03.725Z] [LOG] [dotenv@17.2.1] injecting env (0) from .env -- tip: 🛠️  run anywhere with `dotenvx run -- yourcommand`
[2025-09-05T19:54:03.728Z] [LOG] Setting up Frequency network with options: {
  "wasmOverride": "./wasm/frequency_runtime.wasm",
  "blockNumber": 3000000,
  "endpoint": [
    "wss://0.rpc.frequency.xyz"
  ],
  "port": 8000,
  "mockSignatureHost": true,
  "runtimeLogLevel": 5,
  "db": "frequency-db.sqlite"
}
[2025-09-05T19:54:07.519Z] [LOG] Setting up Polkadot network with options: {
  "blockNumber": 14500000,
  "endpoint": [
    "wss://rpc.ibp.network/polkadot"
  ],
  "db": "polkadot-db.sqlite"
}
[2025-09-05T19:54:19.915Z] [LOG] AssetHubinbox before block: {
  "2000": "0x0000000000000000000000000000000000000000000000000000000000000000",
  "2004": "0xcdc74b855bf5ff842b37d492af89ef9889a1493314f0eceee79097426af9b974",
  "2006": "0xd3f0e899387890a1640b9deb089105b97a28e5bd6dd44e17d51161af2834c1b3",
  "2011": "0x25aa2f5e7929c1f29a1f09c17a89bb5344db8d2cb4227093f3d7d528db090211",
  "2012": "0x0012fb60583103874d44e0fa53ebd01ad98e7e7545852abade428806225e4d37",
  "2021": "0x0000000000000000000000000000000000000000000000000000000000000000",
  "2030": "0x0000000000000000000000000000000000000000000000000000000000000000",
  "2031": "0x0000000000000000000000000000000000000000000000000000000000000000",
  "2032": "0x8f1935545b4c59b99a2bcaa5e8b3787f06581de1c5b3ffbe707d540beb177125",
  "2035": "0x0000000000000000000000000000000000000000000000000000000000000000",
  "2046": "0x0000000000000000000000000000000000000000000000000000000000000000"
}
[2025-09-05T19:54:21.652Z] [LOG] AssetHubinbox before block: {
  "2000": "0x0000000000000000000000000000000000000000000000000000000000000000",
  "2004": "0xcdc74b855bf5ff842b37d492af89ef9889a1493314f0eceee79097426af9b974",
  "2006": "0xd3f0e899387890a1640b9deb089105b97a28e5bd6dd44e17d51161af2834c1b3",
  "2011": "0x25aa2f5e7929c1f29a1f09c17a89bb5344db8d2cb4227093f3d7d528db090211",
  "2012": "0x0012fb60583103874d44e0fa53ebd01ad98e7e7545852abade428806225e4d37",
  "2021": "0x0000000000000000000000000000000000000000000000000000000000000000",
  "2030": "0x0000000000000000000000000000000000000000000000000000000000000000",
  "2031": "0x0000000000000000000000000000000000000000000000000000000000000000",
  "2032": "0x8f1935545b4c59b99a2bcaa5e8b3787f06581de1c5b3ffbe707d540beb177125",
  "2035": "0x0000000000000000000000000000000000000000000000000000000000000000",
  "2046": "0x0000000000000000000000000000000000000000000000000000000000000000",
  "2091": "0x68d828cffbff078a2cbf41945aab4cf9dfc39cb9e2d60dd9ae33aabc3d452274"
}
[2025-09-05T19:54:22.222Z] [LOG] Test setup initialized - logging to test-output.log
[2025-09-05T19:54:22.498Z] [LOG] [dotenv@17.2.1] injecting env (0) from .env -- tip: 📡 auto-backup env with Radar: https://dotenvx.com/radar
[2025-09-05T19:54:22.500Z] [LOG] Setting up Frequency network with options: {
  "wasmOverride": "./wasm/frequency_runtime.wasm",
  "blockNumber": 3000000,
  "endpoint": [
    "wss://0.rpc.frequency.xyz"
  ],
  "port": 8000,
  "mockSignatureHost": true,
  "runtimeLogLevel": 5,
  "db": "frequency-db.sqlite"
}
[2025-09-05T19:54:25.972Z] [LOG] Setting up Polkadot network with options: {
  "blockNumber": 14500000,
  "endpoint": [
    "wss://rpc.ibp.network/polkadot"
  ],
  "db": "polkadot-db.sqlite"
}
[2025-09-05T19:54:38.085Z] [LOG] AssetHubinbox before block: {
  "2000": "0x0000000000000000000000000000000000000000000000000000000000000000",
  "2004": "0xcdc74b855bf5ff842b37d492af89ef9889a1493314f0eceee79097426af9b974",
  "2006": "0xd3f0e899387890a1640b9deb089105b97a28e5bd6dd44e17d51161af2834c1b3",
  "2011": "0x25aa2f5e7929c1f29a1f09c17a89bb5344db8d2cb4227093f3d7d528db090211",
  "2012": "0x0012fb60583103874d44e0fa53ebd01ad98e7e7545852abade428806225e4d37",
  "2021": "0x0000000000000000000000000000000000000000000000000000000000000000",
  "2030": "0x0000000000000000000000000000000000000000000000000000000000000000",
  "2031": "0x0000000000000000000000000000000000000000000000000000000000000000",
  "2032": "0x8f1935545b4c59b99a2bcaa5e8b3787f06581de1c5b3ffbe707d540beb177125",
  "2035": "0x0000000000000000000000000000000000000000000000000000000000000000",
  "2046": "0x0000000000000000000000000000000000000000000000000000000000000000"
}
[2025-09-05T19:54:39.805Z] [LOG] AssetHubinbox before block: {
  "2000": "0x0000000000000000000000000000000000000000000000000000000000000000",
  "2004": "0xcdc74b855bf5ff842b37d492af89ef9889a1493314f0eceee79097426af9b974",
  "2006": "0xd3f0e899387890a1640b9deb089105b97a28e5bd6dd44e17d51161af2834c1b3",
  "2011": "0x25aa2f5e7929c1f29a1f09c17a89bb5344db8d2cb4227093f3d7d528db090211",
  "2012": "0x0012fb60583103874d44e0fa53ebd01ad98e7e7545852abade428806225e4d37",
  "2021": "0x0000000000000000000000000000000000000000000000000000000000000000",
  "2030": "0x0000000000000000000000000000000000000000000000000000000000000000",
  "2031": "0x0000000000000000000000000000000000000000000000000000000000000000",
  "2032": "0x8f1935545b4c59b99a2bcaa5e8b3787f06581de1c5b3ffbe707d540beb177125",
  "2035": "0x0000000000000000000000000000000000000000000000000000000000000000",
  "2046": "0x0000000000000000000000000000000000000000000000000000000000000000",
  "2091": "0x68d828cffbff078a2cbf41945aab4cf9dfc39cb9e2d60dd9ae33aabc3d452274"
}
[2025-09-05T19:54:40.376Z] [LOG] Test setup initialized - logging to test-output.log
[2025-09-05T19:54:40.597Z] [LOG] [dotenv@17.2.1] injecting env (0) from .env -- tip: ⚙️  write to custom object with { processEnv: myObject }
[2025-09-05T19:54:40.599Z] [LOG] Setting up Frequency network with options: {
  "wasmOverride": "./wasm/frequency_runtime.wasm",
  "blockNumber": 3000000,
  "endpoint": [
    "wss://0.rpc.frequency.xyz"
  ],
  "port": 8000,
  "mockSignatureHost": true,
  "runtimeLogLevel": 5,
  "db": "frequency-db.sqlite"
}
[2025-09-05T19:54:43.973Z] [LOG] Setting up Polkadot network with options: {
  "blockNumber": 14500000,
  "endpoint": [
    "wss://rpc.ibp.network/polkadot"
  ],
  "db": "polkadot-db.sqlite"
}
[2025-09-05T19:54:56.514Z] [LOG] AssetHubinbox before block: {
  "2000": "0x0000000000000000000000000000000000000000000000000000000000000000",
  "2004": "0xcdc74b855bf5ff842b37d492af89ef9889a1493314f0eceee79097426af9b974",
  "2006": "0xd3f0e899387890a1640b9deb089105b97a28e5bd6dd44e17d51161af2834c1b3",
  "2011": "0x25aa2f5e7929c1f29a1f09c17a89bb5344db8d2cb4227093f3d7d528db090211",
  "2012": "0x0012fb60583103874d44e0fa53ebd01ad98e7e7545852abade428806225e4d37",
  "2021": "0x0000000000000000000000000000000000000000000000000000000000000000",
  "2030": "0x0000000000000000000000000000000000000000000000000000000000000000",
  "2031": "0x0000000000000000000000000000000000000000000000000000000000000000",
  "2032": "0x8f1935545b4c59b99a2bcaa5e8b3787f06581de1c5b3ffbe707d540beb177125",
  "2035": "0x0000000000000000000000000000000000000000000000000000000000000000",
  "2046": "0x0000000000000000000000000000000000000000000000000000000000000000"
}
[2025-09-05T19:54:58.268Z] [LOG] AssetHubinbox before block: {
  "2000": "0x0000000000000000000000000000000000000000000000000000000000000000",
  "2004": "0xcdc74b855bf5ff842b37d492af89ef9889a1493314f0eceee79097426af9b974",
  "2006": "0xd3f0e899387890a1640b9deb089105b97a28e5bd6dd44e17d51161af2834c1b3",
  "2011": "0x25aa2f5e7929c1f29a1f09c17a89bb5344db8d2cb4227093f3d7d528db090211",
  "2012": "0x0012fb60583103874d44e0fa53ebd01ad98e7e7545852abade428806225e4d37",
  "2021": "0x0000000000000000000000000000000000000000000000000000000000000000",
  "2030": "0x0000000000000000000000000000000000000000000000000000000000000000",
  "2031": "0x0000000000000000000000000000000000000000000000000000000000000000",
  "2032": "0x8f1935545b4c59b99a2bcaa5e8b3787f06581de1c5b3ffbe707d540beb177125",
  "2035": "0x0000000000000000000000000000000000000000000000000000000000000000",
  "2046": "0x0000000000000000000000000000000000000000000000000000000000000000",
  "2091": "0x68d828cffbff078a2cbf41945aab4cf9dfc39cb9e2d60dd9ae33aabc3d452274"
}
[2025-09-05T19:54:58.981Z] [LOG] Test setup initialized - logging to test-output.log
[2025-09-05T19:54:59.417Z] [LOG] [dotenv@17.2.1] injecting env (0) from .env -- tip: ⚙️  override existing env vars with { override: true }
[2025-09-05T19:54:59.419Z] [LOG] Setting up Frequency network with options: {
  "wasmOverride": "./wasm/frequency_runtime.wasm",
  "blockNumber": 3000000,
  "endpoint": [
    "wss://0.rpc.frequency.xyz"
  ],
  "port": 8000,
  "mockSignatureHost": true,
  "runtimeLogLevel": 5,
  "db": "frequency-db.sqlite"
}
[2025-09-05T19:55:02.805Z] [LOG] Setting up Polkadot network with options: {
  "blockNumber": 14500000,
  "endpoint": [
    "wss://rpc.ibp.network/polkadot"
  ],
  "db": "polkadot-db.sqlite"
}
[2025-09-05T19:55:14.829Z] [LOG] AssetHubinbox before block: {
  "2000": "0x0000000000000000000000000000000000000000000000000000000000000000",
  "2004": "0xcdc74b855bf5ff842b37d492af89ef9889a1493314f0eceee79097426af9b974",
  "2006": "0xd3f0e899387890a1640b9deb089105b97a28e5bd6dd44e17d51161af2834c1b3",
  "2011": "0x25aa2f5e7929c1f29a1f09c17a89bb5344db8d2cb4227093f3d7d528db090211",
  "2012": "0x0012fb60583103874d44e0fa53ebd01ad98e7e7545852abade428806225e4d37",
  "2021": "0x0000000000000000000000000000000000000000000000000000000000000000",
  "2030": "0x0000000000000000000000000000000000000000000000000000000000000000",
  "2031": "0x0000000000000000000000000000000000000000000000000000000000000000",
  "2032": "0x8f1935545b4c59b99a2bcaa5e8b3787f06581de1c5b3ffbe707d540beb177125",
  "2035": "0x0000000000000000000000000000000000000000000000000000000000000000",
  "2046": "0x0000000000000000000000000000000000000000000000000000000000000000"
}
[2025-09-05T19:55:16.501Z] [LOG] AssetHubinbox before block: {
  "2000": "0x0000000000000000000000000000000000000000000000000000000000000000",
  "2004": "0xcdc74b855bf5ff842b37d492af89ef9889a1493314f0eceee79097426af9b974",
  "2006": "0xd3f0e899387890a1640b9deb089105b97a28e5bd6dd44e17d51161af2834c1b3",
  "2011": "0x25aa2f5e7929c1f29a1f09c17a89bb5344db8d2cb4227093f3d7d528db090211",
  "2012": "0x0012fb60583103874d44e0fa53ebd01ad98e7e7545852abade428806225e4d37",
  "2021": "0x0000000000000000000000000000000000000000000000000000000000000000",
  "2030": "0x0000000000000000000000000000000000000000000000000000000000000000",
  "2031": "0x0000000000000000000000000000000000000000000000000000000000000000",
  "2032": "0x8f1935545b4c59b99a2bcaa5e8b3787f06581de1c5b3ffbe707d540beb177125",
  "2035": "0x0000000000000000000000000000000000000000000000000000000000000000",
  "2046": "0x0000000000000000000000000000000000000000000000000000000000000000",
  "2091": "0x68d828cffbff078a2cbf41945aab4cf9dfc39cb9e2d60dd9ae33aabc3d452274"
}
[2025-09-05T20:10:11.752Z] [LOG] Test setup initialized - logging to test-output.log
[2025-09-05T20:10:12.130Z] [LOG] [dotenv@17.2.1] injecting env (0) from .env -- tip: 🛠️  run anywhere with `dotenvx run -- yourcommand`
[2025-09-05T20:10:12.133Z] [LOG] Setting up Frequency network with options: {
  "wasmOverride": "./wasm/frequency_runtime.wasm",
  "blockNumber": 3000000,
  "endpoint": [
    "wss://0.rpc.frequency.xyz"
  ],
  "port": 8000,
  "mockSignatureHost": true,
  "runtimeLogLevel": 5,
  "db": "frequency-db.sqlite"
}
[2025-09-05T20:10:15.781Z] [LOG] Setting up Polkadot network with options: {
  "blockNumber": 14500000,
  "endpoint": [
    "wss://rpc.ibp.network/polkadot"
  ],
  "db": "polkadot-db.sqlite"
}
[2025-09-05T20:10:27.951Z] [LOG] AssetHubinbox before block: {
  "2000": "0x0000000000000000000000000000000000000000000000000000000000000000",
  "2004": "0xcdc74b855bf5ff842b37d492af89ef9889a1493314f0eceee79097426af9b974",
  "2006": "0xd3f0e899387890a1640b9deb089105b97a28e5bd6dd44e17d51161af2834c1b3",
  "2011": "0x25aa2f5e7929c1f29a1f09c17a89bb5344db8d2cb4227093f3d7d528db090211",
  "2012": "0x0012fb60583103874d44e0fa53ebd01ad98e7e7545852abade428806225e4d37",
  "2021": "0x0000000000000000000000000000000000000000000000000000000000000000",
  "2030": "0x0000000000000000000000000000000000000000000000000000000000000000",
  "2031": "0x0000000000000000000000000000000000000000000000000000000000000000",
  "2032": "0x8f1935545b4c59b99a2bcaa5e8b3787f06581de1c5b3ffbe707d540beb177125",
  "2035": "0x0000000000000000000000000000000000000000000000000000000000000000",
  "2046": "0x0000000000000000000000000000000000000000000000000000000000000000"
}
[2025-09-05T20:10:29.755Z] [LOG] AssetHubinbox before block: {
  "2000": "0x0000000000000000000000000000000000000000000000000000000000000000",
  "2004": "0xcdc74b855bf5ff842b37d492af89ef9889a1493314f0eceee79097426af9b974",
  "2006": "0xd3f0e899387890a1640b9deb089105b97a28e5bd6dd44e17d51161af2834c1b3",
  "2011": "0x25aa2f5e7929c1f29a1f09c17a89bb5344db8d2cb4227093f3d7d528db090211",
  "2012": "0x0012fb60583103874d44e0fa53ebd01ad98e7e7545852abade428806225e4d37",
  "2021": "0x0000000000000000000000000000000000000000000000000000000000000000",
  "2030": "0x0000000000000000000000000000000000000000000000000000000000000000",
  "2031": "0x0000000000000000000000000000000000000000000000000000000000000000",
  "2032": "0x8f1935545b4c59b99a2bcaa5e8b3787f06581de1c5b3ffbe707d540beb177125",
  "2035": "0x0000000000000000000000000000000000000000000000000000000000000000",
  "2046": "0x0000000000000000000000000000000000000000000000000000000000000000",
  "2091": "0x68d828cffbff078a2cbf41945aab4cf9dfc39cb9e2d60dd9ae33aabc3d452274"
}
[2025-09-05T20:10:30.377Z] [LOG] Test setup initialized - logging to test-output.log
[2025-09-05T20:10:30.719Z] [LOG] [dotenv@17.2.1] injecting env (0) from .env -- tip: ⚙️  enable debug logging with { debug: true }
[2025-09-05T20:10:30.722Z] [LOG] Setting up Frequency network with options: {
  "wasmOverride": "./wasm/frequency_runtime.wasm",
  "blockNumber": 3000000,
  "endpoint": [
    "wss://0.rpc.frequency.xyz"
  ],
  "port": 8000,
  "mockSignatureHost": true,
  "runtimeLogLevel": 5,
  "db": "frequency-db.sqlite"
}
[2025-09-05T20:10:34.407Z] [LOG] Setting up Polkadot network with options: {
  "blockNumber": 14500000,
  "endpoint": [
    "wss://rpc.ibp.network/polkadot"
  ],
  "db": "polkadot-db.sqlite"
}
[2025-09-05T20:10:46.666Z] [LOG] AssetHubinbox before block: {
  "2000": "0x0000000000000000000000000000000000000000000000000000000000000000",
  "2004": "0xcdc74b855bf5ff842b37d492af89ef9889a1493314f0eceee79097426af9b974",
  "2006": "0xd3f0e899387890a1640b9deb089105b97a28e5bd6dd44e17d51161af2834c1b3",
  "2011": "0x25aa2f5e7929c1f29a1f09c17a89bb5344db8d2cb4227093f3d7d528db090211",
  "2012": "0x0012fb60583103874d44e0fa53ebd01ad98e7e7545852abade428806225e4d37",
  "2021": "0x0000000000000000000000000000000000000000000000000000000000000000",
  "2030": "0x0000000000000000000000000000000000000000000000000000000000000000",
  "2031": "0x0000000000000000000000000000000000000000000000000000000000000000",
  "2032": "0x8f1935545b4c59b99a2bcaa5e8b3787f06581de1c5b3ffbe707d540beb177125",
  "2035": "0x0000000000000000000000000000000000000000000000000000000000000000",
  "2046": "0x0000000000000000000000000000000000000000000000000000000000000000"
}
[2025-09-05T20:10:48.582Z] [LOG] AssetHubinbox before block: {
  "2000": "0x0000000000000000000000000000000000000000000000000000000000000000",
  "2004": "0xcdc74b855bf5ff842b37d492af89ef9889a1493314f0eceee79097426af9b974",
  "2006": "0xd3f0e899387890a1640b9deb089105b97a28e5bd6dd44e17d51161af2834c1b3",
  "2011": "0x25aa2f5e7929c1f29a1f09c17a89bb5344db8d2cb4227093f3d7d528db090211",
  "2012": "0x0012fb60583103874d44e0fa53ebd01ad98e7e7545852abade428806225e4d37",
  "2021": "0x0000000000000000000000000000000000000000000000000000000000000000",
  "2030": "0x0000000000000000000000000000000000000000000000000000000000000000",
  "2031": "0x0000000000000000000000000000000000000000000000000000000000000000",
  "2032": "0x8f1935545b4c59b99a2bcaa5e8b3787f06581de1c5b3ffbe707d540beb177125",
  "2035": "0x0000000000000000000000000000000000000000000000000000000000000000",
  "2046": "0x0000000000000000000000000000000000000000000000000000000000000000",
  "2091": "0x68d828cffbff078a2cbf41945aab4cf9dfc39cb9e2d60dd9ae33aabc3d452274"
}
[2025-09-05T20:12:29.053Z] [LOG] Test setup initialized - logging to test-output.log
[2025-09-05T20:12:29.492Z] [LOG] [dotenv@17.2.1] injecting env (0) from .env -- tip: ⚙️  specify custom .env file path with { path: '/custom/path/.env' }
[2025-09-05T20:12:29.495Z] [LOG] Setting up Frequency network with options: {
  "wasmOverride": "./wasm/frequency_runtime.wasm",
  "blockNumber": 3000000,
  "endpoint": [
    "wss://0.rpc.frequency.xyz"
  ],
  "port": 8000,
  "mockSignatureHost": true,
  "runtimeLogLevel": 5,
  "db": "frequency-db.sqlite"
}
[2025-09-05T20:12:33.156Z] [LOG] Setting up Polkadot network with options: {
  "blockNumber": 14500000,
  "endpoint": [
    "wss://rpc.ibp.network/polkadot"
  ],
  "db": "polkadot-db.sqlite"
}
[2025-09-05T20:12:45.349Z] [LOG] AssetHubinbox before block: {
  "2000": "0x0000000000000000000000000000000000000000000000000000000000000000",
  "2004": "0xcdc74b855bf5ff842b37d492af89ef9889a1493314f0eceee79097426af9b974",
  "2006": "0xd3f0e899387890a1640b9deb089105b97a28e5bd6dd44e17d51161af2834c1b3",
  "2011": "0x25aa2f5e7929c1f29a1f09c17a89bb5344db8d2cb4227093f3d7d528db090211",
  "2012": "0x0012fb60583103874d44e0fa53ebd01ad98e7e7545852abade428806225e4d37",
  "2021": "0x0000000000000000000000000000000000000000000000000000000000000000",
  "2030": "0x0000000000000000000000000000000000000000000000000000000000000000",
  "2031": "0x0000000000000000000000000000000000000000000000000000000000000000",
  "2032": "0x8f1935545b4c59b99a2bcaa5e8b3787f06581de1c5b3ffbe707d540beb177125",
  "2035": "0x0000000000000000000000000000000000000000000000000000000000000000",
  "2046": "0x0000000000000000000000000000000000000000000000000000000000000000"
}
[2025-09-05T20:12:47.265Z] [LOG] AssetHubinbox before block: {
  "2000": "0x0000000000000000000000000000000000000000000000000000000000000000",
  "2004": "0xcdc74b855bf5ff842b37d492af89ef9889a1493314f0eceee79097426af9b974",
  "2006": "0xd3f0e899387890a1640b9deb089105b97a28e5bd6dd44e17d51161af2834c1b3",
  "2011": "0x25aa2f5e7929c1f29a1f09c17a89bb5344db8d2cb4227093f3d7d528db090211",
  "2012": "0x0012fb60583103874d44e0fa53ebd01ad98e7e7545852abade428806225e4d37",
  "2021": "0x0000000000000000000000000000000000000000000000000000000000000000",
  "2030": "0x0000000000000000000000000000000000000000000000000000000000000000",
  "2031": "0x0000000000000000000000000000000000000000000000000000000000000000",
  "2032": "0x8f1935545b4c59b99a2bcaa5e8b3787f06581de1c5b3ffbe707d540beb177125",
  "2035": "0x0000000000000000000000000000000000000000000000000000000000000000",
  "2046": "0x0000000000000000000000000000000000000000000000000000000000000000",
  "2091": "0x68d828cffbff078a2cbf41945aab4cf9dfc39cb9e2d60dd9ae33aabc3d452274"
}
[2025-09-05T20:13:10.918Z] [LOG] Test setup initialized - logging to test-output.log
[2025-09-05T20:13:11.257Z] [LOG] [dotenv@17.2.1] injecting env (0) from .env -- tip: 📡 auto-backup env with Radar: https://dotenvx.com/radar
[2025-09-05T20:13:11.260Z] [LOG] Setting up Frequency network with options: {
  "wasmOverride": "./wasm/frequency_runtime.wasm",
  "blockNumber": 3000000,
  "endpoint": [
    "wss://0.rpc.frequency.xyz"
  ],
  "port": 8000,
  "mockSignatureHost": true,
  "runtimeLogLevel": 5,
  "db": "frequency-db.sqlite"
}
[2025-09-05T20:13:14.763Z] [LOG] Setting up Polkadot network with options: {
  "blockNumber": 14500000,
  "endpoint": [
    "wss://rpc.ibp.network/polkadot"
  ],
  "db": "polkadot-db.sqlite"
}
[2025-09-05T20:13:27.161Z] [LOG] AssetHubinbox before block: {
  "2000": "0x0000000000000000000000000000000000000000000000000000000000000000",
  "2004": "0xcdc74b855bf5ff842b37d492af89ef9889a1493314f0eceee79097426af9b974",
  "2006": "0xd3f0e899387890a1640b9deb089105b97a28e5bd6dd44e17d51161af2834c1b3",
  "2011": "0x25aa2f5e7929c1f29a1f09c17a89bb5344db8d2cb4227093f3d7d528db090211",
  "2012": "0x0012fb60583103874d44e0fa53ebd01ad98e7e7545852abade428806225e4d37",
  "2021": "0x0000000000000000000000000000000000000000000000000000000000000000",
  "2030": "0x0000000000000000000000000000000000000000000000000000000000000000",
  "2031": "0x0000000000000000000000000000000000000000000000000000000000000000",
  "2032": "0x8f1935545b4c59b99a2bcaa5e8b3787f06581de1c5b3ffbe707d540beb177125",
  "2035": "0x0000000000000000000000000000000000000000000000000000000000000000",
  "2046": "0x0000000000000000000000000000000000000000000000000000000000000000"
}
[2025-09-05T20:13:29.029Z] [LOG] AssetHubinbox before block: {
  "2000": "0x0000000000000000000000000000000000000000000000000000000000000000",
  "2004": "0xcdc74b855bf5ff842b37d492af89ef9889a1493314f0eceee79097426af9b974",
  "2006": "0xd3f0e899387890a1640b9deb089105b97a28e5bd6dd44e17d51161af2834c1b3",
  "2011": "0x25aa2f5e7929c1f29a1f09c17a89bb5344db8d2cb4227093f3d7d528db090211",
  "2012": "0x0012fb60583103874d44e0fa53ebd01ad98e7e7545852abade428806225e4d37",
  "2021": "0x0000000000000000000000000000000000000000000000000000000000000000",
  "2030": "0x0000000000000000000000000000000000000000000000000000000000000000",
  "2031": "0x0000000000000000000000000000000000000000000000000000000000000000",
  "2032": "0x8f1935545b4c59b99a2bcaa5e8b3787f06581de1c5b3ffbe707d540beb177125",
  "2035": "0x0000000000000000000000000000000000000000000000000000000000000000",
  "2046": "0x0000000000000000000000000000000000000000000000000000000000000000",
  "2091": "0x68d828cffbff078a2cbf41945aab4cf9dfc39cb9e2d60dd9ae33aabc3d452274"
}
[2025-09-05T20:14:54.366Z] [LOG] Test setup initialized - logging to test-output.log
[2025-09-05T20:14:54.750Z] [LOG] [dotenv@17.2.1] injecting env (0) from .env -- tip: 📡 auto-backup env with Radar: https://dotenvx.com/radar
[2025-09-05T20:14:54.752Z] [LOG] Setting up Frequency network with options: {
  "wasmOverride": "./wasm/frequency_runtime.wasm",
  "blockNumber": 3000000,
  "endpoint": [
    "wss://0.rpc.frequency.xyz"
  ],
  "port": 8000,
  "mockSignatureHost": true,
  "runtimeLogLevel": 5,
  "db": "frequency-db.sqlite"
}
[2025-09-05T20:14:58.548Z] [LOG] Setting up Polkadot network with options: {
  "blockNumber": 14500000,
  "endpoint": [
    "wss://rpc.ibp.network/polkadot"
  ],
  "db": "polkadot-db.sqlite"
}
[2025-09-05T20:16:07.505Z] [LOG] Test setup initialized - logging to test-output.log
[2025-09-05T20:16:07.848Z] [LOG] [dotenv@17.2.1] injecting env (0) from .env -- tip: 🔐 prevent building .env in docker: https://dotenvx.com/prebuild
[2025-09-05T20:16:07.850Z] [LOG] Setting up Frequency network with options: {
  "wasmOverride": "./wasm/frequency_runtime.wasm",
  "blockNumber": 3000000,
  "endpoint": [
    "wss://0.rpc.frequency.xyz"
  ],
  "port": 8000,
  "mockSignatureHost": true,
  "runtimeLogLevel": 5,
  "db": "frequency-db.sqlite"
}
[2025-09-05T20:16:11.392Z] [LOG] Setting up Polkadot network with options: {
  "blockNumber": 14500000,
  "endpoint": [
    "wss://rpc.ibp.network/polkadot"
  ],
  "db": "polkadot-db.sqlite"
}
[2025-09-05T20:16:33.539Z] [LOG] Test setup initialized - logging to test-output.log
[2025-09-05T20:16:33.774Z] [LOG] [dotenv@17.2.1] injecting env (0) from .env -- tip: 🔐 encrypt with Dotenvx: https://dotenvx.com
[2025-09-05T20:16:33.777Z] [LOG] Setting up Frequency network with options: {
  "wasmOverride": "./wasm/frequency_runtime.wasm",
  "blockNumber": 3000000,
  "endpoint": [
    "wss://0.rpc.frequency.xyz"
  ],
  "port": 8000,
  "mockSignatureHost": true,
  "runtimeLogLevel": 5,
  "db": "frequency-db.sqlite"
}
[2025-09-05T20:16:37.363Z] [LOG] Setting up Polkadot network with options: {
  "blockNumber": 14500000,
  "endpoint": [
    "wss://rpc.ibp.network/polkadot"
  ],
  "db": "polkadot-db.sqlite"
}
[2025-09-05T20:16:48.414Z] [LOG] Test setup initialized - logging to test-output.log
[2025-09-05T20:16:48.664Z] [LOG] [dotenv@17.2.1] injecting env (0) from .env -- tip: 📡 version env with Radar: https://dotenvx.com/radar
[2025-09-05T20:16:48.666Z] [LOG] Setting up Frequency network with options: {
  "wasmOverride": "./wasm/frequency_runtime.wasm",
  "blockNumber": 3000000,
  "endpoint": [
    "wss://0.rpc.frequency.xyz"
  ],
  "port": 8000,
  "mockSignatureHost": true,
  "runtimeLogLevel": 5,
  "db": "frequency-db.sqlite"
}
[2025-09-05T20:16:52.274Z] [LOG] Setting up Polkadot network with options: {
  "blockNumber": 14500000,
  "endpoint": [
    "wss://rpc.ibp.network/polkadot"
  ],
  "db": "polkadot-db.sqlite"
}
[2025-09-05T20:17:18.509Z] [LOG] Test setup initialized - logging to test-output.log
[2025-09-05T20:17:18.789Z] [LOG] [dotenv@17.2.1] injecting env (0) from .env -- tip: ⚙️  suppress all logs with { quiet: true }
[2025-09-05T20:17:18.792Z] [LOG] Setting up Frequency network with options: {
  "wasmOverride": "./wasm/frequency_runtime.wasm",
  "blockNumber": 3000000,
  "endpoint": [
    "wss://0.rpc.frequency.xyz"
  ],
  "port": 8000,
  "mockSignatureHost": true,
  "runtimeLogLevel": 5,
  "db": "frequency-db.sqlite"
}
[2025-09-05T20:17:22.464Z] [LOG] Setting up Polkadot network with options: {
  "blockNumber": 14500000,
  "endpoint": [
    "wss://rpc.ibp.network/polkadot"
  ],
  "db": "polkadot-db.sqlite"
}
[2025-09-05T20:17:33.617Z] [LOG] Test setup initialized - logging to test-output.log
[2025-09-05T20:17:33.854Z] [LOG] [dotenv@17.2.1] injecting env (0) from .env -- tip: 🔐 encrypt with Dotenvx: https://dotenvx.com
[2025-09-05T20:17:33.857Z] [LOG] Setting up Frequency network with options: {
  "wasmOverride": "./wasm/frequency_runtime.wasm",
  "blockNumber": 3000000,
  "endpoint": [
    "wss://0.rpc.frequency.xyz"
  ],
  "port": 8000,
  "mockSignatureHost": true,
  "runtimeLogLevel": 5,
  "db": "frequency-db.sqlite"
}
[2025-09-05T20:17:37.300Z] [LOG] Setting up Polkadot network with options: {
  "blockNumber": 14500000,
  "endpoint": [
    "wss://rpc.ibp.network/polkadot"
  ],
  "db": "polkadot-db.sqlite"
}
[2025-09-05T20:18:06.050Z] [LOG] Test setup initialized - logging to test-output.log
[2025-09-05T20:18:06.276Z] [LOG] [dotenv@17.2.1] injecting env (0) from .env -- tip: ⚙️  suppress all logs with { quiet: true }
[2025-09-05T20:18:06.278Z] [LOG] Setting up Frequency network with options: {
  "wasmOverride": "./wasm/frequency_runtime.wasm",
  "blockNumber": 3000000,
  "endpoint": [
    "wss://0.rpc.frequency.xyz"
  ],
  "port": 8000,
  "mockSignatureHost": true,
  "runtimeLogLevel": 5,
  "db": "frequency-db.sqlite"
}
[2025-09-05T20:18:09.909Z] [LOG] Setting up Polkadot network with options: {
  "blockNumber": 14500000,
  "endpoint": [
    "wss://rpc.ibp.network/polkadot"
  ],
  "db": "polkadot-db.sqlite"
}
[2025-09-05T20:18:21.300Z] [LOG] Test setup initialized - logging to test-output.log
[2025-09-05T20:18:21.528Z] [LOG] [dotenv@17.2.1] injecting env (0) from .env -- tip: ⚙️  enable debug logging with { debug: true }
[2025-09-05T20:18:21.530Z] [LOG] Setting up Frequency network with options: {
  "wasmOverride": "./wasm/frequency_runtime.wasm",
  "blockNumber": 3000000,
  "endpoint": [
    "wss://0.rpc.frequency.xyz"
  ],
  "port": 8000,
  "mockSignatureHost": true,
  "runtimeLogLevel": 5,
  "db": "frequency-db.sqlite"
}
[2025-09-05T20:18:24.962Z] [LOG] Setting up Polkadot network with options: {
  "blockNumber": 14500000,
  "endpoint": [
    "wss://rpc.ibp.network/polkadot"
  ],
  "db": "polkadot-db.sqlite"
}
[2025-09-05T20:18:35.996Z] [LOG] Test setup initialized - logging to test-output.log
[2025-09-05T20:18:36.233Z] [LOG] [dotenv@17.2.1] injecting env (0) from .env -- tip: ⚙️  write to custom object with { processEnv: myObject }
[2025-09-05T20:18:36.235Z] [LOG] Setting up Frequency network with options: {
  "wasmOverride": "./wasm/frequency_runtime.wasm",
  "blockNumber": 3000000,
  "endpoint": [
    "wss://0.rpc.frequency.xyz"
  ],
  "port": 8000,
  "mockSignatureHost": true,
  "runtimeLogLevel": 5,
  "db": "frequency-db.sqlite"
}
[2025-09-05T20:18:39.881Z] [LOG] Setting up Polkadot network with options: {
  "blockNumber": 14500000,
  "endpoint": [
    "wss://rpc.ibp.network/polkadot"
  ],
  "db": "polkadot-db.sqlite"
}
[2025-09-05T20:18:50.983Z] [LOG] Test setup initialized - logging to test-output.log
[2025-09-05T20:18:51.351Z] [LOG] [dotenv@17.2.1] injecting env (0) from .env -- tip: 🛠️  run anywhere with `dotenvx run -- yourcommand`
[2025-09-05T20:18:51.354Z] [LOG] Setting up Frequency network with options: {
  "wasmOverride": "./wasm/frequency_runtime.wasm",
  "blockNumber": 3000000,
  "endpoint": [
    "wss://0.rpc.frequency.xyz"
  ],
  "port": 8000,
  "mockSignatureHost": true,
  "runtimeLogLevel": 5,
  "db": "frequency-db.sqlite"
}
[2025-09-05T20:18:54.684Z] [LOG] Setting up Polkadot network with options: {
  "blockNumber": 14500000,
  "endpoint": [
    "wss://rpc.ibp.network/polkadot"
  ],
  "db": "polkadot-db.sqlite"
}
[2025-09-05T20:19:09.051Z] [LOG] Test setup initialized - logging to test-output.log
[2025-09-05T20:19:09.377Z] [LOG] [dotenv@17.2.1] injecting env (0) from .env -- tip: 🛠️  run anywhere with `dotenvx run -- yourcommand`
[2025-09-05T20:19:09.380Z] [LOG] Setting up Frequency network with options: {
  "wasmOverride": "./wasm/frequency_runtime.wasm",
  "blockNumber": 3000000,
  "endpoint": [
    "wss://0.rpc.frequency.xyz"
  ],
  "port": 8000,
  "mockSignatureHost": true,
  "runtimeLogLevel": 5,
  "db": "frequency-db.sqlite"
}
[2025-09-05T20:19:12.914Z] [LOG] Setting up Polkadot network with options: {
  "blockNumber": 14500000,
  "endpoint": [
    "wss://rpc.ibp.network/polkadot"
  ],
  "db": "polkadot-db.sqlite"
}
[2025-09-05T20:21:02.692Z] [LOG] Test setup initialized - logging to test-output.log
[2025-09-05T20:21:03.048Z] [LOG] [dotenv@17.2.1] injecting env (0) from .env -- tip: 📡 auto-backup env with Radar: https://dotenvx.com/radar
[2025-09-05T20:21:03.051Z] [LOG] Setting up Frequency network with options: {
  "wasmOverride": "./wasm/frequency_runtime.wasm",
  "blockNumber": 3000000,
  "endpoint": [
    "wss://0.rpc.frequency.xyz"
  ],
  "port": 8000,
  "mockSignatureHost": true,
  "runtimeLogLevel": 5,
  "db": "frequency-db.sqlite"
}
[2025-09-05T20:21:06.486Z] [LOG] Setting up Polkadot network with options: {
  "blockNumber": 14500000,
  "endpoint": [
    "wss://rpc.ibp.network/polkadot"
  ],
  "db": "polkadot-db.sqlite"
}
[2025-09-05T20:23:18.327Z] [LOG] Test setup initialized - logging to test-output.log
[2025-09-05T20:23:18.713Z] [LOG] [dotenv@17.2.1] injecting env (0) from .env -- tip: 📡 auto-backup env with Radar: https://dotenvx.com/radar
[2025-09-05T20:23:18.715Z] [LOG] Setting up Frequency network with options: {
  "wasmOverride": "./wasm/frequency_runtime.wasm",
  "blockNumber": 3000000,
  "endpoint": [
    "wss://0.rpc.frequency.xyz"
  ],
  "port": 8000,
  "mockSignatureHost": true,
  "runtimeLogLevel": 5,
  "db": "frequency-db.sqlite"
}
[2025-09-05T20:23:22.447Z] [LOG] Setting up Polkadot network with options: {
  "blockNumber": 14500000,
  "endpoint": [
    "wss://rpc.ibp.network/polkadot"
  ],
  "db": "polkadot-db.sqlite"
}
[2025-09-05T20:23:56.150Z] [LOG] Test setup initialized - logging to test-output.log
[2025-09-05T20:23:56.438Z] [LOG] [dotenv@17.2.1] injecting env (0) from .env -- tip: 📡 version env with Radar: https://dotenvx.com/radar
[2025-09-05T20:23:56.440Z] [LOG] Setting up Frequency network with options: {
  "wasmOverride": "./wasm/frequency_runtime.wasm",
  "blockNumber": 3000000,
  "endpoint": [
    "wss://0.rpc.frequency.xyz"
  ],
  "port": 8000,
  "mockSignatureHost": true,
  "runtimeLogLevel": 5,
  "db": "frequency-db.sqlite"
}
[2025-09-05T20:23:59.937Z] [LOG] Setting up Polkadot network with options: {
  "blockNumber": 14500000,
  "endpoint": [
    "wss://rpc.ibp.network/polkadot"
  ],
  "db": "polkadot-db.sqlite"
}
[2025-09-05T20:24:23.645Z] [LOG] Test setup initialized - logging to test-output.log
[2025-09-05T20:24:23.870Z] [LOG] [dotenv@17.2.1] injecting env (0) from .env -- tip: ⚙️  load multiple .env files with { path: ['.env.local', '.env'] }
[2025-09-05T20:24:23.872Z] [LOG] Setting up Frequency network with options: {
  "wasmOverride": "./wasm/frequency_runtime.wasm",
  "blockNumber": 3000000,
  "endpoint": [
    "wss://0.rpc.frequency.xyz"
  ],
  "port": 8000,
  "mockSignatureHost": true,
  "runtimeLogLevel": 5,
  "db": "frequency-db.sqlite"
}
[2025-09-05T20:24:27.296Z] [LOG] Setting up Polkadot network with options: {
  "blockNumber": 14500000,
  "endpoint": [
    "wss://rpc.ibp.network/polkadot"
  ],
  "db": "polkadot-db.sqlite"
}
[2025-09-05T20:28:19.748Z] [LOG] Test setup initialized - logging to test-output.log
[2025-09-05T20:28:20.160Z] [LOG] [dotenv@17.2.1] injecting env (0) from .env -- tip: ⚙️  write to custom object with { processEnv: myObject }
[2025-09-05T20:28:20.162Z] [LOG] Setting up Frequency network with options: {
  "wasmOverride": "./wasm/frequency_runtime.wasm",
  "blockNumber": 3000000,
  "endpoint": [
    "wss://0.rpc.frequency.xyz"
  ],
  "port": 8000,
  "mockSignatureHost": true,
  "runtimeLogLevel": 5,
  "db": "frequency-db.sqlite"
}
[2025-09-05T20:28:23.981Z] [LOG] Setting up Polkadot network with options: {
  "blockNumber": 14500000,
  "endpoint": [
    "wss://rpc.ibp.network/polkadot"
  ],
  "db": "polkadot-db.sqlite"
}
[2025-09-05T20:29:51.961Z] [LOG] Test setup initialized - logging to test-output.log
[2025-09-05T20:29:52.360Z] [LOG] [dotenv@17.2.1] injecting env (0) from .env -- tip: ⚙️  suppress all logs with { quiet: true }
[2025-09-05T20:29:52.362Z] [LOG] Setting up Frequency network with options: {
  "wasmOverride": "./wasm/frequency_runtime.wasm",
  "blockNumber": 3000000,
  "endpoint": [
    "wss://0.rpc.frequency.xyz"
  ],
  "port": 8000,
  "mockSignatureHost": true,
  "runtimeLogLevel": 5,
  "db": "frequency-db.sqlite"
}
[2025-09-05T20:29:56.244Z] [LOG] Setting up Polkadot network with options: {
  "blockNumber": 14500000,
  "endpoint": [
    "wss://rpc.ibp.network/polkadot"
  ],
  "db": "polkadot-db.sqlite"
}
[2025-09-05T20:33:04.243Z] [LOG] Test setup initialized - logging to test-output.log
[2025-09-05T20:33:04.595Z] [LOG] [dotenv@17.2.1] injecting env (0) from .env -- tip: 🔐 prevent building .env in docker: https://dotenvx.com/prebuild
[2025-09-05T20:33:04.598Z] [LOG] Setting up Frequency network with options: {
  "wasmOverride": "./wasm/frequency_runtime.wasm",
  "blockNumber": 3000000,
  "endpoint": [
    "wss://0.rpc.frequency.xyz"
  ],
  "port": 8000,
  "mockSignatureHost": true,
  "runtimeLogLevel": 5,
  "db": "frequency-db.sqlite"
}
[2025-09-05T20:33:08.249Z] [LOG] Setting up Polkadot network with options: {
  "blockNumber": 14500000,
  "endpoint": [
    "wss://rpc.ibp.network/polkadot"
  ],
  "db": "polkadot-db.sqlite"
}
[2025-09-05T20:33:57.554Z] [LOG] Test setup initialized - logging to test-output.log
[2025-09-05T20:33:57.952Z] [LOG] [dotenv@17.2.1] injecting env (0) from .env -- tip: ⚙️  override existing env vars with { override: true }
[2025-09-05T20:33:57.955Z] [LOG] Setting up Frequency network with options: {
  "wasmOverride": "./wasm/frequency_runtime.wasm",
  "blockNumber": 3000000,
  "endpoint": [
    "wss://0.rpc.frequency.xyz"
  ],
  "port": 8000,
  "mockSignatureHost": true,
  "runtimeLogLevel": 5,
  "db": "frequency-db.sqlite"
}
[2025-09-05T20:34:01.603Z] [LOG] Setting up Polkadot network with options: {
  "blockNumber": 14500000,
  "endpoint": [
    "wss://rpc.ibp.network/polkadot"
  ],
  "db": "polkadot-db.sqlite"
}
[2025-09-05T20:34:12.797Z] [LOG] Test setup initialized - logging to test-output.log
[2025-09-05T20:34:13.188Z] [LOG] [dotenv@17.2.1] injecting env (0) from .env -- tip: ⚙️  write to custom object with { processEnv: myObject }
[2025-09-05T20:34:13.191Z] [LOG] Setting up Frequency network with options: {
  "wasmOverride": "./wasm/frequency_runtime.wasm",
  "blockNumber": 3000000,
  "endpoint": [
    "wss://0.rpc.frequency.xyz"
  ],
  "port": 8000,
  "mockSignatureHost": true,
  "runtimeLogLevel": 5,
  "db": "frequency-db.sqlite"
}
[2025-09-05T20:34:16.635Z] [LOG] Setting up Polkadot network with options: {
  "blockNumber": 14500000,
  "endpoint": [
    "wss://rpc.ibp.network/polkadot"
  ],
  "db": "polkadot-db.sqlite"
}
[2025-09-05T20:36:58.830Z] [LOG] Test setup initialized - logging to test-output.log
[2025-09-05T20:36:59.316Z] [LOG] [dotenv@17.2.1] injecting env (0) from .env -- tip: ⚙️  override existing env vars with { override: true }
[2025-09-05T20:36:59.320Z] [LOG] Setting up Frequency network with options: {
  "wasmOverride": "./wasm/frequency_runtime.wasm",
  "blockNumber": 3000000,
  "endpoint": [
    "wss://0.rpc.frequency.xyz"
  ],
  "port": 8000,
  "mockSignatureHost": true,
  "runtimeLogLevel": 5,
  "db": "frequency-db.sqlite"
}
[2025-09-05T20:37:02.948Z] [LOG] Setting up Polkadot network with options: {
  "blockNumber": 14500000,
  "endpoint": [
    "wss://rpc.ibp.network/polkadot"
  ],
  "db": "polkadot-db.sqlite"
}
[2025-09-05T20:38:39.230Z] [LOG] Test setup initialized - logging to test-output.log
[2025-09-05T20:38:39.613Z] [LOG] [dotenv@17.2.1] injecting env (0) from .env -- tip: 📡 auto-backup env with Radar: https://dotenvx.com/radar
[2025-09-05T20:38:39.615Z] [LOG] Setting up Frequency network with options: {
  "wasmOverride": "./wasm/frequency_runtime.wasm",
  "blockNumber": 3000000,
  "endpoint": [
    "wss://0.rpc.frequency.xyz"
  ],
  "port": 8000,
  "mockSignatureHost": true,
  "runtimeLogLevel": 5,
  "db": "frequency-db.sqlite"
}
[2025-09-05T20:38:44.789Z] [LOG] Setting up Polkadot network with options: {
  "blockNumber": 14500000,
  "endpoint": [
    "wss://rpc.ibp.network/polkadot"
  ],
  "db": "polkadot-db.sqlite"
}
[2025-09-05T20:39:01.611Z] [ERROR] 2025-09-05 14:39:01        RPC-CORE: submitAndWatchExtrinsic(extrinsic: Extrinsic): ExtrinsicStatus:: 1010: {"invalid":{"payment":null}}
[2025-09-05T20:39:01.612Z] [ERROR] 2025-09-05 14:39:01        RPC-CORE: submitAndWatchExtrinsic(extrinsic: Extrinsic): ExtrinsicStatus:: 1010: {"invalid":{"payment":null}}
[2025-09-05T20:41:35.851Z] [LOG] Test setup initialized - logging to test-output.log
[2025-09-05T20:41:36.271Z] [LOG] [dotenv@17.2.1] injecting env (0) from .env -- tip: 🔐 prevent committing .env to code: https://dotenvx.com/precommit
[2025-09-05T20:41:36.273Z] [LOG] Setting up Frequency network with options: {
  "wasmOverride": "./wasm/frequency_runtime.wasm",
  "blockNumber": 3000000,
  "endpoint": [
    "wss://0.rpc.frequency.xyz"
  ],
  "port": 8000,
  "mockSignatureHost": true,
  "runtimeLogLevel": 5,
  "db": "frequency-db.sqlite"
}
[2025-09-05T20:41:41.482Z] [LOG] Setting up Polkadot network with options: {
  "blockNumber": 14500000,
  "endpoint": [
    "wss://rpc.ibp.network/polkadot"
  ],
  "db": "polkadot-db.sqlite"
}
[2025-09-05T20:41:56.125Z] [ERROR] 2025-09-05 14:41:56        RPC-CORE: submitAndWatchExtrinsic(extrinsic: Extrinsic): ExtrinsicStatus:: 1010: {"invalid":{"payment":null}}
[2025-09-05T20:41:56.125Z] [ERROR] 2025-09-05 14:41:56        RPC-CORE: submitAndWatchExtrinsic(extrinsic: Extrinsic): ExtrinsicStatus:: 1010: {"invalid":{"payment":null}}
[2025-09-05T20:42:12.053Z] [LOG] Test setup initialized - logging to test-output.log
[2025-09-05T20:42:12.289Z] [LOG] [dotenv@17.2.1] injecting env (0) from .env -- tip: 🔐 prevent building .env in docker: https://dotenvx.com/prebuild
[2025-09-05T20:42:12.291Z] [LOG] Setting up Frequency network with options: {
  "wasmOverride": "./wasm/frequency_runtime.wasm",
  "blockNumber": 3000000,
  "endpoint": [
    "wss://0.rpc.frequency.xyz"
  ],
  "port": 8000,
  "mockSignatureHost": true,
  "runtimeLogLevel": 5,
  "db": "frequency-db.sqlite"
}
[2025-09-05T20:42:18.141Z] [LOG] Setting up Polkadot network with options: {
  "blockNumber": 14500000,
  "endpoint": [
    "wss://rpc.ibp.network/polkadot"
  ],
  "db": "polkadot-db.sqlite"
}
[2025-09-05T20:42:31.974Z] [ERROR] 2025-09-05 14:42:31        RPC-CORE: submitAndWatchExtrinsic(extrinsic: Extrinsic): ExtrinsicStatus:: 1010: {"invalid":{"payment":null}}
[2025-09-05T20:42:31.975Z] [ERROR] 2025-09-05 14:42:31        RPC-CORE: submitAndWatchExtrinsic(extrinsic: Extrinsic): ExtrinsicStatus:: 1010: {"invalid":{"payment":null}}
[2025-09-05T20:42:32.588Z] [LOG] Test setup initialized - logging to test-output.log
[2025-09-05T20:42:32.824Z] [LOG] [dotenv@17.2.1] injecting env (0) from .env -- tip: 📡 version env with Radar: https://dotenvx.com/radar
[2025-09-05T20:42:32.827Z] [LOG] Setting up Frequency network with options: {
  "wasmOverride": "./wasm/frequency_runtime.wasm",
  "blockNumber": 3000000,
  "endpoint": [
    "wss://0.rpc.frequency.xyz"
  ],
  "port": 8000,
  "mockSignatureHost": true,
  "runtimeLogLevel": 5,
  "db": "frequency-db.sqlite"
}
[2025-09-05T20:42:36.991Z] [ERROR] 2025-09-05 14:42:36          API-WS: disconnected from wss://polkadot-asset-hub-rpc.polkadot.io: 1006:: Abnormal Closure
[2025-09-05T20:42:36.993Z] [ERROR] 2025-09-05 14:42:36        RPC-CORE: getRuntimeVersion(at?: BlockHash): RuntimeVersion:: -32603: Internal Error: disconnected from wss://polkadot-asset-hub-rpc.polkadot.io: 1006:: Abnormal Closure
[2025-09-05T20:42:36.994Z] [ERROR] 2025-09-05 14:42:36        RPC-CORE: getMetadata(at?: BlockHash): Metadata:: -32603: Internal Error: disconnected from wss://polkadot-asset-hub-rpc.polkadot.io: 1006:: Abnormal Closure
[2025-09-05T20:42:36.994Z] [ERROR] 2025-09-05 14:42:36        API/INIT: {}
[2025-09-05T20:43:33.468Z] [LOG] Test setup initialized - logging to test-output.log
[2025-09-05T20:43:33.827Z] [LOG] [dotenv@17.2.1] injecting env (0) from .env -- tip: 🛠️  run anywhere with `dotenvx run -- yourcommand`
[2025-09-05T20:43:33.829Z] [LOG] Setting up Frequency network with options: {
  "wasmOverride": "./wasm/frequency_runtime.wasm",
  "blockNumber": 3000000,
  "endpoint": [
    "wss://0.rpc.frequency.xyz"
  ],
  "port": 8000,
  "mockSignatureHost": true,
  "runtimeLogLevel": 5,
  "db": "frequency-db.sqlite"
}
[2025-09-05T20:43:39.854Z] [LOG] Setting up Polkadot network with options: {
  "blockNumber": 14500000,
  "endpoint": [
    "wss://rpc.ibp.network/polkadot"
  ],
  "db": "polkadot-db.sqlite"
}
[2025-09-05T20:43:53.781Z] [ERROR] 2025-09-05 14:43:53        RPC-CORE: submitAndWatchExtrinsic(extrinsic: Extrinsic): ExtrinsicStatus:: 1010: {"invalid":{"payment":null}}
[2025-09-05T20:43:53.781Z] [ERROR] 2025-09-05 14:43:53        RPC-CORE: submitAndWatchExtrinsic(extrinsic: Extrinsic): ExtrinsicStatus:: 1010: {"invalid":{"payment":null}}
[2025-09-05T20:45:52.023Z] [LOG] Test setup initialized - logging to test-output.log
[2025-09-05T20:45:52.238Z] [LOG] [dotenv@17.2.1] injecting env (0) from .env -- tip: ⚙️  specify custom .env file path with { path: '/custom/path/.env' }
[2025-09-05T20:45:52.240Z] [LOG] Setting up Frequency network with options: {
  "wasmOverride": "./wasm/frequency_runtime.wasm",
  "blockNumber": 3000000,
  "endpoint": [
    "wss://0.rpc.frequency.xyz"
  ],
  "port": 8000,
  "mockSignatureHost": true,
  "runtimeLogLevel": 5,
  "db": "frequency-db.sqlite"
}
[2025-09-05T20:45:55.921Z] [LOG] Setting up Polkadot network with options: {
  "blockNumber": 14500000,
  "endpoint": [
    "wss://rpc.ibp.network/polkadot"
  ],
  "db": "polkadot-db.sqlite"
}
[2025-09-05T20:46:18.789Z] [LOG] Test setup initialized - logging to test-output.log
[2025-09-05T20:46:19.070Z] [LOG] [dotenv@17.2.1] injecting env (0) from .env -- tip: 🔐 encrypt with Dotenvx: https://dotenvx.com
[2025-09-05T20:46:19.073Z] [LOG] Setting up Frequency network with options: {
  "wasmOverride": "./wasm/frequency_runtime.wasm",
  "blockNumber": 3000000,
  "endpoint": [
    "wss://0.rpc.frequency.xyz"
  ],
  "port": 8000,
  "mockSignatureHost": true,
  "runtimeLogLevel": 5,
  "db": "frequency-db.sqlite"
}
[2025-09-05T20:46:25.007Z] [LOG] Setting up Polkadot network with options: {
  "blockNumber": 14500000,
  "endpoint": [
    "wss://rpc.ibp.network/polkadot"
  ],
  "db": "polkadot-db.sqlite"
}
[2025-09-05T20:46:39.402Z] [ERROR] 2025-09-05 14:46:39        RPC-CORE: submitAndWatchExtrinsic(extrinsic: Extrinsic): ExtrinsicStatus:: 1010: {"invalid":{"payment":null}}
[2025-09-05T20:46:39.403Z] [ERROR] 2025-09-05 14:46:39        RPC-CORE: submitAndWatchExtrinsic(extrinsic: Extrinsic): ExtrinsicStatus:: 1010: {"invalid":{"payment":null}}
[2025-09-05T20:48:00.516Z] [LOG] Test setup initialized - logging to test-output.log
[2025-09-05T20:48:00.937Z] [LOG] [dotenv@17.2.1] injecting env (0) from .env -- tip: 📡 observe env with Radar: https://dotenvx.com/radar
[2025-09-05T20:48:00.940Z] [LOG] Setting up Frequency network with options: {
  "wasmOverride": "./wasm/frequency_runtime.wasm",
  "blockNumber": 3000000,
  "endpoint": [
    "wss://0.rpc.frequency.xyz"
  ],
  "port": 8000,
  "mockSignatureHost": true,
  "runtimeLogLevel": 5,
  "db": "frequency-db.sqlite"
}
[2025-09-05T20:48:06.137Z] [LOG] Setting up Polkadot network with options: {
  "blockNumber": 14500000,
  "endpoint": [
    "wss://rpc.ibp.network/polkadot"
  ],
  "db": "polkadot-db.sqlite"
}
[2025-09-05T20:48:20.579Z] [ERROR] 2025-09-05 14:48:20        RPC-CORE: submitAndWatchExtrinsic(extrinsic: Extrinsic): ExtrinsicStatus:: 1010: {"invalid":{"payment":null}}
[2025-09-05T20:48:20.580Z] [ERROR] 2025-09-05 14:48:20        RPC-CORE: submitAndWatchExtrinsic(extrinsic: Extrinsic): ExtrinsicStatus:: 1010: {"invalid":{"payment":null}}
[2025-09-05T20:48:33.590Z] [LOG] Test setup initialized - logging to test-output.log
[2025-09-05T20:48:33.919Z] [LOG] [dotenv@17.2.1] injecting env (0) from .env -- tip: ⚙️  specify custom .env file path with { path: '/custom/path/.env' }
[2025-09-05T20:54:48.029Z] [LOG] Test setup initialized - logging to test-output.log
[2025-09-05T20:54:48.429Z] [LOG] [dotenv@17.2.1] injecting env (0) from .env -- tip: 🔐 encrypt with Dotenvx: https://dotenvx.com
[2025-09-05T20:54:48.432Z] [LOG] Setting up Frequency network with options: {
  "wasmOverride": "./wasm/frequency_runtime.wasm",
  "blockNumber": 3000000,
  "endpoint": [
    "wss://0.rpc.frequency.xyz"
  ],
  "port": 8000,
  "mockSignatureHost": true,
  "runtimeLogLevel": 5,
  "db": "frequency-db.sqlite"
}
[2025-09-05T20:54:52.451Z] [LOG] Setting up Polkadot network with options: {
  "blockNumber": 14500000,
  "endpoint": [
    "wss://rpc.ibp.network/polkadot"
  ],
  "db": "polkadot-db.sqlite"
}
[2025-09-05T20:54:55.771Z] [ERROR] 2025-09-05 14:54:55        RPC-CORE: submitAndWatchExtrinsic(extrinsic: Extrinsic): ExtrinsicStatus:: 1010: {"invalid":{"payment":null}}
[2025-09-05T20:54:55.771Z] [ERROR] 2025-09-05 14:54:55        RPC-CORE: submitAndWatchExtrinsic(extrinsic: Extrinsic): ExtrinsicStatus:: 1010: {"invalid":{"payment":null}}
[2025-09-05T20:55:30.155Z] [LOG] Test setup initialized - logging to test-output.log
[2025-09-05T20:55:30.496Z] [LOG] [dotenv@17.2.1] injecting env (0) from .env -- tip: ⚙️  suppress all logs with { quiet: true }
[2025-09-05T20:55:30.499Z] [LOG] Setting up Frequency network with options: {
  "wasmOverride": "./wasm/frequency_runtime.wasm",
  "blockNumber": 3000000,
  "endpoint": [
    "wss://0.rpc.frequency.xyz"
  ],
  "port": 8000,
  "mockSignatureHost": true,
  "runtimeLogLevel": 5,
  "db": "frequency-db.sqlite"
}
[2025-09-05T20:55:33.996Z] [LOG] Setting up Polkadot network with options: {
  "blockNumber": 14500000,
  "endpoint": [
    "wss://rpc.ibp.network/polkadot"
  ],
  "db": "polkadot-db.sqlite"
}
[2025-09-05T20:55:36.964Z] [ERROR] 2025-09-05 14:55:36        RPC-CORE: submitAndWatchExtrinsic(extrinsic: Extrinsic): ExtrinsicStatus:: 1010: {"invalid":{"payment":null}}
[2025-09-05T20:55:36.965Z] [ERROR] 2025-09-05 14:55:36        RPC-CORE: submitAndWatchExtrinsic(extrinsic: Extrinsic): ExtrinsicStatus:: 1010: {"invalid":{"payment":null}}
[2025-09-05T20:55:48.343Z] [LOG] Test setup initialized - logging to test-output.log
[2025-09-05T20:55:48.612Z] [LOG] [dotenv@17.2.1] injecting env (0) from .env -- tip: 🛠️  run anywhere with `dotenvx run -- yourcommand`
[2025-09-05T20:55:48.615Z] [LOG] Setting up Frequency network with options: {
  "wasmOverride": "./wasm/frequency_runtime.wasm",
  "blockNumber": 3000000,
  "endpoint": [
    "wss://0.rpc.frequency.xyz"
  ],
  "port": 8000,
  "mockSignatureHost": true,
  "runtimeLogLevel": 5,
  "db": "frequency-db.sqlite"
}
[2025-09-05T20:55:52.214Z] [LOG] Setting up Polkadot network with options: {
  "blockNumber": 14500000,
  "endpoint": [
    "wss://rpc.ibp.network/polkadot"
  ],
  "db": "polkadot-db.sqlite"
}
[2025-09-05T20:55:55.348Z] [ERROR] 2025-09-05 14:55:55        RPC-CORE: submitAndWatchExtrinsic(extrinsic: Extrinsic): ExtrinsicStatus:: 1010: {"invalid":{"payment":null}}
[2025-09-05T20:55:55.349Z] [ERROR] 2025-09-05 14:55:55        RPC-CORE: submitAndWatchExtrinsic(extrinsic: Extrinsic): ExtrinsicStatus:: 1010: {"invalid":{"payment":null}}
[2025-09-05T20:56:07.472Z] [LOG] Test setup initialized - logging to test-output.log
[2025-09-05T20:56:07.707Z] [LOG] [dotenv@17.2.1] injecting env (0) from .env -- tip: 📡 version env with Radar: https://dotenvx.com/radar
[2025-09-05T20:56:07.710Z] [LOG] Setting up Frequency network with options: {
  "wasmOverride": "./wasm/frequency_runtime.wasm",
  "blockNumber": 3000000,
  "endpoint": [
    "wss://0.rpc.frequency.xyz"
  ],
  "port": 8000,
  "mockSignatureHost": true,
  "runtimeLogLevel": 5,
  "db": "frequency-db.sqlite"
}
[2025-09-05T20:56:11.477Z] [LOG] Setting up Polkadot network with options: {
  "blockNumber": 14500000,
  "endpoint": [
    "wss://rpc.ibp.network/polkadot"
  ],
  "db": "polkadot-db.sqlite"
}
[2025-09-05T20:58:00.616Z] [LOG] Test setup initialized - logging to test-output.log
[2025-09-05T20:58:00.856Z] [LOG] [dotenv@17.2.1] injecting env (0) from .env -- tip: 📡 auto-backup env with Radar: https://dotenvx.com/radar
[2025-09-05T20:58:00.859Z] [LOG] Setting up Frequency network with options: {
  "wasmOverride": "./wasm/frequency_runtime.wasm",
  "blockNumber": 3000000,
  "endpoint": [
    "wss://0.rpc.frequency.xyz"
  ],
  "port": 8000,
  "mockSignatureHost": true,
  "runtimeLogLevel": 5,
  "db": "frequency-db.sqlite"
}
[2025-09-05T20:58:04.753Z] [LOG] Setting up Polkadot network with options: {
  "blockNumber": 14500000,
  "endpoint": [
    "wss://rpc.ibp.network/polkadot"
  ],
  "db": "polkadot-db.sqlite"
}
[2025-09-05T20:58:47.444Z] [LOG] Test setup initialized - logging to test-output.log
[2025-09-05T20:58:47.719Z] [LOG] [dotenv@17.2.1] injecting env (0) from .env -- tip: ⚙️  override existing env vars with { override: true }
[2025-09-05T20:58:47.722Z] [LOG] Setting up Frequency network with options: {
  "wasmOverride": "./wasm/frequency_runtime.wasm",
  "blockNumber": 3000000,
  "endpoint": [
    "wss://0.rpc.frequency.xyz"
  ],
  "port": 8000,
  "mockSignatureHost": true,
  "runtimeLogLevel": 5,
  "db": "frequency-db.sqlite"
}
[2025-09-05T20:58:51.148Z] [LOG] Setting up Polkadot network with options: {
  "blockNumber": 14500000,
  "endpoint": [
    "wss://rpc.ibp.network/polkadot"
  ],
  "db": "polkadot-db.sqlite"
}
[2025-09-05T20:58:53.370Z] [LOG] balance {
  "balance": "120,000,000,000",
  "status": "Liquid",
  "reason": "Consumer",
  "extra": null
}
[2025-09-05T21:00:02.316Z] [LOG] Test setup initialized - logging to test-output.log
[2025-09-05T21:00:02.700Z] [LOG] [dotenv@17.2.1] injecting env (0) from .env -- tip: ⚙️  override existing env vars with { override: true }
[2025-09-05T21:00:02.703Z] [LOG] Setting up Frequency network with options: {
  "wasmOverride": "./wasm/frequency_runtime.wasm",
  "blockNumber": 3000000,
  "endpoint": [
    "wss://0.rpc.frequency.xyz"
  ],
  "port": 8000,
  "mockSignatureHost": true,
  "runtimeLogLevel": 5,
  "db": "frequency-db.sqlite"
}
[2025-09-05T21:00:06.858Z] [LOG] Setting up Polkadot network with options: {
  "blockNumber": 14500000,
  "endpoint": [
    "wss://rpc.ibp.network/polkadot"
  ],
  "db": "polkadot-db.sqlite"
}
[2025-09-05T21:00:09.368Z] [LOG] balance {
  "balance": "120,000,000,000",
  "status": "Liquid",
  "reason": "Consumer",
  "extra": null
}
[2025-09-05T21:00:23.931Z] [LOG] Test setup initialized - logging to test-output.log
[2025-09-05T21:00:24.328Z] [LOG] [dotenv@17.2.1] injecting env (0) from .env -- tip: 🔐 prevent building .env in docker: https://dotenvx.com/prebuild
[2025-09-05T21:00:24.331Z] [LOG] Setting up Frequency network with options: {
  "wasmOverride": "./wasm/frequency_runtime.wasm",
  "blockNumber": 3000000,
  "endpoint": [
    "wss://0.rpc.frequency.xyz"
  ],
  "port": 8000,
  "mockSignatureHost": true,
  "runtimeLogLevel": 5,
  "db": "frequency-db.sqlite"
}
[2025-09-05T21:00:28.171Z] [LOG] Setting up Polkadot network with options: {
  "blockNumber": 14500000,
  "endpoint": [
    "wss://rpc.ibp.network/polkadot"
  ],
  "db": "polkadot-db.sqlite"
}
[2025-09-05T21:00:30.416Z] [LOG] balance {
  "balance": "120,000,000,000",
  "status": "Liquid",
  "reason": "Consumer",
  "extra": null
}
[2025-09-05T21:18:05.537Z] [ERROR] 2025-09-05 15:18:05          API-WS: disconnected from wss://0.rpc.frequency.xyz: 1006:: Abnormal Closure
[2025-09-05T23:14:29.028Z] [LOG] Test setup initialized - logging to test-output.log
[2025-09-05T23:14:29.441Z] [LOG] [dotenv@17.2.1] injecting env (0) from .env -- tip: 📡 version env with Radar: https://dotenvx.com/radar
[2025-09-05T23:14:29.444Z] [LOG] Setting up Frequency network with options: {
  "wasmOverride": "./wasm/frequency_runtime.wasm",
  "blockNumber": 3000000,
  "endpoint": [
    "wss://0.rpc.frequency.xyz"
  ],
  "port": 8000,
  "mockSignatureHost": true,
  "runtimeLogLevel": 5,
  "db": "frequency-db.sqlite"
}
[2025-09-05T23:14:33.290Z] [LOG] Setting up Polkadot network with options: {
  "blockNumber": 14500000,
  "endpoint": [
    "wss://rpc.ibp.network/polkadot"
  ],
  "db": "polkadot-db.sqlite"
}
[2025-09-05T23:14:35.459Z] [LOG] balance {
  "balance": "120,000,000,000",
  "status": "Liquid",
  "reason": "Consumer",
  "extra": null
}
[2025-09-05T23:18:43.255Z] [LOG] Test setup initialized - logging to test-output.log
[2025-09-05T23:18:43.615Z] [LOG] [dotenv@17.2.1] injecting env (0) from .env -- tip: ⚙️  enable debug logging with { debug: true }
[2025-09-05T23:18:43.617Z] [LOG] Setting up Frequency network with options: {
  "wasmOverride": "./wasm/frequency_runtime.wasm",
  "blockNumber": 3000000,
  "endpoint": [
    "wss://0.rpc.frequency.xyz"
  ],
  "port": 8000,
  "mockSignatureHost": true,
  "runtimeLogLevel": 5,
  "db": "frequency-db.sqlite"
}
[2025-09-05T23:18:46.790Z] [LOG] Setting up Polkadot network with options: {
  "blockNumber": 14500000,
  "endpoint": [
    "wss://rpc.ibp.network/polkadot"
  ],
  "db": "polkadot-db.sqlite"
}
[2025-09-05T23:18:53.626Z] [LOG] Test setup initialized - logging to test-output.log
[2025-09-05T23:18:53.870Z] [LOG] [dotenv@17.2.1] injecting env (0) from .env -- tip: 📡 version env with Radar: https://dotenvx.com/radar
[2025-09-05T23:18:53.873Z] [LOG] Setting up Frequency network with options: {
  "wasmOverride": "./wasm/frequency_runtime.wasm",
  "blockNumber": 3000000,
  "endpoint": [
    "wss://0.rpc.frequency.xyz"
  ],
  "port": 8000,
  "mockSignatureHost": true,
  "runtimeLogLevel": 5,
  "db": "frequency-db.sqlite"
}
[2025-09-05T23:18:56.701Z] [LOG] Setting up Polkadot network with options: {
  "blockNumber": 14500000,
  "endpoint": [
    "wss://rpc.ibp.network/polkadot"
  ],
  "db": "polkadot-db.sqlite"
}
[2025-09-05T23:19:26.566Z] [LOG] Test setup initialized - logging to test-output.log
[2025-09-05T23:19:26.963Z] [LOG] [dotenv@17.2.1] injecting env (0) from .env -- tip: ⚙️  write to custom object with { processEnv: myObject }
[2025-09-05T23:19:26.966Z] [LOG] Setting up Frequency network with options: {
  "wasmOverride": "./wasm/frequency_runtime.wasm",
  "blockNumber": 3000000,
  "endpoint": [
    "wss://0.rpc.frequency.xyz"
  ],
  "port": 8000,
  "mockSignatureHost": true,
  "runtimeLogLevel": 5,
  "db": "frequency-db.sqlite"
}
[2025-09-05T23:19:29.825Z] [LOG] Setting up Polkadot network with options: {
  "blockNumber": 14500000,
  "endpoint": [
    "wss://rpc.ibp.network/polkadot"
  ],
  "db": "polkadot-db.sqlite"
}
[2025-09-05T23:19:46.007Z] [LOG] Test setup initialized - logging to test-output.log
[2025-09-05T23:19:46.237Z] [LOG] [dotenv@17.2.1] injecting env (0) from .env -- tip: 🔐 encrypt with Dotenvx: https://dotenvx.com
[2025-09-05T23:19:46.239Z] [LOG] Setting up Frequency network with options: {
  "wasmOverride": "./wasm/frequency_runtime.wasm",
  "blockNumber": 3000000,
  "endpoint": [
    "wss://0.rpc.frequency.xyz"
  ],
  "port": 8000,
  "mockSignatureHost": true,
  "runtimeLogLevel": 5,
  "db": "frequency-db.sqlite"
}
[2025-09-05T23:19:49.104Z] [LOG] Setting up Polkadot network with options: {
  "blockNumber": 14500000,
  "endpoint": [
    "wss://rpc.ibp.network/polkadot"
  ],
  "db": "polkadot-db.sqlite"
}
[2025-09-05T23:19:56.967Z] [LOG] Test setup initialized - logging to test-output.log
[2025-09-05T23:19:57.186Z] [LOG] [dotenv@17.2.1] injecting env (0) from .env -- tip: 🔐 encrypt with Dotenvx: https://dotenvx.com
[2025-09-05T23:19:57.189Z] [LOG] Setting up Frequency network with options: {
  "wasmOverride": "./wasm/frequency_runtime.wasm",
  "blockNumber": 3000000,
  "endpoint": [
    "wss://0.rpc.frequency.xyz"
  ],
  "port": 8000,
  "mockSignatureHost": true,
  "runtimeLogLevel": 5,
  "db": "frequency-db.sqlite"
}
[2025-09-05T23:19:59.751Z] [LOG] Setting up Polkadot network with options: {
  "blockNumber": 14500000,
  "endpoint": [
    "wss://rpc.ibp.network/polkadot"
  ],
  "db": "polkadot-db.sqlite"
}
[2025-09-05T23:20:12.291Z] [LOG] Test setup initialized - logging to test-output.log
[2025-09-05T23:20:12.555Z] [LOG] [dotenv@17.2.1] injecting env (0) from .env -- tip: 🛠️  run anywhere with `dotenvx run -- yourcommand`
[2025-09-05T23:20:12.557Z] [LOG] Setting up Frequency network with options: {
  "wasmOverride": "./wasm/frequency_runtime.wasm",
  "blockNumber": 3000000,
  "endpoint": [
    "wss://0.rpc.frequency.xyz"
  ],
  "port": 8000,
  "mockSignatureHost": true,
  "runtimeLogLevel": 5,
  "db": "frequency-db.sqlite"
}
[2025-09-05T23:20:15.617Z] [LOG] Setting up Polkadot network with options: {
  "blockNumber": 14500000,
  "endpoint": [
    "wss://rpc.ibp.network/polkadot"
  ],
  "db": "polkadot-db.sqlite"
}
[2025-09-05T23:20:22.779Z] [LOG] Test setup initialized - logging to test-output.log
[2025-09-05T23:20:23.029Z] [LOG] [dotenv@17.2.1] injecting env (0) from .env -- tip: 🔐 prevent committing .env to code: https://dotenvx.com/precommit
[2025-09-05T23:20:23.033Z] [LOG] Setting up Frequency network with options: {
  "wasmOverride": "./wasm/frequency_runtime.wasm",
  "blockNumber": 3000000,
  "endpoint": [
    "wss://0.rpc.frequency.xyz"
  ],
  "port": 8000,
  "mockSignatureHost": true,
  "runtimeLogLevel": 5,
  "db": "frequency-db.sqlite"
}
[2025-09-05T23:20:25.790Z] [LOG] Setting up Polkadot network with options: {
  "blockNumber": 14500000,
  "endpoint": [
    "wss://rpc.ibp.network/polkadot"
  ],
  "db": "polkadot-db.sqlite"
}
[2025-09-05T23:20:28.302Z] [LOG] Test setup initialized - logging to test-output.log
[2025-09-05T23:20:28.516Z] [LOG] [dotenv@17.2.1] injecting env (0) from .env -- tip: 📡 observe env with Radar: https://dotenvx.com/radar
[2025-09-05T23:20:28.518Z] [LOG] Setting up Frequency network with options: {
  "wasmOverride": "./wasm/frequency_runtime.wasm",
  "blockNumber": 3000000,
  "endpoint": [
    "wss://0.rpc.frequency.xyz"
  ],
  "port": 8000,
  "mockSignatureHost": true,
  "runtimeLogLevel": 5,
  "db": "frequency-db.sqlite"
}
[2025-09-05T23:20:31.532Z] [LOG] Setting up Polkadot network with options: {
  "blockNumber": 14500000,
  "endpoint": [
    "wss://rpc.ibp.network/polkadot"
  ],
  "db": "polkadot-db.sqlite"
}
[2025-09-05T23:20:33.522Z] [LOG] balance {
  "balance": "120,000,000,000",
  "status": "Liquid",
  "reason": "Consumer",
  "extra": null
}
[2025-09-05T23:20:37.095Z] [LOG] Test setup initialized - logging to test-output.log
[2025-09-05T23:20:37.313Z] [LOG] [dotenv@17.2.1] injecting env (0) from .env -- tip: 🔐 prevent building .env in docker: https://dotenvx.com/prebuild
[2025-09-05T23:20:37.315Z] [LOG] Setting up Frequency network with options: {
  "wasmOverride": "./wasm/frequency_runtime.wasm",
  "blockNumber": 3000000,
  "endpoint": [
    "wss://0.rpc.frequency.xyz"
  ],
  "port": 8000,
  "mockSignatureHost": true,
  "runtimeLogLevel": 5,
  "db": "frequency-db.sqlite"
}
[2025-09-05T23:20:40.094Z] [LOG] Setting up Polkadot network with options: {
  "blockNumber": 14500000,
  "endpoint": [
    "wss://rpc.ibp.network/polkadot"
  ],
  "db": "polkadot-db.sqlite"
}
[2025-09-05T23:20:42.132Z] [LOG] balance {
  "balance": "120,000,000,000",
  "status": "Liquid",
  "reason": "Consumer",
  "extra": null
}
[2025-09-05T23:21:10.109Z] [LOG] Test setup initialized - logging to test-output.log
[2025-09-05T23:21:10.326Z] [LOG] [dotenv@17.2.1] injecting env (0) from .env -- tip: 🛠️  run anywhere with `dotenvx run -- yourcommand`
[2025-09-05T23:21:10.328Z] [LOG] Setting up Frequency network with options: {
  "wasmOverride": "./wasm/frequency_runtime.wasm",
  "blockNumber": 3000000,
  "endpoint": [
    "wss://0.rpc.frequency.xyz"
  ],
  "port": 8000,
  "mockSignatureHost": true,
  "runtimeLogLevel": 5,
  "db": "frequency-db.sqlite"
}
[2025-09-05T23:21:13.142Z] [LOG] Setting up Polkadot network with options: {
  "blockNumber": 14500000,
  "endpoint": [
    "wss://rpc.ibp.network/polkadot"
  ],
  "db": "polkadot-db.sqlite"
}
[2025-09-05T23:21:15.077Z] [LOG] balance {
  "balance": "120,000,000,000",
  "status": "Liquid",
  "reason": "Consumer",
  "extra": null
}
[2025-09-05T23:21:24.799Z] [LOG] Test setup initialized - logging to test-output.log
[2025-09-05T23:21:25.034Z] [LOG] [dotenv@17.2.1] injecting env (0) from .env -- tip: ⚙️  specify custom .env file path with { path: '/custom/path/.env' }
[2025-09-05T23:21:25.037Z] [LOG] Setting up Frequency network with options: {
  "wasmOverride": "./wasm/frequency_runtime.wasm",
  "blockNumber": 3000000,
  "endpoint": [
    "wss://0.rpc.frequency.xyz"
  ],
  "port": 8000,
  "mockSignatureHost": true,
  "runtimeLogLevel": 5,
  "db": "frequency-db.sqlite"
}
[2025-09-05T23:21:27.644Z] [LOG] Setting up Polkadot network with options: {
  "blockNumber": 14500000,
  "endpoint": [
    "wss://rpc.ibp.network/polkadot"
  ],
  "db": "polkadot-db.sqlite"
}
[2025-09-05T23:21:29.599Z] [LOG] balance {
  "balance": "120,000,000,000",
  "status": "Liquid",
  "reason": "Consumer",
  "extra": null
}
[2025-09-05T23:21:36.439Z] [LOG] Test setup initialized - logging to test-output.log
[2025-09-05T23:21:36.660Z] [LOG] [dotenv@17.2.1] injecting env (0) from .env -- tip: ⚙️  enable debug logging with { debug: true }
[2025-09-05T23:21:36.662Z] [LOG] Setting up Frequency network with options: {
  "wasmOverride": "./wasm/frequency_runtime.wasm",
  "blockNumber": 3000000,
  "endpoint": [
    "wss://0.rpc.frequency.xyz"
  ],
  "port": 8000,
  "mockSignatureHost": true,
  "runtimeLogLevel": 5,
  "db": "frequency-db.sqlite"
}
[2025-09-05T23:21:39.436Z] [LOG] Setting up Polkadot network with options: {
  "blockNumber": 14500000,
  "endpoint": [
    "wss://rpc.ibp.network/polkadot"
  ],
  "db": "polkadot-db.sqlite"
}
[2025-09-05T23:21:41.522Z] [LOG] balance {
  "balance": "120,000,000,000",
  "status": "Liquid",
  "reason": "Consumer",
  "extra": null
}
[2025-09-05T23:22:09.657Z] [LOG] Test setup initialized - logging to test-output.log
[2025-09-05T23:22:09.924Z] [LOG] [dotenv@17.2.1] injecting env (0) from .env -- tip: ⚙️  enable debug logging with { debug: true }
[2025-09-05T23:22:09.926Z] [LOG] Setting up Frequency network with options: {
  "wasmOverride": "./wasm/frequency_runtime.wasm",
  "blockNumber": 3000000,
  "endpoint": [
    "wss://0.rpc.frequency.xyz"
  ],
  "port": 8000,
  "mockSignatureHost": true,
  "runtimeLogLevel": 5,
  "db": "frequency-db.sqlite"
}
[2025-09-05T23:22:12.906Z] [LOG] Setting up Polkadot network with options: {
  "blockNumber": 14500000,
  "endpoint": [
    "wss://rpc.ibp.network/polkadot"
  ],
  "db": "polkadot-db.sqlite"
}
[2025-09-05T23:22:14.854Z] [LOG] balance {
  "balance": "120,000,000,000",
  "status": "Liquid",
  "reason": "Consumer",
  "extra": null
}
[2025-09-05T23:22:41.455Z] [LOG] Test setup initialized - logging to test-output.log
[2025-09-05T23:22:41.672Z] [LOG] [dotenv@17.2.1] injecting env (0) from .env -- tip: ⚙️  suppress all logs with { quiet: true }
[2025-09-05T23:22:41.675Z] [LOG] Setting up Frequency network with options: {
  "wasmOverride": "./wasm/frequency_runtime.wasm",
  "blockNumber": 3000000,
  "endpoint": [
    "wss://0.rpc.frequency.xyz"
  ],
  "port": 8000,
  "mockSignatureHost": true,
  "runtimeLogLevel": 5,
  "db": "frequency-db.sqlite"
}
[2025-09-05T23:22:44.674Z] [LOG] Setting up Polkadot network with options: {
  "blockNumber": 14500000,
  "endpoint": [
    "wss://rpc.ibp.network/polkadot"
  ],
  "db": "polkadot-db.sqlite"
}
[2025-09-05T23:22:46.671Z] [LOG] balance {
  "balance": "120,000,000,000",
  "status": "Liquid",
  "reason": "Consumer",
  "extra": null
}
[2025-09-05T23:22:55.992Z] [LOG] Test setup initialized - logging to test-output.log
[2025-09-05T23:22:56.267Z] [LOG] [dotenv@17.2.1] injecting env (0) from .env -- tip: 📡 auto-backup env with Radar: https://dotenvx.com/radar
[2025-09-05T23:22:56.269Z] [LOG] Setting up Frequency network with options: {
  "wasmOverride": "./wasm/frequency_runtime.wasm",
  "blockNumber": 3000000,
  "endpoint": [
    "wss://0.rpc.frequency.xyz"
  ],
  "port": 8000,
  "mockSignatureHost": true,
  "runtimeLogLevel": 5,
  "db": "frequency-db.sqlite"
}
[2025-09-05T23:22:59.149Z] [LOG] Setting up Polkadot network with options: {
  "blockNumber": 14500000,
  "endpoint": [
    "wss://rpc.ibp.network/polkadot"
  ],
  "db": "polkadot-db.sqlite"
}
[2025-09-05T23:23:01.263Z] [LOG] balance {
  "balance": "120,000,000,000",
  "status": "Liquid",
  "reason": "Consumer",
  "extra": null
}
[2025-09-05T23:24:09.561Z] [LOG] Test setup initialized - logging to test-output.log
[2025-09-05T23:24:09.926Z] [LOG] [dotenv@17.2.1] injecting env (0) from .env -- tip: ⚙️  write to custom object with { processEnv: myObject }
[2025-09-05T23:24:09.928Z] [LOG] Setting up Frequency network with options: {
  "wasmOverride": "./wasm/frequency_runtime.wasm",
  "blockNumber": 3000000,
  "endpoint": [
    "wss://0.rpc.frequency.xyz"
  ],
  "port": 8000,
  "mockSignatureHost": true,
  "runtimeLogLevel": 5,
  "db": "frequency-db.sqlite"
}
[2025-09-05T23:24:12.785Z] [LOG] Setting up Polkadot network with options: {
  "blockNumber": 14500000,
  "endpoint": [
    "wss://rpc.ibp.network/polkadot"
  ],
  "db": "polkadot-db.sqlite"
}
[2025-09-05T23:24:14.747Z] [LOG] balance {
  "balance": "120,000,000,000",
  "status": "Liquid",
  "reason": "Consumer",
  "extra": null
}
[2025-09-05T23:24:29.086Z] [LOG] Test setup initialized - logging to test-output.log
[2025-09-05T23:24:29.444Z] [LOG] [dotenv@17.2.1] injecting env (0) from .env -- tip: ⚙️  suppress all logs with { quiet: true }
[2025-09-05T23:24:29.448Z] [LOG] Setting up Frequency network with options: {
  "wasmOverride": "./wasm/frequency_runtime.wasm",
  "blockNumber": 3000000,
  "endpoint": [
    "wss://0.rpc.frequency.xyz"
  ],
  "port": 8000,
  "mockSignatureHost": true,
  "runtimeLogLevel": 5,
  "db": "frequency-db.sqlite"
}
[2025-09-05T23:24:32.463Z] [LOG] Setting up Polkadot network with options: {
  "blockNumber": 14500000,
  "endpoint": [
    "wss://rpc.ibp.network/polkadot"
  ],
  "db": "polkadot-db.sqlite"
}
[2025-09-05T23:24:34.476Z] [LOG] balance {
  "balance": "120,000,000,000",
  "status": "Liquid",
  "reason": "Consumer",
  "extra": null
}
[2025-09-05T23:25:05.444Z] [LOG] Test setup initialized - logging to test-output.log
[2025-09-05T23:25:05.656Z] [LOG] [dotenv@17.2.1] injecting env (0) from .env -- tip: ⚙️  load multiple .env files with { path: ['.env.local', '.env'] }
[2025-09-05T23:25:05.659Z] [LOG] Setting up Frequency network with options: {
  "wasmOverride": "./wasm/frequency_runtime.wasm",
  "blockNumber": 3000000,
  "endpoint": [
    "wss://0.rpc.frequency.xyz"
  ],
  "port": 8000,
  "mockSignatureHost": true,
  "runtimeLogLevel": 5,
  "db": "frequency-db.sqlite"
}
[2025-09-05T23:25:08.496Z] [LOG] Setting up Polkadot network with options: {
  "blockNumber": 14500000,
  "endpoint": [
    "wss://rpc.ibp.network/polkadot"
  ],
  "db": "polkadot-db.sqlite"
}
[2025-09-05T23:25:10.415Z] [LOG] balance {
  "balance": "120,000,000,000",
  "status": "Liquid",
  "reason": "Consumer",
  "extra": null
}
[2025-09-05T23:25:14.612Z] [ERROR] 2025-09-05 17:25:14        RPC-CORE: submitExtrinsic(extrinsic: Extrinsic): Hash:: 1010: {"invalid":{"payment":null}}
[2025-09-05T23:26:46.212Z] [LOG] Test setup initialized - logging to test-output.log
[2025-09-05T23:26:46.433Z] [LOG] [dotenv@17.2.1] injecting env (0) from .env -- tip: ⚙️  enable debug logging with { debug: true }
[2025-09-05T23:26:46.436Z] [LOG] Setting up Frequency network with options: {
  "wasmOverride": "./wasm/frequency_runtime.wasm",
  "blockNumber": 3000000,
  "endpoint": [
    "wss://0.rpc.frequency.xyz"
  ],
  "port": 8000,
  "mockSignatureHost": true,
  "runtimeLogLevel": 5,
  "db": "frequency-db.sqlite"
}
[2025-09-05T23:26:49.560Z] [LOG] Setting up Polkadot network with options: {
  "blockNumber": 14500000,
  "endpoint": [
    "wss://rpc.ibp.network/polkadot"
  ],
  "db": "polkadot-db.sqlite"
}
[2025-09-05T23:26:51.620Z] [LOG] balance {
  "balance": "120,000,000,000",
  "status": "Liquid",
  "reason": "Consumer",
  "extra": null
}
[2025-09-05T23:26:55.866Z] [ERROR] 2025-09-05 17:26:55        RPC-CORE: submitExtrinsic(extrinsic: Extrinsic): Hash:: 1010: {"invalid":{"payment":null}}
[2025-09-05T23:27:56.903Z] [LOG] Test setup initialized - logging to test-output.log
[2025-09-05T23:27:57.114Z] [LOG] [dotenv@17.2.1] injecting env (0) from .env -- tip: 📡 auto-backup env with Radar: https://dotenvx.com/radar
[2025-09-05T23:27:57.117Z] [LOG] Setting up Frequency network with options: {
  "wasmOverride": "./wasm/frequency_runtime.wasm",
  "blockNumber": 3000000,
  "endpoint": [
    "wss://0.rpc.frequency.xyz"
  ],
  "port": 8000,
  "mockSignatureHost": true,
  "runtimeLogLevel": 5,
  "db": "frequency-db.sqlite"
}
[2025-09-05T23:28:00.178Z] [LOG] Setting up Polkadot network with options: {
  "blockNumber": 14500000,
  "endpoint": [
    "wss://rpc.ibp.network/polkadot"
  ],
  "db": "polkadot-db.sqlite"
}
[2025-09-05T23:28:02.263Z] [LOG] balance {
  "balance": "120,000,000,000",
  "status": "Liquid",
  "reason": "Consumer",
  "extra": null
}
[2025-09-05T23:28:06.782Z] [ERROR] 2025-09-05 17:28:06        RPC-CORE: submitExtrinsic(extrinsic: Extrinsic): Hash:: 1010: {"invalid":{"payment":null}}
[2025-09-05T23:30:20.122Z] [LOG] Test setup initialized - logging to test-output.log
[2025-09-05T23:30:20.511Z] [LOG] [dotenv@17.2.1] injecting env (0) from .env -- tip: 🛠️  run anywhere with `dotenvx run -- yourcommand`
[2025-09-05T23:30:20.513Z] [LOG] Setting up Frequency network with options: {
  "wasmOverride": "./wasm/frequency_runtime.wasm",
  "blockNumber": 3000000,
  "endpoint": [
    "wss://0.rpc.frequency.xyz"
  ],
  "port": 8000,
  "mockSignatureHost": true,
  "runtimeLogLevel": 5,
  "db": "frequency-db.sqlite"
}
[2025-09-05T23:30:23.518Z] [LOG] Setting up Polkadot network with options: {
  "blockNumber": 14500000,
  "endpoint": [
    "wss://rpc.ibp.network/polkadot"
  ],
  "db": "polkadot-db.sqlite"
}
[2025-09-05T23:30:25.667Z] [LOG] balance {
  "balance": "120,000,000,000",
  "status": "Liquid",
  "reason": "Consumer",
  "extra": null
}
[2025-09-05T23:30:29.953Z] [ERROR] 2025-09-05 17:30:29        RPC-CORE: submitExtrinsic(extrinsic: Extrinsic): Hash:: 1010: {"invalid":{"payment":null}}
[2025-09-05T23:31:58.128Z] [LOG] Test setup initialized - logging to test-output.log
[2025-09-05T23:31:58.585Z] [LOG] [dotenv@17.2.1] injecting env (0) from .env -- tip: ⚙️  specify custom .env file path with { path: '/custom/path/.env' }
[2025-09-05T23:31:58.587Z] [LOG] Setting up Frequency network with options: {
  "wasmOverride": "./wasm/frequency_runtime.wasm",
  "blockNumber": 3000000,
  "endpoint": [
    "wss://0.rpc.frequency.xyz"
  ],
  "port": 8000,
  "mockSignatureHost": true,
  "runtimeLogLevel": 5,
  "db": "frequency-db.sqlite"
}
[2025-09-05T23:32:01.887Z] [LOG] Setting up Polkadot network with options: {
  "blockNumber": 14500000,
  "endpoint": [
    "wss://rpc.ibp.network/polkadot"
  ],
  "db": "polkadot-db.sqlite"
}
[2025-09-05T23:32:04.009Z] [LOG] balance {
  "nonce": "0",
  "consumers": "0",
  "providers": "0",
  "sufficients": "0",
  "data": {
    "free": "1,000,000,000,000,000",
    "reserved": "0",
    "frozen": "0",
    "flags": "0"
  }
}
[2025-09-05T23:32:04.023Z] [LOG] balance {
  "balance": "120,000,000,000",
  "status": "Liquid",
  "reason": "Consumer",
  "extra": null
}
[2025-09-05T23:32:08.383Z] [ERROR] 2025-09-05 17:32:08        RPC-CORE: submitExtrinsic(extrinsic: Extrinsic): Hash:: 1010: {"invalid":{"payment":null}}
[2025-09-05T23:32:09.941Z] [LOG] Test setup initialized - logging to test-output.log
[2025-09-05T23:32:10.269Z] [LOG] [dotenv@17.2.1] injecting env (0) from .env -- tip: 🔐 prevent building .env in docker: https://dotenvx.com/prebuild
[2025-09-05T23:32:10.271Z] [LOG] Setting up Frequency network with options: {
  "wasmOverride": "./wasm/frequency_runtime.wasm",
  "blockNumber": 3000000,
  "endpoint": [
    "wss://0.rpc.frequency.xyz"
  ],
  "port": 8000,
  "mockSignatureHost": true,
  "runtimeLogLevel": 5,
  "db": "frequency-db.sqlite"
}
[2025-09-05T23:32:13.097Z] [LOG] Setting up Polkadot network with options: {
  "blockNumber": 14500000,
  "endpoint": [
    "wss://rpc.ibp.network/polkadot"
  ],
  "db": "polkadot-db.sqlite"
}
[2025-09-05T23:32:15.098Z] [LOG] balanceAssetHub {
  "nonce": "0",
  "consumers": "0",
  "providers": "0",
  "sufficients": "0",
  "data": {
    "free": "1,000,000,000,000,000",
    "reserved": "0",
    "frozen": "0",
    "flags": "0"
  }
}
[2025-09-05T23:32:15.113Z] [LOG] balance {
  "balance": "120,000,000,000",
  "status": "Liquid",
  "reason": "Consumer",
  "extra": null
}
[2025-09-05T23:32:19.345Z] [ERROR] 2025-09-05 17:32:19        RPC-CORE: submitExtrinsic(extrinsic: Extrinsic): Hash:: 1010: {"invalid":{"payment":null}}
[2025-09-05T23:39:46.024Z] [LOG] Test setup initialized - logging to test-output.log
[2025-09-05T23:39:46.415Z] [LOG] [dotenv@17.2.1] injecting env (0) from .env -- tip: 🛠️  run anywhere with `dotenvx run -- yourcommand`
[2025-09-05T23:39:46.419Z] [LOG] Setting up Frequency network with options: {
  "wasmOverride": "./wasm/frequency_runtime.wasm",
  "blockNumber": 3000000,
  "endpoint": [
    "wss://0.rpc.frequency.xyz"
  ],
  "port": 8000,
  "mockSignatureHost": true,
  "runtimeLogLevel": 5,
  "db": "frequency-db.sqlite"
}
[2025-09-05T23:39:49.942Z] [LOG] Setting up Polkadot network with options: {
  "blockNumber": 14500000,
  "endpoint": [
    "wss://rpc.ibp.network/polkadot"
  ],
  "db": "polkadot-db.sqlite"
}
[2025-09-05T23:39:52.239Z] [LOG] balanceAssetHub {
  "nonce": "0",
  "consumers": "0",
  "providers": "0",
  "sufficients": "0",
  "data": {
    "free": "1,000,000,000,000,000",
    "reserved": "0",
    "frozen": "0",
    "flags": "0"
  }
}
[2025-09-05T23:39:52.254Z] [LOG] balance {
  "balance": "120,000,000,000",
  "status": "Liquid",
  "reason": "Consumer",
  "extra": null
}
[2025-09-05T23:39:56.796Z] [ERROR] 2025-09-05 17:39:56        RPC-CORE: submitExtrinsic(extrinsic: Extrinsic): Hash:: 1010: {"invalid":{"payment":null}}
[2025-09-05T23:41:17.640Z] [LOG] Test setup initialized - logging to test-output.log
[2025-09-05T23:41:18.015Z] [LOG] [dotenv@17.2.1] injecting env (0) from .env -- tip: 📡 auto-backup env with Radar: https://dotenvx.com/radar
[2025-09-05T23:41:18.018Z] [LOG] Setting up Frequency network with options: {
  "wasmOverride": "./wasm/frequency_runtime.wasm",
  "blockNumber": 3000000,
  "endpoint": [
    "wss://0.rpc.frequency.xyz"
  ],
  "port": 8000,
  "mockSignatureHost": true,
  "runtimeLogLevel": 5,
  "db": "frequency-db.sqlite"
}
[2025-09-05T23:41:21.048Z] [LOG] Setting up Polkadot network with options: {
  "blockNumber": 14500000,
  "endpoint": [
    "wss://rpc.ibp.network/polkadot"
  ],
  "db": "polkadot-db.sqlite"
}
[2025-09-05T23:41:23.455Z] [LOG] balanceAssetHub {
  "nonce": "0",
  "consumers": "0",
  "providers": "0",
  "sufficients": "0",
  "data": {
    "free": "0",
    "reserved": "0",
    "frozen": "0",
    "flags": "170,141,183,460,469,231,731,687,303,715,884,105,728"
  }
}
[2025-09-05T23:41:23.469Z] [LOG] balance {
  "balance": "120,000,000,000",
  "status": "Liquid",
  "reason": "Consumer",
  "extra": null
}
[2025-09-05T23:41:27.767Z] [ERROR] 2025-09-05 17:41:27        RPC-CORE: submitExtrinsic(extrinsic: Extrinsic): Hash:: 1010: {"invalid":{"payment":null}}
[2025-09-05T23:41:40.968Z] [LOG] Test setup initialized - logging to test-output.log
[2025-09-05T23:41:41.193Z] [LOG] [dotenv@17.2.1] injecting env (0) from .env -- tip: ⚙️  override existing env vars with { override: true }
[2025-09-05T23:41:41.196Z] [LOG] Setting up Frequency network with options: {
  "wasmOverride": "./wasm/frequency_runtime.wasm",
  "blockNumber": 3000000,
  "endpoint": [
    "wss://0.rpc.frequency.xyz"
  ],
  "port": 8000,
  "mockSignatureHost": true,
  "runtimeLogLevel": 5,
  "db": "frequency-db.sqlite"
}
[2025-09-05T23:41:44.146Z] [LOG] Setting up Polkadot network with options: {
  "blockNumber": 14500000,
  "endpoint": [
    "wss://rpc.ibp.network/polkadot"
  ],
  "db": "polkadot-db.sqlite"
}
[2025-09-05T23:41:46.126Z] [LOG] balanceAssetHub {
  "nonce": "0",
  "consumers": "0",
  "providers": "0",
  "sufficients": "0",
  "data": {
    "free": "1,000,000,000,000,000",
    "reserved": "0",
    "frozen": "0",
    "flags": "0"
  }
}
[2025-09-05T23:41:46.141Z] [LOG] balance {
  "balance": "120,000,000,000",
  "status": "Liquid",
  "reason": "Consumer",
  "extra": null
}
[2025-09-05T23:41:50.642Z] [ERROR] 2025-09-05 17:41:50        RPC-CORE: submitExtrinsic(extrinsic: Extrinsic): Hash:: 1010: {"invalid":{"payment":null}}
[2025-09-05T23:41:54.174Z] [LOG] Test setup initialized - logging to test-output.log
[2025-09-05T23:41:54.398Z] [LOG] [dotenv@17.2.1] injecting env (0) from .env -- tip: 📡 observe env with Radar: https://dotenvx.com/radar
[2025-09-05T23:41:54.401Z] [LOG] Setting up Frequency network with options: {
  "wasmOverride": "./wasm/frequency_runtime.wasm",
  "blockNumber": 3000000,
  "endpoint": [
    "wss://0.rpc.frequency.xyz"
  ],
  "port": 8000,
  "mockSignatureHost": true,
  "runtimeLogLevel": 5,
  "db": "frequency-db.sqlite"
}
[2025-09-05T23:41:57.150Z] [LOG] Setting up Polkadot network with options: {
  "blockNumber": 14500000,
  "endpoint": [
    "wss://rpc.ibp.network/polkadot"
  ],
  "db": "polkadot-db.sqlite"
}
[2025-09-05T23:41:59.193Z] [LOG] balanceAssetHub {
  "nonce": "0",
  "consumers": "0",
  "providers": "0",
  "sufficients": "0",
  "data": {
    "free": "1,000,000,000,000,000",
    "reserved": "0",
    "frozen": "0",
    "flags": "0"
  }
}
[2025-09-05T23:41:59.267Z] [LOG] balance null
[2025-09-05T23:42:03.381Z] [ERROR] 2025-09-05 17:42:03        RPC-CORE: submitExtrinsic(extrinsic: Extrinsic): Hash:: 1010: {"invalid":{"payment":null}}
[2025-09-05T23:42:03.990Z] [LOG] Test setup initialized - logging to test-output.log
[2025-09-05T23:42:04.260Z] [LOG] [dotenv@17.2.1] injecting env (0) from .env -- tip: 📡 version env with Radar: https://dotenvx.com/radar
[2025-09-05T23:42:04.263Z] [LOG] Setting up Frequency network with options: {
  "wasmOverride": "./wasm/frequency_runtime.wasm",
  "blockNumber": 3000000,
  "endpoint": [
    "wss://0.rpc.frequency.xyz"
  ],
  "port": 8000,
  "mockSignatureHost": true,
  "runtimeLogLevel": 5,
  "db": "frequency-db.sqlite"
}
[2025-09-05T23:42:07.313Z] [LOG] Setting up Polkadot network with options: {
  "blockNumber": 14500000,
  "endpoint": [
    "wss://rpc.ibp.network/polkadot"
  ],
  "db": "polkadot-db.sqlite"
}
[2025-09-05T23:42:09.328Z] [LOG] balanceAssetHub {
  "nonce": "0",
  "consumers": "0",
  "providers": "0",
  "sufficients": "0",
  "data": {
    "free": "1,000,000,000,000,000",
    "reserved": "0",
    "frozen": "0",
    "flags": "0"
  }
}
[2025-09-05T23:42:09.344Z] [LOG] balance {
  "balance": "120,000,000,000",
  "status": "Liquid",
  "reason": "Consumer",
  "extra": null
}
[2025-09-05T23:42:13.894Z] [ERROR] 2025-09-05 17:42:13        RPC-CORE: submitExtrinsic(extrinsic: Extrinsic): Hash:: 1010: {"invalid":{"payment":null}}
[2025-09-05T23:42:16.855Z] [LOG] Test setup initialized - logging to test-output.log
[2025-09-05T23:42:17.190Z] [LOG] [dotenv@17.2.1] injecting env (0) from .env -- tip: ⚙️  enable debug logging with { debug: true }
[2025-09-05T23:42:17.192Z] [LOG] Setting up Frequency network with options: {
  "wasmOverride": "./wasm/frequency_runtime.wasm",
  "blockNumber": 3000000,
  "endpoint": [
    "wss://0.rpc.frequency.xyz"
  ],
  "port": 8000,
  "mockSignatureHost": true,
  "runtimeLogLevel": 5,
  "db": "frequency-db.sqlite"
}
[2025-09-05T23:42:20.119Z] [LOG] Setting up Polkadot network with options: {
  "blockNumber": 14500000,
  "endpoint": [
    "wss://rpc.ibp.network/polkadot"
  ],
  "db": "polkadot-db.sqlite"
}
[2025-09-05T23:42:22.187Z] [LOG] balanceAssetHub {
  "nonce": "0",
  "consumers": "0",
  "providers": "0",
  "sufficients": "0",
  "data": {
    "free": "1,000,000,000,000,000",
    "reserved": "0",
    "frozen": "0",
    "flags": "0"
  }
}
[2025-09-05T23:42:22.203Z] [LOG] balance {
  "balance": "120,000,000,000",
  "status": "Liquid",
  "reason": "Consumer",
  "extra": null
}
[2025-09-05T23:42:26.463Z] [ERROR] 2025-09-05 17:42:26        RPC-CORE: submitExtrinsic(extrinsic: Extrinsic): Hash:: 1010: {"invalid":{"payment":null}}
[2025-09-05T23:43:31.866Z] [LOG] Test setup initialized - logging to test-output.log
[2025-09-05T23:43:32.181Z] [LOG] [dotenv@17.2.1] injecting env (0) from .env -- tip: 📡 version env with Radar: https://dotenvx.com/radar
[2025-09-05T23:43:32.183Z] [LOG] Setting up Frequency network with options: {
  "wasmOverride": "./wasm/frequency_runtime.wasm",
  "blockNumber": 3000000,
  "endpoint": [
    "wss://0.rpc.frequency.xyz"
  ],
  "port": 8000,
  "mockSignatureHost": true,
  "runtimeLogLevel": 5,
  "db": "frequency-db.sqlite"
}
[2025-09-05T23:43:35.296Z] [LOG] Setting up Polkadot network with options: {
  "blockNumber": 14500000,
  "endpoint": [
    "wss://rpc.ibp.network/polkadot"
  ],
  "db": "polkadot-db.sqlite"
}
[2025-09-05T23:43:37.395Z] [LOG] balanceAssetHub {
  "nonce": "0",
  "consumers": "0",
  "providers": "0",
  "sufficients": "0",
  "data": {
    "free": "1,000,000,000,000,000",
    "reserved": "0",
    "frozen": "0",
    "flags": "0"
  }
}
[2025-09-05T23:43:37.409Z] [LOG] balance {
  "balance": "120,000,000,000",
  "status": "Liquid",
  "reason": "Consumer",
  "extra": null
}
[2025-09-05T23:44:02.538Z] [LOG] Test setup initialized - logging to test-output.log
[2025-09-05T23:44:02.851Z] [LOG] [dotenv@17.2.1] injecting env (0) from .env -- tip: ⚙️  override existing env vars with { override: true }
[2025-09-05T23:44:02.853Z] [LOG] Setting up Frequency network with options: {
  "wasmOverride": "./wasm/frequency_runtime.wasm",
  "blockNumber": 3000000,
  "endpoint": [
    "wss://0.rpc.frequency.xyz"
  ],
  "port": 8000,
  "mockSignatureHost": true,
  "runtimeLogLevel": 5,
  "db": "frequency-db.sqlite"
}
[2025-09-05T23:44:05.749Z] [LOG] Setting up Polkadot network with options: {
  "blockNumber": 14500000,
  "endpoint": [
    "wss://rpc.ibp.network/polkadot"
  ],
  "db": "polkadot-db.sqlite"
}
[2025-09-05T23:44:07.746Z] [LOG] balanceAssetHub {
  "nonce": "0",
  "consumers": "0",
  "providers": "0",
  "sufficients": "0",
  "data": {
    "free": "1,000,000,000,000,000",
    "reserved": "0",
    "frozen": "0",
    "flags": "0"
  }
}
[2025-09-05T23:44:07.761Z] [LOG] balance {
  "balance": "120,000,000,000",
  "status": "Liquid",
  "reason": "Consumer",
  "extra": null
}
[2025-09-05T23:44:11.973Z] [ERROR] 2025-09-05 17:44:11        RPC-CORE: submitExtrinsic(extrinsic: Extrinsic): Hash:: 1010: {"invalid":{"payment":null}}
[2025-09-05T23:45:13.616Z] [LOG] Test setup initialized - logging to test-output.log
[2025-09-05T23:45:13.851Z] [LOG] [dotenv@17.2.1] injecting env (0) from .env -- tip: 🔐 prevent building .env in docker: https://dotenvx.com/prebuild
[2025-09-05T23:45:13.853Z] [LOG] Setting up Frequency network with options: {
  "wasmOverride": "./wasm/frequency_runtime.wasm",
  "blockNumber": 3000000,
  "endpoint": [
    "wss://0.rpc.frequency.xyz"
  ],
  "port": 8000,
  "mockSignatureHost": true,
  "runtimeLogLevel": 5,
  "db": "frequency-db.sqlite"
}
[2025-09-05T23:45:16.839Z] [LOG] Setting up Polkadot network with options: {
  "blockNumber": 14500000,
  "endpoint": [
    "wss://rpc.ibp.network/polkadot"
  ],
  "db": "polkadot-db.sqlite"
}
[2025-09-05T23:45:18.956Z] [LOG] balanceAssetHub {
  "nonce": "0",
  "consumers": "0",
  "providers": "0",
  "sufficients": "0",
  "data": {
    "free": "1,000,000,000,000,000",
    "reserved": "0",
    "frozen": "0",
    "flags": "0"
  }
}
[2025-09-05T23:45:18.970Z] [LOG] balance {
  "balance": "120,000,000,000",
  "status": "Liquid",
  "reason": "Consumer",
  "extra": null
}
[2025-09-05T23:45:23.091Z] [ERROR] 2025-09-05 17:45:23        RPC-CORE: submitExtrinsic(extrinsic: Extrinsic): Hash:: 1010: {"invalid":{"payment":null}}
[2025-09-05T23:46:03.765Z] [LOG] Test setup initialized - logging to test-output.log
[2025-09-05T23:46:24.184Z] [LOG] Test setup initialized - logging to test-output.log
[2025-09-05T23:46:24.421Z] [LOG] [dotenv@17.2.1] injecting env (0) from .env -- tip: ⚙️  load multiple .env files with { path: ['.env.local', '.env'] }
[2025-09-05T23:46:24.424Z] [LOG] Setting up Frequency network with options: {
  "wasmOverride": "./wasm/frequency_runtime.wasm",
  "blockNumber": 3000000,
  "endpoint": [
    "wss://0.rpc.frequency.xyz"
  ],
  "port": 8000,
  "mockSignatureHost": true,
  "runtimeLogLevel": 5,
  "db": "frequency-db.sqlite"
}
[2025-09-05T23:46:27.624Z] [LOG] Setting up Polkadot network with options: {
  "blockNumber": 14500000,
  "endpoint": [
    "wss://rpc.ibp.network/polkadot"
  ],
  "db": "polkadot-db.sqlite"
}
[2025-09-05T23:46:29.673Z] [LOG] balanceAssetHub {
  "nonce": "0",
  "consumers": "0",
  "providers": "0",
  "sufficients": "0",
  "data": {
    "free": "1,000,000,000,000,000",
    "reserved": "0",
    "frozen": "0",
    "flags": "0"
  }
}
[2025-09-05T23:46:29.687Z] [LOG] balance {
  "balance": "120,000,000,000",
  "status": "Liquid",
  "reason": "Consumer",
  "extra": null
}
[2025-09-05T23:46:34.137Z] [ERROR] 2025-09-05 17:46:34        RPC-CORE: submitExtrinsic(extrinsic: Extrinsic): Hash:: 1010: {"invalid":{"payment":null}}
[2025-09-05T23:46:59.406Z] [LOG] Test setup initialized - logging to test-output.log
[2025-09-05T23:46:59.804Z] [LOG] [dotenv@17.2.1] injecting env (0) from .env -- tip: 📡 observe env with Radar: https://dotenvx.com/radar
[2025-09-05T23:46:59.806Z] [LOG] Setting up Frequency network with options: {
  "wasmOverride": "./wasm/frequency_runtime.wasm",
  "blockNumber": 3000000,
  "endpoint": [
    "wss://0.rpc.frequency.xyz"
  ],
  "port": 8000,
  "mockSignatureHost": true,
  "runtimeLogLevel": 5,
  "db": "frequency-db.sqlite"
}
[2025-09-05T23:47:02.632Z] [LOG] Setting up Polkadot network with options: {
  "blockNumber": 14500000,
  "endpoint": [
    "wss://rpc.ibp.network/polkadot"
  ],
  "db": "polkadot-db.sqlite"
}
[2025-09-05T23:47:04.700Z] [LOG] balanceAssetHub {
  "nonce": "0",
  "consumers": "0",
  "providers": "0",
  "sufficients": "0",
  "data": {
    "free": "1,000,000,000,000,000",
    "reserved": "0",
    "frozen": "0",
    "flags": "0"
  }
}
[2025-09-05T23:47:04.715Z] [LOG] balance {
  "balance": "120,000,000,000",
  "status": "Liquid",
  "reason": "Consumer",
  "extra": null
}
[2025-09-05T23:47:08.773Z] [ERROR] 2025-09-05 17:47:08        RPC-CORE: submitExtrinsic(extrinsic: Extrinsic): Hash:: 1010: {"invalid":{"payment":null}}
[2025-09-05T23:47:09.323Z] [LOG] Test setup initialized - logging to test-output.log
[2025-09-05T23:47:09.559Z] [LOG] [dotenv@17.2.1] injecting env (0) from .env -- tip: ⚙️  override existing env vars with { override: true }
[2025-09-05T23:47:09.562Z] [LOG] Setting up Frequency network with options: {
  "wasmOverride": "./wasm/frequency_runtime.wasm",
  "blockNumber": 3000000,
  "endpoint": [
    "wss://0.rpc.frequency.xyz"
  ],
  "port": 8000,
  "mockSignatureHost": true,
  "runtimeLogLevel": 5,
  "db": "frequency-db.sqlite"
}
[2025-09-05T23:47:12.251Z] [LOG] Setting up Polkadot network with options: {
  "blockNumber": 14500000,
  "endpoint": [
    "wss://rpc.ibp.network/polkadot"
  ],
  "db": "polkadot-db.sqlite"
}
[2025-09-05T23:47:14.200Z] [LOG] balanceAssetHub {
  "nonce": "0",
  "consumers": "0",
  "providers": "0",
  "sufficients": "0",
  "data": {
    "free": "1,000,000,000,000,000",
    "reserved": "0",
    "frozen": "0",
    "flags": "0"
  }
}
[2025-09-05T23:47:14.214Z] [LOG] balance {
  "balance": "120,000,000,000",
  "status": "Liquid",
  "reason": "Consumer",
  "extra": null
}
[2025-09-05T23:47:18.541Z] [ERROR] 2025-09-05 17:47:18        RPC-CORE: submitExtrinsic(extrinsic: Extrinsic): Hash:: 1010: {"invalid":{"payment":null}}
[2025-09-05T23:47:27.879Z] [LOG] Test setup initialized - logging to test-output.log
[2025-09-05T23:47:28.246Z] [LOG] [dotenv@17.2.1] injecting env (0) from .env -- tip: ⚙️  load multiple .env files with { path: ['.env.local', '.env'] }
[2025-09-05T23:47:28.249Z] [LOG] Setting up Frequency network with options: {
  "wasmOverride": "./wasm/frequency_runtime.wasm",
  "blockNumber": 3000000,
  "endpoint": [
    "wss://0.rpc.frequency.xyz"
  ],
  "port": 8000,
  "mockSignatureHost": true,
  "runtimeLogLevel": 5,
  "db": "frequency-db.sqlite"
}
[2025-09-05T23:47:31.112Z] [LOG] Setting up Polkadot network with options: {
  "blockNumber": 14500000,
  "endpoint": [
    "wss://rpc.ibp.network/polkadot"
  ],
  "db": "polkadot-db.sqlite"
}
[2025-09-05T23:47:33.166Z] [LOG] balanceAssetHub {
  "nonce": "0",
  "consumers": "0",
  "providers": "0",
  "sufficients": "0",
  "data": {
    "free": "1,000,000,000,000,000",
    "reserved": "0",
    "frozen": "0",
    "flags": "0"
  }
}
[2025-09-05T23:47:33.184Z] [LOG] balance {
  "balance": "120,000,000,000",
  "status": "Liquid",
  "reason": "Consumer",
  "extra": null
}
[2025-09-05T23:47:37.521Z] [ERROR] 2025-09-05 17:47:37        RPC-CORE: submitExtrinsic(extrinsic: Extrinsic): Hash:: 1010: {"invalid":{"payment":null}}
[2025-09-05T23:47:38.206Z] [LOG] Test setup initialized - logging to test-output.log
[2025-09-05T23:47:38.568Z] [LOG] [dotenv@17.2.1] injecting env (0) from .env -- tip: ⚙️  write to custom object with { processEnv: myObject }
[2025-09-05T23:47:38.571Z] [LOG] Setting up Frequency network with options: {
  "wasmOverride": "./wasm/frequency_runtime.wasm",
  "blockNumber": 3000000,
  "endpoint": [
    "wss://0.rpc.frequency.xyz"
  ],
  "port": 8000,
  "mockSignatureHost": true,
  "runtimeLogLevel": 5,
  "db": "frequency-db.sqlite"
}
[2025-09-05T23:47:41.480Z] [LOG] Setting up Polkadot network with options: {
  "blockNumber": 14500000,
  "endpoint": [
    "wss://rpc.ibp.network/polkadot"
  ],
  "db": "polkadot-db.sqlite"
}
[2025-09-05T23:47:43.500Z] [LOG] balanceAssetHub {
  "nonce": "0",
  "consumers": "0",
  "providers": "0",
  "sufficients": "0",
  "data": {
    "free": "1,000,000,000,000,000",
    "reserved": "0",
    "frozen": "0",
    "flags": "0"
  }
}
[2025-09-05T23:47:43.516Z] [LOG] balance {
  "balance": "120,000,000,000",
  "status": "Liquid",
  "reason": "Consumer",
  "extra": null
}
[2025-09-05T23:47:48.013Z] [ERROR] 2025-09-05 17:47:48        RPC-CORE: submitExtrinsic(extrinsic: Extrinsic): Hash:: 1010: {"invalid":{"payment":null}}
[2025-09-05T23:47:48.774Z] [LOG] Test setup initialized - logging to test-output.log
[2025-09-05T23:47:49.132Z] [LOG] [dotenv@17.2.1] injecting env (0) from .env -- tip: ⚙️  write to custom object with { processEnv: myObject }
[2025-09-05T23:47:49.135Z] [LOG] Setting up Frequency network with options: {
  "wasmOverride": "./wasm/frequency_runtime.wasm",
  "blockNumber": 3000000,
  "endpoint": [
    "wss://0.rpc.frequency.xyz"
  ],
  "port": 8000,
  "mockSignatureHost": true,
  "runtimeLogLevel": 5,
  "db": "frequency-db.sqlite"
}
[2025-09-05T23:47:51.920Z] [LOG] Setting up Polkadot network with options: {
  "blockNumber": 14500000,
  "endpoint": [
    "wss://rpc.ibp.network/polkadot"
  ],
  "db": "polkadot-db.sqlite"
}
[2025-09-05T23:47:53.910Z] [LOG] balanceAssetHub {
  "nonce": "0",
  "consumers": "0",
  "providers": "0",
  "sufficients": "0",
  "data": {
    "free": "1,000,000,000,000,000",
    "reserved": "0",
    "frozen": "0",
    "flags": "0"
  }
}
[2025-09-05T23:47:53.924Z] [LOG] balance {
  "balance": "120,000,000,000",
  "status": "Liquid",
  "reason": "Consumer",
  "extra": null
}
[2025-09-05T23:47:58.253Z] [ERROR] 2025-09-05 17:47:58        RPC-CORE: submitExtrinsic(extrinsic: Extrinsic): Hash:: 1010: {"invalid":{"payment":null}}
[2025-09-05T23:48:26.033Z] [LOG] Test setup initialized - logging to test-output.log
[2025-09-05T23:48:26.270Z] [LOG] [dotenv@17.2.1] injecting env (0) from .env -- tip: 📡 observe env with Radar: https://dotenvx.com/radar
[2025-09-05T23:48:26.273Z] [LOG] Setting up Frequency network with options: {
  "wasmOverride": "./wasm/frequency_runtime.wasm",
  "blockNumber": 3000000,
  "endpoint": [
    "wss://0.rpc.frequency.xyz"
  ],
  "port": 8000,
  "mockSignatureHost": true,
  "runtimeLogLevel": 5,
  "db": "frequency-db.sqlite"
}
[2025-09-05T23:48:29.425Z] [LOG] Setting up Polkadot network with options: {
  "blockNumber": 14500000,
  "endpoint": [
    "wss://rpc.ibp.network/polkadot"
  ],
  "db": "polkadot-db.sqlite"
}
[2025-09-05T23:48:31.620Z] [LOG] balanceAssetHub {
  "nonce": "0",
  "consumers": "0",
  "providers": "0",
  "sufficients": "0",
  "data": {
    "free": "1,000,000,000,000,000",
    "reserved": "0",
    "frozen": "0",
    "flags": "0"
  }
}
[2025-09-05T23:48:31.639Z] [LOG] balance {
  "balance": "120,000,000,000",
  "status": "Liquid",
  "reason": "Consumer",
  "extra": null
}
[2025-09-05T23:48:36.047Z] [ERROR] 2025-09-05 17:48:36        RPC-CORE: submitExtrinsic(extrinsic: Extrinsic): Hash:: 1010: {"invalid":{"payment":null}}
[2025-09-05T23:48:36.594Z] [LOG] Test setup initialized - logging to test-output.log
[2025-09-05T23:48:36.806Z] [LOG] [dotenv@17.2.1] injecting env (0) from .env -- tip: 🔐 encrypt with Dotenvx: https://dotenvx.com
[2025-09-05T23:48:36.808Z] [LOG] Setting up Frequency network with options: {
  "wasmOverride": "./wasm/frequency_runtime.wasm",
  "blockNumber": 3000000,
  "endpoint": [
    "wss://0.rpc.frequency.xyz"
  ],
  "port": 8000,
  "mockSignatureHost": true,
  "runtimeLogLevel": 5,
  "db": "frequency-db.sqlite"
}
[2025-09-05T23:48:39.624Z] [LOG] Setting up Polkadot network with options: {
  "blockNumber": 14500000,
  "endpoint": [
    "wss://rpc.ibp.network/polkadot"
  ],
  "db": "polkadot-db.sqlite"
}
[2025-09-05T23:48:41.574Z] [LOG] balanceAssetHub {
  "nonce": "0",
  "consumers": "0",
  "providers": "0",
  "sufficients": "0",
  "data": {
    "free": "1,000,000,000,000,000",
    "reserved": "0",
    "frozen": "0",
    "flags": "0"
  }
}
[2025-09-05T23:48:41.592Z] [LOG] balance {
  "balance": "120,000,000,000",
  "status": "Liquid",
  "reason": "Consumer",
  "extra": null
}
[2025-09-05T23:48:45.776Z] [ERROR] 2025-09-05 17:48:45        RPC-CORE: submitExtrinsic(extrinsic: Extrinsic): Hash:: 1010: {"invalid":{"payment":null}}
[2025-09-05T23:51:13.309Z] [LOG] Test setup initialized - logging to test-output.log
[2025-09-05T23:51:13.702Z] [LOG] [dotenv@17.2.1] injecting env (0) from .env -- tip: ⚙️  load multiple .env files with { path: ['.env.local', '.env'] }
[2025-09-05T23:51:13.704Z] [LOG] Setting up Frequency network with options: {
  "wasmOverride": "./wasm/frequency_runtime.wasm",
  "blockNumber": 3000000,
  "endpoint": [
    "wss://0.rpc.frequency.xyz"
  ],
  "port": 8000,
  "mockSignatureHost": true,
  "runtimeLogLevel": 5,
  "db": "frequency-db.sqlite"
}
[2025-09-05T23:51:16.518Z] [LOG] Setting up Polkadot network with options: {
  "blockNumber": 14500000,
  "endpoint": [
    "wss://rpc.ibp.network/polkadot"
  ],
  "db": "polkadot-db.sqlite"
}
[2025-09-05T23:51:18.598Z] [LOG] balanceAssetHub {
  "nonce": "0",
  "consumers": "0",
  "providers": "0",
  "sufficients": "0",
  "data": {
    "free": "1,000,000,000,000,000",
    "reserved": "0",
    "frozen": "0",
    "flags": "0"
  }
}
[2025-09-05T23:51:18.611Z] [LOG] balance {
  "balance": "120,000,000,000",
  "status": "Liquid",
  "reason": "Consumer",
  "extra": null
}
[2025-09-05T23:51:22.709Z] [ERROR] 2025-09-05 17:51:22        RPC-CORE: submitAndWatchExtrinsic(extrinsic: Extrinsic): ExtrinsicStatus:: 1010: {"invalid":{"payment":null}}
[2025-09-05T23:51:22.710Z] [ERROR] 2025-09-05 17:51:22        RPC-CORE: submitAndWatchExtrinsic(extrinsic: Extrinsic): ExtrinsicStatus:: 1010: {"invalid":{"payment":null}}
[2025-09-05T23:51:57.537Z] [LOG] Test setup initialized - logging to test-output.log
[2025-09-05T23:51:57.904Z] [LOG] [dotenv@17.2.1] injecting env (0) from .env -- tip: ⚙️  enable debug logging with { debug: true }
[2025-09-05T23:51:57.907Z] [LOG] Setting up Frequency network with options: {
  "wasmOverride": "./wasm/frequency_runtime.wasm",
  "blockNumber": 3000000,
  "endpoint": [
    "wss://0.rpc.frequency.xyz"
  ],
  "port": 8000,
  "mockSignatureHost": true,
  "runtimeLogLevel": 5,
  "db": "frequency-db.sqlite"
}
[2025-09-05T23:52:00.766Z] [LOG] Setting up Polkadot network with options: {
  "blockNumber": 14500000,
  "endpoint": [
    "wss://rpc.ibp.network/polkadot"
  ],
  "db": "polkadot-db.sqlite"
}
[2025-09-05T23:52:02.801Z] [LOG] balanceAssetHub {
  "nonce": "0",
  "consumers": "0",
  "providers": "0",
  "sufficients": "0",
  "data": {
    "free": "1,000,000,000,000,000",
    "reserved": "0",
    "frozen": "0",
    "flags": "0"
  }
}
[2025-09-05T23:52:02.817Z] [LOG] balance {
  "balance": "120,000,000,000",
  "status": "Liquid",
  "reason": "Consumer",
  "extra": null
}
[2025-09-05T23:52:07.164Z] [ERROR] 2025-09-05 17:52:07        RPC-CORE: submitAndWatchExtrinsic(extrinsic: Extrinsic): ExtrinsicStatus:: 1010: {"invalid":{"payment":null}}
[2025-09-05T23:52:07.165Z] [ERROR] 2025-09-05 17:52:07        RPC-CORE: submitAndWatchExtrinsic(extrinsic: Extrinsic): ExtrinsicStatus:: 1010: {"invalid":{"payment":null}}
[2025-09-05T23:52:07.714Z] [LOG] Test setup initialized - logging to test-output.log
[2025-09-05T23:52:07.946Z] [LOG] [dotenv@17.2.1] injecting env (0) from .env -- tip: 🔐 prevent committing .env to code: https://dotenvx.com/precommit
[2025-09-05T23:52:07.949Z] [LOG] Setting up Frequency network with options: {
  "wasmOverride": "./wasm/frequency_runtime.wasm",
  "blockNumber": 3000000,
  "endpoint": [
    "wss://0.rpc.frequency.xyz"
  ],
  "port": 8000,
  "mockSignatureHost": true,
  "runtimeLogLevel": 5,
  "db": "frequency-db.sqlite"
}
[2025-09-05T23:52:10.915Z] [LOG] Setting up Polkadot network with options: {
  "blockNumber": 14500000,
  "endpoint": [
    "wss://rpc.ibp.network/polkadot"
  ],
  "db": "polkadot-db.sqlite"
}
[2025-09-05T23:52:12.886Z] [LOG] balanceAssetHub {
  "nonce": "0",
  "consumers": "0",
  "providers": "0",
  "sufficients": "0",
  "data": {
    "free": "1,000,000,000,000,000",
    "reserved": "0",
    "frozen": "0",
    "flags": "0"
  }
}
[2025-09-05T23:52:12.901Z] [LOG] balance {
  "balance": "120,000,000,000",
  "status": "Liquid",
  "reason": "Consumer",
  "extra": null
}
[2025-09-05T23:52:17.268Z] [ERROR] 2025-09-05 17:52:17        RPC-CORE: submitAndWatchExtrinsic(extrinsic: Extrinsic): ExtrinsicStatus:: 1010: {"invalid":{"payment":null}}
[2025-09-05T23:52:17.269Z] [ERROR] 2025-09-05 17:52:17        RPC-CORE: submitAndWatchExtrinsic(extrinsic: Extrinsic): ExtrinsicStatus:: 1010: {"invalid":{"payment":null}}
[2025-09-05T23:53:08.155Z] [LOG] Test setup initialized - logging to test-output.log
[2025-09-05T23:53:08.374Z] [LOG] [dotenv@17.2.1] injecting env (0) from .env -- tip: 🔐 prevent committing .env to code: https://dotenvx.com/precommit
[2025-09-05T23:53:08.376Z] [LOG] Setting up Frequency network with options: {
  "wasmOverride": "./wasm/frequency_runtime.wasm",
  "blockNumber": 3000000,
  "endpoint": [
    "wss://0.rpc.frequency.xyz"
  ],
  "port": 8000,
  "mockSignatureHost": true,
  "runtimeLogLevel": 5,
  "db": "frequency-db.sqlite"
}
[2025-09-05T23:53:11.641Z] [LOG] Setting up Polkadot network with options: {
  "blockNumber": 14500000,
  "endpoint": [
    "wss://rpc.ibp.network/polkadot"
  ],
  "db": "polkadot-db.sqlite"
}
[2025-09-05T23:53:13.797Z] [LOG] balanceAssetHub {
  "nonce": "0",
  "consumers": "0",
  "providers": "0",
  "sufficients": "0",
  "data": {
    "free": "1,000,000,000,000,000",
    "reserved": "0",
    "frozen": "0",
    "flags": "0"
  }
}
[2025-09-05T23:53:13.810Z] [LOG] balance {
  "balance": "120,000,000,000",
  "status": "Liquid",
  "reason": "Consumer",
  "extra": null
}
[2025-09-05T23:53:18.019Z] [ERROR] 2025-09-05 17:53:18        RPC-CORE: submitAndWatchExtrinsic(extrinsic: Extrinsic): ExtrinsicStatus:: 1010: {"invalid":{"payment":null}}
[2025-09-05T23:53:18.019Z] [ERROR] 2025-09-05 17:53:18        RPC-CORE: submitAndWatchExtrinsic(extrinsic: Extrinsic): ExtrinsicStatus:: 1010: {"invalid":{"payment":null}}
[2025-09-05T23:53:52.627Z] [LOG] Test setup initialized - logging to test-output.log
[2025-09-05T23:53:52.886Z] [LOG] [dotenv@17.2.1] injecting env (0) from .env -- tip: ⚙️  specify custom .env file path with { path: '/custom/path/.env' }
[2025-09-05T23:53:52.888Z] [LOG] Setting up Frequency network with options: {
  "wasmOverride": "./wasm/frequency_runtime.wasm",
  "blockNumber": 3000000,
  "endpoint": [
    "wss://0.rpc.frequency.xyz"
  ],
  "port": 8000,
  "mockSignatureHost": true,
  "runtimeLogLevel": 5,
  "db": "frequency-db.sqlite"
}
[2025-09-05T23:53:56.026Z] [LOG] Setting up Polkadot network with options: {
  "blockNumber": 14500000,
  "endpoint": [
    "wss://rpc.ibp.network/polkadot"
  ],
  "db": "polkadot-db.sqlite"
}
[2025-09-05T23:53:58.049Z] [LOG] balanceAssetHub {
  "nonce": "0",
  "consumers": "0",
  "providers": "0",
  "sufficients": "0",
  "data": {
    "free": "1,000,000,000,000,000",
    "reserved": "0",
    "frozen": "0",
    "flags": "0"
  }
}
[2025-09-05T23:53:58.064Z] [LOG] balance {
  "balance": "120,000,000,000",
  "status": "Liquid",
  "reason": "Consumer",
  "extra": null
}
[2025-09-05T23:54:02.319Z] [ERROR] 2025-09-05 17:54:02        RPC-CORE: submitAndWatchExtrinsic(extrinsic: Extrinsic): ExtrinsicStatus:: 1010: {"invalid":{"payment":null}}
[2025-09-05T23:54:02.320Z] [ERROR] 2025-09-05 17:54:02        RPC-CORE: submitAndWatchExtrinsic(extrinsic: Extrinsic): ExtrinsicStatus:: 1010: {"invalid":{"payment":null}}
[2025-09-05T23:54:02.880Z] [LOG] Test setup initialized - logging to test-output.log
[2025-09-05T23:54:03.106Z] [LOG] [dotenv@17.2.1] injecting env (0) from .env -- tip: 🔐 prevent building .env in docker: https://dotenvx.com/prebuild
[2025-09-05T23:54:03.109Z] [LOG] Setting up Frequency network with options: {
  "wasmOverride": "./wasm/frequency_runtime.wasm",
  "blockNumber": 3000000,
  "endpoint": [
    "wss://0.rpc.frequency.xyz"
  ],
  "port": 8000,
  "mockSignatureHost": true,
  "runtimeLogLevel": 5,
  "db": "frequency-db.sqlite"
}
[2025-09-05T23:54:06.000Z] [LOG] Setting up Polkadot network with options: {
  "blockNumber": 14500000,
  "endpoint": [
    "wss://rpc.ibp.network/polkadot"
  ],
  "db": "polkadot-db.sqlite"
}
[2025-09-05T23:54:08.016Z] [LOG] balanceAssetHub {
  "nonce": "0",
  "consumers": "0",
  "providers": "0",
  "sufficients": "0",
  "data": {
    "free": "1,000,000,000,000,000",
    "reserved": "0",
    "frozen": "0",
    "flags": "0"
  }
}
[2025-09-05T23:54:08.029Z] [LOG] balance {
  "balance": "120,000,000,000",
  "status": "Liquid",
  "reason": "Consumer",
  "extra": null
}
[2025-09-05T23:54:12.352Z] [ERROR] 2025-09-05 17:54:12        RPC-CORE: submitAndWatchExtrinsic(extrinsic: Extrinsic): ExtrinsicStatus:: 1010: {"invalid":{"payment":null}}
[2025-09-05T23:54:12.353Z] [ERROR] 2025-09-05 17:54:12        RPC-CORE: submitAndWatchExtrinsic(extrinsic: Extrinsic): ExtrinsicStatus:: 1010: {"invalid":{"payment":null}}
[2025-09-05T23:54:23.209Z] [LOG] Test setup initialized - logging to test-output.log
[2025-09-05T23:54:23.428Z] [LOG] [dotenv@17.2.1] injecting env (0) from .env -- tip: 🔐 encrypt with Dotenvx: https://dotenvx.com
[2025-09-05T23:54:23.430Z] [LOG] Setting up Frequency network with options: {
  "wasmOverride": "./wasm/frequency_runtime.wasm",
  "blockNumber": 3000000,
  "endpoint": [
    "wss://0.rpc.frequency.xyz"
  ],
  "port": 8000,
  "mockSignatureHost": true,
  "runtimeLogLevel": 5,
  "db": "frequency-db.sqlite"
}
[2025-09-05T23:54:26.528Z] [LOG] Setting up Polkadot network with options: {
  "blockNumber": 14500000,
  "endpoint": [
    "wss://rpc.ibp.network/polkadot"
  ],
  "db": "polkadot-db.sqlite"
}
[2025-09-05T23:54:28.577Z] [LOG] balanceAssetHub {
  "nonce": "0",
  "consumers": "0",
  "providers": "0",
  "sufficients": "0",
  "data": {
    "free": "1,000,000,000,000,000",
    "reserved": "0",
    "frozen": "0",
    "flags": "0"
  }
}
[2025-09-05T23:54:28.602Z] [LOG] balance {
  "balance": "120,000,000,000",
  "status": "Liquid",
  "reason": "Consumer",
  "extra": null
}
[2025-09-05T23:54:33.057Z] [ERROR] 2025-09-05 17:54:33        RPC-CORE: submitAndWatchExtrinsic(extrinsic: Extrinsic): ExtrinsicStatus:: 1010: {"invalid":{"payment":null}}
[2025-09-05T23:54:33.058Z] [LOG] error {}
[2025-09-05T23:54:33.059Z] [ERROR] 2025-09-05 17:54:33        RPC-CORE: submitAndWatchExtrinsic(extrinsic: Extrinsic): ExtrinsicStatus:: 1010: {"invalid":{"payment":null}}
[2025-09-06T00:03:28.363Z] [LOG] Test setup initialized - logging to test-output.log
[2025-09-06T00:03:28.766Z] [LOG] [dotenv@17.2.1] injecting env (0) from .env -- tip: ⚙️  override existing env vars with { override: true }
[2025-09-06T00:03:28.769Z] [LOG] Setting up Frequency network with options: {
  "wasmOverride": "./wasm/frequency_runtime.wasm",
  "blockNumber": 3000000,
  "endpoint": [
    "wss://0.rpc.frequency.xyz"
  ],
  "port": 8000,
  "mockSignatureHost": true,
  "runtimeLogLevel": 5,
  "db": "frequency-db.sqlite"
}
[2025-09-06T00:03:32.092Z] [LOG] Setting up Polkadot network with options: {
  "blockNumber": 14500000,
  "endpoint": [
    "wss://rpc.ibp.network/polkadot"
  ],
  "db": "polkadot-db.sqlite"
}
[2025-09-06T00:03:34.492Z] [LOG] balanceAssetHub {
  "nonce": "0",
  "consumers": "0",
  "providers": "0",
  "sufficients": "0",
  "data": {
    "free": "1,000,000,000,000,000",
    "reserved": "0",
    "frozen": "0",
    "flags": "0"
  }
}
[2025-09-06T00:03:34.510Z] [LOG] balance {
  "balance": "120,000,000,000",
  "status": "Liquid",
  "reason": "Consumer",
  "extra": null
}
[2025-09-06T00:03:38.985Z] [ERROR] 2025-09-05 18:03:38        RPC-CORE: submitAndWatchExtrinsic(extrinsic: Extrinsic): ExtrinsicStatus:: 1010: {"invalid":{"payment":null}}
[2025-09-06T00:03:38.986Z] [LOG] error {}
[2025-09-06T00:03:38.988Z] [ERROR] 2025-09-05 18:03:38        RPC-CORE: submitAndWatchExtrinsic(extrinsic: Extrinsic): ExtrinsicStatus:: 1010: {"invalid":{"payment":null}}
[2025-09-06T00:06:57.260Z] [LOG] Test setup initialized - logging to test-output.log
[2025-09-06T00:06:57.617Z] [LOG] [dotenv@17.2.1] injecting env (0) from .env -- tip: ⚙️  write to custom object with { processEnv: myObject }
[2025-09-06T00:06:57.621Z] [LOG] Setting up Frequency network with options: {
  "wasmOverride": "./wasm/frequency_runtime.wasm",
  "blockNumber": 3000000,
  "endpoint": [
    "wss://0.rpc.frequency.xyz"
  ],
  "port": 8000,
  "mockSignatureHost": true,
  "runtimeLogLevel": 5,
  "db": "frequency-db.sqlite"
}
[2025-09-06T00:07:00.562Z] [LOG] Setting up Polkadot network with options: {
  "blockNumber": 14500000,
  "endpoint": [
    "wss://rpc.ibp.network/polkadot"
  ],
  "db": "polkadot-db.sqlite"
}
[2025-09-06T00:07:02.826Z] [LOG] balanceAssetHub {
  "nonce": "0",
  "consumers": "0",
  "providers": "0",
  "sufficients": "0",
  "data": {
    "free": "1,000,000,000,000,000",
    "reserved": "0",
    "frozen": "0",
    "flags": "0"
  }
}
[2025-09-06T00:07:02.846Z] [LOG] balance {
  "balance": "120,000,000,000",
  "status": "Liquid",
  "reason": "Consumer",
  "extra": null
}
[2025-09-06T00:07:07.301Z] [ERROR] 2025-09-05 18:07:07        RPC-CORE: submitExtrinsic(extrinsic: Extrinsic): Hash:: 1010: {"invalid":{"payment":null}}
[2025-09-06T00:07:07.302Z] [LOG] error {}
[2025-09-06T00:08:33.280Z] [LOG] Test setup initialized - logging to test-output.log
[2025-09-06T00:08:33.720Z] [LOG] [dotenv@17.2.1] injecting env (0) from .env -- tip: 🔐 encrypt with Dotenvx: https://dotenvx.com
[2025-09-06T00:08:33.727Z] [LOG] Setting up Frequency network with options: {
  "wasmOverride": "./wasm/frequency_runtime.wasm",
  "blockNumber": 3000000,
  "endpoint": [
    "wss://0.rpc.frequency.xyz"
  ],
  "port": 8000,
  "mockSignatureHost": true,
  "runtimeLogLevel": 5,
  "db": "frequency-db.sqlite"
}
[2025-09-06T00:08:36.792Z] [LOG] Setting up Polkadot network with options: {
  "blockNumber": 14500000,
  "endpoint": [
    "wss://rpc.ibp.network/polkadot"
  ],
  "db": "polkadot-db.sqlite"
}
[2025-09-06T00:08:38.914Z] [LOG] balanceAssetHub {
  "nonce": "0",
  "consumers": "0",
  "providers": "0",
  "sufficients": "0",
  "data": {
    "free": "1,000,000,000,000,000",
    "reserved": "0",
    "frozen": "0",
    "flags": "0"
  }
}
[2025-09-06T00:08:38.933Z] [LOG] balance {
  "balance": "120,000,000,000",
  "status": "Liquid",
  "reason": "Consumer",
  "extra": null
}
[2025-09-06T00:08:43.344Z] [ERROR] 2025-09-05 18:08:43        RPC-CORE: submitExtrinsic(extrinsic: Extrinsic): Hash:: 1010: {"invalid":{"payment":null}}
[2025-09-06T00:08:43.345Z] [LOG] error {}
[2025-09-06T00:09:06.259Z] [LOG] Test setup initialized - logging to test-output.log
[2025-09-06T00:09:06.641Z] [LOG] [dotenv@17.2.1] injecting env (0) from .env -- tip: 📡 version env with Radar: https://dotenvx.com/radar
[2025-09-06T00:09:06.644Z] [LOG] Setting up Frequency network with options: {
  "wasmOverride": "./wasm/frequency_runtime.wasm",
  "blockNumber": 3000000,
  "endpoint": [
    "wss://0.rpc.frequency.xyz"
  ],
  "port": 8000,
  "mockSignatureHost": true,
  "runtimeLogLevel": 5,
  "db": "frequency-db.sqlite"
}
[2025-09-06T00:09:09.634Z] [LOG] Setting up Polkadot network with options: {
  "blockNumber": 14500000,
  "endpoint": [
    "wss://rpc.ibp.network/polkadot"
  ],
  "db": "polkadot-db.sqlite"
}
[2025-09-06T00:09:11.604Z] [LOG] balanceAssetHub {
  "nonce": "0",
  "consumers": "0",
  "providers": "0",
  "sufficients": "0",
  "data": {
    "free": "1,000,000,000,000,000",
    "reserved": "0",
    "frozen": "0",
    "flags": "0"
  }
}
[2025-09-06T00:09:11.619Z] [LOG] balance {
  "balance": "120,000,000,000",
  "status": "Liquid",
  "reason": "Consumer",
  "extra": null
}
[2025-09-06T00:09:15.942Z] [ERROR] 2025-09-05 18:09:15        RPC-CORE: submitExtrinsic(extrinsic: Extrinsic): Hash:: 1010: {"invalid":{"payment":null}}
[2025-09-06T00:09:15.943Z] [LOG] error {}
[2025-09-06T00:09:16.573Z] [LOG] Test setup initialized - logging to test-output.log
[2025-09-06T00:09:16.823Z] [LOG] [dotenv@17.2.1] injecting env (0) from .env -- tip: ⚙️  load multiple .env files with { path: ['.env.local', '.env'] }
[2025-09-06T00:09:16.825Z] [LOG] Setting up Frequency network with options: {
  "wasmOverride": "./wasm/frequency_runtime.wasm",
  "blockNumber": 3000000,
  "endpoint": [
    "wss://0.rpc.frequency.xyz"
  ],
  "port": 8000,
  "mockSignatureHost": true,
  "runtimeLogLevel": 5,
  "db": "frequency-db.sqlite"
}
[2025-09-06T00:09:19.653Z] [LOG] Setting up Polkadot network with options: {
  "blockNumber": 14500000,
  "endpoint": [
    "wss://rpc.ibp.network/polkadot"
  ],
  "db": "polkadot-db.sqlite"
}
[2025-09-06T00:09:21.611Z] [LOG] balanceAssetHub {
  "nonce": "0",
  "consumers": "0",
  "providers": "0",
  "sufficients": "0",
  "data": {
    "free": "1,000,000,000,000,000",
    "reserved": "0",
    "frozen": "0",
    "flags": "0"
  }
}
[2025-09-06T00:09:21.626Z] [LOG] balance {
  "balance": "120,000,000,000",
  "status": "Liquid",
  "reason": "Consumer",
  "extra": null
}
[2025-09-06T00:09:25.303Z] [LOG] account {
  "nonce": "0",
  "consumers": "0",
  "providers": "0",
  "sufficients": "0",
  "data": {
    "free": "1,000,000,000,000,000",
    "reserved": "0",
    "frozen": "0",
    "flags": "0"
  }
}
[2025-09-06T00:09:25.988Z] [ERROR] 2025-09-05 18:09:25        RPC-CORE: submitExtrinsic(extrinsic: Extrinsic): Hash:: 1010: {"invalid":{"payment":null}}
[2025-09-06T00:09:25.989Z] [LOG] error {}
[2025-09-06T00:09:56.539Z] [LOG] Test setup initialized - logging to test-output.log
[2025-09-06T00:09:56.933Z] [LOG] [dotenv@17.2.1] injecting env (0) from .env -- tip: 📡 version env with Radar: https://dotenvx.com/radar
[2025-09-06T00:09:56.936Z] [LOG] Setting up Frequency network with options: {
  "wasmOverride": "./wasm/frequency_runtime.wasm",
  "blockNumber": 3000000,
  "endpoint": [
    "wss://0.rpc.frequency.xyz"
  ],
  "port": 8000,
  "mockSignatureHost": true,
  "runtimeLogLevel": 5,
  "db": "frequency-db.sqlite"
}
[2025-09-06T00:10:00.308Z] [LOG] Setting up Polkadot network with options: {
  "blockNumber": 14500000,
  "endpoint": [
    "wss://rpc.ibp.network/polkadot"
  ],
  "db": "polkadot-db.sqlite"
}
[2025-09-06T00:10:02.462Z] [LOG] balanceAssetHub {
  "nonce": "0",
  "consumers": "0",
  "providers": "0",
  "sufficients": "0",
  "data": {
    "free": "1,000,000,000,000,000",
    "reserved": "0",
    "frozen": "0",
    "flags": "0"
  }
}
[2025-09-06T00:10:02.482Z] [LOG] balance {
  "balance": "120,000,000,000",
  "status": "Liquid",
  "reason": "Consumer",
  "extra": null
}
[2025-09-06T00:10:06.781Z] [ERROR] 2025-09-05 18:10:06        RPC-CORE: submitExtrinsic(extrinsic: Extrinsic): Hash:: 1010: {"invalid":{"payment":null}}
[2025-09-06T00:10:06.782Z] [LOG] error {}
[2025-09-06T00:10:48.452Z] [LOG] Test setup initialized - logging to test-output.log
[2025-09-06T00:10:48.800Z] [LOG] [dotenv@17.2.1] injecting env (0) from .env -- tip: 🛠️  run anywhere with `dotenvx run -- yourcommand`
[2025-09-06T00:10:48.803Z] [LOG] Setting up Frequency network with options: {
  "wasmOverride": "./wasm/frequency_runtime.wasm",
  "blockNumber": 3000000,
  "endpoint": [
    "wss://0.rpc.frequency.xyz"
  ],
  "port": 8000,
  "mockSignatureHost": true,
  "runtimeLogLevel": 5,
  "db": "frequency-db.sqlite"
}
[2025-09-06T00:10:51.651Z] [LOG] Setting up Polkadot network with options: {
  "blockNumber": 14500000,
  "endpoint": [
    "wss://rpc.ibp.network/polkadot"
  ],
  "db": "polkadot-db.sqlite"
}
[2025-09-06T00:10:53.668Z] [LOG] balanceAssetHub {
  "nonce": "0",
  "consumers": "0",
  "providers": "0",
  "sufficients": "0",
  "data": {
    "free": "1,000,000,000,000,000",
    "reserved": "0",
    "frozen": "0",
    "flags": "0"
  }
}
[2025-09-06T00:10:53.688Z] [LOG] balance {
  "balance": "120,000,000,000",
  "status": "Liquid",
  "reason": "Consumer",
  "extra": null
}
[2025-09-06T00:10:57.933Z] [ERROR] 2025-09-05 18:10:57        RPC-CORE: submitExtrinsic(extrinsic: Extrinsic): Hash:: 1010: {"invalid":{"payment":null}}
[2025-09-06T00:11:23.865Z] [LOG] Test setup initialized - logging to test-output.log
[2025-09-06T00:11:24.165Z] [LOG] [dotenv@17.2.1] injecting env (0) from .env -- tip: ⚙️  write to custom object with { processEnv: myObject }
[2025-09-06T00:11:24.168Z] [LOG] Setting up Frequency network with options: {
  "wasmOverride": "./wasm/frequency_runtime.wasm",
  "blockNumber": 3000000,
  "endpoint": [
    "wss://0.rpc.frequency.xyz"
  ],
  "port": 8000,
  "mockSignatureHost": true,
  "runtimeLogLevel": 5,
  "db": "frequency-db.sqlite"
}
[2025-09-06T00:11:27.218Z] [LOG] Setting up Polkadot network with options: {
  "blockNumber": 14500000,
  "endpoint": [
    "wss://rpc.ibp.network/polkadot"
  ],
  "db": "polkadot-db.sqlite"
}
[2025-09-06T00:11:29.312Z] [LOG] balanceAssetHub {
  "nonce": "0",
  "consumers": "0",
  "providers": "0",
  "sufficients": "0",
  "data": {
    "free": "1,000,000,000,000,000",
    "reserved": "0",
    "frozen": "0",
    "flags": "0"
  }
}
[2025-09-06T00:11:29.328Z] [LOG] balance {
  "balance": "120,000,000,000",
  "status": "Liquid",
  "reason": "Consumer",
  "extra": null
}
[2025-09-06T00:11:33.783Z] [ERROR] 2025-09-05 18:11:33        RPC-CORE: submitExtrinsic(extrinsic: Extrinsic): Hash:: 1010: {"invalid":{"payment":null}}
[2025-09-06T00:13:21.742Z] [LOG] Test setup initialized - logging to test-output.log
[2025-09-06T00:13:22.142Z] [LOG] [dotenv@17.2.1] injecting env (0) from .env -- tip: 📡 auto-backup env with Radar: https://dotenvx.com/radar
[2025-09-06T00:13:22.145Z] [LOG] Setting up Frequency network with options: {
  "wasmOverride": "./wasm/frequency_runtime.wasm",
  "blockNumber": 3000000,
  "endpoint": [
    "wss://0.rpc.frequency.xyz"
  ],
  "port": 8000,
  "mockSignatureHost": true,
  "runtimeLogLevel": 5,
  "db": "frequency-db.sqlite"
}
[2025-09-06T00:13:26.545Z] [LOG] Setting up Polkadot network with options: {
  "blockNumber": 14500000,
  "endpoint": [
    "wss://rpc.ibp.network/polkadot"
  ],
  "db": "polkadot-db.sqlite"
}
[2025-09-06T00:13:29.053Z] [LOG] balanceAssetHub {
  "nonce": "0",
  "consumers": "0",
  "providers": "0",
  "sufficients": "0",
  "data": {
    "free": "1,000,000,000,000,000",
    "reserved": "0",
    "frozen": "0",
    "flags": "0"
  }
}
[2025-09-06T00:13:29.068Z] [LOG] balance {
  "balance": "120,000,000,000",
  "status": "Liquid",
  "reason": "Consumer",
  "extra": null
}
[2025-09-06T00:13:35.617Z] [ERROR] 2025-09-05 18:13:35        RPC-CORE: submitExtrinsic(extrinsic: Extrinsic): Hash:: 1010: {"invalid":{"payment":null}}
[2025-09-06T00:13:50.570Z] [LOG] Test setup initialized - logging to test-output.log
[2025-09-06T00:13:50.860Z] [LOG] [dotenv@17.2.1] injecting env (0) from .env -- tip: 🔐 prevent committing .env to code: https://dotenvx.com/precommit
[2025-09-06T00:13:50.863Z] [LOG] Setting up Frequency network with options: {
  "wasmOverride": "./wasm/frequency_runtime.wasm",
  "blockNumber": 3000000,
  "endpoint": [
    "wss://0.rpc.frequency.xyz"
  ],
  "port": 8000,
  "mockSignatureHost": true,
  "runtimeLogLevel": 5,
  "db": "frequency-db.sqlite"
}
[2025-09-06T00:13:53.849Z] [LOG] Setting up Polkadot network with options: {
  "blockNumber": 14500000,
  "endpoint": [
    "wss://rpc.ibp.network/polkadot"
  ],
  "db": "polkadot-db.sqlite"
}
[2025-09-06T00:13:55.844Z] [LOG] balanceAssetHub {
  "nonce": "0",
  "consumers": "0",
  "providers": "0",
  "sufficients": "0",
  "data": {
    "free": "1,000,000,000,000,000",
    "reserved": "0",
    "miscFrozen": "0",
    "feeFrozen": "0"
  }
}
[2025-09-06T00:13:55.860Z] [LOG] balance {
  "balance": "120,000,000,000",
  "status": "Liquid",
  "reason": "Consumer",
  "extra": null
}
[2025-09-06T00:14:29.605Z] [LOG] Test setup initialized - logging to test-output.log
[2025-09-06T00:14:30.026Z] [LOG] [dotenv@17.2.1] injecting env (0) from .env -- tip: 🛠️  run anywhere with `dotenvx run -- yourcommand`
[2025-09-06T00:14:30.029Z] [LOG] Setting up Frequency network with options: {
  "wasmOverride": "./wasm/frequency_runtime.wasm",
  "blockNumber": 3000000,
  "endpoint": [
    "wss://0.rpc.frequency.xyz"
  ],
  "port": 8000,
  "mockSignatureHost": true,
  "runtimeLogLevel": 5,
  "db": "frequency-db.sqlite"
}
[2025-09-06T00:14:32.779Z] [LOG] Setting up Polkadot network with options: {
  "blockNumber": 14500000,
  "endpoint": [
    "wss://rpc.ibp.network/polkadot"
  ],
  "db": "polkadot-db.sqlite"
}
[2025-09-06T00:14:34.749Z] [LOG] balanceAssetHub {
  "nonce": "0",
  "consumers": "0",
  "providers": "0",
  "sufficients": "0",
  "data": {
    "free": "1,000,000,000,000,000",
    "reserved": "0",
    "miscFrozen": "0",
    "feeFrozen": "0"
  }
}
[2025-09-06T00:14:34.763Z] [LOG] balance {
  "balance": "120,000,000,000",
  "status": "Liquid",
  "reason": "Consumer",
  "extra": null
}
[2025-09-06T00:23:54.506Z] [LOG] Test setup initialized - logging to test-output.log
[2025-09-06T00:23:54.896Z] [LOG] [dotenv@17.2.1] injecting env (0) from .env -- tip: 🛠️  run anywhere with `dotenvx run -- yourcommand`
[2025-09-06T00:23:54.898Z] [LOG] Setting up Frequency network with options: {
  "wasmOverride": "./wasm/frequency_runtime.wasm",
  "blockNumber": 3000000,
  "endpoint": [
    "wss://0.rpc.frequency.xyz"
  ],
  "port": 8000,
  "mockSignatureHost": true,
  "runtimeLogLevel": 5,
  "db": "frequency-db.sqlite"
}
[2025-09-06T00:23:59.634Z] [LOG] Setting up Polkadot network with options: {
  "blockNumber": 14500000,
  "endpoint": [
    "wss://rpc.ibp.network/polkadot"
  ],
  "db": "polkadot-db.sqlite"
}
[2025-09-06T00:24:02.154Z] [LOG] balanceAssetHub {
  "nonce": "0",
  "consumers": "0",
  "providers": "0",
  "sufficients": "0",
  "data": {
    "free": "1,000,000,000,000,000",
    "reserved": "0",
    "frozen": "0",
    "flags": "0"
  }
}
[2025-09-06T00:24:02.178Z] [LOG] balance {
  "balance": "120,000,000,000",
  "status": "Liquid",
  "reason": "Consumer",
  "extra": null
}
[2025-09-06T00:24:08.587Z] [ERROR] 2025-09-05 18:24:08        RPC-CORE: submitExtrinsic(extrinsic: Extrinsic): Hash:: 1010: {"invalid":{"payment":null}}
[2025-09-06T00:25:16.033Z] [LOG] Test setup initialized - logging to test-output.log
[2025-09-06T00:25:16.505Z] [LOG] [dotenv@17.2.1] injecting env (0) from .env -- tip: ⚙️  override existing env vars with { override: true }
[2025-09-06T00:25:16.508Z] [LOG] Setting up Frequency network with options: {
  "wasmOverride": "./wasm/frequency_runtime.wasm",
  "blockNumber": 3000000,
  "endpoint": [
    "wss://0.rpc.frequency.xyz"
  ],
  "port": 8000,
  "mockSignatureHost": true,
  "runtimeLogLevel": 5,
  "db": "frequency-db.sqlite"
}
[2025-09-06T00:25:19.930Z] [LOG] Setting up Polkadot network with options: {
  "blockNumber": 14500000,
  "endpoint": [
    "wss://rpc.ibp.network/polkadot"
  ],
  "db": "polkadot-db.sqlite"
}
[2025-09-06T00:25:22.127Z] [LOG] balanceAssetHub {
  "nonce": "0",
  "consumers": "0",
  "providers": "0",
  "sufficients": "0",
  "data": {
    "free": "1,000,000,000,000,000",
    "reserved": "0",
    "frozen": "0",
    "flags": "0"
  }
}
[2025-09-06T00:25:22.144Z] [LOG] balance {
  "balance": "120,000,000,000",
  "status": "Liquid",
  "reason": "Consumer",
  "extra": null
}
[2025-09-06T00:25:26.728Z] [ERROR] 2025-09-05 18:25:26        RPC-CORE: submitExtrinsic(extrinsic: Extrinsic): Hash:: 1010: {"invalid":{"payment":null}}
[2025-09-06T00:26:25.863Z] [LOG] Test setup initialized - logging to test-output.log
[2025-09-06T00:26:26.214Z] [LOG] [dotenv@17.2.1] injecting env (0) from .env -- tip: 🛠️  run anywhere with `dotenvx run -- yourcommand`
[2025-09-06T00:26:26.217Z] [LOG] Setting up Frequency network with options: {
  "wasmOverride": "./wasm/frequency_runtime.wasm",
  "blockNumber": 3000000,
  "endpoint": [
    "wss://0.rpc.frequency.xyz"
  ],
  "port": 8000,
  "mockSignatureHost": true,
  "runtimeLogLevel": 5,
  "db": "frequency-db.sqlite"
}
[2025-09-06T00:26:29.004Z] [LOG] Setting up Polkadot network with options: {
  "blockNumber": 14500000,
  "endpoint": [
    "wss://rpc.ibp.network/polkadot"
  ],
  "db": "polkadot-db.sqlite"
}
[2025-09-06T00:26:31.044Z] [LOG] balanceAssetHub {
  "nonce": "0",
  "consumers": "0",
  "providers": "0",
  "sufficients": "0",
  "data": {
    "free": "1,000,000,000,000,000",
    "reserved": "0",
    "frozen": "0",
    "flags": "0"
  }
}
[2025-09-06T00:26:31.068Z] [LOG] balance {
  "balance": "120,000,000,000",
  "status": "Liquid",
  "reason": "Consumer",
  "extra": null
}
[2025-09-06T00:26:34.828Z] [LOG] blockNumber 9628835
[2025-09-06T00:26:35.593Z] [ERROR] 2025-09-05 18:26:35        RPC-CORE: submitExtrinsic(extrinsic: Extrinsic): Hash:: 1010: {"invalid":{"payment":null}}
[2025-09-06T00:48:57.012Z] [LOG] Test setup initialized - logging to test-output.log
[2025-09-06T00:48:57.472Z] [LOG] [dotenv@17.2.1] injecting env (0) from .env -- tip: 📡 auto-backup env with Radar: https://dotenvx.com/radar
[2025-09-06T00:48:57.475Z] [LOG] Setting up Frequency network with options: {
  "wasmOverride": "./wasm/frequency_runtime.wasm",
  "blockNumber": 3000000,
  "endpoint": [
    "wss://0.rpc.frequency.xyz"
  ],
  "port": 8000,
  "mockSignatureHost": true,
  "runtimeLogLevel": 5,
  "db": "frequency-db.sqlite"
}
[2025-09-06T00:49:01.403Z] [LOG] Setting up Polkadot network with options: {
  "blockNumber": 14500000,
  "endpoint": [
    "wss://rpc.ibp.network/polkadot"
  ],
  "db": "polkadot-db.sqlite"
}
[2025-09-06T00:49:03.786Z] [LOG] balanceAssetHub {
  "nonce": "0",
  "consumers": "0",
  "providers": "0",
  "sufficients": "0",
  "data": {
    "free": "1,000,000,000,000,000",
    "reserved": "0",
    "frozen": "0",
    "flags": "0"
  }
}
[2025-09-06T00:49:03.804Z] [LOG] balance {
  "balance": "120,000,000,000",
  "status": "Liquid",
  "reason": "Consumer",
  "extra": null
}
[2025-09-06T00:49:07.385Z] [LOG] blockNumber 9628835
[2025-09-06T00:49:08.304Z] [ERROR] 2025-09-05 18:49:08        RPC-CORE: submitExtrinsic(extrinsic: Extrinsic): Hash:: 1010: {"invalid":{"payment":null}}
[2025-09-06T00:52:59.360Z] [LOG] Test setup initialized - logging to test-output.log
[2025-09-06T00:52:59.736Z] [LOG] [dotenv@17.2.1] injecting env (0) from .env -- tip: 🛠️  run anywhere with `dotenvx run -- yourcommand`
[2025-09-06T00:52:59.739Z] [LOG] Setting up Frequency network with options: {
  "wasmOverride": "./wasm/frequency_runtime.wasm",
  "blockNumber": 3000000,
  "endpoint": [
    "wss://0.rpc.frequency.xyz"
  ],
  "port": 8000,
  "mockSignatureHost": true,
  "runtimeLogLevel": 5,
  "db": "frequency-db.sqlite"
}
[2025-09-06T00:53:03.389Z] [LOG] Setting up Polkadot network with options: {
  "blockNumber": 14500000,
  "endpoint": [
    "wss://rpc.ibp.network/polkadot"
  ],
  "db": "polkadot-db.sqlite"
}
[2025-09-06T00:53:05.854Z] [LOG] balanceAssetHub {
  "nonce": "0",
  "consumers": "0",
  "providers": "0",
  "sufficients": "0",
  "data": {
    "free": "1,000,000,000,000,000",
    "reserved": "0",
    "frozen": "0",
    "flags": "0"
  }
}
[2025-09-06T00:53:05.869Z] [LOG] balance {
  "balance": "120,000,000,000",
  "status": "Liquid",
  "reason": "Consumer",
  "extra": null
}
[2025-09-06T00:53:09.615Z] [LOG] blockNumber 9628835
[2025-09-06T00:53:10.610Z] [ERROR] 2025-09-05 18:53:10        RPC-CORE: submitExtrinsic(extrinsic: Extrinsic): Hash:: 1010: {"invalid":{"payment":null}}
[2025-09-06T00:54:05.244Z] [LOG] Test setup initialized - logging to test-output.log
[2025-09-06T00:54:05.499Z] [LOG] [dotenv@17.2.1] injecting env (0) from .env -- tip: ⚙️  suppress all logs with { quiet: true }
[2025-09-06T00:54:05.502Z] [LOG] Setting up Frequency network with options: {
  "wasmOverride": "./wasm/frequency_runtime.wasm",
  "blockNumber": 3000000,
  "endpoint": [
    "wss://0.rpc.frequency.xyz"
  ],
  "port": 8000,
  "mockSignatureHost": true,
  "runtimeLogLevel": 5,
  "db": "frequency-db.sqlite"
}
[2025-09-06T00:54:09.283Z] [LOG] Setting up Polkadot network with options: {
  "blockNumber": 14500000,
  "endpoint": [
    "wss://rpc.ibp.network/polkadot"
  ],
  "db": "polkadot-db.sqlite"
}
[2025-09-06T00:54:12.947Z] [LOG] balanceAssetHub {
  "nonce": "0",
  "consumers": "0",
  "providers": "0",
  "sufficients": "0",
  "data": {
    "free": "1,000,000,000,000,000",
    "reserved": "0",
    "frozen": "0",
    "flags": "0"
  }
}
[2025-09-06T00:54:12.962Z] [LOG] balance {
  "balance": "120,000,000,000",
  "status": "Liquid",
  "reason": "Consumer",
  "extra": null
}
[2025-09-06T00:54:16.604Z] [LOG] blockNumber 9628835
[2025-09-06T00:54:17.500Z] [ERROR] 2025-09-05 18:54:17        RPC-CORE: submitExtrinsic(extrinsic: Extrinsic): Hash:: 1010: {"invalid":{"payment":null}}
[2025-09-06T00:55:35.619Z] [LOG] Test setup initialized - logging to test-output.log
[2025-09-06T00:55:36.008Z] [LOG] [dotenv@17.2.1] injecting env (0) from .env -- tip: ⚙️  enable debug logging with { debug: true }
[2025-09-06T00:55:36.011Z] [LOG] Setting up Frequency network with options: {
  "wasmOverride": "./wasm/frequency_runtime.wasm",
  "blockNumber": 3000000,
  "endpoint": [
    "wss://0.rpc.frequency.xyz"
  ],
  "port": 8000,
  "mockSignatureHost": true,
  "runtimeLogLevel": 5,
  "db": "frequency-db.sqlite"
}
[2025-09-06T00:55:39.706Z] [LOG] Setting up Polkadot network with options: {
  "blockNumber": 14500000,
  "endpoint": [
    "wss://rpc.ibp.network/polkadot"
  ],
  "db": "polkadot-db.sqlite"
}
[2025-09-06T00:55:42.093Z] [LOG] balanceAssetHub {
  "nonce": "0",
  "consumers": "0",
  "providers": "0",
  "sufficients": "0",
  "data": {
    "free": "1,000,000,000,000,000",
    "reserved": "0",
    "frozen": "0",
    "flags": "0"
  }
}
[2025-09-06T00:55:42.118Z] [LOG] balance {
  "balance": "120,000,000,000",
  "status": "Liquid",
  "reason": "Consumer",
  "extra": null
}
[2025-09-06T00:55:45.734Z] [LOG] blockNumber 9628835
[2025-09-06T00:55:46.599Z] [ERROR] 2025-09-05 18:55:46        RPC-CORE: submitExtrinsic(extrinsic: Extrinsic): Hash:: 1010: {"invalid":{"payment":null}}
[2025-09-06T00:55:47.233Z] [LOG] Test setup initialized - logging to test-output.log
[2025-09-06T00:55:47.478Z] [LOG] [dotenv@17.2.1] injecting env (0) from .env -- tip: 🔐 prevent building .env in docker: https://dotenvx.com/prebuild
[2025-09-06T00:55:47.481Z] [LOG] Setting up Frequency network with options: {
  "wasmOverride": "./wasm/frequency_runtime.wasm",
  "blockNumber": 3000000,
  "endpoint": [
    "wss://0.rpc.frequency.xyz"
  ],
  "port": 8000,
  "mockSignatureHost": true,
  "runtimeLogLevel": 5,
  "db": "frequency-db.sqlite"
}
[2025-09-06T00:55:50.861Z] [LOG] Setting up Polkadot network with options: {
  "blockNumber": 14500000,
  "endpoint": [
    "wss://rpc.ibp.network/polkadot"
  ],
  "db": "polkadot-db.sqlite"
}
[2025-09-06T00:55:53.056Z] [LOG] balanceAssetHub {
  "nonce": "1",
  "consumers": "0",
  "providers": "0",
  "sufficients": "0",
  "data": {
    "free": "1,000,000,000,000,000",
    "reserved": "0",
    "frozen": "0",
    "flags": "0"
  }
}
[2025-09-06T00:55:53.071Z] [LOG] balance {
  "balance": "120,000,000,000",
  "status": "Liquid",
  "reason": "Consumer",
  "extra": null
}
[2025-09-06T00:55:56.722Z] [LOG] blockNumber 9628835
[2025-09-06T00:55:57.660Z] [ERROR] 2025-09-05 18:55:57        RPC-CORE: submitExtrinsic(extrinsic: Extrinsic): Hash:: 1010: {"invalid":{"payment":null}}
[2025-09-06T01:10:04.844Z] [LOG] Test setup initialized - logging to test-output.log
[2025-09-06T01:10:05.224Z] [LOG] [dotenv@17.2.1] injecting env (0) from .env -- tip: 🔐 encrypt with Dotenvx: https://dotenvx.com
[2025-09-06T01:10:05.227Z] [LOG] Setting up Frequency network with options: {
  "wasmOverride": "./wasm/frequency_runtime.wasm",
  "blockNumber": 3000000,
  "endpoint": [
    "wss://0.rpc.frequency.xyz"
  ],
  "port": 8000,
  "mockSignatureHost": true,
  "runtimeLogLevel": 5,
  "db": "frequency-db.sqlite"
}
[2025-09-06T01:10:09.423Z] [LOG] Setting up Polkadot network with options: {
  "blockNumber": 14500000,
  "endpoint": [
    "wss://rpc.ibp.network/polkadot"
  ],
  "db": "polkadot-db.sqlite"
}
[2025-09-06T01:10:11.898Z] [LOG] balanceAssetHub {
  "nonce": "1",
  "consumers": "0",
  "providers": "0",
  "sufficients": "0",
  "data": {
    "free": "1,000,000,000,000,000",
    "reserved": "0",
    "frozen": "0",
    "flags": "0"
  }
}
[2025-09-06T01:10:11.912Z] [LOG] balance {
  "balance": "120,000,000,000",
  "status": "Liquid",
  "reason": "Consumer",
  "extra": null
}
[2025-09-06T01:10:15.499Z] [LOG] === Testing simple balance transfer ===
[2025-09-06T01:10:15.504Z] [LOG] Alice balance before: {
  "nonce": "1",
  "consumers": "0",
  "providers": "0",
  "sufficients": "0",
  "data": {
    "free": "1,000,000,000,000,000",
    "reserved": "0",
    "frozen": "0",
    "flags": "0"
  }
}
[2025-09-06T01:10:15.504Z] [LOG] Charlie balance before: {
  "nonce": "1",
  "consumers": "0",
  "providers": "0",
  "sufficients": "0",
  "data": {
    "free": "1,000,000,000,000,000",
    "reserved": "0",
    "frozen": "0",
    "flags": "0"
  }
}
[2025-09-06T01:10:16.457Z] [ERROR] 2025-09-05 19:10:16        RPC-CORE: submitExtrinsic(extrinsic: Extrinsic): Hash:: 1010: {"invalid":{"payment":null}}
[2025-09-08T15:46:05.326Z] [LOG] Test setup initialized - logging to test-output.log
[2025-09-08T15:46:05.712Z] [LOG] [dotenv@17.2.1] injecting env (0) from .env -- tip: 🔐 prevent committing .env to code: https://dotenvx.com/precommit
[2025-09-08T15:46:05.714Z] [LOG] Setting up Frequency network with options: {
  "wasmOverride": "./wasm/frequency_runtime.wasm",
  "blockNumber": 3000000,
  "endpoint": [
    "wss://0.rpc.frequency.xyz"
  ],
  "port": 8000,
  "mockSignatureHost": true,
  "runtimeLogLevel": 5,
  "db": "frequency-db.sqlite"
}
[2025-09-08T15:46:11.573Z] [LOG] Setting up Polkadot network with options: {
  "blockNumber": 14500000,
  "endpoint": [
    "wss://rpc.ibp.network/polkadot"
  ],
  "db": "polkadot-db.sqlite"
}
[2025-09-08T15:46:13.881Z] [LOG] balanceAssetHub {
  "nonce": "1",
  "consumers": "0",
  "providers": "0",
  "sufficients": "0",
  "data": {
    "free": "1,000,000,000,000,000",
    "reserved": "0",
    "frozen": "0",
    "flags": "0"
  }
}
[2025-09-08T15:46:13.896Z] [LOG] balance {
  "balance": "120,000,000,000",
  "status": "Liquid",
  "reason": "Consumer",
  "extra": null
}
[2025-09-08T15:46:17.165Z] [LOG] === Testing simple balance transfer ===
[2025-09-08T15:46:17.169Z] [LOG] Alice balance before: {
  "nonce": "1",
  "consumers": "0",
  "providers": "0",
  "sufficients": "0",
  "data": {
    "free": "1,000,000,000,000,000",
    "reserved": "0",
    "frozen": "0",
    "flags": "0"
  }
}
[2025-09-08T15:46:17.170Z] [LOG] Charlie balance before: {
  "nonce": "1",
  "consumers": "0",
  "providers": "0",
  "sufficients": "0",
  "data": {
    "free": "1,000,000,000,000,000",
    "reserved": "0",
    "frozen": "0",
    "flags": "0"
  }
}
[2025-09-08T15:46:18.955Z] [ERROR] 2025-09-08 09:46:18        RPC-CORE: submitExtrinsic(extrinsic: Extrinsic): Hash:: 1010: {"invalid":{"payment":null}}
[2025-09-08T15:46:46.029Z] [LOG] Test setup initialized - logging to test-output.log
[2025-09-08T15:46:46.282Z] [LOG] [dotenv@17.2.1] injecting env (0) from .env -- tip: 🛠️  run anywhere with `dotenvx run -- yourcommand`
[2025-09-08T15:46:46.284Z] [LOG] Setting up Frequency network with options: {
  "wasmOverride": "./wasm/frequency_runtime.wasm",
  "blockNumber": 3000000,
  "endpoint": [
    "wss://0.rpc.frequency.xyz"
  ],
  "port": 8000,
  "mockSignatureHost": true,
  "runtimeLogLevel": 5,
  "db": "frequency-db.sqlite"
}
[2025-09-08T15:46:50.301Z] [LOG] Setting up Polkadot network with options: {
  "blockNumber": 14500000,
  "endpoint": [
    "wss://rpc.ibp.network/polkadot"
  ],
  "db": "polkadot-db.sqlite"
}
[2025-09-08T15:46:52.278Z] [LOG] balanceAssetHub {
  "nonce": "1",
  "consumers": "0",
  "providers": "0",
  "sufficients": "0",
  "data": {
    "free": "1,000,000,000,000,000",
    "reserved": "0",
    "frozen": "0",
    "flags": "0"
  }
}
[2025-09-08T15:46:52.291Z] [LOG] balance {
  "balance": "120,000,000,000",
  "status": "Liquid",
  "reason": "Consumer",
  "extra": null
}
[2025-09-08T15:46:55.620Z] [LOG] blockNumber 9628835
[2025-09-08T15:46:56.488Z] [ERROR] 2025-09-08 09:46:56        RPC-CORE: submitExtrinsic(extrinsic: Extrinsic): Hash:: 1010: {"invalid":{"payment":null}}
[2025-09-08T15:55:49.166Z] [LOG] Test setup initialized - logging to test-output.log
[2025-09-08T15:55:49.523Z] [LOG] [dotenv@17.2.1] injecting env (0) from .env -- tip: ⚙️  write to custom object with { processEnv: myObject }
[2025-09-08T15:55:49.525Z] [LOG] Setting up Frequency network with options: {
  "wasmOverride": "./wasm/frequency_runtime.wasm",
  "blockNumber": 3000000,
  "endpoint": [
    "wss://0.rpc.frequency.xyz"
  ],
  "port": 8000,
  "mockSignatureHost": true,
  "runtimeLogLevel": 5,
  "db": "frequency-db.sqlite"
}
[2025-09-08T15:55:53.075Z] [LOG] Setting up Polkadot network with options: {
  "blockNumber": 14500000,
  "endpoint": [
    "wss://rpc.ibp.network/polkadot"
  ],
  "db": "polkadot-db.sqlite"
}
[2025-09-08T15:55:55.323Z] [LOG] balanceAssetHub {
  "nonce": "1",
  "consumers": "0",
  "providers": "0",
  "sufficients": "0",
  "data": {
    "free": "1,000,000,000,000,000",
    "reserved": "0",
    "frozen": "0",
    "flags": "0"
  }
}
[2025-09-08T15:55:55.339Z] [LOG] balance {
  "balance": "120,000,000,000",
  "status": "Liquid",
  "reason": "Consumer",
  "extra": null
}
[2025-09-08T15:55:58.641Z] [LOG] blockNumber 9628835
[2025-09-08T15:55:59.222Z] [LOG] Test setup initialized - logging to test-output.log
[2025-09-08T15:55:59.460Z] [LOG] [dotenv@17.2.1] injecting env (0) from .env -- tip: ⚙️  load multiple .env files with { path: ['.env.local', '.env'] }
[2025-09-08T15:55:59.463Z] [LOG] Setting up Frequency network with options: {
  "wasmOverride": "./wasm/frequency_runtime.wasm",
  "blockNumber": 3000000,
  "endpoint": [
    "wss://0.rpc.frequency.xyz"
  ],
  "port": 8000,
  "mockSignatureHost": true,
  "runtimeLogLevel": 5,
  "db": "frequency-db.sqlite"
}
[2025-09-08T15:56:02.531Z] [LOG] Setting up Polkadot network with options: {
  "blockNumber": 14500000,
  "endpoint": [
    "wss://rpc.ibp.network/polkadot"
  ],
  "db": "polkadot-db.sqlite"
}
[2025-09-08T15:56:04.497Z] [LOG] balanceAssetHub {
  "nonce": "1",
  "consumers": "0",
  "providers": "0",
  "sufficients": "0",
  "data": {
    "free": "1,000,000,000,000,000",
    "reserved": "0",
    "frozen": "0",
    "flags": "0"
  }
}
[2025-09-08T15:56:04.513Z] [LOG] balance {
  "balance": "120,000,000,000",
  "status": "Liquid",
  "reason": "Consumer",
  "extra": null
}
[2025-09-08T15:56:07.816Z] [LOG] blockNumber 9628835
[2025-09-08T15:56:09.971Z] [ERROR] 2025-09-08 09:56:09        RPC-CORE: submitExtrinsic(extrinsic: Extrinsic): Hash:: 1010: {"invalid":{"payment":null}}
[2025-09-08T15:57:26.581Z] [LOG] Test setup initialized - logging to test-output.log
[2025-09-08T15:57:26.803Z] [LOG] [dotenv@17.2.1] injecting env (0) from .env -- tip: ⚙️  enable debug logging with { debug: true }
[2025-09-08T15:57:26.806Z] [LOG] Setting up Frequency network with options: {
  "wasmOverride": "./wasm/frequency_runtime.wasm",
  "blockNumber": 3000000,
  "endpoint": [
    "wss://0.rpc.frequency.xyz"
  ],
  "port": 8000,
  "mockSignatureHost": true,
  "runtimeLogLevel": 5,
  "db": "frequency-db.sqlite"
}
[2025-09-08T15:57:30.631Z] [LOG] Setting up Polkadot network with options: {
  "blockNumber": 14500000,
  "endpoint": [
    "wss://rpc.ibp.network/polkadot"
  ],
  "db": "polkadot-db.sqlite"
}
[2025-09-08T15:57:32.756Z] [LOG] balanceAssetHub {
  "nonce": "1",
  "consumers": "0",
  "providers": "0",
  "sufficients": "0",
  "data": {
    "free": "1,000,000,000,000,000",
    "reserved": "0",
    "frozen": "0",
    "flags": "0"
  }
}
[2025-09-08T15:57:32.773Z] [LOG] balance {
  "balance": "120,000,000,000",
  "status": "Liquid",
  "reason": "Consumer",
  "extra": null
}
[2025-09-08T15:57:36.172Z] [LOG] blockNumber 9628835
[2025-09-08T15:57:37.018Z] [ERROR] 2025-09-08 09:57:37        RPC-CORE: submitExtrinsic(extrinsic: Extrinsic): Hash:: 1010: {"invalid":{"payment":null}}
[2025-09-08T15:58:08.134Z] [LOG] Test setup initialized - logging to test-output.log
[2025-09-08T15:58:08.358Z] [LOG] [dotenv@17.2.1] injecting env (0) from .env -- tip: 📡 version env with Radar: https://dotenvx.com/radar
[2025-09-08T15:58:08.360Z] [LOG] Setting up Frequency network with options: {
  "wasmOverride": "./wasm/frequency_runtime.wasm",
  "blockNumber": 3000000,
  "endpoint": [
    "wss://0.rpc.frequency.xyz"
  ],
  "port": 8000,
  "mockSignatureHost": true,
  "runtimeLogLevel": 5,
  "db": "frequency-db.sqlite"
}
[2025-09-08T15:58:14.087Z] [LOG] Setting up Polkadot network with options: {
  "blockNumber": 14500000,
  "endpoint": [
    "wss://rpc.ibp.network/polkadot"
  ],
  "db": "polkadot-db.sqlite"
}
[2025-09-08T15:58:16.585Z] [LOG] balanceAssetHub {
  "nonce": "1",
  "consumers": "0",
  "providers": "0",
  "sufficients": "0",
  "data": {
    "free": "1,000,000,000,000,000",
    "reserved": "0",
    "frozen": "0",
    "flags": "0"
  }
}
[2025-09-08T15:58:16.600Z] [LOG] balance {
  "balance": "120,000,000,000",
  "status": "Liquid",
  "reason": "Consumer",
  "extra": null
}
[2025-09-08T15:58:22.338Z] [LOG] blockNumber 9628835
[2025-09-08T15:58:31.541Z] [ERROR] 2025-09-08 09:58:31        RPC-CORE: submitExtrinsic(extrinsic: Extrinsic): Hash:: 1010: {"invalid":{"payment":null}}
[2025-09-08T16:06:45.911Z] [LOG] Test setup initialized - logging to test-output.log
[2025-09-08T16:06:46.264Z] [LOG] [dotenv@17.2.1] injecting env (0) from .env -- tip: 📡 auto-backup env with Radar: https://dotenvx.com/radar
[2025-09-08T16:06:46.267Z] [LOG] Setting up Frequency network with options: {
  "wasmOverride": "./wasm/frequency_runtime.wasm",
  "blockNumber": 3000000,
  "endpoint": [
    "wss://0.rpc.frequency.xyz"
  ],
  "port": 8000,
  "mockSignatureHost": true,
  "runtimeLogLevel": 5,
  "db": "frequency-db.sqlite"
}
[2025-09-08T16:06:52.171Z] [LOG] Setting up Polkadot network with options: {
  "blockNumber": 14500000,
  "endpoint": [
    "wss://rpc.ibp.network/polkadot"
  ],
  "db": "polkadot-db.sqlite"
}
[2025-09-08T16:06:55.341Z] [LOG] balanceAssetHub {
  "nonce": "1",
  "consumers": "0",
  "providers": "0",
  "sufficients": "0",
  "data": {
    "free": "1,000,000,000,000,000",
    "reserved": "0",
    "miscFrozen": "0",
    "feeFrozen": "0"
  }
}
[2025-09-08T16:06:55.357Z] [LOG] balance {
  "balance": "120,000,000,000",
  "status": "Liquid",
  "reason": "Consumer",
  "extra": null
}
[2025-09-08T16:06:58.702Z] [LOG] blockNumber 2749042
[2025-09-08T16:08:23.281Z] [LOG] Test setup initialized - logging to test-output.log
[2025-09-08T16:08:23.633Z] [LOG] [dotenv@17.2.1] injecting env (0) from .env -- tip: ⚙️  suppress all logs with { quiet: true }
[2025-09-08T16:08:23.635Z] [LOG] Setting up Frequency network with options: {
  "wasmOverride": "./wasm/frequency_runtime.wasm",
  "blockNumber": 3000000,
  "endpoint": [
    "wss://0.rpc.frequency.xyz"
  ],
  "port": 8000,
  "mockSignatureHost": true,
  "runtimeLogLevel": 5,
  "db": "frequency-db.sqlite"
}
[2025-09-08T16:08:27.132Z] [LOG] Setting up Polkadot network with options: {
  "blockNumber": 14500000,
  "endpoint": [
    "wss://rpc.ibp.network/polkadot"
  ],
  "db": "polkadot-db.sqlite"
}
[2025-09-08T16:08:29.368Z] [LOG] balanceAssetHub {
  "nonce": "1",
  "consumers": "0",
  "providers": "0",
  "sufficients": "0",
  "data": {
    "free": "1,000,000,000,000,000",
    "reserved": "0",
    "miscFrozen": "0",
    "feeFrozen": "0"
  }
}
[2025-09-08T16:08:29.382Z] [LOG] balance {
  "balance": "120,000,000,000",
  "status": "Liquid",
  "reason": "Consumer",
  "extra": null
}
[2025-09-08T16:09:06.652Z] [LOG] Test setup initialized - logging to test-output.log
[2025-09-08T16:09:06.868Z] [LOG] [dotenv@17.2.1] injecting env (0) from .env -- tip: 📡 observe env with Radar: https://dotenvx.com/radar
[2025-09-08T16:09:06.871Z] [LOG] Setting up Frequency network with options: {
  "wasmOverride": "./wasm/frequency_runtime.wasm",
  "blockNumber": 3000000,
  "endpoint": [
    "wss://0.rpc.frequency.xyz"
  ],
  "port": 8000,
  "mockSignatureHost": true,
  "runtimeLogLevel": 5,
  "db": "frequency-db.sqlite"
}
[2025-09-08T16:09:10.001Z] [LOG] Setting up Polkadot network with options: {
  "blockNumber": 14500000,
  "endpoint": [
    "wss://rpc.ibp.network/polkadot"
  ],
  "db": "polkadot-db.sqlite"
}
[2025-09-08T16:09:12.023Z] [LOG] balanceAssetHub {
  "nonce": "1",
  "consumers": "0",
  "providers": "0",
  "sufficients": "0",
  "data": {
    "free": "1,000,000,000,000,000",
    "reserved": "0",
    "miscFrozen": "0",
    "feeFrozen": "0"
  }
}
[2025-09-08T16:09:12.040Z] [LOG] balance {
  "balance": "120,000,000,000",
  "status": "Liquid",
  "reason": "Consumer",
  "extra": null
}
[2025-09-08T16:17:12.452Z] [LOG] Test setup initialized - logging to test-output.log
[2025-09-08T16:17:12.792Z] [LOG] [dotenv@17.2.1] injecting env (0) from .env -- tip: 📡 observe env with Radar: https://dotenvx.com/radar
[2025-09-08T16:17:12.794Z] [LOG] Setting up Frequency network with options: {
  "wasmOverride": "./wasm/frequency_runtime.wasm",
  "blockNumber": 3000000,
  "endpoint": [
    "wss://0.rpc.frequency.xyz"
  ],
  "port": 8000,
  "mockSignatureHost": true,
  "runtimeLogLevel": 5,
  "db": "frequency-db.sqlite"
}
[2025-09-08T16:17:16.411Z] [LOG] Setting up Polkadot network with options: {
  "blockNumber": 14500000,
  "endpoint": [
    "wss://rpc.ibp.network/polkadot"
  ],
  "db": "polkadot-db.sqlite"
}
[2025-09-08T16:17:18.771Z] [LOG] balanceAssetHub {
  "nonce": "1",
  "consumers": "0",
  "providers": "0",
  "sufficients": "0",
  "data": {
    "free": "1,000,000,000,000,000",
    "reserved": "0",
    "miscFrozen": "0",
    "feeFrozen": "0"
  }
}
[2025-09-08T16:17:18.789Z] [LOG] balance {
  "balance": "120,000,000,000",
  "status": "Liquid",
  "reason": "Consumer",
  "extra": null
}
[2025-09-08T16:18:46.479Z] [LOG] Test setup initialized - logging to test-output.log
[2025-09-08T16:18:46.690Z] [LOG] [dotenv@17.2.1] injecting env (0) from .env -- tip: ⚙️  specify custom .env file path with { path: '/custom/path/.env' }
[2025-09-08T16:18:46.693Z] [LOG] Setting up Frequency network with options: {
  "wasmOverride": "./wasm/frequency_runtime.wasm",
  "blockNumber": 3000000,
  "endpoint": [
    "wss://0.rpc.frequency.xyz"
  ],
  "port": 8000,
  "mockSignatureHost": true,
  "runtimeLogLevel": 5,
  "db": "frequency-db.sqlite"
}
[2025-09-08T16:18:53.667Z] [LOG] Setting up Polkadot network with options: {
  "blockNumber": 14500000,
  "endpoint": [
    "wss://rpc.ibp.network/polkadot"
  ],
  "db": "polkadot-db.sqlite"
}
[2025-09-08T16:18:56.300Z] [LOG] balanceAssetHub {
  "nonce": "1",
  "consumers": "0",
  "providers": "0",
  "sufficients": "0",
  "data": {
    "free": "1,000,000,000,000,000",
    "reserved": "0",
    "frozen": "0",
    "flags": "0"
  }
}
[2025-09-08T16:18:56.313Z] [LOG] balance {
  "balance": "120,000,000,000",
  "status": "Liquid",
  "reason": "Consumer",
  "extra": null
}
[2025-09-08T16:19:04.826Z] [ERROR] 2025-09-08 10:19:04        RPC-CORE: submitAndWatchExtrinsic(extrinsic: Extrinsic): ExtrinsicStatus:: 1010: {"invalid":{"payment":null}}
[2025-09-08T16:19:04.827Z] [LOG] error {}
[2025-09-08T16:19:04.828Z] [ERROR] 2025-09-08 10:19:04        RPC-CORE: submitAndWatchExtrinsic(extrinsic: Extrinsic): ExtrinsicStatus:: 1010: {"invalid":{"payment":null}}
[2025-09-08T16:20:47.791Z] [LOG] Test setup initialized - logging to test-output.log
[2025-09-08T16:20:48.022Z] [LOG] [dotenv@17.2.1] injecting env (0) from .env -- tip: ⚙️  enable debug logging with { debug: true }
[2025-09-08T16:20:48.025Z] [LOG] Setting up Frequency network with options: {
  "wasmOverride": "./wasm/frequency_runtime.wasm",
  "blockNumber": 3000000,
  "endpoint": [
    "wss://0.rpc.frequency.xyz"
  ],
  "port": 8000,
  "mockSignatureHost": true,
  "runtimeLogLevel": 5,
  "db": "frequency-db.sqlite"
}
[2025-09-08T16:20:51.316Z] [LOG] Setting up Polkadot network with options: {
  "blockNumber": 14500000,
  "endpoint": [
    "wss://rpc.ibp.network/polkadot"
  ],
  "db": "polkadot-db.sqlite"
}
[2025-09-08T16:20:53.361Z] [LOG] balanceAssetHub {
  "nonce": "1",
  "consumers": "0",
  "providers": "0",
  "sufficients": "0",
  "data": {
    "free": "1,000,000,000,000,000",
    "reserved": "0",
    "frozen": "0",
    "flags": "0"
  }
}
[2025-09-08T16:22:31.857Z] [LOG] Test setup initialized - logging to test-output.log
[2025-09-08T16:22:32.222Z] [LOG] [dotenv@17.2.1] injecting env (0) from .env -- tip: 🔐 encrypt with Dotenvx: https://dotenvx.com
[2025-09-08T16:22:32.225Z] [LOG] Setting up Frequency network with options: {
  "wasmOverride": "./wasm/frequency_runtime.wasm",
  "blockNumber": 3000000,
  "endpoint": [
    "wss://0.rpc.frequency.xyz"
  ],
  "port": 8000,
  "mockSignatureHost": true,
  "runtimeLogLevel": 5,
  "db": "frequency-db.sqlite"
}
[2025-09-08T16:22:35.501Z] [LOG] Setting up Polkadot network with options: {
  "blockNumber": 14500000,
  "endpoint": [
    "wss://rpc.ibp.network/polkadot"
  ],
  "db": "polkadot-db.sqlite"
}
[2025-09-08T16:22:37.651Z] [LOG] balanceAssetHub {
  "nonce": "0",
  "consumers": "0",
  "providers": "0",
  "sufficients": "0",
  "data": {
    "free": "0",
    "reserved": "0",
    "frozen": "0",
    "flags": "170,141,183,460,469,231,731,687,303,715,884,105,728"
  }
}
[2025-09-08T16:22:37.669Z] [LOG] balance {
  "balance": "120,000,000,000",
  "status": "Liquid",
  "reason": "Consumer",
  "extra": null
}
[2025-09-08T16:22:41.968Z] [ERROR] 2025-09-08 10:22:41        RPC-CORE: submitAndWatchExtrinsic(extrinsic: Extrinsic): ExtrinsicStatus:: 1010: {"invalid":{"payment":null}}
[2025-09-08T16:22:41.969Z] [LOG] error {}
[2025-09-08T16:22:41.970Z] [ERROR] 2025-09-08 10:22:41        RPC-CORE: submitAndWatchExtrinsic(extrinsic: Extrinsic): ExtrinsicStatus:: 1010: {"invalid":{"payment":null}}
[2025-09-08T16:23:06.750Z] [LOG] Test setup initialized - logging to test-output.log
[2025-09-08T16:23:06.989Z] [LOG] [dotenv@17.2.1] injecting env (0) from .env -- tip: 🔐 encrypt with Dotenvx: https://dotenvx.com
[2025-09-08T16:23:06.992Z] [LOG] Setting up Frequency network with options: {
  "wasmOverride": "./wasm/frequency_runtime.wasm",
  "blockNumber": 3000000,
  "endpoint": [
    "wss://0.rpc.frequency.xyz"
  ],
  "port": 8000,
  "mockSignatureHost": true,
  "runtimeLogLevel": 5,
  "db": "frequency-db.sqlite"
}
[2025-09-08T16:23:10.170Z] [LOG] Setting up Polkadot network with options: {
  "blockNumber": 14500000,
  "endpoint": [
    "wss://rpc.ibp.network/polkadot"
  ],
  "db": "polkadot-db.sqlite"
}
[2025-09-08T16:23:11.904Z] [LOG] balanceAssetHub {
  "nonce": "0",
  "consumers": "0",
  "providers": "0",
  "sufficients": "0",
  "data": {
    "free": "0",
    "reserved": "0",
    "frozen": "0",
    "flags": "170,141,183,460,469,231,731,687,303,715,884,105,728"
  }
}
[2025-09-08T16:23:11.918Z] [LOG] balance {
  "balance": "120,000,000,000",
  "status": "Liquid",
  "reason": "Consumer",
  "extra": null
}
[2025-09-08T16:23:16.075Z] [ERROR] 2025-09-08 10:23:16        RPC-CORE: submitAndWatchExtrinsic(extrinsic: Extrinsic): ExtrinsicStatus:: 1010: {"invalid":{"payment":null}}
[2025-09-08T16:23:16.076Z] [LOG] error {}
[2025-09-08T16:23:16.077Z] [ERROR] 2025-09-08 10:23:16        RPC-CORE: submitAndWatchExtrinsic(extrinsic: Extrinsic): ExtrinsicStatus:: 1010: {"invalid":{"payment":null}}
[2025-09-08T16:23:31.908Z] [LOG] Test setup initialized - logging to test-output.log
[2025-09-08T16:23:32.164Z] [LOG] [dotenv@17.2.1] injecting env (0) from .env -- tip: 📡 version env with Radar: https://dotenvx.com/radar
[2025-09-08T16:23:32.166Z] [LOG] Setting up Frequency network with options: {
  "wasmOverride": "./wasm/frequency_runtime.wasm",
  "blockNumber": 3000000,
  "endpoint": [
    "wss://0.rpc.frequency.xyz"
  ],
  "port": 8000,
  "mockSignatureHost": true,
  "runtimeLogLevel": 5,
  "db": "frequency-db.sqlite"
}
[2025-09-08T16:23:35.139Z] [LOG] Setting up Polkadot network with options: {
  "blockNumber": 14500000,
  "endpoint": [
    "wss://rpc.ibp.network/polkadot"
  ],
  "db": "polkadot-db.sqlite"
}
[2025-09-08T16:23:36.954Z] [LOG] balanceAssetHub {
  "nonce": "0",
  "consumers": "0",
  "providers": "0",
  "sufficients": "0",
  "data": {
    "free": "0",
    "reserved": "0",
    "frozen": "0",
    "flags": "170,141,183,460,469,231,731,687,303,715,884,105,728"
  }
}
[2025-09-08T16:23:36.968Z] [LOG] balance {
  "balance": "120,000,000,000",
  "status": "Liquid",
  "reason": "Consumer",
  "extra": null
}
[2025-09-08T16:23:41.100Z] [ERROR] 2025-09-08 10:23:41        RPC-CORE: submitAndWatchExtrinsic(extrinsic: Extrinsic): ExtrinsicStatus:: 1010: {"invalid":{"payment":null}}
[2025-09-08T16:23:41.100Z] [ERROR] 2025-09-08 10:23:41        RPC-CORE: submitAndWatchExtrinsic(extrinsic: Extrinsic): ExtrinsicStatus:: 1010: {"invalid":{"payment":null}}
[2025-09-08T16:25:45.889Z] [LOG] Test setup initialized - logging to test-output.log
[2025-09-08T16:25:46.117Z] [LOG] [dotenv@17.2.1] injecting env (0) from .env -- tip: 🔐 encrypt with Dotenvx: https://dotenvx.com
[2025-09-08T16:25:46.119Z] [LOG] Setting up Frequency network with options: {
  "wasmOverride": "./wasm/frequency_runtime.wasm",
  "blockNumber": 3000000,
  "endpoint": [
    "wss://0.rpc.frequency.xyz"
  ],
  "port": 8000,
  "mockSignatureHost": true,
  "runtimeLogLevel": 5,
  "db": "frequency-db.sqlite"
}
[2025-09-08T16:25:49.799Z] [LOG] Setting up Polkadot network with options: {
  "blockNumber": 14500000,
  "endpoint": [
    "wss://rpc.ibp.network/polkadot"
  ],
  "db": "polkadot-db.sqlite"
}
[2025-09-08T16:25:52.011Z] [LOG] balanceAssetHub {
  "nonce": "0",
  "consumers": "0",
  "providers": "0",
  "sufficients": "0",
  "data": {
    "free": "0",
    "reserved": "0",
    "frozen": "0",
    "flags": "170,141,183,460,469,231,731,687,303,715,884,105,728"
  }
}
[2025-09-08T16:25:52.027Z] [LOG] balance {
  "balance": "120,000,000,000",
  "status": "Liquid",
  "reason": "Consumer",
  "extra": null
}
[2025-09-08T16:25:56.264Z] [ERROR] 2025-09-08 10:25:56        RPC-CORE: submitAndWatchExtrinsic(extrinsic: Extrinsic): ExtrinsicStatus:: 1010: {"invalid":{"payment":null}}
[2025-09-08T16:25:56.265Z] [ERROR] 2025-09-08 10:25:56        RPC-CORE: submitAndWatchExtrinsic(extrinsic: Extrinsic): ExtrinsicStatus:: 1010: {"invalid":{"payment":null}}
[2025-09-08T16:26:06.694Z] [LOG] Test setup initialized - logging to test-output.log
[2025-09-08T16:26:06.915Z] [LOG] [dotenv@17.2.1] injecting env (0) from .env -- tip: 🔐 encrypt with Dotenvx: https://dotenvx.com
[2025-09-08T16:26:06.918Z] [LOG] Setting up Frequency network with options: {
  "wasmOverride": "./wasm/frequency_runtime.wasm",
  "blockNumber": 3000000,
  "endpoint": [
    "wss://0.rpc.frequency.xyz"
  ],
  "port": 8000,
  "mockSignatureHost": true,
  "runtimeLogLevel": 5,
  "db": "frequency-db.sqlite"
}
[2025-09-08T16:26:09.962Z] [LOG] Setting up Polkadot network with options: {
  "blockNumber": 14500000,
  "endpoint": [
    "wss://rpc.ibp.network/polkadot"
  ],
  "db": "polkadot-db.sqlite"
}
[2025-09-08T16:26:11.832Z] [LOG] balanceAssetHub {
  "nonce": "0",
  "consumers": "0",
  "providers": "0",
  "sufficients": "0",
  "data": {
    "free": "0",
    "reserved": "0",
    "frozen": "0",
    "flags": "170,141,183,460,469,231,731,687,303,715,884,105,728"
  }
}
[2025-09-08T16:26:11.848Z] [LOG] balance {
  "balance": "120,000,000,000",
  "status": "Liquid",
  "reason": "Consumer",
  "extra": null
}
[2025-09-08T16:26:15.173Z] [LOG] bob address 5GoNkf6WdbxCFnPdAnYYQyCjAKPJgLNxXwPjwTh6DGg6gN3E
[2025-09-08T16:26:16.088Z] [ERROR] 2025-09-08 10:26:16        RPC-CORE: submitAndWatchExtrinsic(extrinsic: Extrinsic): ExtrinsicStatus:: 1010: {"invalid":{"payment":null}}
[2025-09-08T16:26:16.089Z] [ERROR] 2025-09-08 10:26:16        RPC-CORE: submitAndWatchExtrinsic(extrinsic: Extrinsic): ExtrinsicStatus:: 1010: {"invalid":{"payment":null}}
[2025-09-08T16:43:47.018Z] [LOG] Test setup initialized - logging to test-output.log
[2025-09-08T16:43:47.346Z] [LOG] [dotenv@17.2.1] injecting env (0) from .env -- tip: ⚙️  specify custom .env file path with { path: '/custom/path/.env' }
[2025-09-08T16:43:47.349Z] [LOG] Setting up Frequency network with options: {
  "wasmOverride": "./wasm/frequency_runtime.wasm",
  "blockNumber": 3000000,
  "endpoint": [
    "wss://0.rpc.frequency.xyz"
  ],
  "port": 8000,
  "mockSignatureHost": true,
  "runtimeLogLevel": 5,
  "db": "frequency-db.sqlite"
}
[2025-09-08T16:43:50.801Z] [LOG] Setting up Polkadot network with options: {
  "blockNumber": 14500000,
  "endpoint": [
    "wss://rpc.ibp.network/polkadot"
  ],
  "db": "polkadot-db.sqlite"
}
[2025-09-08T16:43:52.794Z] [LOG] balanceAssetHub {
  "nonce": "0",
  "consumers": "0",
  "providers": "0",
  "sufficients": "0",
  "data": {
    "free": "0",
    "reserved": "0",
    "frozen": "0",
    "flags": "170,141,183,460,469,231,731,687,303,715,884,105,728"
  }
}
[2025-09-08T16:43:52.806Z] [LOG] balance {
  "balance": "120,000,000,000",
  "status": "Liquid",
  "reason": "Consumer",
  "extra": null
}
[2025-09-08T16:43:56.074Z] [LOG] bob address 5GoNkf6WdbxCFnPdAnYYQyCjAKPJgLNxXwPjwTh6DGg6gN3E
[2025-09-08T16:43:56.956Z] [ERROR] 2025-09-08 10:43:56        RPC-CORE: submitAndWatchExtrinsic(extrinsic: Extrinsic): ExtrinsicStatus:: 1010: {"invalid":{"payment":null}}
[2025-09-08T16:43:56.957Z] [ERROR] 2025-09-08 10:43:56        RPC-CORE: submitAndWatchExtrinsic(extrinsic: Extrinsic): ExtrinsicStatus:: 1010: {"invalid":{"payment":null}}
[2025-09-08T16:47:33.345Z] [LOG] Test setup initialized - logging to test-output.log
[2025-09-08T16:47:33.692Z] [LOG] [dotenv@17.2.1] injecting env (0) from .env -- tip: ⚙️  load multiple .env files with { path: ['.env.local', '.env'] }
[2025-09-08T16:47:33.695Z] [LOG] Setting up Frequency network with options: {
  "wasmOverride": "./wasm/frequency_runtime.wasm",
  "blockNumber": 3000000,
  "endpoint": [
    "wss://0.rpc.frequency.xyz"
  ],
  "port": 8000,
  "mockSignatureHost": true,
  "runtimeLogLevel": 5,
  "db": "frequency-db.sqlite"
}
[2025-09-08T16:47:37.143Z] [LOG] Setting up Polkadot network with options: {
  "blockNumber": 14500000,
  "endpoint": [
    "wss://rpc.ibp.network/polkadot"
  ],
  "db": "polkadot-db.sqlite"
}
[2025-09-08T16:47:39.255Z] [LOG] balanceAssetHub {
  "nonce": "0",
  "consumers": "0",
  "providers": "0",
  "sufficients": "0",
  "data": {
    "free": "0",
    "reserved": "0",
    "frozen": "0",
    "flags": "170,141,183,460,469,231,731,687,303,715,884,105,728"
  }
}
[2025-09-08T16:47:39.269Z] [LOG] balance {
  "balance": "120,000,000,000",
  "status": "Liquid",
  "reason": "Consumer",
  "extra": null
}
[2025-09-08T16:47:42.594Z] [LOG] bob address 5GoNkf6WdbxCFnPdAnYYQyCjAKPJgLNxXwPjwTh6DGg6gN3E
[2025-09-08T16:47:43.520Z] [ERROR] 2025-09-08 10:47:43        RPC-CORE: submitAndWatchExtrinsic(extrinsic: Extrinsic): ExtrinsicStatus:: 1010: {"invalid":{"payment":null}}
[2025-09-08T16:47:43.520Z] [ERROR] 2025-09-08 10:47:43        RPC-CORE: submitAndWatchExtrinsic(extrinsic: Extrinsic): ExtrinsicStatus:: 1010: {"invalid":{"payment":null}}
[2025-09-08T16:48:16.541Z] [LOG] Test setup initialized - logging to test-output.log
[2025-09-08T16:48:16.868Z] [LOG] [dotenv@17.2.1] injecting env (0) from .env -- tip: ⚙️  write to custom object with { processEnv: myObject }
[2025-09-08T16:48:16.870Z] [LOG] Setting up Frequency network with options: {
  "wasmOverride": "./wasm/frequency_runtime.wasm",
  "blockNumber": 3000000,
  "endpoint": [
    "wss://0.rpc.frequency.xyz"
  ],
  "port": 8000,
  "mockSignatureHost": true,
  "runtimeLogLevel": 5,
  "db": "frequency-db.sqlite"
}
[2025-09-08T16:48:20.101Z] [LOG] Setting up Polkadot network with options: {
  "blockNumber": 14500000,
  "endpoint": [
    "wss://rpc.ibp.network/polkadot"
  ],
  "db": "polkadot-db.sqlite"
}
[2025-09-08T16:48:21.909Z] [LOG] balanceAssetHub {
  "nonce": "0",
  "consumers": "0",
  "providers": "0",
  "sufficients": "0",
  "data": {
    "free": "0",
    "reserved": "0",
    "frozen": "0",
    "flags": "170,141,183,460,469,231,731,687,303,715,884,105,728"
  }
}
[2025-09-08T16:48:21.923Z] [LOG] balance {
  "balance": "120,000,000,000",
  "status": "Liquid",
  "reason": "Consumer",
  "extra": null
}
[2025-09-08T16:49:00.485Z] [LOG] Test setup initialized - logging to test-output.log
[2025-09-08T16:49:00.705Z] [LOG] [dotenv@17.2.1] injecting env (0) from .env -- tip: 📡 auto-backup env with Radar: https://dotenvx.com/radar
[2025-09-08T16:49:00.708Z] [LOG] Setting up Frequency network with options: {
  "wasmOverride": "./wasm/frequency_runtime.wasm",
  "blockNumber": 3000000,
  "endpoint": [
    "wss://0.rpc.frequency.xyz"
  ],
  "port": 8000,
  "mockSignatureHost": true,
  "runtimeLogLevel": 5,
  "db": "frequency-db.sqlite"
}
[2025-09-08T16:49:03.903Z] [LOG] Setting up Polkadot network with options: {
  "blockNumber": 14500000,
  "endpoint": [
    "wss://rpc.ibp.network/polkadot"
  ],
  "db": "polkadot-db.sqlite"
}
[2025-09-08T16:49:05.834Z] [LOG] balanceAssetHub {
  "nonce": "0",
  "consumers": "0",
  "providers": "0",
  "sufficients": "0",
  "data": {
    "free": "0",
    "reserved": "0",
    "frozen": "0",
    "flags": "170,141,183,460,469,231,731,687,303,715,884,105,728"
  }
}
[2025-09-08T16:49:05.848Z] [LOG] balance {
  "balance": "120,000,000,000",
  "status": "Liquid",
  "reason": "Consumer",
  "extra": null
}
[2025-09-08T16:49:09.117Z] [LOG] bob address 5GoNkf6WdbxCFnPdAnYYQyCjAKPJgLNxXwPjwTh6DGg6gN3E
[2025-09-08T16:49:10.078Z] [ERROR] 2025-09-08 10:49:10        RPC-CORE: submitAndWatchExtrinsic(extrinsic: Extrinsic): ExtrinsicStatus:: 1010: {"invalid":{"payment":null}}
[2025-09-08T16:49:10.079Z] [ERROR] 2025-09-08 10:49:10        RPC-CORE: submitAndWatchExtrinsic(extrinsic: Extrinsic): ExtrinsicStatus:: 1010: {"invalid":{"payment":null}}
[2025-09-08T16:49:58.246Z] [LOG] Test setup initialized - logging to test-output.log
[2025-09-08T16:49:58.493Z] [LOG] [dotenv@17.2.1] injecting env (0) from .env -- tip: 🔐 prevent committing .env to code: https://dotenvx.com/precommit
[2025-09-08T16:49:58.496Z] [LOG] Setting up Frequency network with options: {
  "wasmOverride": "./wasm/frequency_runtime.wasm",
  "blockNumber": 3000000,
  "endpoint": [
    "wss://0.rpc.frequency.xyz"
  ],
  "port": 8000,
  "mockSignatureHost": true,
  "runtimeLogLevel": 5,
  "db": "frequency-db.sqlite"
}
[2025-09-08T16:50:01.514Z] [LOG] Setting up Polkadot network with options: {
  "blockNumber": 14500000,
  "endpoint": [
    "wss://rpc.ibp.network/polkadot"
  ],
  "db": "polkadot-db.sqlite"
}
[2025-09-08T16:50:03.437Z] [LOG] balanceAssetHub {
  "nonce": "0",
  "consumers": "0",
  "providers": "0",
  "sufficients": "0",
  "data": {
    "free": "0",
    "reserved": "0",
    "frozen": "0",
    "flags": "170,141,183,460,469,231,731,687,303,715,884,105,728"
  }
}
[2025-09-08T16:50:03.455Z] [LOG] balance {
  "balance": "120,000,000,000",
  "status": "Liquid",
  "reason": "Consumer",
  "extra": null
}
[2025-09-08T16:50:06.741Z] [LOG] assetHubTx {
  "isSigned": false,
  "method": {
    "args": {
      "dest": {
        "V3": {
          "parents": "1",
          "interior": {
            "X1": {
              "Parachain": "2,091"
            }
          }
        }
      },
      "beneficiary": {
        "V3": {
          "parents": "0",
          "interior": {
            "X1": {
              "AccountId32": {
                "network": null,
                "id": "0xd17c2d7823ebf260fd138f2d7e27d114c0145d968b5ff5006125f2414fadae69"
              }
            }
          }
        }
      },
      "assets": {
        "V3": [
          {
            "id": {
              "Concrete": {
                "parents": "1",
                "interior": "Here"
              }
            },
            "fun": {
              "Fungible": "50"
            }
          }
        ]
      },
      "fee_asset_item": "0",
      "weight_limit": "Unlimited"
    },
    "method": "limitedReserveTransferAssets",
    "section": "polkadotXcm"
  }
}
[2025-09-08T16:50:06.744Z] [LOG] bob address 5GoNkf6WdbxCFnPdAnYYQyCjAKPJgLNxXwPjwTh6DGg6gN3E
[2025-09-08T16:50:07.649Z] [ERROR] 2025-09-08 10:50:07        RPC-CORE: submitAndWatchExtrinsic(extrinsic: Extrinsic): ExtrinsicStatus:: 1010: {"invalid":{"payment":null}}
[2025-09-08T16:50:07.650Z] [ERROR] 2025-09-08 10:50:07        RPC-CORE: submitAndWatchExtrinsic(extrinsic: Extrinsic): ExtrinsicStatus:: 1010: {"invalid":{"payment":null}}
[2025-09-08T16:50:24.785Z] [LOG] Test setup initialized - logging to test-output.log
[2025-09-08T16:50:25.010Z] [LOG] [dotenv@17.2.1] injecting env (0) from .env -- tip: ⚙️  load multiple .env files with { path: ['.env.local', '.env'] }
[2025-09-08T16:50:25.012Z] [LOG] Setting up Frequency network with options: {
  "wasmOverride": "./wasm/frequency_runtime.wasm",
  "blockNumber": 3000000,
  "endpoint": [
    "wss://0.rpc.frequency.xyz"
  ],
  "port": 8000,
  "mockSignatureHost": true,
  "runtimeLogLevel": 5,
  "db": "frequency-db.sqlite"
}
[2025-09-08T16:50:28.116Z] [LOG] Setting up Polkadot network with options: {
  "blockNumber": 14500000,
  "endpoint": [
    "wss://rpc.ibp.network/polkadot"
  ],
  "db": "polkadot-db.sqlite"
}
[2025-09-08T16:50:30.076Z] [LOG] balanceAssetHub {
  "nonce": "0",
  "consumers": "0",
  "providers": "0",
  "sufficients": "0",
  "data": {
    "free": "0",
    "reserved": "0",
    "frozen": "0",
    "flags": "170,141,183,460,469,231,731,687,303,715,884,105,728"
  }
}
[2025-09-08T16:50:30.093Z] [LOG] balance {
  "balance": "120,000,000,000",
  "status": "Liquid",
  "reason": "Consumer",
  "extra": null
}
[2025-09-08T16:50:33.385Z] [LOG] assetHubTx 0xe8041f0803010100ad200300010100d17c2d7823ebf260fd138f2d7e27d114c0145d968b5ff5006125f2414fadae69030400010000c80000000000
[2025-09-08T16:50:33.387Z] [LOG] bob address 5GoNkf6WdbxCFnPdAnYYQyCjAKPJgLNxXwPjwTh6DGg6gN3E
[2025-09-08T16:50:34.296Z] [ERROR] 2025-09-08 10:50:34        RPC-CORE: submitAndWatchExtrinsic(extrinsic: Extrinsic): ExtrinsicStatus:: 1010: {"invalid":{"payment":null}}
[2025-09-08T16:50:34.297Z] [ERROR] 2025-09-08 10:50:34        RPC-CORE: submitAndWatchExtrinsic(extrinsic: Extrinsic): ExtrinsicStatus:: 1010: {"invalid":{"payment":null}}
[2025-09-08T16:51:41.557Z] [LOG] Test setup initialized - logging to test-output.log
[2025-09-08T16:51:41.896Z] [LOG] [dotenv@17.2.1] injecting env (0) from .env -- tip: 🔐 prevent committing .env to code: https://dotenvx.com/precommit
[2025-09-08T16:51:41.899Z] [LOG] Setting up Frequency network with options: {
  "wasmOverride": "./wasm/frequency_runtime.wasm",
  "blockNumber": 3000000,
  "endpoint": [
    "wss://0.rpc.frequency.xyz"
  ],
  "port": 8000,
  "mockSignatureHost": true,
  "runtimeLogLevel": 5,
  "db": "frequency-db.sqlite"
}
[2025-09-08T16:51:44.976Z] [LOG] Setting up Polkadot network with options: {
  "blockNumber": 14500000,
  "endpoint": [
    "wss://rpc.ibp.network/polkadot"
  ],
  "db": "polkadot-db.sqlite"
}
[2025-09-08T16:51:46.812Z] [LOG] balanceAssetHub {
  "nonce": "0",
  "consumers": "0",
  "providers": "0",
  "sufficients": "0",
  "data": {
    "free": "0",
    "reserved": "0",
    "frozen": "0",
    "flags": "170,141,183,460,469,231,731,687,303,715,884,105,728"
  }
}
[2025-09-08T16:51:46.827Z] [LOG] balance {
  "balance": "120,000,000,000",
  "status": "Liquid",
  "reason": "Consumer",
  "extra": null
}
[2025-09-08T16:51:50.112Z] [LOG] assetHubTx 0xe8041f0803010100ad200300010100d17c2d7823ebf260fd138f2d7e27d114c0145d968b5ff5006125f2414fadae69030400010000c80000000000
[2025-09-08T16:51:50.114Z] [LOG] bob address 5GoNkf6WdbxCFnPdAnYYQyCjAKPJgLNxXwPjwTh6DGg6gN3E
[2025-09-08T16:51:51.042Z] [ERROR] 2025-09-08 10:51:51        RPC-CORE: submitAndWatchExtrinsic(extrinsic: Extrinsic): ExtrinsicStatus:: 1010: {"invalid":{"payment":null}}
[2025-09-08T16:51:51.042Z] [ERROR] 2025-09-08 10:51:51        RPC-CORE: submitAndWatchExtrinsic(extrinsic: Extrinsic): ExtrinsicStatus:: 1010: {"invalid":{"payment":null}}
[2025-09-08T16:51:59.062Z] [LOG] Test setup initialized - logging to test-output.log
[2025-09-08T16:51:59.373Z] [LOG] [dotenv@17.2.1] injecting env (0) from .env -- tip: ⚙️  enable debug logging with { debug: true }
[2025-09-08T16:51:59.375Z] [LOG] Setting up Frequency network with options: {
  "wasmOverride": "./wasm/frequency_runtime.wasm",
  "blockNumber": 3000000,
  "endpoint": [
    "wss://0.rpc.frequency.xyz"
  ],
  "port": 8000,
  "mockSignatureHost": true,
  "runtimeLogLevel": 5,
  "db": "frequency-db.sqlite"
}
[2025-09-08T16:52:02.590Z] [LOG] Setting up Polkadot network with options: {
  "blockNumber": 14500000,
  "endpoint": [
    "wss://rpc.ibp.network/polkadot"
  ],
  "db": "polkadot-db.sqlite"
}
[2025-09-08T16:52:04.515Z] [LOG] balanceAssetHub {
  "nonce": "0",
  "consumers": "0",
  "providers": "0",
  "sufficients": "0",
  "data": {
    "free": "0",
    "reserved": "0",
    "frozen": "0",
    "flags": "170,141,183,460,469,231,731,687,303,715,884,105,728"
  }
}
[2025-09-08T16:52:04.529Z] [LOG] balance {
  "balance": "120,000,000,000",
  "status": "Liquid",
  "reason": "Consumer",
  "extra": null
}
[2025-09-08T16:52:07.817Z] [LOG] assetHubTx 0xe8041f0803010100ad200300010100d17c2d7823ebf260fd138f2d7e27d114c0145d968b5ff5006125f2414fadae69030400010000c80000000000
[2025-09-08T16:52:07.817Z] [LOG] bob address 5GoNkf6WdbxCFnPdAnYYQyCjAKPJgLNxXwPjwTh6DGg6gN3E
[2025-09-08T16:52:08.865Z] [ERROR] 2025-09-08 10:52:08        RPC-CORE: submitAndWatchExtrinsic(extrinsic: Extrinsic): ExtrinsicStatus:: 1010: {"invalid":{"payment":null}}
[2025-09-08T16:52:08.866Z] [ERROR] 2025-09-08 10:52:08        RPC-CORE: submitAndWatchExtrinsic(extrinsic: Extrinsic): ExtrinsicStatus:: 1010: {"invalid":{"payment":null}}
[2025-09-08T16:52:21.121Z] [LOG] Test setup initialized - logging to test-output.log
[2025-09-08T16:52:21.340Z] [LOG] [dotenv@17.2.1] injecting env (0) from .env -- tip: 📡 version env with Radar: https://dotenvx.com/radar
[2025-09-08T16:52:21.342Z] [LOG] Setting up Frequency network with options: {
  "wasmOverride": "./wasm/frequency_runtime.wasm",
  "blockNumber": 3000000,
  "endpoint": [
    "wss://0.rpc.frequency.xyz"
  ],
  "port": 8000,
  "mockSignatureHost": true,
  "runtimeLogLevel": 5,
  "db": "frequency-db.sqlite"
}
[2025-09-08T16:52:24.508Z] [LOG] Setting up Polkadot network with options: {
  "blockNumber": 14500000,
  "endpoint": [
    "wss://rpc.ibp.network/polkadot"
  ],
  "db": "polkadot-db.sqlite"
}
[2025-09-08T16:52:26.519Z] [LOG] balanceAssetHub {
  "nonce": "0",
  "consumers": "0",
  "providers": "0",
  "sufficients": "0",
  "data": {
    "free": "0",
    "reserved": "0",
    "frozen": "0",
    "flags": "170,141,183,460,469,231,731,687,303,715,884,105,728"
  }
}
[2025-09-08T16:52:26.535Z] [LOG] balance {
  "balance": "120,000,000,000",
  "status": "Liquid",
  "reason": "Consumer",
  "extra": null
}
[2025-09-08T16:52:29.859Z] [LOG] assetHubTx 0xe8041f0803010100ad200300010100d17c2d7823ebf260fd138f2d7e27d114c0145d968b5ff5006125f2414fadae69030400010000c80000000000
[2025-09-08T16:52:29.860Z] [LOG] bob address 5GoNkf6WdbxCFnPdAnYYQyCjAKPJgLNxXwPjwTh6DGg6gN3E
[2025-09-08T16:52:29.895Z] [ERROR] 2025-09-08 10:52:29        RPC-CORE: subscribeStorage(keys?: Vec<StorageKey>): StorageChangeSet:: disconnected from ws://localhost:16817: 1000:: Normal Closure
[2025-09-08T16:52:29.896Z] [ERROR] 2025-09-08 10:52:29        RPC-CORE: getHeader(hash?: BlockHash): Header:: disconnected from ws://localhost:16817: 1000:: Normal Closure
[2025-09-08T16:52:29.896Z] [ERROR] 2025-09-08 10:52:29        RPC-CORE: getFinalizedHead(): BlockHash:: disconnected from ws://localhost:16817: 1000:: Normal Closure
[2025-09-08T16:52:29.896Z] [ERROR] 2025-09-08 10:52:29        RPC-CORE: subscribeStorage(keys?: Vec<StorageKey>): StorageChangeSet:: disconnected from ws://localhost:16817: 1000:: Normal Closure
[2025-09-08T16:52:38.126Z] [LOG] Test setup initialized - logging to test-output.log
[2025-09-08T16:52:38.358Z] [LOG] [dotenv@17.2.1] injecting env (0) from .env -- tip: ⚙️  enable debug logging with { debug: true }
[2025-09-08T16:52:38.360Z] [LOG] Setting up Frequency network with options: {
  "wasmOverride": "./wasm/frequency_runtime.wasm",
  "blockNumber": 3000000,
  "endpoint": [
    "wss://0.rpc.frequency.xyz"
  ],
  "port": 8000,
  "mockSignatureHost": true,
  "runtimeLogLevel": 5,
  "db": "frequency-db.sqlite"
}
[2025-09-08T16:52:41.498Z] [LOG] Setting up Polkadot network with options: {
  "blockNumber": 14500000,
  "endpoint": [
    "wss://rpc.ibp.network/polkadot"
  ],
  "db": "polkadot-db.sqlite"
}
[2025-09-08T16:52:43.282Z] [LOG] balanceAssetHub {
  "nonce": "0",
  "consumers": "0",
  "providers": "0",
  "sufficients": "0",
  "data": {
    "free": "0",
    "reserved": "0",
    "frozen": "0",
    "flags": "170,141,183,460,469,231,731,687,303,715,884,105,728"
  }
}
[2025-09-08T16:52:43.296Z] [LOG] balance {
  "balance": "120,000,000,000",
  "status": "Liquid",
  "reason": "Consumer",
  "extra": null
}
[2025-09-08T16:52:46.555Z] [LOG] assetHubTx 0xe8041f0803010100ad200300010100d17c2d7823ebf260fd138f2d7e27d114c0145d968b5ff5006125f2414fadae69030400010000c80000000000
[2025-09-08T16:52:46.556Z] [LOG] bob address 5GoNkf6WdbxCFnPdAnYYQyCjAKPJgLNxXwPjwTh6DGg6gN3E
[2025-09-08T16:52:47.528Z] [ERROR] 2025-09-08 10:52:47        RPC-CORE: submitExtrinsic(extrinsic: Extrinsic): Hash:: 1010: {"invalid":{"payment":null}}
[2025-09-08T16:53:01.377Z] [LOG] Test setup initialized - logging to test-output.log
[2025-09-08T16:53:01.600Z] [LOG] [dotenv@17.2.1] injecting env (0) from .env -- tip: ⚙️  load multiple .env files with { path: ['.env.local', '.env'] }
[2025-09-08T16:53:01.603Z] [LOG] Setting up Frequency network with options: {
  "wasmOverride": "./wasm/frequency_runtime.wasm",
  "blockNumber": 3000000,
  "endpoint": [
    "wss://0.rpc.frequency.xyz"
  ],
  "port": 8000,
  "mockSignatureHost": true,
  "runtimeLogLevel": 5,
  "db": "frequency-db.sqlite"
}
[2025-09-08T16:53:04.889Z] [LOG] Setting up Polkadot network with options: {
  "blockNumber": 14500000,
  "endpoint": [
    "wss://rpc.ibp.network/polkadot"
  ],
  "db": "polkadot-db.sqlite"
}
[2025-09-08T16:53:06.813Z] [LOG] balanceAssetHub {
  "nonce": "0",
  "consumers": "0",
  "providers": "0",
  "sufficients": "0",
  "data": {
    "free": "0",
    "reserved": "0",
    "frozen": "0",
    "flags": "170,141,183,460,469,231,731,687,303,715,884,105,728"
  }
}
[2025-09-08T16:53:06.828Z] [LOG] balance {
  "balance": "120,000,000,000",
  "status": "Liquid",
  "reason": "Consumer",
  "extra": null
}
[2025-09-08T16:53:10.098Z] [LOG] assetHubTx 0xe8041f0803010100ad200300010100d17c2d7823ebf260fd138f2d7e27d114c0145d968b5ff5006125f2414fadae69030400010000c80000000000
[2025-09-08T16:53:10.099Z] [LOG] bob address 5GoNkf6WdbxCFnPdAnYYQyCjAKPJgLNxXwPjwTh6DGg6gN3E
[2025-09-08T16:53:23.877Z] [LOG] Test setup initialized - logging to test-output.log
[2025-09-08T16:53:24.158Z] [LOG] [dotenv@17.2.1] injecting env (0) from .env -- tip: 🛠️  run anywhere with `dotenvx run -- yourcommand`
[2025-09-08T16:53:24.161Z] [LOG] Setting up Frequency network with options: {
  "wasmOverride": "./wasm/frequency_runtime.wasm",
  "blockNumber": 3000000,
  "endpoint": [
    "wss://0.rpc.frequency.xyz"
  ],
  "port": 8000,
  "mockSignatureHost": true,
  "runtimeLogLevel": 5,
  "db": "frequency-db.sqlite"
}
[2025-09-08T16:53:27.176Z] [LOG] Setting up Polkadot network with options: {
  "blockNumber": 14500000,
  "endpoint": [
    "wss://rpc.ibp.network/polkadot"
  ],
  "db": "polkadot-db.sqlite"
}
[2025-09-08T16:53:28.917Z] [LOG] balanceAssetHub {
  "nonce": "0",
  "consumers": "0",
  "providers": "0",
  "sufficients": "0",
  "data": {
    "free": "0",
    "reserved": "0",
    "frozen": "0",
    "flags": "170,141,183,460,469,231,731,687,303,715,884,105,728"
  }
}
[2025-09-08T16:53:28.931Z] [LOG] balance {
  "balance": "120,000,000,000",
  "status": "Liquid",
  "reason": "Consumer",
  "extra": null
}
[2025-09-08T16:53:32.280Z] [LOG] assetHubTx 0xe8041f0803010100ad200300010100d17c2d7823ebf260fd138f2d7e27d114c0145d968b5ff5006125f2414fadae69030400010000c80000000000
[2025-09-08T16:53:32.280Z] [LOG] bob address 5GoNkf6WdbxCFnPdAnYYQyCjAKPJgLNxXwPjwTh6DGg6gN3E
[2025-09-08T16:53:33.220Z] [ERROR] 2025-09-08 10:53:33        RPC-CORE: submitExtrinsic(extrinsic: Extrinsic): Hash:: 1010: {"invalid":{"payment":null}}
[2025-09-08T17:07:13.448Z] [LOG] Test setup initialized - logging to test-output.log
[2025-09-08T17:07:13.823Z] [LOG] [dotenv@17.2.1] injecting env (0) from .env -- tip: ⚙️  load multiple .env files with { path: ['.env.local', '.env'] }
[2025-09-08T17:07:13.828Z] [LOG] Setting up Frequency network with options: {
  "wasmOverride": "./wasm/frequency_runtime.wasm",
  "blockNumber": 3000000,
  "endpoint": [
    "wss://0.rpc.frequency.xyz"
  ],
  "port": 8000,
  "mockSignatureHost": true,
  "runtimeLogLevel": 5,
  "db": "frequency-db.sqlite"
}
[2025-09-08T17:07:17.582Z] [LOG] Setting up Polkadot network with options: {
  "blockNumber": 14500000,
  "endpoint": [
    "wss://rpc.ibp.network/polkadot"
  ],
  "db": "polkadot-db.sqlite"
}
[2025-09-08T17:07:19.704Z] [LOG] balanceAssetHub {
  "nonce": "0",
  "consumers": "0",
  "providers": "0",
  "sufficients": "0",
  "data": {
    "free": "0",
    "reserved": "0",
    "frozen": "0",
    "flags": "170,141,183,460,469,231,731,687,303,715,884,105,728"
  }
}
[2025-09-08T17:07:19.718Z] [LOG] balance {
  "balance": "120,000,000,000",
  "status": "Liquid",
  "reason": "Consumer",
  "extra": null
}
[2025-09-08T17:07:23.012Z] [LOG] assetHubTx 0xe8041f0803010100ad200300010100d17c2d7823ebf260fd138f2d7e27d114c0145d968b5ff5006125f2414fadae69030400010000c80000000000
[2025-09-08T17:07:23.012Z] [LOG] bob address 5GoNkf6WdbxCFnPdAnYYQyCjAKPJgLNxXwPjwTh6DGg6gN3E
[2025-09-08T17:07:24.019Z] [ERROR] 2025-09-08 11:07:24        RPC-CORE: submitExtrinsic(extrinsic: Extrinsic): Hash:: 1010: {"invalid":{"payment":null}}
[2025-09-08T17:07:45.019Z] [LOG] Test setup initialized - logging to test-output.log
[2025-09-08T17:07:45.257Z] [LOG] [dotenv@17.2.1] injecting env (0) from .env -- tip: 🛠️  run anywhere with `dotenvx run -- yourcommand`
[2025-09-08T17:07:45.260Z] [LOG] Setting up Frequency network with options: {
  "wasmOverride": "./wasm/frequency_runtime.wasm",
  "blockNumber": 3000000,
  "endpoint": [
    "wss://0.rpc.frequency.xyz"
  ],
  "port": 8000,
  "mockSignatureHost": true,
  "runtimeLogLevel": 5,
  "db": "frequency-db.sqlite"
}
[2025-09-08T17:07:48.399Z] [LOG] Setting up Polkadot network with options: {
  "blockNumber": 14500000,
  "endpoint": [
    "wss://rpc.ibp.network/polkadot"
  ],
  "db": "polkadot-db.sqlite"
}
[2025-09-08T17:07:50.189Z] [LOG] balanceAssetHub {
  "nonce": "0",
  "consumers": "0",
  "providers": "0",
  "sufficients": "0",
  "data": {
    "free": "0",
    "reserved": "0",
    "frozen": "0",
    "flags": "170,141,183,460,469,231,731,687,303,715,884,105,728"
  }
}
[2025-09-08T17:07:50.204Z] [LOG] balance {
  "balance": "120,000,000,000",
  "status": "Liquid",
  "reason": "Consumer",
  "extra": null
}
[2025-09-08T17:07:53.463Z] [LOG] assetHubTx 0xe8041f0803010100ad200300010100d17c2d7823ebf260fd138f2d7e27d114c0145d968b5ff5006125f2414fadae69030400010000c80000000000
[2025-09-08T17:07:53.463Z] [LOG] bob address 5GoNkf6WdbxCFnPdAnYYQyCjAKPJgLNxXwPjwTh6DGg6gN3E
[2025-09-08T17:07:54.405Z] [ERROR] 2025-09-08 11:07:54        RPC-CORE: submitExtrinsic(extrinsic: Extrinsic): Hash:: 1010: {"invalid":{"payment":null}}
[2025-09-08T17:08:43.267Z] [LOG] Test setup initialized - logging to test-output.log
[2025-09-08T17:08:43.492Z] [LOG] [dotenv@17.2.1] injecting env (0) from .env -- tip: 📡 observe env with Radar: https://dotenvx.com/radar
[2025-09-08T17:08:43.495Z] [LOG] Setting up Frequency network with options: {
  "wasmOverride": "./wasm/frequency_runtime.wasm",
  "blockNumber": 3000000,
  "endpoint": [
    "wss://0.rpc.frequency.xyz"
  ],
  "port": 8000,
  "mockSignatureHost": true,
  "runtimeLogLevel": 5,
  "db": "frequency-db.sqlite"
}
[2025-09-08T17:08:46.668Z] [LOG] Setting up Polkadot network with options: {
  "blockNumber": 14500000,
  "endpoint": [
    "wss://rpc.ibp.network/polkadot"
  ],
  "db": "polkadot-db.sqlite"
}
[2025-09-08T17:08:48.484Z] [LOG] balanceAssetHub {
  "nonce": "0",
  "consumers": "0",
  "providers": "0",
  "sufficients": "0",
  "data": {
    "free": "0",
    "reserved": "0",
    "frozen": "0",
    "flags": "170,141,183,460,469,231,731,687,303,715,884,105,728"
  }
}
[2025-09-08T17:08:48.497Z] [LOG] balance {
  "balance": "120,000,000,000",
  "status": "Liquid",
  "reason": "Consumer",
  "extra": null
}
[2025-09-08T17:08:51.791Z] [LOG] assetHubTx 0xe8041f0803010100ad200300010100d17c2d7823ebf260fd138f2d7e27d114c0145d968b5ff5006125f2414fadae69030400010000c80000000000
[2025-09-08T17:08:51.791Z] [LOG] bob address 5GoNkf6WdbxCFnPdAnYYQyCjAKPJgLNxXwPjwTh6DGg6gN3E
[2025-09-08T17:08:52.491Z] [LOG] signedTx 0x89028400d17c2d7823ebf260fd138f2d7e27d114c0145d968b5ff5006125f2414fadae6900eb282be6b67bd11c06aa3a46cea1a3356f42aa26ecc8d83bf1bbb8a5f64dac985ec2ddcc36525f20afcce534ab6d1e830826a38adbb584e72613d460e64f51052401040000001f0803010100ad200300010100d17c2d7823ebf260fd138f2d7e27d114c0145d968b5ff5006125f2414fadae69030400010000c80000000000
[2025-09-08T17:08:52.711Z] [ERROR] 2025-09-08 11:08:52        RPC-CORE: submitAndWatchExtrinsic(extrinsic: Extrinsic): ExtrinsicStatus:: 1010: {"invalid":{"payment":null}}
[2025-09-08T17:08:52.712Z] [ERROR] 2025-09-08 11:08:52        RPC-CORE: submitAndWatchExtrinsic(extrinsic: Extrinsic): ExtrinsicStatus:: 1010: {"invalid":{"payment":null}}
[2025-09-08T17:14:21.474Z] [LOG] Test setup initialized - logging to test-output.log
[2025-09-08T17:14:21.820Z] [LOG] [dotenv@17.2.1] injecting env (0) from .env -- tip: ⚙️  write to custom object with { processEnv: myObject }
[2025-09-08T17:14:21.824Z] [LOG] Setting up Frequency network with options: {
  "wasmOverride": "./wasm/frequency_runtime.wasm",
  "blockNumber": 3000000,
  "endpoint": [
    "wss://0.rpc.frequency.xyz"
  ],
  "port": 8000,
  "mockSignatureHost": true,
  "runtimeLogLevel": 5,
  "db": "frequency-db.sqlite"
}
[2025-09-08T17:14:25.151Z] [LOG] Setting up Polkadot network with options: {
  "blockNumber": 14500000,
  "endpoint": [
    "wss://rpc.ibp.network/polkadot"
  ],
  "db": "polkadot-db.sqlite"
}
[2025-09-08T17:14:27.092Z] [LOG] balanceAssetHub {
  "nonce": "0",
  "consumers": "0",
  "providers": "0",
  "sufficients": "0",
  "data": {
    "free": "0",
    "reserved": "0",
    "frozen": "0",
    "flags": "170,141,183,460,469,231,731,687,303,715,884,105,728"
  }
}
[2025-09-08T17:14:27.106Z] [LOG] balance {
  "balance": "120,000,000,000",
  "status": "Liquid",
  "reason": "Consumer",
  "extra": null
}
[2025-09-08T17:14:30.393Z] [LOG] assetHubTx 0xe8041f0803010100ad200300010100d17c2d7823ebf260fd138f2d7e27d114c0145d968b5ff5006125f2414fadae69030400010000c80000000000
[2025-09-08T17:14:30.393Z] [LOG] bob address 5GoNkf6WdbxCFnPdAnYYQyCjAKPJgLNxXwPjwTh6DGg6gN3E
[2025-09-08T17:14:31.088Z] [LOG] signedTx 0xe8041f0803010100ad200300010100d17c2d7823ebf260fd138f2d7e27d114c0145d968b5ff5006125f2414fadae69030400010000c80000000000
[2025-09-08T17:14:31.311Z] [ERROR] 2025-09-08 11:14:31        RPC-CORE: submitAndWatchExtrinsic(extrinsic: Extrinsic): ExtrinsicStatus:: 1010: {"invalid":{"payment":null}}
[2025-09-08T17:14:31.311Z] [ERROR] 2025-09-08 11:14:31        RPC-CORE: submitAndWatchExtrinsic(extrinsic: Extrinsic): ExtrinsicStatus:: 1010: {"invalid":{"payment":null}}
[2025-09-08T17:14:54.998Z] [LOG] Test setup initialized - logging to test-output.log
[2025-09-08T17:14:55.227Z] [LOG] [dotenv@17.2.1] injecting env (0) from .env -- tip: ⚙️  write to custom object with { processEnv: myObject }
[2025-09-08T17:14:55.230Z] [LOG] Setting up Frequency network with options: {
  "wasmOverride": "./wasm/frequency_runtime.wasm",
  "blockNumber": 3000000,
  "endpoint": [
    "wss://0.rpc.frequency.xyz"
  ],
  "port": 8000,
  "mockSignatureHost": true,
  "runtimeLogLevel": 5,
  "db": "frequency-db.sqlite"
}
[2025-09-08T17:14:58.325Z] [LOG] Setting up Polkadot network with options: {
  "blockNumber": 14500000,
  "endpoint": [
    "wss://rpc.ibp.network/polkadot"
  ],
  "db": "polkadot-db.sqlite"
}
[2025-09-08T17:15:00.157Z] [LOG] balanceAssetHub {
  "nonce": "0",
  "consumers": "0",
  "providers": "0",
  "sufficients": "0",
  "data": {
    "free": "0",
    "reserved": "0",
    "frozen": "0",
    "flags": "170,141,183,460,469,231,731,687,303,715,884,105,728"
  }
}
[2025-09-08T17:15:00.171Z] [LOG] balance {
  "balance": "120,000,000,000",
  "status": "Liquid",
  "reason": "Consumer",
  "extra": null
}
[2025-09-08T17:15:03.602Z] [LOG] assetHubTx 0xe8041f0803010100ad200300010100d17c2d7823ebf260fd138f2d7e27d114c0145d968b5ff5006125f2414fadae69030400010000c80000000000
[2025-09-08T17:15:03.603Z] [LOG] bob address 5GoNkf6WdbxCFnPdAnYYQyCjAKPJgLNxXwPjwTh6DGg6gN3E
[2025-09-08T17:15:13.418Z] [LOG] Test setup initialized - logging to test-output.log
[2025-09-08T17:15:13.646Z] [LOG] [dotenv@17.2.1] injecting env (0) from .env -- tip: 🔐 encrypt with Dotenvx: https://dotenvx.com
[2025-09-08T17:15:13.649Z] [LOG] Setting up Frequency network with options: {
  "wasmOverride": "./wasm/frequency_runtime.wasm",
  "blockNumber": 3000000,
  "endpoint": [
    "wss://0.rpc.frequency.xyz"
  ],
  "port": 8000,
  "mockSignatureHost": true,
  "runtimeLogLevel": 5,
  "db": "frequency-db.sqlite"
}
[2025-09-08T17:15:16.663Z] [LOG] Setting up Polkadot network with options: {
  "blockNumber": 14500000,
  "endpoint": [
    "wss://rpc.ibp.network/polkadot"
  ],
  "db": "polkadot-db.sqlite"
}
[2025-09-08T17:15:18.412Z] [LOG] balanceAssetHub {
  "nonce": "0",
  "consumers": "0",
  "providers": "0",
  "sufficients": "0",
  "data": {
    "free": "0",
    "reserved": "0",
    "frozen": "0",
    "flags": "170,141,183,460,469,231,731,687,303,715,884,105,728"
  }
}
[2025-09-08T17:15:18.428Z] [LOG] balance {
  "balance": "120,000,000,000",
  "status": "Liquid",
  "reason": "Consumer",
  "extra": null
}
[2025-09-08T17:15:21.968Z] [LOG] assetHubTx 0xe8041f0803010100ad200300010100d17c2d7823ebf260fd138f2d7e27d114c0145d968b5ff5006125f2414fadae69030400010000c80000000000
[2025-09-08T17:15:21.969Z] [LOG] bob address 5GoNkf6WdbxCFnPdAnYYQyCjAKPJgLNxXwPjwTh6DGg6gN3E
[2025-09-08T17:15:22.910Z] [ERROR] 2025-09-08 11:15:22        RPC-CORE: submitAndWatchExtrinsic(extrinsic: Extrinsic): ExtrinsicStatus:: 1010: {"invalid":{"payment":null}}
[2025-09-08T17:15:22.911Z] [ERROR] 2025-09-08 11:15:22        RPC-CORE: submitAndWatchExtrinsic(extrinsic: Extrinsic): ExtrinsicStatus:: 1010: {"invalid":{"payment":null}}
[2025-09-08T17:18:08.318Z] [LOG] Test setup initialized - logging to test-output.log
[2025-09-08T17:18:08.659Z] [LOG] [dotenv@17.2.1] injecting env (0) from .env -- tip: ⚙️  specify custom .env file path with { path: '/custom/path/.env' }
[2025-09-08T17:18:08.663Z] [LOG] Setting up Frequency network with options: {
  "wasmOverride": "./wasm/frequency_runtime.wasm",
  "blockNumber": 3000000,
  "endpoint": [
    "wss://0.rpc.frequency.xyz"
  ],
  "port": 8000,
  "mockSignatureHost": true,
  "runtimeLogLevel": 5,
  "db": "frequency-db.sqlite"
}
[2025-09-08T17:18:12.029Z] [LOG] Setting up Polkadot network with options: {
  "blockNumber": 14500000,
  "endpoint": [
    "wss://rpc.ibp.network/polkadot"
  ],
  "db": "polkadot-db.sqlite"
}
[2025-09-08T17:18:14.039Z] [LOG] balanceAssetHub {
  "nonce": "0",
  "consumers": "0",
  "providers": "0",
  "sufficients": "0",
  "data": {
    "free": "0",
    "reserved": "0",
    "frozen": "0",
    "flags": "170,141,183,460,469,231,731,687,303,715,884,105,728"
  }
}
[2025-09-08T17:18:14.052Z] [LOG] balance {
  "balance": "120,000,000,000",
  "status": "Liquid",
  "reason": "Consumer",
  "extra": null
}
[2025-09-08T17:18:17.341Z] [LOG] assetHubTx 0xe8041f0803010100ad200300010100d17c2d7823ebf260fd138f2d7e27d114c0145d968b5ff5006125f2414fadae69030400010000c80000000000
[2025-09-08T17:18:17.341Z] [LOG] bob address 5GoNkf6WdbxCFnPdAnYYQyCjAKPJgLNxXwPjwTh6DGg6gN3E
[2025-09-08T17:18:18.257Z] [ERROR] 2025-09-08 11:18:18        RPC-CORE: submitAndWatchExtrinsic(extrinsic: Extrinsic): ExtrinsicStatus:: 1010: {"invalid":{"payment":null}}
[2025-09-08T17:18:18.258Z] [ERROR] 2025-09-08 11:18:18        RPC-CORE: submitAndWatchExtrinsic(extrinsic: Extrinsic): ExtrinsicStatus:: 1010: {"invalid":{"payment":null}}
[2025-09-08T17:18:42.031Z] [LOG] Test setup initialized - logging to test-output.log
[2025-09-08T17:18:42.252Z] [LOG] [dotenv@17.2.1] injecting env (0) from .env -- tip: ⚙️  enable debug logging with { debug: true }
[2025-09-08T17:18:42.255Z] [LOG] Setting up Frequency network with options: {
  "wasmOverride": "./wasm/frequency_runtime.wasm",
  "blockNumber": 3000000,
  "endpoint": [
    "wss://0.rpc.frequency.xyz"
  ],
  "port": 8000,
  "mockSignatureHost": true,
  "runtimeLogLevel": 5,
  "db": "frequency-db.sqlite"
}
[2025-09-08T17:18:45.315Z] [LOG] Setting up Polkadot network with options: {
  "blockNumber": 14500000,
  "endpoint": [
    "wss://rpc.ibp.network/polkadot"
  ],
  "db": "polkadot-db.sqlite"
}
[2025-09-08T17:18:47.112Z] [LOG] balanceAssetHub {
  "nonce": "0",
  "consumers": "0",
  "providers": "0",
  "sufficients": "0",
  "data": {
    "free": "0",
    "reserved": "0",
    "frozen": "0",
    "flags": "170,141,183,460,469,231,731,687,303,715,884,105,728"
  }
}
[2025-09-08T17:18:47.126Z] [LOG] balance {
  "balance": "120,000,000,000",
  "status": "Liquid",
  "reason": "Consumer",
  "extra": null
}
[2025-09-08T17:18:50.402Z] [LOG] assetHubTx 0xe8041f0803010100ad200300010100d17c2d7823ebf260fd138f2d7e27d114c0145d968b5ff5006125f2414fadae69030400010000c80000000000
[2025-09-08T17:18:50.402Z] [LOG] bob address 5GoNkf6WdbxCFnPdAnYYQyCjAKPJgLNxXwPjwTh6DGg6gN3E
[2025-09-08T17:18:51.315Z] [ERROR] 2025-09-08 11:18:51        RPC-CORE: submitAndWatchExtrinsic(extrinsic: Extrinsic): ExtrinsicStatus:: 1010: {"invalid":{"payment":null}}
[2025-09-08T17:18:51.316Z] [ERROR] 2025-09-08 11:18:51        RPC-CORE: submitAndWatchExtrinsic(extrinsic: Extrinsic): ExtrinsicStatus:: 1010: {"invalid":{"payment":null}}
[2025-09-08T17:19:53.266Z] [LOG] Test setup initialized - logging to test-output.log
[2025-09-08T17:19:53.509Z] [LOG] [dotenv@17.2.1] injecting env (0) from .env -- tip: ⚙️  load multiple .env files with { path: ['.env.local', '.env'] }
[2025-09-08T17:19:53.513Z] [LOG] Setting up Frequency network with options: {
  "wasmOverride": "./wasm/frequency_runtime.wasm",
  "blockNumber": 3000000,
  "endpoint": [
    "wss://0.rpc.frequency.xyz"
  ],
  "port": 8000,
  "mockSignatureHost": true,
  "runtimeLogLevel": 5,
  "db": "frequency-db.sqlite"
}
[2025-09-08T17:19:56.991Z] [LOG] Setting up Polkadot network with options: {
  "blockNumber": 14500000,
  "endpoint": [
    "wss://rpc.ibp.network/polkadot"
  ],
  "db": "polkadot-db.sqlite"
}
[2025-09-08T17:19:59.071Z] [LOG] balanceAssetHub {
  "nonce": "0",
  "consumers": "0",
  "providers": "0",
  "sufficients": "0",
  "data": {
    "free": "0",
    "reserved": "0",
    "frozen": "0",
    "flags": "170,141,183,460,469,231,731,687,303,715,884,105,728"
  }
}
[2025-09-08T17:19:59.085Z] [LOG] balance {
  "balance": "120,000,000,000",
  "status": "Liquid",
  "reason": "Consumer",
  "extra": null
}
[2025-09-08T17:20:02.756Z] [LOG] assetHubTx 0xe8041f0803010100ad200300010100d17c2d7823ebf260fd138f2d7e27d114c0145d968b5ff5006125f2414fadae69030400010000c80000000000
[2025-09-08T17:20:02.757Z] [LOG] bob address 5GoNkf6WdbxCFnPdAnYYQyCjAKPJgLNxXwPjwTh6DGg6gN3E
[2025-09-08T17:20:03.737Z] [ERROR] 2025-09-08 11:20:03        RPC-CORE: submitAndWatchExtrinsic(extrinsic: Extrinsic): ExtrinsicStatus:: 1010: {"invalid":{"payment":null}}
[2025-09-08T17:20:03.738Z] [ERROR] 2025-09-08 11:20:03        RPC-CORE: submitAndWatchExtrinsic(extrinsic: Extrinsic): ExtrinsicStatus:: 1010: {"invalid":{"payment":null}}
[2025-09-08T17:23:03.291Z] [LOG] Test setup initialized - logging to test-output.log
[2025-09-08T17:23:03.656Z] [LOG] [dotenv@17.2.1] injecting env (0) from .env -- tip: ⚙️  specify custom .env file path with { path: '/custom/path/.env' }
[2025-09-08T17:23:03.659Z] [LOG] Setting up Frequency network with options: {
  "wasmOverride": "./wasm/frequency_runtime.wasm",
  "blockNumber": 3000000,
  "endpoint": [
    "wss://0.rpc.frequency.xyz"
  ],
  "port": 8000,
  "mockSignatureHost": true,
  "runtimeLogLevel": 5,
  "db": "frequency-db.sqlite"
}
[2025-09-08T17:23:10.639Z] [LOG] Setting up Polkadot network with options: {
  "blockNumber": 14500000,
  "endpoint": [
    "wss://rpc.ibp.network/polkadot"
  ],
  "db": "polkadot-db.sqlite"
}
[2025-09-08T17:23:13.205Z] [LOG] balanceAssetHub {
  "nonce": "0",
  "consumers": "0",
  "providers": "0",
  "sufficients": "0",
  "data": {
    "free": "0",
    "reserved": "0",
    "frozen": "0",
    "flags": "170,141,183,460,469,231,731,687,303,715,884,105,728"
  }
}
[2025-09-08T17:23:13.224Z] [LOG] balance {
  "balance": "120,000,000,000",
  "status": "Liquid",
  "reason": "Consumer",
  "extra": null
}
[2025-09-08T17:23:16.559Z] [LOG] assetHubTx 0xe8041f0803010100ad200300010100d17c2d7823ebf260fd138f2d7e27d114c0145d968b5ff5006125f2414fadae69030400010000c80000000000
[2025-09-08T17:23:16.559Z] [LOG] bob address 5GoNkf6WdbxCFnPdAnYYQyCjAKPJgLNxXwPjwTh6DGg6gN3E
[2025-09-08T17:23:21.871Z] [ERROR] 2025-09-08 11:23:21        RPC-CORE: submitAndWatchExtrinsic(extrinsic: Extrinsic): ExtrinsicStatus:: 1010: {"invalid":{"payment":null}}
[2025-09-08T17:23:21.872Z] [ERROR] 2025-09-08 11:23:21        RPC-CORE: submitAndWatchExtrinsic(extrinsic: Extrinsic): ExtrinsicStatus:: 1010: {"invalid":{"payment":null}}
[2025-09-08T17:23:22.468Z] [LOG] Test setup initialized - logging to test-output.log
[2025-09-08T17:23:22.704Z] [LOG] [dotenv@17.2.1] injecting env (0) from .env -- tip: ⚙️  write to custom object with { processEnv: myObject }
[2025-09-08T17:23:22.707Z] [LOG] Setting up Frequency network with options: {
  "wasmOverride": "./wasm/frequency_runtime.wasm",
  "blockNumber": 3000000,
  "endpoint": [
    "wss://0.rpc.frequency.xyz"
  ],
  "port": 8000,
  "mockSignatureHost": true,
  "runtimeLogLevel": 5,
  "db": "frequency-db.sqlite"
}
[2025-09-08T17:23:29.173Z] [LOG] Setting up Polkadot network with options: {
  "blockNumber": 14500000,
  "endpoint": [
    "wss://rpc.ibp.network/polkadot"
  ],
  "db": "polkadot-db.sqlite"
}
[2025-09-08T17:23:31.684Z] [LOG] balanceAssetHub {
  "nonce": "0",
  "consumers": "0",
  "providers": "0",
  "sufficients": "0",
  "data": {
    "free": "0",
    "reserved": "0",
    "frozen": "0",
    "flags": "170,141,183,460,469,231,731,687,303,715,884,105,728"
  }
}
[2025-09-08T17:23:31.699Z] [LOG] balance {
  "balance": "120,000,000,000",
  "status": "Liquid",
  "reason": "Consumer",
  "extra": null
}
[2025-09-08T17:23:35.001Z] [LOG] assetHubTx 0xe8041f0803010100ad200300010100d17c2d7823ebf260fd138f2d7e27d114c0145d968b5ff5006125f2414fadae69030400010000c80000000000
[2025-09-08T17:23:35.001Z] [LOG] bob address 5GoNkf6WdbxCFnPdAnYYQyCjAKPJgLNxXwPjwTh6DGg6gN3E
[2025-09-08T17:23:40.278Z] [ERROR] 2025-09-08 11:23:40        RPC-CORE: submitAndWatchExtrinsic(extrinsic: Extrinsic): ExtrinsicStatus:: 1010: {"invalid":{"payment":null}}
[2025-09-08T17:23:40.280Z] [ERROR] 2025-09-08 11:23:40        RPC-CORE: submitAndWatchExtrinsic(extrinsic: Extrinsic): ExtrinsicStatus:: 1010: {"invalid":{"payment":null}}
[2025-09-08T17:23:40.839Z] [LOG] Test setup initialized - logging to test-output.log
[2025-09-08T17:23:41.072Z] [LOG] [dotenv@17.2.1] injecting env (0) from .env -- tip: 🔐 prevent committing .env to code: https://dotenvx.com/precommit
[2025-09-08T17:23:41.075Z] [LOG] Setting up Frequency network with options: {
  "wasmOverride": "./wasm/frequency_runtime.wasm",
  "blockNumber": 3000000,
  "endpoint": [
    "wss://0.rpc.frequency.xyz"
  ],
  "port": 8000,
  "mockSignatureHost": true,
  "runtimeLogLevel": 5,
  "db": "frequency-db.sqlite"
}
[2025-09-08T17:23:44.010Z] [LOG] Setting up Polkadot network with options: {
  "blockNumber": 14500000,
  "endpoint": [
    "wss://rpc.ibp.network/polkadot"
  ],
  "db": "polkadot-db.sqlite"
}
[2025-09-08T17:23:45.796Z] [LOG] balanceAssetHub {
  "nonce": "0",
  "consumers": "0",
  "providers": "0",
  "sufficients": "0",
  "data": {
    "free": "0",
    "reserved": "0",
    "frozen": "0",
    "flags": "170,141,183,460,469,231,731,687,303,715,884,105,728"
  }
}
[2025-09-08T17:23:45.810Z] [LOG] balance {
  "balance": "120,000,000,000",
  "status": "Liquid",
  "reason": "Consumer",
  "extra": null
}
[2025-09-08T17:23:49.084Z] [LOG] assetHubTx 0xe8041f0803010100ad200300010100d17c2d7823ebf260fd138f2d7e27d114c0145d968b5ff5006125f2414fadae69030400010000c80000000000
[2025-09-08T17:23:49.084Z] [LOG] bob address 5GoNkf6WdbxCFnPdAnYYQyCjAKPJgLNxXwPjwTh6DGg6gN3E
[2025-09-08T17:23:49.979Z] [ERROR] 2025-09-08 11:23:49        RPC-CORE: submitAndWatchExtrinsic(extrinsic: Extrinsic): ExtrinsicStatus:: 1010: {"invalid":{"payment":null}}
[2025-09-08T17:23:49.980Z] [ERROR] 2025-09-08 11:23:49        RPC-CORE: submitAndWatchExtrinsic(extrinsic: Extrinsic): ExtrinsicStatus:: 1010: {"invalid":{"payment":null}}
[2025-09-08T17:25:51.706Z] [LOG] Test setup initialized - logging to test-output.log
[2025-09-08T17:25:52.096Z] [LOG] [dotenv@17.2.1] injecting env (0) from .env -- tip: 📡 observe env with Radar: https://dotenvx.com/radar
[2025-09-08T17:25:52.098Z] [LOG] Setting up Frequency network with options: {
  "wasmOverride": "./wasm/frequency_runtime.wasm",
  "blockNumber": 3000000,
  "endpoint": [
    "wss://0.rpc.frequency.xyz"
  ],
  "port": 8000,
  "mockSignatureHost": true,
  "runtimeLogLevel": 5,
  "db": "frequency-db.sqlite"
}
[2025-09-08T17:25:55.416Z] [LOG] Setting up Polkadot network with options: {
  "blockNumber": 14500000,
  "endpoint": [
    "wss://rpc.ibp.network/polkadot"
  ],
  "db": "polkadot-db.sqlite"
}
[2025-09-08T17:25:57.464Z] [LOG] balanceAssetHub {
  "nonce": "0",
  "consumers": "0",
  "providers": "0",
  "sufficients": "0",
  "data": {
    "free": "0",
    "reserved": "0",
    "frozen": "0",
    "flags": "170,141,183,460,469,231,731,687,303,715,884,105,728"
  }
}
[2025-09-08T17:25:57.478Z] [LOG] balance {
  "balance": "120,000,000,000",
  "status": "Liquid",
  "reason": "Consumer",
  "extra": null
}
[2025-09-08T17:26:00.833Z] [LOG] assetHubTx 0xe8041f0803010100ad200300010100d17c2d7823ebf260fd138f2d7e27d114c0145d968b5ff5006125f2414fadae69030400010000c80000000000
[2025-09-08T17:26:00.833Z] [LOG] bob address 5GoNkf6WdbxCFnPdAnYYQyCjAKPJgLNxXwPjwTh6DGg6gN3E
[2025-09-08T17:26:01.788Z] [ERROR] 2025-09-08 11:26:01        RPC-CORE: submitAndWatchExtrinsic(extrinsic: Extrinsic): ExtrinsicStatus:: 1010: {"invalid":{"payment":null}}
[2025-09-08T17:26:01.789Z] [ERROR] 2025-09-08 11:26:01        RPC-CORE: submitAndWatchExtrinsic(extrinsic: Extrinsic): ExtrinsicStatus:: 1010: {"invalid":{"payment":null}}
[2025-09-08T17:26:25.089Z] [LOG] Test setup initialized - logging to test-output.log
[2025-09-08T17:26:25.360Z] [LOG] [dotenv@17.2.1] injecting env (0) from .env -- tip: 🔐 encrypt with Dotenvx: https://dotenvx.com
[2025-09-08T17:26:25.363Z] [LOG] Setting up Frequency network with options: {
  "wasmOverride": "./wasm/frequency_runtime.wasm",
  "blockNumber": 3000000,
  "endpoint": [
    "wss://0.rpc.frequency.xyz"
  ],
  "port": 8000,
  "mockSignatureHost": true,
  "runtimeLogLevel": 5,
  "db": "frequency-db.sqlite"
}
[2025-09-08T17:26:28.502Z] [LOG] Setting up Polkadot network with options: {
  "blockNumber": 14500000,
  "endpoint": [
    "wss://rpc.ibp.network/polkadot"
  ],
  "db": "polkadot-db.sqlite"
}
[2025-09-08T17:26:30.410Z] [LOG] balanceAssetHub {
  "nonce": "0",
  "consumers": "0",
  "providers": "0",
  "sufficients": "0",
  "data": {
    "free": "0",
    "reserved": "0",
    "frozen": "0",
    "flags": "170,141,183,460,469,231,731,687,303,715,884,105,728"
  }
}
[2025-09-08T17:26:30.426Z] [LOG] balance {
  "balance": "120,000,000,000",
  "status": "Liquid",
  "reason": "Consumer",
  "extra": null
}
[2025-09-08T17:26:33.710Z] [LOG] assetHubTx 0xe8041f0803010100ad200300010100d17c2d7823ebf260fd138f2d7e27d114c0145d968b5ff5006125f2414fadae69030400010000c80000000000
[2025-09-08T17:26:33.711Z] [LOG] bob address 5GoNkf6WdbxCFnPdAnYYQyCjAKPJgLNxXwPjwTh6DGg6gN3E
[2025-09-08T17:26:34.619Z] [ERROR] 2025-09-08 11:26:34        RPC-CORE: submitAndWatchExtrinsic(extrinsic: Extrinsic): ExtrinsicStatus:: 1010: {"invalid":{"payment":null}}
[2025-09-08T17:26:34.620Z] [ERROR] 2025-09-08 11:26:34        RPC-CORE: submitAndWatchExtrinsic(extrinsic: Extrinsic): ExtrinsicStatus:: 1010: {"invalid":{"payment":null}}
[2025-09-08T17:27:32.931Z] [LOG] Test setup initialized - logging to test-output.log
[2025-09-08T17:27:33.159Z] [LOG] [dotenv@17.2.1] injecting env (0) from .env -- tip: ⚙️  load multiple .env files with { path: ['.env.local', '.env'] }
[2025-09-08T17:27:33.163Z] [LOG] Setting up Frequency network with options: {
  "wasmOverride": "./wasm/frequency_runtime.wasm",
  "blockNumber": 3000000,
  "endpoint": [
    "wss://0.rpc.frequency.xyz"
  ],
  "port": 8000,
  "mockSignatureHost": true,
  "runtimeLogLevel": 5,
  "db": "frequency-db.sqlite"
}
[2025-09-08T17:27:36.412Z] [LOG] Setting up Polkadot network with options: {
  "blockNumber": 14500000,
  "endpoint": [
    "wss://rpc.ibp.network/polkadot"
  ],
  "db": "polkadot-db.sqlite"
}
[2025-09-08T17:27:38.445Z] [LOG] balanceAssetHub {
  "nonce": "0",
  "consumers": "0",
  "providers": "0",
  "sufficients": "0",
  "data": {
    "free": "0",
    "reserved": "0",
    "frozen": "0",
    "flags": "170,141,183,460,469,231,731,687,303,715,884,105,728"
  }
}
[2025-09-08T17:27:38.460Z] [LOG] balance {
  "balance": "120,000,000,000",
  "status": "Liquid",
  "reason": "Consumer",
  "extra": null
}
[2025-09-08T17:27:41.754Z] [LOG] assetHubTx 0xe8041f0803010100ad200300010100d17c2d7823ebf260fd138f2d7e27d114c0145d968b5ff5006125f2414fadae69030400010000c80000000000
[2025-09-08T17:27:41.755Z] [LOG] bob address 5GoNkf6WdbxCFnPdAnYYQyCjAKPJgLNxXwPjwTh6DGg6gN3E
[2025-09-08T17:27:50.965Z] [LOG] Test setup initialized - logging to test-output.log
[2025-09-08T17:27:51.207Z] [LOG] [dotenv@17.2.1] injecting env (0) from .env -- tip: 📡 version env with Radar: https://dotenvx.com/radar
[2025-09-08T17:27:51.211Z] [LOG] Setting up Frequency network with options: {
  "wasmOverride": "./wasm/frequency_runtime.wasm",
  "blockNumber": 3000000,
  "endpoint": [
    "wss://0.rpc.frequency.xyz"
  ],
  "port": 8000,
  "mockSignatureHost": true,
  "runtimeLogLevel": 5,
  "db": "frequency-db.sqlite"
}
[2025-09-08T17:27:54.304Z] [LOG] Setting up Polkadot network with options: {
  "blockNumber": 14500000,
  "endpoint": [
    "wss://rpc.ibp.network/polkadot"
  ],
  "db": "polkadot-db.sqlite"
}
[2025-09-08T17:27:56.016Z] [LOG] balanceAssetHub {
  "nonce": "0",
  "consumers": "0",
  "providers": "0",
  "sufficients": "0",
  "data": {
    "free": "0",
    "reserved": "0",
    "frozen": "0",
    "flags": "170,141,183,460,469,231,731,687,303,715,884,105,728"
  }
}
[2025-09-08T17:27:56.030Z] [LOG] balance {
  "balance": "120,000,000,000",
  "status": "Liquid",
  "reason": "Consumer",
  "extra": null
}
[2025-09-08T17:27:59.288Z] [LOG] assetHubTx 0xe8041f0803010100ad200300010100d17c2d7823ebf260fd138f2d7e27d114c0145d968b5ff5006125f2414fadae69030400010000c80000000000
[2025-09-08T17:27:59.288Z] [LOG] bob address 5GoNkf6WdbxCFnPdAnYYQyCjAKPJgLNxXwPjwTh6DGg6gN3E
[2025-09-08T17:28:34.057Z] [LOG] Test setup initialized - logging to test-output.log
[2025-09-08T17:28:34.271Z] [LOG] [dotenv@17.2.1] injecting env (0) from .env -- tip: ⚙️  suppress all logs with { quiet: true }
[2025-09-08T17:28:34.273Z] [LOG] Setting up Frequency network with options: {
  "wasmOverride": "./wasm/frequency_runtime.wasm",
  "blockNumber": 3000000,
  "endpoint": [
    "wss://0.rpc.frequency.xyz"
  ],
  "port": 8000,
  "mockSignatureHost": true,
  "runtimeLogLevel": 5,
  "db": "frequency-db.sqlite"
}
[2025-09-08T17:28:37.238Z] [LOG] Setting up Polkadot network with options: {
  "blockNumber": 14500000,
  "endpoint": [
    "wss://rpc.ibp.network/polkadot"
  ],
  "db": "polkadot-db.sqlite"
}
[2025-09-08T17:28:38.999Z] [LOG] balanceAssetHub {
  "nonce": "0",
  "consumers": "0",
  "providers": "0",
  "sufficients": "0",
  "data": {
    "free": "0",
    "reserved": "0",
    "frozen": "0",
    "flags": "170,141,183,460,469,231,731,687,303,715,884,105,728"
  }
}
[2025-09-08T17:28:39.013Z] [LOG] balance {
  "balance": "120,000,000,000",
  "status": "Liquid",
  "reason": "Consumer",
  "extra": null
}
[2025-09-08T17:28:42.274Z] [LOG] assetHubTx 0xe8041f0803010100ad200300010100d17c2d7823ebf260fd138f2d7e27d114c0145d968b5ff5006125f2414fadae69030400010000c80000000000
[2025-09-08T17:28:42.274Z] [LOG] bob address 5GoNkf6WdbxCFnPdAnYYQyCjAKPJgLNxXwPjwTh6DGg6gN3E
[2025-09-08T17:29:37.371Z] [LOG] Test setup initialized - logging to test-output.log
[2025-09-08T17:29:37.596Z] [LOG] [dotenv@17.2.1] injecting env (0) from .env -- tip: ⚙️  load multiple .env files with { path: ['.env.local', '.env'] }
[2025-09-08T17:29:37.598Z] [LOG] Setting up Frequency network with options: {
  "wasmOverride": "./wasm/frequency_runtime.wasm",
  "blockNumber": 3000000,
  "endpoint": [
    "wss://0.rpc.frequency.xyz"
  ],
  "port": 8000,
  "mockSignatureHost": true,
  "runtimeLogLevel": 5,
  "db": "frequency-db.sqlite"
}
[2025-09-08T17:29:40.793Z] [LOG] Setting up Polkadot network with options: {
  "blockNumber": 14500000,
  "endpoint": [
    "wss://rpc.ibp.network/polkadot"
  ],
  "db": "polkadot-db.sqlite"
}
[2025-09-08T17:29:42.641Z] [LOG] balanceAssetHub {
  "nonce": "0",
  "consumers": "0",
  "providers": "0",
  "sufficients": "0",
  "data": {
    "free": "0",
    "reserved": "0",
    "frozen": "0",
    "flags": "170,141,183,460,469,231,731,687,303,715,884,105,728"
  }
}
[2025-09-08T17:29:42.653Z] [LOG] balance {
  "balance": "120,000,000,000",
  "status": "Liquid",
  "reason": "Consumer",
  "extra": null
}
[2025-09-08T17:29:45.931Z] [LOG] assetHubTx 0xe8041f0803010100ad200300010100d17c2d7823ebf260fd138f2d7e27d114c0145d968b5ff5006125f2414fadae69030400010000c80000000000
[2025-09-08T17:29:45.931Z] [LOG] bob address 5GoNkf6WdbxCFnPdAnYYQyCjAKPJgLNxXwPjwTh6DGg6gN3E
[2025-09-08T17:30:13.843Z] [LOG] Test setup initialized - logging to test-output.log
[2025-09-08T17:30:14.067Z] [LOG] [dotenv@17.2.1] injecting env (0) from .env -- tip: 🔐 encrypt with Dotenvx: https://dotenvx.com
[2025-09-08T17:30:14.070Z] [LOG] Setting up Frequency network with options: {
  "wasmOverride": "./wasm/frequency_runtime.wasm",
  "blockNumber": 3000000,
  "endpoint": [
    "wss://0.rpc.frequency.xyz"
  ],
  "port": 8000,
  "mockSignatureHost": true,
  "runtimeLogLevel": 5,
  "db": "frequency-db.sqlite"
}
[2025-09-08T17:30:17.092Z] [LOG] Setting up Polkadot network with options: {
  "blockNumber": 14500000,
  "endpoint": [
    "wss://rpc.ibp.network/polkadot"
  ],
  "db": "polkadot-db.sqlite"
}
[2025-09-08T17:30:18.905Z] [LOG] balanceAssetHub {
  "nonce": "0",
  "consumers": "0",
  "providers": "0",
  "sufficients": "0",
  "data": {
    "free": "0",
    "reserved": "0",
    "frozen": "0",
    "flags": "170,141,183,460,469,231,731,687,303,715,884,105,728"
  }
}
[2025-09-08T17:30:18.915Z] [LOG] balance {
  "balance": "120,000,000,000",
  "status": "Liquid",
  "reason": "Consumer",
  "extra": null
}
[2025-09-08T17:30:22.262Z] [LOG] assetHubTx 0xe8041f0803010100ad200300010100d17c2d7823ebf260fd138f2d7e27d114c0145d968b5ff5006125f2414fadae69030400010000c80000000000
[2025-09-08T17:30:22.262Z] [LOG] bob address 5GoNkf6WdbxCFnPdAnYYQyCjAKPJgLNxXwPjwTh6DGg6gN3E
[2025-09-08T17:31:02.753Z] [LOG] Test setup initialized - logging to test-output.log
[2025-09-08T17:31:03.021Z] [LOG] [dotenv@17.2.1] injecting env (0) from .env -- tip: 🔐 encrypt with Dotenvx: https://dotenvx.com
[2025-09-08T17:31:03.023Z] [LOG] Setting up Frequency network with options: {
  "wasmOverride": "./wasm/frequency_runtime.wasm",
  "blockNumber": 3000000,
  "endpoint": [
    "wss://0.rpc.frequency.xyz"
  ],
  "port": 8000,
  "mockSignatureHost": true,
  "runtimeLogLevel": 5,
  "db": "frequency-db.sqlite"
}
[2025-09-08T17:31:06.168Z] [LOG] Setting up Polkadot network with options: {
  "blockNumber": 14500000,
  "endpoint": [
    "wss://rpc.ibp.network/polkadot"
  ],
  "db": "polkadot-db.sqlite"
}
[2025-09-08T17:31:08.340Z] [LOG] balanceAssetHub {
  "nonce": "0",
  "consumers": "0",
  "providers": "0",
  "sufficients": "0",
  "data": {
    "free": "0",
    "reserved": "0",
    "frozen": "0",
    "flags": "170,141,183,460,469,231,731,687,303,715,884,105,728"
  }
}
[2025-09-08T17:31:08.355Z] [LOG] balance {
  "balance": "120,000,000,000",
  "status": "Liquid",
  "reason": "Consumer",
  "extra": null
}
[2025-09-08T17:31:11.658Z] [LOG] assetHubTx 0xe8041f0803010100ad200300010100d17c2d7823ebf260fd138f2d7e27d114c0145d968b5ff5006125f2414fadae69030400010000c80000000000
[2025-09-08T17:31:11.659Z] [LOG] bob address 5GoNkf6WdbxCFnPdAnYYQyCjAKPJgLNxXwPjwTh6DGg6gN3E
[2025-09-08T17:31:30.301Z] [LOG] Test setup initialized - logging to test-output.log
[2025-09-08T17:31:30.553Z] [LOG] [dotenv@17.2.1] injecting env (0) from .env -- tip: 🔐 prevent building .env in docker: https://dotenvx.com/prebuild
[2025-09-08T17:31:30.556Z] [LOG] Setting up Frequency network with options: {
  "wasmOverride": "./wasm/frequency_runtime.wasm",
  "blockNumber": 3000000,
  "endpoint": [
    "wss://0.rpc.frequency.xyz"
  ],
  "port": 8000,
  "mockSignatureHost": true,
  "runtimeLogLevel": 5,
  "db": "frequency-db.sqlite"
}
[2025-09-08T17:31:33.647Z] [LOG] Setting up Polkadot network with options: {
  "blockNumber": 14500000,
  "endpoint": [
    "wss://rpc.ibp.network/polkadot"
  ],
  "db": "polkadot-db.sqlite"
}
[2025-09-08T17:31:35.462Z] [LOG] balanceAssetHub {
  "nonce": "0",
  "consumers": "0",
  "providers": "0",
  "sufficients": "0",
  "data": {
    "free": "0",
    "reserved": "0",
    "frozen": "0",
    "flags": "170,141,183,460,469,231,731,687,303,715,884,105,728"
  }
}
[2025-09-08T17:31:35.472Z] [LOG] balance {
  "balance": "120,000,000,000",
  "status": "Liquid",
  "reason": "Consumer",
  "extra": null
}
[2025-09-08T17:31:38.809Z] [LOG] assetHubTx 0xe8041f0803010100ad200300010100d17c2d7823ebf260fd138f2d7e27d114c0145d968b5ff5006125f2414fadae69030400010000c80000000000
[2025-09-08T17:31:38.809Z] [LOG] bob address 5GoNkf6WdbxCFnPdAnYYQyCjAKPJgLNxXwPjwTh6DGg6gN3E
[2025-09-08T17:33:24.470Z] [LOG] Test setup initialized - logging to test-output.log
[2025-09-08T17:33:24.689Z] [LOG] [dotenv@17.2.1] injecting env (0) from .env -- tip: ⚙️  specify custom .env file path with { path: '/custom/path/.env' }
[2025-09-08T17:33:24.691Z] [LOG] Setting up Frequency network with options: {
  "wasmOverride": "./wasm/frequency_runtime.wasm",
  "blockNumber": 3000000,
  "endpoint": [
    "wss://0.rpc.frequency.xyz"
  ],
  "port": 8000,
  "mockSignatureHost": true,
  "runtimeLogLevel": 5,
  "db": "frequency-db.sqlite"
}
[2025-09-08T17:33:27.916Z] [LOG] Setting up Polkadot network with options: {
  "blockNumber": 14500000,
  "endpoint": [
    "wss://rpc.ibp.network/polkadot"
  ],
  "db": "polkadot-db.sqlite"
}
[2025-09-08T17:33:29.738Z] [LOG] balanceAssetHub {
  "nonce": "0",
  "consumers": "0",
  "providers": "0",
  "sufficients": "0",
  "data": {
    "free": "0",
    "reserved": "0",
    "frozen": "0",
    "flags": "170,141,183,460,469,231,731,687,303,715,884,105,728"
  }
}
[2025-09-08T17:33:29.748Z] [LOG] balance {
  "balance": "120,000,000,000",
  "status": "Liquid",
  "reason": "Consumer",
  "extra": null
}
[2025-09-08T17:33:33.057Z] [LOG] assetHubTx 0xe8041f0803010100ad200300010100d17c2d7823ebf260fd138f2d7e27d114c0145d968b5ff5006125f2414fadae69030400010000c80000000000
[2025-09-08T17:33:33.058Z] [LOG] bob address 5GoNkf6WdbxCFnPdAnYYQyCjAKPJgLNxXwPjwTh6DGg6gN3E
[2025-09-08T17:34:08.137Z] [LOG] Test setup initialized - logging to test-output.log
[2025-09-08T17:34:08.368Z] [LOG] [dotenv@17.2.1] injecting env (0) from .env -- tip: ⚙️  write to custom object with { processEnv: myObject }
[2025-09-08T17:34:08.371Z] [LOG] Setting up Frequency network with options: {
  "wasmOverride": "./wasm/frequency_runtime.wasm",
  "blockNumber": 3000000,
  "endpoint": [
    "wss://0.rpc.frequency.xyz"
  ],
  "port": 8000,
  "mockSignatureHost": true,
  "runtimeLogLevel": 5,
  "db": "frequency-db.sqlite"
}
[2025-09-08T17:34:11.413Z] [LOG] Setting up Polkadot network with options: {
  "blockNumber": 14500000,
  "endpoint": [
    "wss://rpc.ibp.network/polkadot"
  ],
  "db": "polkadot-db.sqlite"
}
[2025-09-08T17:34:13.219Z] [LOG] balanceAssetHub {
  "nonce": "0",
  "consumers": "0",
  "providers": "0",
  "sufficients": "0",
  "data": {
    "free": "0",
    "reserved": "0",
    "frozen": "0",
    "flags": "170,141,183,460,469,231,731,687,303,715,884,105,728"
  }
}
[2025-09-08T17:34:13.231Z] [LOG] balance {
  "balance": "120,000,000,000",
  "status": "Liquid",
  "reason": "Consumer",
  "extra": null
}
[2025-09-08T17:34:16.532Z] [LOG] assetHubTx 0xe8041f0803010100ad200300010100d17c2d7823ebf260fd138f2d7e27d114c0145d968b5ff5006125f2414fadae69030400010000c80000000000
[2025-09-08T17:34:16.532Z] [LOG] bob address 5GoNkf6WdbxCFnPdAnYYQyCjAKPJgLNxXwPjwTh6DGg6gN3E
[2025-09-08T17:34:18.060Z] [LOG] Test setup initialized - logging to test-output.log
[2025-09-08T17:34:18.291Z] [LOG] [dotenv@17.2.1] injecting env (0) from .env -- tip: ⚙️  enable debug logging with { debug: true }
[2025-09-08T17:34:18.294Z] [LOG] Setting up Frequency network with options: {
  "wasmOverride": "./wasm/frequency_runtime.wasm",
  "blockNumber": 3000000,
  "endpoint": [
    "wss://0.rpc.frequency.xyz"
  ],
  "port": 8000,
  "mockSignatureHost": true,
  "runtimeLogLevel": 5,
  "db": "frequency-db.sqlite"
}
[2025-09-08T17:34:21.357Z] [LOG] Setting up Polkadot network with options: {
  "blockNumber": 14500000,
  "endpoint": [
    "wss://rpc.ibp.network/polkadot"
  ],
  "db": "polkadot-db.sqlite"
}
[2025-09-08T17:34:23.176Z] [LOG] balanceAssetHub {
  "nonce": "0",
  "consumers": "0",
  "providers": "0",
  "sufficients": "0",
  "data": {
    "free": "0",
    "reserved": "0",
    "frozen": "0",
    "flags": "170,141,183,460,469,231,731,687,303,715,884,105,728"
  }
}
[2025-09-08T17:34:23.186Z] [LOG] balance {
  "balance": "120,000,000,000",
  "status": "Liquid",
  "reason": "Consumer",
  "extra": null
}
[2025-09-08T17:34:26.435Z] [LOG] assetHubTx 0xe8041f0803010100ad200300010100d17c2d7823ebf260fd138f2d7e27d114c0145d968b5ff5006125f2414fadae69030400010000c80000000000
[2025-09-08T17:34:26.435Z] [LOG] bob address 5GoNkf6WdbxCFnPdAnYYQyCjAKPJgLNxXwPjwTh6DGg6gN3E
[2025-09-08T17:43:24.134Z] [LOG] Test setup initialized - logging to test-output.log
[2025-09-08T17:43:24.740Z] [LOG] [dotenv@17.2.1] injecting env (0) from .env -- tip: 🔐 prevent committing .env to code: https://dotenvx.com/precommit
[2025-09-08T17:43:24.742Z] [LOG] Setting up Frequency network with options: {
  "wasmOverride": "./wasm/frequency_runtime.wasm",
  "blockNumber": 3000000,
  "endpoint": [
    "wss://0.rpc.frequency.xyz"
  ],
  "port": 8000,
  "mockSignatureHost": true,
  "runtimeLogLevel": 5,
  "db": "frequency-db.sqlite"
}
[2025-09-08T17:43:28.413Z] [LOG] Setting up Polkadot network with options: {
  "blockNumber": 14500000,
  "endpoint": [
    "wss://rpc.ibp.network/polkadot"
  ],
  "db": "polkadot-db.sqlite"
}
[2025-09-08T17:43:30.560Z] [LOG] balanceAssetHub {
  "nonce": "0",
  "consumers": "0",
  "providers": "0",
  "sufficients": "0",
  "data": {
    "free": "0",
    "reserved": "0",
    "frozen": "0",
    "flags": "170,141,183,460,469,231,731,687,303,715,884,105,728"
  }
}
[2025-09-08T17:43:30.569Z] [LOG] balance {
  "balance": "120,000,000,000",
  "status": "Liquid",
  "reason": "Consumer",
  "extra": null
}
[2025-09-08T17:43:33.856Z] [LOG] assetHubTx 0xe8041f0803010100ad200300010100d17c2d7823ebf260fd138f2d7e27d114c0145d968b5ff5006125f2414fadae69030400010000c80000000000
[2025-09-08T17:43:33.857Z] [LOG] bob address 5GoNkf6WdbxCFnPdAnYYQyCjAKPJgLNxXwPjwTh6DGg6gN3E
[2025-09-08T17:44:30.124Z] [LOG] Test setup initialized - logging to test-output.log
[2025-09-08T17:44:30.379Z] [LOG] [dotenv@17.2.1] injecting env (0) from .env -- tip: ⚙️  load multiple .env files with { path: ['.env.local', '.env'] }
[2025-09-08T17:44:30.382Z] [LOG] Setting up Frequency network with options: {
  "wasmOverride": "./wasm/frequency_runtime.wasm",
  "blockNumber": 3000000,
  "endpoint": [
    "wss://0.rpc.frequency.xyz"
  ],
  "port": 8000,
  "mockSignatureHost": true,
  "runtimeLogLevel": 5,
  "db": "frequency-db.sqlite"
}
[2025-09-08T17:44:33.392Z] [LOG] Setting up Polkadot network with options: {
  "blockNumber": 14500000,
  "endpoint": [
    "wss://rpc.ibp.network/polkadot"
  ],
  "db": "polkadot-db.sqlite"
}
[2025-09-08T17:44:35.208Z] [LOG] balanceAssetHub {
  "nonce": "0",
  "consumers": "0",
  "providers": "0",
  "sufficients": "0",
  "data": {
    "free": "0",
    "reserved": "0",
    "frozen": "0",
    "flags": "170,141,183,460,469,231,731,687,303,715,884,105,728"
  }
}
[2025-09-08T17:44:35.220Z] [LOG] balance {
  "balance": "120,000,000,000",
  "status": "Liquid",
  "reason": "Consumer",
  "extra": null
}
[2025-09-08T17:44:38.500Z] [LOG] assetHubTx 0xe8041f0803010100ad200300010100d17c2d7823ebf260fd138f2d7e27d114c0145d968b5ff5006125f2414fadae69030400010000c80000000000
[2025-09-08T17:44:38.501Z] [LOG] bob address 5GoNkf6WdbxCFnPdAnYYQyCjAKPJgLNxXwPjwTh6DGg6gN3E
[2025-09-08T17:49:19.302Z] [LOG] Test setup initialized - logging to test-output.log
[2025-09-08T17:49:19.613Z] [LOG] [dotenv@17.2.1] injecting env (0) from .env -- tip: ⚙️  specify custom .env file path with { path: '/custom/path/.env' }
[2025-09-08T17:49:19.616Z] [LOG] Setting up Frequency network with options: {
  "wasmOverride": "./wasm/frequency_runtime.wasm",
  "blockNumber": 3000000,
  "endpoint": [
    "wss://0.rpc.frequency.xyz"
  ],
  "port": 8000,
  "mockSignatureHost": true,
  "runtimeLogLevel": 5,
  "db": "frequency-db.sqlite"
}
[2025-09-08T17:49:22.730Z] [LOG] Setting up Polkadot network with options: {
  "blockNumber": 14500000,
  "endpoint": [
    "wss://rpc.ibp.network/polkadot"
  ],
  "db": "polkadot-db.sqlite"
}
[2025-09-08T17:49:24.649Z] [LOG] balanceAssetHub {
  "nonce": "0",
  "consumers": "0",
  "providers": "0",
  "sufficients": "0",
  "data": {
    "free": "0",
    "reserved": "0",
    "frozen": "0",
    "flags": "170,141,183,460,469,231,731,687,303,715,884,105,728"
  }
}
[2025-09-08T17:49:24.656Z] [LOG] balance {
  "balance": "120,000,000,000",
  "status": "Liquid",
  "reason": "Consumer",
  "extra": null
}
[2025-09-08T17:49:27.741Z] [LOG] assetHubTx 0xe8041f0803010100ad200300010100d17c2d7823ebf260fd138f2d7e27d114c0145d968b5ff5006125f2414fadae69030400010000c80000000000
[2025-09-08T17:49:27.741Z] [LOG] bob address 5GoNkf6WdbxCFnPdAnYYQyCjAKPJgLNxXwPjwTh6DGg6gN3E
[2025-09-08T17:49:32.639Z] [LOG] Test setup initialized - logging to test-output.log
[2025-09-08T17:49:32.828Z] [LOG] [dotenv@17.2.1] injecting env (0) from .env -- tip: ⚙️  enable debug logging with { debug: true }
[2025-09-08T17:49:32.830Z] [LOG] Setting up Frequency network with options: {
  "wasmOverride": "./wasm/frequency_runtime.wasm",
  "blockNumber": 3000000,
  "endpoint": [
    "wss://0.rpc.frequency.xyz"
  ],
  "port": 8000,
  "mockSignatureHost": true,
  "runtimeLogLevel": 5,
  "db": "frequency-db.sqlite"
}
[2025-09-08T17:49:35.647Z] [LOG] Setting up Polkadot network with options: {
  "blockNumber": 14500000,
  "endpoint": [
    "wss://rpc.ibp.network/polkadot"
  ],
  "db": "polkadot-db.sqlite"
}
[2025-09-08T17:49:37.361Z] [LOG] balanceAssetHub {
  "nonce": "0",
  "consumers": "0",
  "providers": "0",
  "sufficients": "0",
  "data": {
    "free": "0",
    "reserved": "0",
    "frozen": "0",
    "flags": "170,141,183,460,469,231,731,687,303,715,884,105,728"
  }
}
[2025-09-08T17:49:37.368Z] [LOG] balance {
  "balance": "120,000,000,000",
  "status": "Liquid",
  "reason": "Consumer",
  "extra": null
}
[2025-09-08T17:49:40.370Z] [LOG] assetHubTx 0xe8041f0803010100ad200300010100d17c2d7823ebf260fd138f2d7e27d114c0145d968b5ff5006125f2414fadae69030400010000c80000000000
[2025-09-08T17:49:40.370Z] [LOG] bob address 5GoNkf6WdbxCFnPdAnYYQyCjAKPJgLNxXwPjwTh6DGg6gN3E
[2025-09-08T17:49:55.639Z] [LOG] Test setup initialized - logging to test-output.log
[2025-09-08T17:49:55.821Z] [LOG] [dotenv@17.2.1] injecting env (0) from .env -- tip: ⚙️  suppress all logs with { quiet: true }
[2025-09-08T17:49:55.823Z] [LOG] Setting up Frequency network with options: {
  "wasmOverride": "./wasm/frequency_runtime.wasm",
  "blockNumber": 3000000,
  "endpoint": [
    "wss://0.rpc.frequency.xyz"
  ],
  "port": 8000,
  "mockSignatureHost": true,
  "runtimeLogLevel": 5,
  "db": "frequency-db.sqlite"
}
[2025-09-08T17:49:58.625Z] [LOG] Setting up Polkadot network with options: {
  "blockNumber": 14500000,
  "endpoint": [
    "wss://rpc.ibp.network/polkadot"
  ],
  "db": "polkadot-db.sqlite"
}
[2025-09-08T17:50:00.357Z] [LOG] balanceAssetHub {
  "nonce": "0",
  "consumers": "0",
  "providers": "0",
  "sufficients": "0",
  "data": {
    "free": "0",
    "reserved": "0",
    "frozen": "0",
    "flags": "170,141,183,460,469,231,731,687,303,715,884,105,728"
  }
}
[2025-09-08T17:50:00.366Z] [LOG] balance {
  "balance": "120,000,000,000",
  "status": "Liquid",
  "reason": "Consumer",
  "extra": null
}
[2025-09-08T17:50:03.504Z] [LOG] assetHubTx 0xe8041f0803010100ad200300010100d17c2d7823ebf260fd138f2d7e27d114c0145d968b5ff5006125f2414fadae69030400010000c80000000000
[2025-09-08T17:50:03.505Z] [LOG] bob address 5GoNkf6WdbxCFnPdAnYYQyCjAKPJgLNxXwPjwTh6DGg6gN3E
[2025-09-08T17:50:21.203Z] [LOG] Test setup initialized - logging to test-output.log
[2025-09-08T17:50:21.410Z] [LOG] [dotenv@17.2.1] injecting env (0) from .env -- tip: ⚙️  enable debug logging with { debug: true }
[2025-09-08T17:50:21.412Z] [LOG] Setting up Frequency network with options: {
  "wasmOverride": "./wasm/frequency_runtime.wasm",
  "blockNumber": 3000000,
  "endpoint": [
    "wss://0.rpc.frequency.xyz"
  ],
  "port": 8000,
  "mockSignatureHost": true,
  "runtimeLogLevel": 5,
  "db": "frequency-db.sqlite"
}
[2025-09-08T17:50:24.031Z] [LOG] Setting up Polkadot network with options: {
  "blockNumber": 14500000,
  "endpoint": [
    "wss://rpc.ibp.network/polkadot"
  ],
  "db": "polkadot-db.sqlite"
}
[2025-09-08T17:50:25.724Z] [LOG] balanceAssetHub {
  "nonce": "0",
  "consumers": "0",
  "providers": "0",
  "sufficients": "0",
  "data": {
    "free": "0",
    "reserved": "0",
    "frozen": "0",
    "flags": "170,141,183,460,469,231,731,687,303,715,884,105,728"
  }
}
[2025-09-08T17:50:25.731Z] [LOG] balance {
  "balance": "120,000,000,000",
  "status": "Liquid",
  "reason": "Consumer",
  "extra": null
}
[2025-09-08T17:50:28.914Z] [LOG] assetHubTx 0xe8041f0803010100ad200300010100d17c2d7823ebf260fd138f2d7e27d114c0145d968b5ff5006125f2414fadae69030400010000c80000000000
[2025-09-08T17:50:28.915Z] [LOG] bob address 5GoNkf6WdbxCFnPdAnYYQyCjAKPJgLNxXwPjwTh6DGg6gN3E
[2025-09-08T17:50:29.778Z] [LOG] Transaction is ready in pool
[2025-09-08T17:50:49.621Z] [LOG] Test setup initialized - logging to test-output.log
[2025-09-08T17:50:49.836Z] [LOG] [dotenv@17.2.1] injecting env (0) from .env -- tip: ⚙️  write to custom object with { processEnv: myObject }
[2025-09-08T17:50:49.839Z] [LOG] Setting up Frequency network with options: {
  "wasmOverride": "./wasm/frequency_runtime.wasm",
  "blockNumber": 3000000,
  "endpoint": [
    "wss://0.rpc.frequency.xyz"
  ],
  "port": 8000,
  "mockSignatureHost": true,
  "runtimeLogLevel": 5,
  "db": "frequency-db.sqlite"
}
[2025-09-08T17:50:52.554Z] [LOG] Setting up Polkadot network with options: {
  "blockNumber": 14500000,
  "endpoint": [
    "wss://rpc.ibp.network/polkadot"
  ],
  "db": "polkadot-db.sqlite"
}
[2025-09-08T17:50:54.300Z] [LOG] balanceAssetHub {
  "nonce": "0",
  "consumers": "0",
  "providers": "0",
  "sufficients": "0",
  "data": {
    "free": "0",
    "reserved": "0",
    "frozen": "0",
    "flags": "170,141,183,460,469,231,731,687,303,715,884,105,728"
  }
}
[2025-09-08T17:50:54.306Z] [LOG] balance {
  "balance": "120,000,000,000",
  "status": "Liquid",
  "reason": "Consumer",
  "extra": null
}
[2025-09-08T17:50:57.317Z] [LOG] assetHubTx 0xe8041f0803010100ad200300010100d17c2d7823ebf260fd138f2d7e27d114c0145d968b5ff5006125f2414fadae69030400010000c80000000000
[2025-09-08T17:50:57.317Z] [LOG] bob address 5GoNkf6WdbxCFnPdAnYYQyCjAKPJgLNxXwPjwTh6DGg6gN3E
[2025-09-08T17:50:58.223Z] [LOG] Transaction is ready in pool
[2025-09-08T17:51:52.439Z] [LOG] Test setup initialized - logging to test-output.log
[2025-09-08T17:51:52.628Z] [LOG] [dotenv@17.2.1] injecting env (0) from .env -- tip: 🔐 prevent committing .env to code: https://dotenvx.com/precommit
[2025-09-08T17:51:52.630Z] [LOG] Setting up Frequency network with options: {
  "wasmOverride": "./wasm/frequency_runtime.wasm",
  "blockNumber": 3000000,
  "endpoint": [
    "wss://0.rpc.frequency.xyz"
  ],
  "port": 8000,
  "mockSignatureHost": true,
  "runtimeLogLevel": 5,
  "db": "frequency-db.sqlite"
}
[2025-09-08T17:51:55.247Z] [LOG] Setting up Polkadot network with options: {
  "blockNumber": 14500000,
  "endpoint": [
    "wss://rpc.ibp.network/polkadot"
  ],
  "db": "polkadot-db.sqlite"
}
[2025-09-08T17:51:56.913Z] [LOG] balanceAssetHub {
  "nonce": "0",
  "consumers": "0",
  "providers": "0",
  "sufficients": "0",
  "data": {
    "free": "0",
    "reserved": "0",
    "frozen": "0",
    "flags": "170,141,183,460,469,231,731,687,303,715,884,105,728"
  }
}
[2025-09-08T17:51:56.920Z] [LOG] balance {
  "balance": "120,000,000,000",
  "status": "Liquid",
  "reason": "Consumer",
  "extra": null
}
[2025-09-08T17:52:00.056Z] [LOG] assetHubTx 0xe8041f0803010100ad200300010100d17c2d7823ebf260fd138f2d7e27d114c0145d968b5ff5006125f2414fadae69030400010000c80000000000
[2025-09-08T17:52:00.056Z] [LOG] bob address 5GoNkf6WdbxCFnPdAnYYQyCjAKPJgLNxXwPjwTh6DGg6gN3E
[2025-09-08T17:52:00.892Z] [LOG] Transaction is ready in pool
[2025-09-08T17:52:03.701Z] [LOG] Test setup initialized - logging to test-output.log
[2025-09-08T17:52:03.906Z] [LOG] [dotenv@17.2.1] injecting env (0) from .env -- tip: 📡 observe env with Radar: https://dotenvx.com/radar
[2025-09-08T17:52:03.908Z] [LOG] Setting up Frequency network with options: {
  "wasmOverride": "./wasm/frequency_runtime.wasm",
  "blockNumber": 3000000,
  "endpoint": [
    "wss://0.rpc.frequency.xyz"
  ],
  "port": 8000,
  "mockSignatureHost": true,
  "runtimeLogLevel": 5,
  "db": "frequency-db.sqlite"
}
[2025-09-08T17:52:06.541Z] [LOG] Setting up Polkadot network with options: {
  "blockNumber": 14500000,
  "endpoint": [
    "wss://rpc.ibp.network/polkadot"
  ],
  "db": "polkadot-db.sqlite"
}
[2025-09-08T17:52:08.157Z] [LOG] balanceAssetHub {
  "nonce": "0",
  "consumers": "0",
  "providers": "0",
  "sufficients": "0",
  "data": {
    "free": "0",
    "reserved": "0",
    "frozen": "0",
    "flags": "170,141,183,460,469,231,731,687,303,715,884,105,728"
  }
}
[2025-09-08T17:52:08.168Z] [LOG] balance {
  "balance": "120,000,000,000",
  "status": "Liquid",
  "reason": "Consumer",
  "extra": null
}
[2025-09-08T17:52:11.235Z] [LOG] assetHubTx 0xe8041f0803010100ad200300010100d17c2d7823ebf260fd138f2d7e27d114c0145d968b5ff5006125f2414fadae69030400010000c80000000000
[2025-09-08T17:52:11.235Z] [LOG] bob address 5GoNkf6WdbxCFnPdAnYYQyCjAKPJgLNxXwPjwTh6DGg6gN3E
[2025-09-08T17:52:12.036Z] [LOG] Transaction is ready in pool
[2025-09-08T17:52:12.543Z] [LOG] Test setup initialized - logging to test-output.log
[2025-09-08T17:52:12.728Z] [LOG] [dotenv@17.2.1] injecting env (0) from .env -- tip: 🔐 prevent building .env in docker: https://dotenvx.com/prebuild
[2025-09-08T17:52:12.730Z] [LOG] Setting up Frequency network with options: {
  "wasmOverride": "./wasm/frequency_runtime.wasm",
  "blockNumber": 3000000,
  "endpoint": [
    "wss://0.rpc.frequency.xyz"
  ],
  "port": 8000,
  "mockSignatureHost": true,
  "runtimeLogLevel": 5,
  "db": "frequency-db.sqlite"
}
[2025-09-08T17:52:15.413Z] [LOG] Setting up Polkadot network with options: {
  "blockNumber": 14500000,
  "endpoint": [
    "wss://rpc.ibp.network/polkadot"
  ],
  "db": "polkadot-db.sqlite"
}
[2025-09-08T17:52:17.058Z] [LOG] balanceAssetHub {
  "nonce": "0",
  "consumers": "0",
  "providers": "0",
  "sufficients": "0",
  "data": {
    "free": "0",
    "reserved": "0",
    "frozen": "0",
    "flags": "170,141,183,460,469,231,731,687,303,715,884,105,728"
  }
}
[2025-09-08T17:52:17.065Z] [LOG] balance {
  "balance": "120,000,000,000",
  "status": "Liquid",
  "reason": "Consumer",
  "extra": null
}
[2025-09-08T17:52:20.084Z] [LOG] assetHubTx 0xe8041f0803010100ad200300010100d17c2d7823ebf260fd138f2d7e27d114c0145d968b5ff5006125f2414fadae69030400010000c80000000000
[2025-09-08T17:52:20.085Z] [LOG] bob address 5GoNkf6WdbxCFnPdAnYYQyCjAKPJgLNxXwPjwTh6DGg6gN3E
[2025-09-08T17:52:20.913Z] [LOG] Transaction is ready in pool
[2025-09-08T17:53:48.146Z] [LOG] Test setup initialized - logging to test-output.log
[2025-09-08T17:53:48.318Z] [LOG] [dotenv@17.2.1] injecting env (0) from .env -- tip: 📡 version env with Radar: https://dotenvx.com/radar
[2025-09-08T17:53:48.320Z] [LOG] Setting up Frequency network with options: {
  "wasmOverride": "./wasm/frequency_runtime.wasm",
  "blockNumber": 3000000,
  "endpoint": [
    "wss://0.rpc.frequency.xyz"
  ],
  "port": 8000,
  "mockSignatureHost": true,
  "runtimeLogLevel": 5,
  "db": "frequency-db.sqlite"
}
[2025-09-08T17:53:51.163Z] [LOG] Setting up Polkadot network with options: {
  "blockNumber": 14500000,
  "endpoint": [
    "wss://rpc.ibp.network/polkadot"
  ],
  "db": "polkadot-db.sqlite"
}
[2025-09-08T17:53:53.128Z] [LOG] balanceAssetHub {
  "nonce": "0",
  "consumers": "0",
  "providers": "0",
  "sufficients": "0",
  "data": {
    "free": "0",
    "reserved": "0",
    "frozen": "0",
    "flags": "170,141,183,460,469,231,731,687,303,715,884,105,728"
  }
}
[2025-09-08T17:53:53.134Z] [LOG] balance {
  "balance": "120,000,000,000",
  "status": "Liquid",
  "reason": "Consumer",
  "extra": null
}
[2025-09-08T17:53:56.154Z] [LOG] assetHubTx 0xe8041f0803010100ad200300010100d17c2d7823ebf260fd138f2d7e27d114c0145d968b5ff5006125f2414fadae69030400010000c80000000000
[2025-09-08T17:53:56.154Z] [LOG] bob address 5GoNkf6WdbxCFnPdAnYYQyCjAKPJgLNxXwPjwTh6DGg6gN3E
[2025-09-08T17:53:56.981Z] [LOG] Transaction is ready in pool
[2025-09-08T17:53:57.466Z] [LOG] Test setup initialized - logging to test-output.log
[2025-09-08T17:53:57.726Z] [LOG] [dotenv@17.2.1] injecting env (0) from .env -- tip: ⚙️  specify custom .env file path with { path: '/custom/path/.env' }
[2025-09-08T17:53:57.728Z] [LOG] Setting up Frequency network with options: {
  "wasmOverride": "./wasm/frequency_runtime.wasm",
  "blockNumber": 3000000,
  "endpoint": [
    "wss://0.rpc.frequency.xyz"
  ],
  "port": 8000,
  "mockSignatureHost": true,
  "runtimeLogLevel": 5,
  "db": "frequency-db.sqlite"
}
[2025-09-08T17:54:00.520Z] [LOG] Setting up Polkadot network with options: {
  "blockNumber": 14500000,
  "endpoint": [
    "wss://rpc.ibp.network/polkadot"
  ],
  "db": "polkadot-db.sqlite"
}
[2025-09-08T17:54:02.169Z] [LOG] balanceAssetHub {
  "nonce": "0",
  "consumers": "0",
  "providers": "0",
  "sufficients": "0",
  "data": {
    "free": "0",
    "reserved": "0",
    "frozen": "0",
    "flags": "170,141,183,460,469,231,731,687,303,715,884,105,728"
  }
}
[2025-09-08T17:54:02.178Z] [LOG] balance {
  "balance": "120,000,000,000",
  "status": "Liquid",
  "reason": "Consumer",
  "extra": null
}
[2025-09-08T17:54:05.209Z] [LOG] assetHubTx 0xe8041f0803010100ad200300010100d17c2d7823ebf260fd138f2d7e27d114c0145d968b5ff5006125f2414fadae69030400010000c80000000000
[2025-09-08T17:54:05.210Z] [LOG] bob address 5GoNkf6WdbxCFnPdAnYYQyCjAKPJgLNxXwPjwTh6DGg6gN3E
[2025-09-08T17:54:06.030Z] [LOG] Transaction is ready in pool
[2025-09-08T17:55:02.737Z] [LOG] Test setup initialized - logging to test-output.log
[2025-09-08T17:55:02.930Z] [LOG] [dotenv@17.2.1] injecting env (0) from .env -- tip: ⚙️  specify custom .env file path with { path: '/custom/path/.env' }
[2025-09-08T17:55:02.932Z] [LOG] Setting up Frequency network with options: {
  "wasmOverride": "./wasm/frequency_runtime.wasm",
  "blockNumber": 3000000,
  "endpoint": [
    "wss://0.rpc.frequency.xyz"
  ],
  "port": 8000,
  "mockSignatureHost": true,
  "runtimeLogLevel": 5,
  "db": "frequency-db.sqlite"
}
[2025-09-08T17:55:05.614Z] [LOG] Setting up Polkadot network with options: {
  "blockNumber": 14500000,
  "endpoint": [
    "wss://rpc.ibp.network/polkadot"
  ],
  "db": "polkadot-db.sqlite"
}
[2025-09-08T17:55:07.311Z] [LOG] balanceAssetHub {
  "nonce": "0",
  "consumers": "0",
  "providers": "0",
  "sufficients": "0",
  "data": {
    "free": "0",
    "reserved": "0",
    "frozen": "0",
    "flags": "170,141,183,460,469,231,731,687,303,715,884,105,728"
  }
}
[2025-09-08T17:55:07.319Z] [LOG] balance {
  "balance": "120,000,000,000",
  "status": "Liquid",
  "reason": "Consumer",
  "extra": null
}
[2025-09-08T17:55:10.359Z] [LOG] assetHubTx 0xe8041f0803010100ad200300010100d17c2d7823ebf260fd138f2d7e27d114c0145d968b5ff5006125f2414fadae69030400010000c80000000000
[2025-09-08T17:55:10.360Z] [LOG] bob address 5GoNkf6WdbxCFnPdAnYYQyCjAKPJgLNxXwPjwTh6DGg6gN3E
[2025-09-08T17:55:11.234Z] [LOG] Transaction is ready in pool
[2025-09-08T17:55:23.901Z] [LOG] Test setup initialized - logging to test-output.log
[2025-09-08T17:55:24.076Z] [LOG] [dotenv@17.2.1] injecting env (0) from .env -- tip: 🛠️  run anywhere with `dotenvx run -- yourcommand`
[2025-09-08T17:55:24.078Z] [LOG] Setting up Frequency network with options: {
  "wasmOverride": "./wasm/frequency_runtime.wasm",
  "blockNumber": 3000000,
  "endpoint": [
    "wss://0.rpc.frequency.xyz"
  ],
  "port": 8000,
  "mockSignatureHost": true,
  "runtimeLogLevel": 5,
  "db": "frequency-db.sqlite"
}
[2025-09-08T17:55:26.799Z] [LOG] Setting up Polkadot network with options: {
  "blockNumber": 14500000,
  "endpoint": [
    "wss://rpc.ibp.network/polkadot"
  ],
  "db": "polkadot-db.sqlite"
}
[2025-09-08T17:55:28.449Z] [LOG] balanceAssetHub {
  "nonce": "0",
  "consumers": "0",
  "providers": "0",
  "sufficients": "0",
  "data": {
    "free": "0",
    "reserved": "0",
    "frozen": "0",
    "flags": "170,141,183,460,469,231,731,687,303,715,884,105,728"
  }
}
[2025-09-08T17:55:28.456Z] [LOG] balance {
  "balance": "120,000,000,000",
  "status": "Liquid",
  "reason": "Consumer",
  "extra": null
}
[2025-09-08T17:55:31.551Z] [LOG] assetHubTx 0xe8041f0803010100ad200300010100d17c2d7823ebf260fd138f2d7e27d114c0145d968b5ff5006125f2414fadae69030400010000c80000000000
[2025-09-08T17:55:31.551Z] [LOG] bob address 5GoNkf6WdbxCFnPdAnYYQyCjAKPJgLNxXwPjwTh6DGg6gN3E
[2025-09-08T17:55:32.395Z] [LOG] Transaction is ready in pool
[2025-09-08T17:55:42.972Z] [LOG] Test setup initialized - logging to test-output.log
[2025-09-08T17:55:43.145Z] [LOG] [dotenv@17.2.1] injecting env (0) from .env -- tip: 🛠️  run anywhere with `dotenvx run -- yourcommand`
[2025-09-08T17:55:43.147Z] [LOG] Setting up Frequency network with options: {
  "wasmOverride": "./wasm/frequency_runtime.wasm",
  "blockNumber": 3000000,
  "endpoint": [
    "wss://0.rpc.frequency.xyz"
  ],
  "port": 8000,
  "mockSignatureHost": true,
  "runtimeLogLevel": 5,
  "db": "frequency-db.sqlite"
}
[2025-09-08T17:55:45.953Z] [LOG] Setting up Polkadot network with options: {
  "blockNumber": 14500000,
  "endpoint": [
    "wss://rpc.ibp.network/polkadot"
  ],
  "db": "polkadot-db.sqlite"
}
[2025-09-08T17:55:47.601Z] [LOG] balanceAssetHub {
  "nonce": "0",
  "consumers": "0",
  "providers": "0",
  "sufficients": "0",
  "data": {
    "free": "0",
    "reserved": "0",
    "frozen": "0",
    "flags": "170,141,183,460,469,231,731,687,303,715,884,105,728"
  }
}
[2025-09-08T17:55:47.609Z] [LOG] balance {
  "balance": "120,000,000,000",
  "status": "Liquid",
  "reason": "Consumer",
  "extra": null
}
[2025-09-08T17:55:50.760Z] [LOG] assetHubTx 0xe8041f0803010100ad200300010100d17c2d7823ebf260fd138f2d7e27d114c0145d968b5ff5006125f2414fadae69030400010000c80000000000
[2025-09-08T17:55:50.760Z] [LOG] bob address 5GoNkf6WdbxCFnPdAnYYQyCjAKPJgLNxXwPjwTh6DGg6gN3E
[2025-09-08T17:55:51.629Z] [LOG] Transaction is ready in pool
[2025-09-08T17:56:50.531Z] [LOG] Test setup initialized - logging to test-output.log
[2025-09-08T17:56:50.727Z] [LOG] [dotenv@17.2.1] injecting env (0) from .env -- tip: 🔐 encrypt with Dotenvx: https://dotenvx.com
[2025-09-08T17:56:50.729Z] [LOG] Setting up Frequency network with options: {
  "wasmOverride": "./wasm/frequency_runtime.wasm",
  "blockNumber": 3000000,
  "endpoint": [
    "wss://0.rpc.frequency.xyz"
  ],
  "port": 8000,
  "mockSignatureHost": true,
  "runtimeLogLevel": 5,
  "db": "frequency-db.sqlite"
}
[2025-09-08T17:56:53.503Z] [LOG] Setting up Polkadot network with options: {
  "blockNumber": 14500000,
  "endpoint": [
    "wss://rpc.ibp.network/polkadot"
  ],
  "db": "polkadot-db.sqlite"
}
[2025-09-08T17:56:55.557Z] [LOG] balanceAssetHub {
  "nonce": "0",
  "consumers": "0",
  "providers": "0",
  "sufficients": "0",
  "data": {
    "free": "0",
    "reserved": "0",
    "frozen": "0",
    "flags": "170,141,183,460,469,231,731,687,303,715,884,105,728"
  }
}
[2025-09-08T17:56:55.564Z] [LOG] balance {
  "balance": "120,000,000,000",
  "status": "Liquid",
  "reason": "Consumer",
  "extra": null
}
[2025-09-08T17:56:58.613Z] [LOG] assetHubTx 0xe8041f0803010100ad200300010100d17c2d7823ebf260fd138f2d7e27d114c0145d968b5ff5006125f2414fadae69030400010000c80000000000
[2025-09-08T17:56:58.613Z] [LOG] bob address 5GoNkf6WdbxCFnPdAnYYQyCjAKPJgLNxXwPjwTh6DGg6gN3E
[2025-09-08T17:56:59.467Z] [LOG] Transaction is ready in pool
[2025-09-08T17:57:11.912Z] [LOG] Test setup initialized - logging to test-output.log
[2025-09-08T17:57:12.124Z] [LOG] [dotenv@17.2.1] injecting env (0) from .env -- tip: ⚙️  specify custom .env file path with { path: '/custom/path/.env' }
[2025-09-08T17:57:12.127Z] [LOG] Setting up Frequency network with options: {
  "wasmOverride": "./wasm/frequency_runtime.wasm",
  "blockNumber": 3000000,
  "endpoint": [
    "wss://0.rpc.frequency.xyz"
  ],
  "port": 8000,
  "mockSignatureHost": true,
  "runtimeLogLevel": 5,
  "db": "frequency-db.sqlite"
}
[2025-09-08T17:57:14.775Z] [LOG] Setting up Polkadot network with options: {
  "blockNumber": 14500000,
  "endpoint": [
    "wss://rpc.ibp.network/polkadot"
  ],
  "db": "polkadot-db.sqlite"
}
[2025-09-08T17:57:16.445Z] [LOG] balanceAssetHub {
  "nonce": "0",
  "consumers": "0",
  "providers": "0",
  "sufficients": "0",
  "data": {
    "free": "0",
    "reserved": "0",
    "frozen": "0",
    "flags": "170,141,183,460,469,231,731,687,303,715,884,105,728"
  }
}
[2025-09-08T17:57:16.452Z] [LOG] balance {
  "balance": "120,000,000,000",
  "status": "Liquid",
  "reason": "Consumer",
  "extra": null
}
[2025-09-08T17:57:19.478Z] [LOG] assetHubTx 0xe8041f0803010100ad200300010100d17c2d7823ebf260fd138f2d7e27d114c0145d968b5ff5006125f2414fadae69030400010000c80000000000
[2025-09-08T17:57:19.478Z] [LOG] bob address 5GoNkf6WdbxCFnPdAnYYQyCjAKPJgLNxXwPjwTh6DGg6gN3E
[2025-09-08T17:57:20.297Z] [LOG] Transaction is ready in pool
[2025-09-08T17:57:32.102Z] [LOG] Test setup initialized - logging to test-output.log
[2025-09-08T17:57:32.292Z] [LOG] [dotenv@17.2.1] injecting env (0) from .env -- tip: ⚙️  load multiple .env files with { path: ['.env.local', '.env'] }
[2025-09-08T17:57:32.294Z] [LOG] Setting up Frequency network with options: {
  "wasmOverride": "./wasm/frequency_runtime.wasm",
  "blockNumber": 3000000,
  "endpoint": [
    "wss://0.rpc.frequency.xyz"
  ],
  "port": 8000,
  "mockSignatureHost": true,
  "runtimeLogLevel": 5,
  "db": "frequency-db.sqlite"
}
[2025-09-08T17:57:34.960Z] [LOG] Setting up Polkadot network with options: {
  "blockNumber": 14500000,
  "endpoint": [
    "wss://rpc.ibp.network/polkadot"
  ],
  "db": "polkadot-db.sqlite"
}
[2025-09-08T17:57:36.651Z] [LOG] balanceAssetHub {
  "nonce": "0",
  "consumers": "0",
  "providers": "0",
  "sufficients": "0",
  "data": {
    "free": "0",
    "reserved": "0",
    "frozen": "0",
    "flags": "170,141,183,460,469,231,731,687,303,715,884,105,728"
  }
}
[2025-09-08T17:57:36.658Z] [LOG] balance {
  "balance": "120,000,000,000",
  "status": "Liquid",
  "reason": "Consumer",
  "extra": null
}
[2025-09-08T17:57:39.882Z] [LOG] assetHubTx 0xe8041f0803010100ad200300010100d17c2d7823ebf260fd138f2d7e27d114c0145d968b5ff5006125f2414fadae69030400010000c80000000000
[2025-09-08T17:57:39.883Z] [LOG] bob address 5GoNkf6WdbxCFnPdAnYYQyCjAKPJgLNxXwPjwTh6DGg6gN3E
[2025-09-08T17:57:40.714Z] [LOG] Transaction is ready in pool
[2025-09-08T17:58:00.053Z] [LOG] Test setup initialized - logging to test-output.log
[2025-09-08T17:58:00.254Z] [LOG] [dotenv@17.2.1] injecting env (0) from .env -- tip: ⚙️  override existing env vars with { override: true }
[2025-09-08T17:58:00.256Z] [LOG] Setting up Frequency network with options: {
  "wasmOverride": "./wasm/frequency_runtime.wasm",
  "blockNumber": 3000000,
  "endpoint": [
    "wss://0.rpc.frequency.xyz"
  ],
  "port": 8000,
  "mockSignatureHost": true,
  "runtimeLogLevel": 5,
  "db": "frequency-db.sqlite"
}
[2025-09-08T17:58:02.987Z] [LOG] Setting up Polkadot network with options: {
  "blockNumber": 14500000,
  "endpoint": [
    "wss://rpc.ibp.network/polkadot"
  ],
  "db": "polkadot-db.sqlite"
}
[2025-09-08T17:58:04.696Z] [LOG] balanceAssetHub {
  "nonce": "0",
  "consumers": "0",
  "providers": "0",
  "sufficients": "0",
  "data": {
    "free": "0",
    "reserved": "0",
    "frozen": "0",
    "flags": "170,141,183,460,469,231,731,687,303,715,884,105,728"
  }
}
[2025-09-08T17:58:04.704Z] [LOG] balance {
  "balance": "120,000,000,000",
  "status": "Liquid",
  "reason": "Consumer",
  "extra": null
}
[2025-09-08T17:58:07.798Z] [LOG] assetHubTx 0xe8041f0803010100ad200300010100d17c2d7823ebf260fd138f2d7e27d114c0145d968b5ff5006125f2414fadae69030400010000c80000000000
[2025-09-08T17:58:07.798Z] [LOG] bob address 5GoNkf6WdbxCFnPdAnYYQyCjAKPJgLNxXwPjwTh6DGg6gN3E
[2025-09-08T17:58:08.651Z] [LOG] Transaction is ready in pool
[2025-09-08T17:58:32.020Z] [LOG] Test setup initialized - logging to test-output.log
[2025-09-08T17:58:32.210Z] [LOG] [dotenv@17.2.1] injecting env (0) from .env -- tip: 🛠️  run anywhere with `dotenvx run -- yourcommand`
[2025-09-08T17:58:32.212Z] [LOG] Setting up Frequency network with options: {
  "wasmOverride": "./wasm/frequency_runtime.wasm",
  "blockNumber": 3000000,
  "endpoint": [
    "wss://0.rpc.frequency.xyz"
  ],
  "port": 8000,
  "mockSignatureHost": true,
  "runtimeLogLevel": 5,
  "db": "frequency-db.sqlite"
}
[2025-09-08T17:58:34.974Z] [LOG] Setting up Polkadot network with options: {
  "blockNumber": 14500000,
  "endpoint": [
    "wss://rpc.ibp.network/polkadot"
  ],
  "db": "polkadot-db.sqlite"
}
[2025-09-08T17:58:36.883Z] [LOG] balanceAssetHub {
  "nonce": "0",
  "consumers": "0",
  "providers": "0",
  "sufficients": "0",
  "data": {
    "free": "0",
    "reserved": "0",
    "frozen": "0",
    "flags": "170,141,183,460,469,231,731,687,303,715,884,105,728"
  }
}
[2025-09-08T17:58:36.889Z] [LOG] balance {
  "balance": "120,000,000,000",
  "status": "Liquid",
  "reason": "Consumer",
  "extra": null
}
[2025-09-08T17:58:39.919Z] [LOG] assetHubTx 0xe8041f0803010100ad200300010100d17c2d7823ebf260fd138f2d7e27d114c0145d968b5ff5006125f2414fadae69030400010000c80000000000
[2025-09-08T17:58:39.919Z] [LOG] bob address 5GoNkf6WdbxCFnPdAnYYQyCjAKPJgLNxXwPjwTh6DGg6gN3E
[2025-09-08T17:58:40.754Z] [LOG] Transaction is ready in pool
[2025-09-08T17:58:52.918Z] [LOG] Test setup initialized - logging to test-output.log
[2025-09-08T17:58:53.099Z] [LOG] [dotenv@17.2.1] injecting env (0) from .env -- tip: ⚙️  override existing env vars with { override: true }
[2025-09-08T17:58:53.101Z] [LOG] Setting up Frequency network with options: {
  "wasmOverride": "./wasm/frequency_runtime.wasm",
  "blockNumber": 3000000,
  "endpoint": [
    "wss://0.rpc.frequency.xyz"
  ],
  "port": 8000,
  "mockSignatureHost": true,
  "runtimeLogLevel": 5,
  "db": "frequency-db.sqlite"
}
[2025-09-08T17:58:56.089Z] [LOG] Setting up Polkadot network with options: {
  "blockNumber": 14500000,
  "endpoint": [
    "wss://rpc.ibp.network/polkadot"
  ],
  "db": "polkadot-db.sqlite"
}
[2025-09-08T17:58:57.718Z] [LOG] balanceAssetHub {
  "nonce": "0",
  "consumers": "0",
  "providers": "0",
  "sufficients": "0",
  "data": {
    "free": "0",
    "reserved": "0",
    "frozen": "0",
    "flags": "170,141,183,460,469,231,731,687,303,715,884,105,728"
  }
}
[2025-09-08T17:58:57.726Z] [LOG] balance {
  "balance": "120,000,000,000",
  "status": "Liquid",
  "reason": "Consumer",
  "extra": null
}
[2025-09-08T17:59:00.823Z] [LOG] assetHubTx 0xe8041f0803010100ad200300010100d17c2d7823ebf260fd138f2d7e27d114c0145d968b5ff5006125f2414fadae69030400010000c80000000000
[2025-09-08T17:59:00.823Z] [LOG] bob address 5GoNkf6WdbxCFnPdAnYYQyCjAKPJgLNxXwPjwTh6DGg6gN3E
[2025-09-08T17:59:01.680Z] [LOG] Transaction is ready in pool
[2025-09-08T17:59:02.136Z] [LOG] Test setup initialized - logging to test-output.log
[2025-09-08T17:59:02.307Z] [LOG] [dotenv@17.2.1] injecting env (0) from .env -- tip: ⚙️  enable debug logging with { debug: true }
[2025-09-08T17:59:02.309Z] [LOG] Setting up Frequency network with options: {
  "wasmOverride": "./wasm/frequency_runtime.wasm",
  "blockNumber": 3000000,
  "endpoint": [
    "wss://0.rpc.frequency.xyz"
  ],
  "port": 8000,
  "mockSignatureHost": true,
  "runtimeLogLevel": 5,
  "db": "frequency-db.sqlite"
}
[2025-09-08T17:59:05.178Z] [LOG] Setting up Polkadot network with options: {
  "blockNumber": 14500000,
  "endpoint": [
    "wss://rpc.ibp.network/polkadot"
  ],
  "db": "polkadot-db.sqlite"
}
[2025-09-08T17:59:06.893Z] [LOG] balanceAssetHub {
  "nonce": "0",
  "consumers": "0",
  "providers": "0",
  "sufficients": "0",
  "data": {
    "free": "0",
    "reserved": "0",
    "frozen": "0",
    "flags": "170,141,183,460,469,231,731,687,303,715,884,105,728"
  }
}
[2025-09-08T17:59:06.900Z] [LOG] balance {
  "balance": "120,000,000,000",
  "status": "Liquid",
  "reason": "Consumer",
  "extra": null
}
[2025-09-08T17:59:09.899Z] [LOG] assetHubTx 0xe8041f0803010100ad200300010100d17c2d7823ebf260fd138f2d7e27d114c0145d968b5ff5006125f2414fadae69030400010000c80000000000
[2025-09-08T17:59:09.899Z] [LOG] bob address 5GoNkf6WdbxCFnPdAnYYQyCjAKPJgLNxXwPjwTh6DGg6gN3E
[2025-09-08T17:59:10.768Z] [LOG] Transaction is ready in pool
[2025-09-08T17:59:29.984Z] [LOG] Test setup initialized - logging to test-output.log
[2025-09-08T17:59:30.165Z] [LOG] [dotenv@17.2.1] injecting env (0) from .env -- tip: ⚙️  load multiple .env files with { path: ['.env.local', '.env'] }
[2025-09-08T17:59:30.167Z] [LOG] Setting up Frequency network with options: {
  "wasmOverride": "./wasm/frequency_runtime.wasm",
  "blockNumber": 3000000,
  "endpoint": [
    "wss://0.rpc.frequency.xyz"
  ],
  "port": 8000,
  "mockSignatureHost": true,
  "runtimeLogLevel": 5,
  "db": "frequency-db.sqlite"
}
[2025-09-08T17:59:32.896Z] [LOG] Setting up Polkadot network with options: {
  "blockNumber": 14500000,
  "endpoint": [
    "wss://rpc.ibp.network/polkadot"
  ],
  "db": "polkadot-db.sqlite"
}
[2025-09-08T17:59:34.515Z] [LOG] balanceAssetHub {
  "nonce": "0",
  "consumers": "0",
  "providers": "0",
  "sufficients": "0",
  "data": {
    "free": "0",
    "reserved": "0",
    "frozen": "0",
    "flags": "170,141,183,460,469,231,731,687,303,715,884,105,728"
  }
}
[2025-09-08T17:59:34.522Z] [LOG] balance {
  "balance": "120,000,000,000",
  "status": "Liquid",
  "reason": "Consumer",
  "extra": null
}
[2025-09-08T17:59:37.541Z] [LOG] assetHubTx 0xe8041f0803010100ad200300010100d17c2d7823ebf260fd138f2d7e27d114c0145d968b5ff5006125f2414fadae69030400010000c80000000000
[2025-09-08T17:59:37.541Z] [LOG] bob address 5GoNkf6WdbxCFnPdAnYYQyCjAKPJgLNxXwPjwTh6DGg6gN3E
[2025-09-08T17:59:38.387Z] [LOG] Transaction is ready in pool
[2025-09-08T18:00:28.624Z] [LOG] Test setup initialized - logging to test-output.log
[2025-09-08T18:00:28.809Z] [LOG] [dotenv@17.2.1] injecting env (0) from .env -- tip: ⚙️  load multiple .env files with { path: ['.env.local', '.env'] }
[2025-09-08T18:00:28.811Z] [LOG] Setting up Frequency network with options: {
  "wasmOverride": "./wasm/frequency_runtime.wasm",
  "blockNumber": 3000000,
  "endpoint": [
    "wss://0.rpc.frequency.xyz"
  ],
  "port": 8000,
  "mockSignatureHost": true,
  "runtimeLogLevel": 5,
  "db": "frequency-db.sqlite"
}
[2025-09-08T18:00:31.516Z] [LOG] Setting up Polkadot network with options: {
  "blockNumber": 14500000,
  "endpoint": [
    "wss://rpc.ibp.network/polkadot"
  ],
  "db": "polkadot-db.sqlite"
}
[2025-09-08T18:00:33.693Z] [LOG] balanceAssetHub {
  "nonce": "0",
  "consumers": "0",
  "providers": "0",
  "sufficients": "0",
  "data": {
    "free": "0",
    "reserved": "0",
    "frozen": "0",
    "flags": "170,141,183,460,469,231,731,687,303,715,884,105,728"
  }
}
[2025-09-08T18:00:33.700Z] [LOG] balance {
  "balance": "120,000,000,000",
  "status": "Liquid",
  "reason": "Consumer",
  "extra": null
}
[2025-09-08T18:00:36.751Z] [LOG] assetHubTx 0xe8041f0803010100ad200300010100d17c2d7823ebf260fd138f2d7e27d114c0145d968b5ff5006125f2414fadae69030400010000c80000000000
[2025-09-08T18:00:36.751Z] [LOG] bob address 5GoNkf6WdbxCFnPdAnYYQyCjAKPJgLNxXwPjwTh6DGg6gN3E
[2025-09-08T18:00:37.543Z] [LOG] Transaction is ready in pool
[2025-09-08T18:00:37.543Z] [LOG] taco---------
[2025-09-08T18:00:37.544Z] [LOG] taco---------
[2025-09-08T18:01:26.453Z] [LOG] Test setup initialized - logging to test-output.log
[2025-09-08T18:01:26.811Z] [LOG] [dotenv@17.2.1] injecting env (0) from .env -- tip: 📡 version env with Radar: https://dotenvx.com/radar
[2025-09-08T18:01:26.813Z] [LOG] Setting up Frequency network with options: {
  "wasmOverride": "./wasm/frequency_runtime.wasm",
  "blockNumber": 3000000,
  "endpoint": [
    "wss://0.rpc.frequency.xyz"
  ],
  "port": 8000,
  "mockSignatureHost": true,
  "runtimeLogLevel": 5,
  "db": "frequency-db.sqlite"
}
[2025-09-08T18:01:29.680Z] [LOG] Setting up Polkadot network with options: {
  "blockNumber": 14500000,
  "endpoint": [
    "wss://rpc.ibp.network/polkadot"
  ],
  "db": "polkadot-db.sqlite"
}
[2025-09-08T18:01:31.358Z] [LOG] balanceAssetHub {
  "nonce": "0",
  "consumers": "0",
  "providers": "0",
  "sufficients": "0",
  "data": {
    "free": "0",
    "reserved": "0",
    "frozen": "0",
    "flags": "170,141,183,460,469,231,731,687,303,715,884,105,728"
  }
}
[2025-09-08T18:01:31.366Z] [LOG] balance {
  "balance": "120,000,000,000",
  "status": "Liquid",
  "reason": "Consumer",
  "extra": null
}
[2025-09-08T18:01:34.451Z] [LOG] assetHubTx 0xe8041f0803010100ad200300010100d17c2d7823ebf260fd138f2d7e27d114c0145d968b5ff5006125f2414fadae69030400010000c80000000000
[2025-09-08T18:01:34.451Z] [LOG] bob address 5GoNkf6WdbxCFnPdAnYYQyCjAKPJgLNxXwPjwTh6DGg6gN3E
[2025-09-08T18:01:35.379Z] [LOG] Transaction is ready in pool
[2025-09-08T18:01:35.379Z] [LOG] taco---------
[2025-09-08T18:01:35.379Z] [LOG] taco---------
[2025-09-08T18:01:43.835Z] [LOG] Test setup initialized - logging to test-output.log
[2025-09-08T18:01:44.144Z] [LOG] [dotenv@17.2.1] injecting env (0) from .env -- tip: 🔐 prevent building .env in docker: https://dotenvx.com/prebuild
[2025-09-08T18:01:44.146Z] [LOG] Setting up Frequency network with options: {
  "wasmOverride": "./wasm/frequency_runtime.wasm",
  "blockNumber": 3000000,
  "endpoint": [
    "wss://0.rpc.frequency.xyz"
  ],
  "port": 8000,
  "mockSignatureHost": true,
  "runtimeLogLevel": 5,
  "db": "frequency-db.sqlite"
}
[2025-09-08T18:01:46.984Z] [LOG] Setting up Polkadot network with options: {
  "blockNumber": 14500000,
  "endpoint": [
    "wss://rpc.ibp.network/polkadot"
  ],
  "db": "polkadot-db.sqlite"
}
[2025-09-08T18:01:48.688Z] [LOG] balanceAssetHub {
  "nonce": "0",
  "consumers": "0",
  "providers": "0",
  "sufficients": "0",
  "data": {
    "free": "0",
    "reserved": "0",
    "frozen": "0",
    "flags": "170,141,183,460,469,231,731,687,303,715,884,105,728"
  }
}
[2025-09-08T18:01:48.697Z] [LOG] balance {
  "balance": "120,000,000,000",
  "status": "Liquid",
  "reason": "Consumer",
  "extra": null
}
[2025-09-08T18:01:51.782Z] [LOG] assetHubTx 0xe8041f0803010100ad200300010100d17c2d7823ebf260fd138f2d7e27d114c0145d968b5ff5006125f2414fadae69030400010000c80000000000
[2025-09-08T18:01:51.782Z] [LOG] bob address 5GoNkf6WdbxCFnPdAnYYQyCjAKPJgLNxXwPjwTh6DGg6gN3E
[2025-09-08T18:01:52.639Z] [LOG] Transaction is ready in pool
[2025-09-08T18:04:17.057Z] [LOG] Test setup initialized - logging to test-output.log
[2025-09-08T18:04:17.415Z] [LOG] [dotenv@17.2.1] injecting env (0) from .env -- tip: 📡 version env with Radar: https://dotenvx.com/radar
[2025-09-08T18:04:17.417Z] [LOG] Setting up Frequency network with options: {
  "wasmOverride": "./wasm/frequency_runtime.wasm",
  "blockNumber": 3000000,
  "endpoint": [
    "wss://0.rpc.frequency.xyz"
  ],
  "port": 8000,
  "mockSignatureHost": true,
  "runtimeLogLevel": 5,
  "db": "frequency-db.sqlite"
}
[2025-09-08T18:04:20.353Z] [LOG] Setting up Polkadot network with options: {
  "blockNumber": 14500000,
  "endpoint": [
    "wss://rpc.ibp.network/polkadot"
  ],
  "db": "polkadot-db.sqlite"
}
[2025-09-08T18:04:22.514Z] [LOG] balanceAssetHub {
  "nonce": "0",
  "consumers": "0",
  "providers": "0",
  "sufficients": "0",
  "data": {
    "free": "0",
    "reserved": "0",
    "frozen": "0",
    "flags": "170,141,183,460,469,231,731,687,303,715,884,105,728"
  }
}
[2025-09-08T18:04:22.522Z] [LOG] balance {
  "balance": "120,000,000,000",
  "status": "Liquid",
  "reason": "Consumer",
  "extra": null
}
[2025-09-08T18:04:25.637Z] [LOG] assetHubTx 0xe8041f0803010100ad200300010100d17c2d7823ebf260fd138f2d7e27d114c0145d968b5ff5006125f2414fadae69030400010000c80000000000
[2025-09-08T18:04:25.637Z] [LOG] bob address 5GoNkf6WdbxCFnPdAnYYQyCjAKPJgLNxXwPjwTh6DGg6gN3E
[2025-09-08T18:04:26.499Z] [LOG] Transaction status: Ready
[2025-09-08T18:04:26.499Z] [LOG] Transaction is ready in pool
[2025-09-08T18:04:26.499Z] [LOG] Transaction status: Broadcast
[2025-09-08T18:05:24.297Z] [LOG] Test setup initialized - logging to test-output.log
[2025-09-08T18:05:24.548Z] [LOG] [dotenv@17.2.1] injecting env (0) from .env -- tip: 🔐 encrypt with Dotenvx: https://dotenvx.com
[2025-09-08T18:05:24.551Z] [LOG] Setting up Frequency network with options: {
  "wasmOverride": "./wasm/frequency_runtime.wasm",
  "blockNumber": 3000000,
  "endpoint": [
    "wss://0.rpc.frequency.xyz"
  ],
  "port": 8000,
  "mockSignatureHost": true,
  "runtimeLogLevel": 5,
  "db": "frequency-db.sqlite"
}
[2025-09-08T18:05:27.393Z] [LOG] Setting up Polkadot network with options: {
  "blockNumber": 14500000,
  "endpoint": [
    "wss://rpc.ibp.network/polkadot"
  ],
  "db": "polkadot-db.sqlite"
}
[2025-09-08T18:05:29.061Z] [LOG] balanceAssetHub {
  "nonce": "0",
  "consumers": "0",
  "providers": "0",
  "sufficients": "0",
  "data": {
    "free": "0",
    "reserved": "0",
    "frozen": "0",
    "flags": "170,141,183,460,469,231,731,687,303,715,884,105,728"
  }
}
[2025-09-08T18:05:29.071Z] [LOG] balance {
  "balance": "120,000,000,000",
  "status": "Liquid",
  "reason": "Consumer",
  "extra": null
}
[2025-09-08T18:05:32.137Z] [LOG] assetHubTx 0xe8041f0803010100ad200300010100d17c2d7823ebf260fd138f2d7e27d114c0145d968b5ff5006125f2414fadae69030400010000c80000000000
[2025-09-08T18:05:32.137Z] [LOG] bob address 5GoNkf6WdbxCFnPdAnYYQyCjAKPJgLNxXwPjwTh6DGg6gN3E
[2025-09-08T18:05:33.021Z] [LOG] Transaction status: Ready
[2025-09-08T18:05:33.021Z] [LOG] Transaction is ready in pool
[2025-09-08T18:05:33.021Z] [LOG] taco---------
[2025-09-08T18:05:33.022Z] [LOG] Transaction status: Broadcast
[2025-09-08T18:05:33.022Z] [LOG] taco---------
[2025-09-08T18:07:37.837Z] [LOG] Test setup initialized - logging to test-output.log
[2025-09-08T18:07:38.035Z] [LOG] [dotenv@17.2.1] injecting env (0) from .env -- tip: ⚙️  load multiple .env files with { path: ['.env.local', '.env'] }
[2025-09-08T18:07:38.037Z] [LOG] Setting up Frequency network with options: {
  "wasmOverride": "./wasm/frequency_runtime.wasm",
  "blockNumber": 3000000,
  "endpoint": [
    "wss://0.rpc.frequency.xyz"
  ],
  "port": 8000,
  "mockSignatureHost": true,
  "runtimeLogLevel": 5,
  "db": "frequency-db.sqlite"
}
[2025-09-08T18:07:41.151Z] [LOG] Setting up Polkadot network with options: {
  "blockNumber": 14500000,
  "endpoint": [
    "wss://rpc.ibp.network/polkadot"
  ],
  "db": "polkadot-db.sqlite"
}
[2025-09-08T18:07:42.986Z] [LOG] balanceAssetHub {
  "nonce": "0",
  "consumers": "0",
  "providers": "0",
  "sufficients": "0",
  "data": {
    "free": "0",
    "reserved": "0",
    "frozen": "0",
    "flags": "170,141,183,460,469,231,731,687,303,715,884,105,728"
  }
}
[2025-09-08T18:07:42.994Z] [LOG] balance {
  "balance": "120,000,000,000",
  "status": "Liquid",
  "reason": "Consumer",
  "extra": null
}
[2025-09-08T18:07:46.107Z] [LOG] assetHubTx 0xe8041f0803010100ad200300010100d17c2d7823ebf260fd138f2d7e27d114c0145d968b5ff5006125f2414fadae69030400010000c80000000000
[2025-09-08T18:07:46.107Z] [LOG] bob address 5GoNkf6WdbxCFnPdAnYYQyCjAKPJgLNxXwPjwTh6DGg6gN3E
[2025-09-08T18:07:46.928Z] [ERROR] 2025-09-08 12:07:46        RPC-CORE: submitAndWatchExtrinsic(extrinsic: Extrinsic): ExtrinsicStatus:: 1010: {"invalid":{"payment":null}}
[2025-09-08T18:07:46.929Z] [ERROR] 2025-09-08 12:07:46        RPC-CORE: submitAndWatchExtrinsic(extrinsic: Extrinsic): ExtrinsicStatus:: 1010: {"invalid":{"payment":null}}
[2025-09-08T18:13:08.579Z] [LOG] Test setup initialized - logging to test-output.log
[2025-09-08T18:13:08.898Z] [LOG] [dotenv@17.2.1] injecting env (0) from .env -- tip: 🔐 prevent committing .env to code: https://dotenvx.com/precommit
[2025-09-08T18:13:08.900Z] [LOG] Setting up Frequency network with options: {
  "wasmOverride": "./wasm/frequency_runtime.wasm",
  "blockNumber": 3000000,
  "endpoint": [
    "wss://0.rpc.frequency.xyz"
  ],
  "port": 8000,
  "mockSignatureHost": true,
  "runtimeLogLevel": 5,
  "db": "frequency-db.sqlite"
}
[2025-09-08T18:13:12.208Z] [LOG] Setting up Polkadot network with options: {
  "blockNumber": 14500000,
  "endpoint": [
    "wss://rpc.ibp.network/polkadot"
  ],
  "db": "polkadot-db.sqlite"
}
[2025-09-08T18:13:14.035Z] [LOG] balanceAssetHub {
  "nonce": "0",
  "consumers": "0",
  "providers": "0",
  "sufficients": "0",
  "data": {
    "free": "0",
    "reserved": "0",
    "frozen": "0",
    "flags": "170,141,183,460,469,231,731,687,303,715,884,105,728"
  }
}
[2025-09-08T18:13:14.042Z] [LOG] balance {
  "balance": "120,000,000,000",
  "status": "Liquid",
  "reason": "Consumer",
  "extra": null
}
[2025-09-08T18:13:17.155Z] [LOG] assetHubTx 0xe8041f0803010100ad200300010100d17c2d7823ebf260fd138f2d7e27d114c0145d968b5ff5006125f2414fadae69030400010000c80000000000
[2025-09-08T18:13:17.155Z] [LOG] bob address 5GoNkf6WdbxCFnPdAnYYQyCjAKPJgLNxXwPjwTh6DGg6gN3E
[2025-09-08T18:13:18.034Z] [LOG] Transaction status: Ready
[2025-09-08T18:13:18.034Z] [LOG] Transaction is ready in pool
[2025-09-08T18:13:18.034Z] [LOG] taco---------
[2025-09-08T18:13:18.034Z] [LOG] Transaction status: Broadcast
[2025-09-08T18:13:18.035Z] [LOG] taco---------
[2025-09-08T18:14:45.458Z] [LOG] Test setup initialized - logging to test-output.log
[2025-09-08T18:14:45.647Z] [LOG] [dotenv@17.2.1] injecting env (0) from .env -- tip: 📡 auto-backup env with Radar: https://dotenvx.com/radar
[2025-09-08T18:14:45.648Z] [LOG] Setting up Frequency network with options: {
  "wasmOverride": "./wasm/frequency_runtime.wasm",
  "blockNumber": 3000000,
  "endpoint": [
    "wss://0.rpc.frequency.xyz"
  ],
  "port": 8000,
  "mockSignatureHost": true,
  "runtimeLogLevel": 5,
  "db": "frequency-db.sqlite"
}
[2025-09-08T18:14:48.790Z] [LOG] Setting up Polkadot network with options: {
  "blockNumber": 14500000,
  "endpoint": [
    "wss://rpc.ibp.network/polkadot"
  ],
  "db": "polkadot-db.sqlite"
}
[2025-09-08T18:14:50.590Z] [LOG] balanceAssetHub {
  "nonce": "0",
  "consumers": "0",
  "providers": "0",
  "sufficients": "0",
  "data": {
    "free": "0",
    "reserved": "0",
    "frozen": "0",
    "flags": "170,141,183,460,469,231,731,687,303,715,884,105,728"
  }
}
[2025-09-08T18:14:50.597Z] [LOG] balance {
  "balance": "120,000,000,000",
  "status": "Liquid",
  "reason": "Consumer",
  "extra": null
}
[2025-09-08T18:14:53.664Z] [LOG] assetHubTx 0xe8041f0803010100ad200300010100d17c2d7823ebf260fd138f2d7e27d114c0145d968b5ff5006125f2414fadae69030400010000c80000000000
[2025-09-08T18:14:53.664Z] [LOG] bob address 5GoNkf6WdbxCFnPdAnYYQyCjAKPJgLNxXwPjwTh6DGg6gN3E
[2025-09-08T18:14:54.534Z] [LOG] Transaction status: Ready
[2025-09-08T18:14:54.534Z] [LOG] Transaction is ready in pool
[2025-09-08T18:14:54.534Z] [LOG] taco---------
[2025-09-08T18:14:54.535Z] [LOG] Transaction status: Broadcast
[2025-09-08T18:14:54.535Z] [LOG] taco---------
[2025-09-08T18:15:22.548Z] [LOG] Test setup initialized - logging to test-output.log
[2025-09-08T18:15:22.732Z] [LOG] [dotenv@17.2.1] injecting env (0) from .env -- tip: 📡 auto-backup env with Radar: https://dotenvx.com/radar
[2025-09-08T18:15:22.735Z] [LOG] Setting up Frequency network with options: {
  "wasmOverride": "./wasm/frequency_runtime.wasm",
  "blockNumber": 3000000,
  "endpoint": [
    "wss://0.rpc.frequency.xyz"
  ],
  "port": 8000,
  "mockSignatureHost": true,
  "runtimeLogLevel": 5,
  "db": "frequency-db.sqlite"
}
[2025-09-08T18:15:25.555Z] [LOG] Setting up Polkadot network with options: {
  "blockNumber": 14500000,
  "endpoint": [
    "wss://rpc.ibp.network/polkadot"
  ],
  "db": "polkadot-db.sqlite"
}
[2025-09-08T18:15:27.181Z] [LOG] balanceAssetHub {
  "nonce": "0",
  "consumers": "0",
  "providers": "0",
  "sufficients": "0",
  "data": {
    "free": "0",
    "reserved": "0",
    "frozen": "0",
    "flags": "170,141,183,460,469,231,731,687,303,715,884,105,728"
  }
}
[2025-09-08T18:15:27.188Z] [LOG] balance {
  "balance": "120,000,000,000",
  "status": "Liquid",
  "reason": "Consumer",
  "extra": null
}
[2025-09-08T18:15:30.313Z] [LOG] assetHubTx 0xe8041f0803010100ad200300010100d17c2d7823ebf260fd138f2d7e27d114c0145d968b5ff5006125f2414fadae69030400010000c80000000000
[2025-09-08T18:15:30.313Z] [LOG] bob address 5GoNkf6WdbxCFnPdAnYYQyCjAKPJgLNxXwPjwTh6DGg6gN3E
[2025-09-08T18:15:31.173Z] [LOG] Transaction status: Ready
[2025-09-08T18:15:31.173Z] [LOG] Transaction is ready in pool
[2025-09-08T18:15:31.174Z] [LOG] taco---------
[2025-09-08T18:15:31.174Z] [LOG] dispatchError: undefined
[2025-09-08T18:15:31.174Z] [LOG] Transaction status: Broadcast
[2025-09-08T18:15:31.174Z] [LOG] taco---------
[2025-09-08T18:15:31.174Z] [LOG] dispatchError: undefined
[2025-09-08T18:15:31.663Z] [LOG] Test setup initialized - logging to test-output.log
[2025-09-08T18:15:31.867Z] [LOG] [dotenv@17.2.1] injecting env (0) from .env -- tip: ⚙️  write to custom object with { processEnv: myObject }
[2025-09-08T18:15:31.869Z] [LOG] Setting up Frequency network with options: {
  "wasmOverride": "./wasm/frequency_runtime.wasm",
  "blockNumber": 3000000,
  "endpoint": [
    "wss://0.rpc.frequency.xyz"
  ],
  "port": 8000,
  "mockSignatureHost": true,
  "runtimeLogLevel": 5,
  "db": "frequency-db.sqlite"
}
[2025-09-08T18:15:34.660Z] [LOG] Setting up Polkadot network with options: {
  "blockNumber": 14500000,
  "endpoint": [
    "wss://rpc.ibp.network/polkadot"
  ],
  "db": "polkadot-db.sqlite"
}
[2025-09-08T18:15:36.386Z] [LOG] balanceAssetHub {
  "nonce": "0",
  "consumers": "0",
  "providers": "0",
  "sufficients": "0",
  "data": {
    "free": "0",
    "reserved": "0",
    "frozen": "0",
    "flags": "170,141,183,460,469,231,731,687,303,715,884,105,728"
  }
}
[2025-09-08T18:15:36.394Z] [LOG] balance {
  "balance": "120,000,000,000",
  "status": "Liquid",
  "reason": "Consumer",
  "extra": null
}
[2025-09-08T18:15:39.475Z] [LOG] assetHubTx 0xe8041f0803010100ad200300010100d17c2d7823ebf260fd138f2d7e27d114c0145d968b5ff5006125f2414fadae69030400010000c80000000000
[2025-09-08T18:15:39.476Z] [LOG] bob address 5GoNkf6WdbxCFnPdAnYYQyCjAKPJgLNxXwPjwTh6DGg6gN3E
[2025-09-08T18:15:40.335Z] [LOG] Transaction status: Ready
[2025-09-08T18:15:40.336Z] [LOG] Transaction is ready in pool
[2025-09-08T18:15:40.336Z] [LOG] taco---------
[2025-09-08T18:15:40.336Z] [LOG] dispatchError: undefined
[2025-09-08T18:15:40.337Z] [LOG] Transaction status: Broadcast
[2025-09-08T18:15:40.337Z] [LOG] taco---------
[2025-09-08T18:15:40.337Z] [LOG] dispatchError: undefined
[2025-09-08T18:16:00.374Z] [LOG] Test setup initialized - logging to test-output.log
[2025-09-08T18:16:00.563Z] [LOG] [dotenv@17.2.1] injecting env (0) from .env -- tip: ⚙️  write to custom object with { processEnv: myObject }
[2025-09-08T18:16:00.564Z] [LOG] Setting up Frequency network with options: {
  "wasmOverride": "./wasm/frequency_runtime.wasm",
  "blockNumber": 3000000,
  "endpoint": [
    "wss://0.rpc.frequency.xyz"
  ],
  "port": 8000,
  "mockSignatureHost": true,
  "runtimeLogLevel": 5,
  "db": "frequency-db.sqlite"
}
[2025-09-08T18:16:03.381Z] [LOG] Setting up Polkadot network with options: {
  "blockNumber": 14500000,
  "endpoint": [
    "wss://rpc.ibp.network/polkadot"
  ],
  "db": "polkadot-db.sqlite"
}
[2025-09-08T18:16:05.099Z] [LOG] balanceAssetHub {
  "nonce": "0",
  "consumers": "0",
  "providers": "0",
  "sufficients": "0",
  "data": {
    "free": "0",
    "reserved": "0",
    "frozen": "0",
    "flags": "170,141,183,460,469,231,731,687,303,715,884,105,728"
  }
}
[2025-09-08T18:16:05.108Z] [LOG] balance {
  "balance": "120,000,000,000",
  "status": "Liquid",
  "reason": "Consumer",
  "extra": null
}
[2025-09-08T18:16:08.251Z] [LOG] assetHubTx 0xe8041f0803010100ad200300010100d17c2d7823ebf260fd138f2d7e27d114c0145d968b5ff5006125f2414fadae69030400010000c80000000000
[2025-09-08T18:16:08.251Z] [LOG] bob address 5GoNkf6WdbxCFnPdAnYYQyCjAKPJgLNxXwPjwTh6DGg6gN3E
[2025-09-08T18:16:09.136Z] [LOG] Transaction status: Ready
[2025-09-08T18:16:09.136Z] [LOG] Transaction is ready in pool
[2025-09-08T18:16:09.137Z] [LOG] dispatchError: undefined
[2025-09-08T18:16:09.137Z] [LOG] Transaction status: Broadcast
[2025-09-08T18:16:09.137Z] [LOG] dispatchError: undefined
[2025-09-08T18:16:09.623Z] [LOG] Test setup initialized - logging to test-output.log
[2025-09-08T18:16:09.880Z] [LOG] [dotenv@17.2.1] injecting env (0) from .env -- tip: 📡 version env with Radar: https://dotenvx.com/radar
[2025-09-08T18:16:09.882Z] [LOG] Setting up Frequency network with options: {
  "wasmOverride": "./wasm/frequency_runtime.wasm",
  "blockNumber": 3000000,
  "endpoint": [
    "wss://0.rpc.frequency.xyz"
  ],
  "port": 8000,
  "mockSignatureHost": true,
  "runtimeLogLevel": 5,
  "db": "frequency-db.sqlite"
}
[2025-09-08T18:16:12.677Z] [LOG] Setting up Polkadot network with options: {
  "blockNumber": 14500000,
  "endpoint": [
    "wss://rpc.ibp.network/polkadot"
  ],
  "db": "polkadot-db.sqlite"
}
[2025-09-08T18:16:14.306Z] [LOG] balanceAssetHub {
  "nonce": "0",
  "consumers": "0",
  "providers": "0",
  "sufficients": "0",
  "data": {
    "free": "0",
    "reserved": "0",
    "frozen": "0",
    "flags": "170,141,183,460,469,231,731,687,303,715,884,105,728"
  }
}
[2025-09-08T18:16:14.314Z] [LOG] balance {
  "balance": "120,000,000,000",
  "status": "Liquid",
  "reason": "Consumer",
  "extra": null
}
[2025-09-08T18:16:17.380Z] [LOG] assetHubTx 0xe8041f0803010100ad200300010100d17c2d7823ebf260fd138f2d7e27d114c0145d968b5ff5006125f2414fadae69030400010000c80000000000
[2025-09-08T18:16:17.380Z] [LOG] bob address 5GoNkf6WdbxCFnPdAnYYQyCjAKPJgLNxXwPjwTh6DGg6gN3E
[2025-09-08T18:16:18.285Z] [LOG] Transaction status: Ready
[2025-09-08T18:16:18.285Z] [LOG] Transaction is ready in pool
[2025-09-08T18:16:18.286Z] [LOG] Transaction status: Broadcast
[2025-09-08T18:16:45.203Z] [LOG] Test setup initialized - logging to test-output.log
[2025-09-08T18:16:45.388Z] [LOG] [dotenv@17.2.1] injecting env (0) from .env -- tip: ⚙️  suppress all logs with { quiet: true }
[2025-09-08T18:16:45.390Z] [LOG] Setting up Frequency network with options: {
  "wasmOverride": "./wasm/frequency_runtime.wasm",
  "blockNumber": 3000000,
  "endpoint": [
    "wss://0.rpc.frequency.xyz"
  ],
  "port": 8000,
  "mockSignatureHost": true,
  "runtimeLogLevel": 5,
  "db": "frequency-db.sqlite"
}
[2025-09-08T18:16:48.359Z] [LOG] Setting up Polkadot network with options: {
  "blockNumber": 14500000,
  "endpoint": [
    "wss://rpc.ibp.network/polkadot"
  ],
  "db": "polkadot-db.sqlite"
}
[2025-09-08T18:16:50.165Z] [LOG] balanceAssetHub {
  "nonce": "0",
  "consumers": "0",
  "providers": "0",
  "sufficients": "0",
  "data": {
    "free": "0",
    "reserved": "0",
    "frozen": "0",
    "flags": "170,141,183,460,469,231,731,687,303,715,884,105,728"
  }
}
[2025-09-08T18:16:50.173Z] [LOG] balance {
  "balance": "120,000,000,000",
  "status": "Liquid",
  "reason": "Consumer",
  "extra": null
}
[2025-09-08T18:16:53.245Z] [LOG] assetHubTx 0xe8041f0803010100ad200300010100d17c2d7823ebf260fd138f2d7e27d114c0145d968b5ff5006125f2414fadae69030400010000c80000000000
[2025-09-08T18:16:53.246Z] [LOG] bob address 5GoNkf6WdbxCFnPdAnYYQyCjAKPJgLNxXwPjwTh6DGg6gN3E
[2025-09-08T18:16:54.170Z] [LOG] Transaction status: Ready
[2025-09-08T18:16:54.170Z] [LOG] Transaction is ready in pool
[2025-09-08T18:16:54.171Z] [LOG] Transaction status: Broadcast
[2025-09-08T18:17:43.228Z] [LOG] Test setup initialized - logging to test-output.log
[2025-09-08T18:17:43.415Z] [LOG] [dotenv@17.2.1] injecting env (0) from .env -- tip: ⚙️  write to custom object with { processEnv: myObject }
[2025-09-08T18:17:43.418Z] [LOG] Setting up Frequency network with options: {
  "wasmOverride": "./wasm/frequency_runtime.wasm",
  "blockNumber": 3000000,
  "endpoint": [
    "wss://0.rpc.frequency.xyz"
  ],
  "port": 8000,
  "mockSignatureHost": true,
  "runtimeLogLevel": 5,
  "db": "frequency-db.sqlite"
}
[2025-09-08T18:17:46.360Z] [LOG] Setting up Polkadot network with options: {
  "blockNumber": 14500000,
  "endpoint": [
    "wss://rpc.ibp.network/polkadot"
  ],
  "db": "polkadot-db.sqlite"
}
[2025-09-08T18:17:48.160Z] [LOG] balanceAssetHub {
  "nonce": "0",
  "consumers": "0",
  "providers": "0",
  "sufficients": "0",
  "data": {
    "free": "0",
    "reserved": "0",
    "frozen": "0",
    "flags": "170,141,183,460,469,231,731,687,303,715,884,105,728"
  }
}
[2025-09-08T18:17:48.167Z] [LOG] balance {
  "balance": "120,000,000,000",
  "status": "Liquid",
  "reason": "Consumer",
  "extra": null
}
[2025-09-08T18:17:51.311Z] [LOG] assetHubTx 0xe8041f0803010100ad200300010100d17c2d7823ebf260fd138f2d7e27d114c0145d968b5ff5006125f2414fadae69030400010000c80000000000
[2025-09-08T18:17:51.311Z] [LOG] bob address 5GoNkf6WdbxCFnPdAnYYQyCjAKPJgLNxXwPjwTh6DGg6gN3E
[2025-09-08T18:17:52.174Z] [LOG] Transaction status: Ready
[2025-09-08T18:17:52.174Z] [LOG] Transaction is ready in pool
[2025-09-08T18:17:52.175Z] [LOG] Transaction status: Broadcast
[2025-09-08T18:18:11.820Z] [LOG] Test setup initialized - logging to test-output.log
[2025-09-08T18:18:12.025Z] [LOG] [dotenv@17.2.1] injecting env (0) from .env -- tip: 📡 version env with Radar: https://dotenvx.com/radar
[2025-09-08T18:18:12.028Z] [LOG] Setting up Frequency network with options: {
  "wasmOverride": "./wasm/frequency_runtime.wasm",
  "blockNumber": 3000000,
  "endpoint": [
    "wss://0.rpc.frequency.xyz"
  ],
  "port": 8000,
  "mockSignatureHost": true,
  "runtimeLogLevel": 5,
  "db": "frequency-db.sqlite"
}
[2025-09-08T18:18:14.791Z] [LOG] Setting up Polkadot network with options: {
  "blockNumber": 14500000,
  "endpoint": [
    "wss://rpc.ibp.network/polkadot"
  ],
  "db": "polkadot-db.sqlite"
}
[2025-09-08T18:18:16.413Z] [LOG] balanceAssetHub {
  "nonce": "0",
  "consumers": "0",
  "providers": "0",
  "sufficients": "0",
  "data": {
    "free": "0",
    "reserved": "0",
    "frozen": "0",
    "flags": "170,141,183,460,469,231,731,687,303,715,884,105,728"
  }
}
[2025-09-08T18:18:16.421Z] [LOG] balance {
  "balance": "120,000,000,000",
  "status": "Liquid",
  "reason": "Consumer",
  "extra": null
}
[2025-09-08T18:18:19.473Z] [LOG] assetHubTx 0xe8041f0803010100ad200300010100d17c2d7823ebf260fd138f2d7e27d114c0145d968b5ff5006125f2414fadae69030400010000c80000000000
[2025-09-08T18:18:19.473Z] [LOG] bob address 5GoNkf6WdbxCFnPdAnYYQyCjAKPJgLNxXwPjwTh6DGg6gN3E
[2025-09-08T18:18:20.327Z] [LOG] Transaction status: Ready
[2025-09-08T18:18:20.327Z] [LOG] Transaction is ready in pool
[2025-09-08T18:18:20.328Z] [LOG] Transaction status: Broadcast
[2025-09-08T18:19:08.248Z] [LOG] Test setup initialized - logging to test-output.log
[2025-09-08T18:19:08.437Z] [LOG] [dotenv@17.2.1] injecting env (0) from .env -- tip: 🔐 prevent committing .env to code: https://dotenvx.com/precommit
[2025-09-08T18:19:08.440Z] [LOG] Setting up Frequency network with options: {
  "wasmOverride": "./wasm/frequency_runtime.wasm",
  "blockNumber": 3000000,
  "endpoint": [
    "wss://0.rpc.frequency.xyz"
  ],
  "port": 8000,
  "mockSignatureHost": true,
  "runtimeLogLevel": 5,
  "db": "frequency-db.sqlite"
}
[2025-09-08T18:19:11.335Z] [LOG] Setting up Polkadot network with options: {
  "blockNumber": 14500000,
  "endpoint": [
    "wss://rpc.ibp.network/polkadot"
  ],
  "db": "polkadot-db.sqlite"
}
[2025-09-08T18:19:13.438Z] [LOG] balanceAssetHub {
  "nonce": "0",
  "consumers": "0",
  "providers": "0",
  "sufficients": "0",
  "data": {
    "free": "0",
    "reserved": "0",
    "frozen": "0",
    "flags": "170,141,183,460,469,231,731,687,303,715,884,105,728"
  }
}
[2025-09-08T18:19:13.446Z] [LOG] balance {
  "balance": "120,000,000,000",
  "status": "Liquid",
  "reason": "Consumer",
  "extra": null
}
[2025-09-08T18:19:16.513Z] [LOG] assetHubTx 0xe8041f0803010100ad200300010100d17c2d7823ebf260fd138f2d7e27d114c0145d968b5ff5006125f2414fadae69030400010000c80000000000
[2025-09-08T18:23:13.344Z] [LOG] Test setup initialized - logging to test-output.log
[2025-09-08T18:23:13.670Z] [LOG] [dotenv@17.2.1] injecting env (0) from .env -- tip: ⚙️  override existing env vars with { override: true }
[2025-09-08T18:23:13.675Z] [LOG] Setting up Frequency network with options: {
  "wasmOverride": "./wasm/frequency_runtime.wasm",
  "blockNumber": 3000000,
  "endpoint": [
    "wss://0.rpc.frequency.xyz"
  ],
  "port": 8000,
  "mockSignatureHost": true,
  "runtimeLogLevel": 5,
  "db": "frequency-db.sqlite"
}
[2025-09-08T18:23:16.892Z] [LOG] Setting up Polkadot network with options: {
  "blockNumber": 14500000,
  "endpoint": [
    "wss://rpc.ibp.network/polkadot"
  ],
  "db": "polkadot-db.sqlite"
}
[2025-09-08T18:23:19.042Z] [LOG] balanceAssetHub {
  "nonce": "0",
  "consumers": "0",
  "providers": "0",
  "sufficients": "0",
  "data": {
    "free": "0",
    "reserved": "0",
    "frozen": "0",
    "flags": "170,141,183,460,469,231,731,687,303,715,884,105,728"
  }
}
[2025-09-08T18:23:19.051Z] [LOG] balance {
  "balance": "120,000,000,000",
  "status": "Liquid",
  "reason": "Consumer",
  "extra": null
}
[2025-09-08T18:23:22.132Z] [LOG] assetHubTx 0xe8041f0803010100ad200300010100d17c2d7823ebf260fd138f2d7e27d114c0145d968b5ff5006125f2414fadae69030400010000c80000000000
[2025-09-08T18:30:14.613Z] [LOG] Test setup initialized - logging to test-output.log
[2025-09-08T18:30:14.922Z] [LOG] [dotenv@17.2.1] injecting env (0) from .env -- tip: ⚙️  write to custom object with { processEnv: myObject }
[2025-09-08T18:30:14.924Z] [LOG] Setting up Frequency network with options: {
  "wasmOverride": "./wasm/frequency_runtime.wasm",
  "blockNumber": 3000000,
  "endpoint": [
    "wss://0.rpc.frequency.xyz"
  ],
  "port": 8000,
  "mockSignatureHost": true,
  "runtimeLogLevel": 5,
  "db": "frequency-db.sqlite"
}
[2025-09-08T18:30:17.854Z] [LOG] Setting up Polkadot network with options: {
  "blockNumber": 14500000,
  "endpoint": [
    "wss://rpc.ibp.network/polkadot"
  ],
  "db": "polkadot-db.sqlite"
}
[2025-09-08T18:30:19.569Z] [LOG] balanceAssetHub {
  "nonce": "0",
  "consumers": "0",
  "providers": "0",
  "sufficients": "0",
  "data": {
    "free": "0",
    "reserved": "0",
    "frozen": "0",
    "flags": "170,141,183,460,469,231,731,687,303,715,884,105,728"
  }
}
[2025-09-08T18:30:19.577Z] [LOG] balance {
  "balance": "120,000,000,000",
  "status": "Liquid",
  "reason": "Consumer",
  "extra": null
}
[2025-09-08T18:30:22.644Z] [LOG] assetHubTx 0xe8041f0803010100ad200300010100d17c2d7823ebf260fd138f2d7e27d114c0145d968b5ff5006125f2414fadae69030400010000c80000000000
[2025-09-08T18:32:27.883Z] [LOG] Test setup initialized - logging to test-output.log
[2025-09-08T18:32:28.254Z] [LOG] [dotenv@17.2.1] injecting env (0) from .env -- tip: ⚙️  suppress all logs with { quiet: true }
[2025-09-08T18:32:28.257Z] [LOG] Setting up Frequency network with options: {
  "wasmOverride": "./wasm/frequency_runtime.wasm",
  "blockNumber": 3000000,
  "endpoint": [
    "wss://0.rpc.frequency.xyz"
  ],
  "port": 8000,
  "mockSignatureHost": true,
  "runtimeLogLevel": 5,
  "db": "frequency-db.sqlite"
}
[2025-09-08T18:32:31.266Z] [LOG] Setting up Polkadot network with options: {
  "blockNumber": 14500000,
  "endpoint": [
    "wss://rpc.ibp.network/polkadot"
  ],
  "db": "polkadot-db.sqlite"
}
[2025-09-08T18:32:33.373Z] [LOG] balanceAssetHub {
  "nonce": "0",
  "consumers": "0",
  "providers": "0",
  "sufficients": "0",
  "data": {
    "free": "0",
    "reserved": "0",
    "frozen": "0",
    "flags": "170,141,183,460,469,231,731,687,303,715,884,105,728"
  }
}
[2025-09-08T18:32:33.380Z] [LOG] balance {
  "balance": "120,000,000,000",
  "status": "Liquid",
  "reason": "Consumer",
  "extra": null
}
[2025-09-08T18:32:36.514Z] [LOG] assetHubTx 0xe8041f0803010100ad200300010100d17c2d7823ebf260fd138f2d7e27d114c0145d968b5ff5006125f2414fadae69030400010000c80000000000
[2025-09-08T18:32:36.514Z] [LOG] bob address 5GoNkf6WdbxCFnPdAnYYQyCjAKPJgLNxXwPjwTh6DGg6gN3E
[2025-09-08T18:32:37.402Z] [LOG] Transaction status: Ready
[2025-09-08T18:32:37.402Z] [LOG] status: {
  "ready": null
}
[2025-09-08T18:32:37.404Z] [LOG] Transaction is ready in pool
[2025-09-08T18:32:37.404Z] [LOG] Transaction status: Broadcast
[2025-09-08T18:32:37.404Z] [LOG] status: {
  "broadcast": [
    "5GrwvaEF5zXb26Fz9rcQpDWS57CtERHpNehXCPcNoHGKutQY"
  ]
}
[2025-09-08T18:33:06.807Z] [LOG] Test setup initialized - logging to test-output.log
[2025-09-08T18:33:06.995Z] [LOG] [dotenv@17.2.1] injecting env (0) from .env -- tip: 📡 auto-backup env with Radar: https://dotenvx.com/radar
[2025-09-08T18:33:06.997Z] [LOG] Setting up Frequency network with options: {
  "wasmOverride": "./wasm/frequency_runtime.wasm",
  "blockNumber": 3000000,
  "endpoint": [
    "wss://0.rpc.frequency.xyz"
  ],
  "port": 8000,
  "mockSignatureHost": true,
  "runtimeLogLevel": 5,
  "db": "frequency-db.sqlite"
}
[2025-09-08T18:33:09.875Z] [LOG] Setting up Polkadot network with options: {
  "blockNumber": 14500000,
  "endpoint": [
    "wss://rpc.ibp.network/polkadot"
  ],
  "db": "polkadot-db.sqlite"
}
[2025-09-08T18:33:11.525Z] [LOG] balanceAssetHub {
  "nonce": "0",
  "consumers": "0",
  "providers": "0",
  "sufficients": "0",
  "data": {
    "free": "0",
    "reserved": "0",
    "frozen": "0",
    "flags": "170,141,183,460,469,231,731,687,303,715,884,105,728"
  }
}
[2025-09-08T18:33:11.534Z] [LOG] balance {
  "balance": "120,000,000,000",
  "status": "Liquid",
  "reason": "Consumer",
  "extra": null
}
[2025-09-08T18:33:14.641Z] [LOG] assetHubTx 0xe8041f0803010100ad200300010100d17c2d7823ebf260fd138f2d7e27d114c0145d968b5ff5006125f2414fadae69030400010000c80000000000
[2025-09-08T18:33:14.641Z] [LOG] bob address 5GoNkf6WdbxCFnPdAnYYQyCjAKPJgLNxXwPjwTh6DGg6gN3E
[2025-09-08T18:33:15.527Z] [LOG] Transaction status: Ready
[2025-09-08T18:33:15.528Z] [LOG] Transaction is ready in pool
[2025-09-08T18:33:15.528Z] [LOG] Transaction status: Broadcast
[2025-09-08T18:33:54.465Z] [LOG] Test setup initialized - logging to test-output.log
[2025-09-08T18:33:54.774Z] [LOG] [dotenv@17.2.1] injecting env (0) from .env -- tip: ⚙️  write to custom object with { processEnv: myObject }
[2025-09-08T18:33:54.776Z] [LOG] Setting up Frequency network with options: {
  "wasmOverride": "./wasm/frequency_runtime.wasm",
  "blockNumber": 3000000,
  "endpoint": [
    "wss://0.rpc.frequency.xyz"
  ],
  "port": 8000,
  "mockSignatureHost": true,
  "runtimeLogLevel": 5,
  "db": "frequency-db.sqlite"
}
[2025-09-08T18:33:57.777Z] [LOG] Setting up Polkadot network with options: {
  "blockNumber": 14500000,
  "endpoint": [
    "wss://rpc.ibp.network/polkadot"
  ],
  "db": "polkadot-db.sqlite"
}
[2025-09-08T18:33:59.881Z] [LOG] balanceAssetHub {
  "nonce": "0",
  "consumers": "0",
  "providers": "0",
  "sufficients": "0",
  "data": {
    "free": "0",
    "reserved": "0",
    "frozen": "0",
    "flags": "170,141,183,460,469,231,731,687,303,715,884,105,728"
  }
}
[2025-09-08T18:33:59.888Z] [LOG] balance {
  "balance": "120,000,000,000",
  "status": "Liquid",
  "reason": "Consumer",
  "extra": null
}
[2025-09-08T18:34:03.108Z] [LOG] assetHubTx 0xe8041f0803010100ad200300010100d17c2d7823ebf260fd138f2d7e27d114c0145d968b5ff5006125f2414fadae69030400010000c80000000000
[2025-09-08T18:34:03.108Z] [LOG] bob address 5GoNkf6WdbxCFnPdAnYYQyCjAKPJgLNxXwPjwTh6DGg6gN3E
[2025-09-08T18:34:04.002Z] [LOG] Transaction status: Ready
[2025-09-08T18:34:04.002Z] [LOG] Transaction is ready in pool
[2025-09-08T18:34:04.003Z] [LOG] Transaction status: Broadcast
[2025-09-08T18:34:04.491Z] [LOG] Test setup initialized - logging to test-output.log
[2025-09-08T18:34:04.705Z] [LOG] [dotenv@17.2.1] injecting env (0) from .env -- tip: 🔐 encrypt with Dotenvx: https://dotenvx.com
[2025-09-08T18:34:04.707Z] [LOG] Setting up Frequency network with options: {
  "wasmOverride": "./wasm/frequency_runtime.wasm",
  "blockNumber": 3000000,
  "endpoint": [
    "wss://0.rpc.frequency.xyz"
  ],
  "port": 8000,
  "mockSignatureHost": true,
  "runtimeLogLevel": 5,
  "db": "frequency-db.sqlite"
}
[2025-09-08T18:34:07.529Z] [LOG] Setting up Polkadot network with options: {
  "blockNumber": 14500000,
  "endpoint": [
    "wss://rpc.ibp.network/polkadot"
  ],
  "db": "polkadot-db.sqlite"
}
[2025-09-08T18:34:09.279Z] [LOG] balanceAssetHub {
  "nonce": "0",
  "consumers": "0",
  "providers": "0",
  "sufficients": "0",
  "data": {
    "free": "0",
    "reserved": "0",
    "frozen": "0",
    "flags": "170,141,183,460,469,231,731,687,303,715,884,105,728"
  }
}
[2025-09-08T18:34:09.287Z] [LOG] balance {
  "balance": "120,000,000,000",
  "status": "Liquid",
  "reason": "Consumer",
  "extra": null
}
[2025-09-08T18:34:12.368Z] [LOG] assetHubTx 0xe8041f0803010100ad200300010100d17c2d7823ebf260fd138f2d7e27d114c0145d968b5ff5006125f2414fadae69030400010000c80000000000
[2025-09-08T18:34:12.368Z] [LOG] bob address 5GoNkf6WdbxCFnPdAnYYQyCjAKPJgLNxXwPjwTh6DGg6gN3E
[2025-09-08T18:34:13.252Z] [LOG] Transaction status: Ready
[2025-09-08T18:34:13.252Z] [LOG] Transaction is ready in pool
[2025-09-08T18:34:13.253Z] [LOG] Transaction status: Broadcast
[2025-09-08T18:36:06.580Z] [LOG] Test setup initialized - logging to test-output.log
[2025-09-08T18:36:06.781Z] [LOG] [dotenv@17.2.1] injecting env (0) from .env -- tip: ⚙️  enable debug logging with { debug: true }
[2025-09-08T18:36:06.783Z] [LOG] Setting up Frequency network with options: {
  "wasmOverride": "./wasm/frequency_runtime.wasm",
  "blockNumber": 3000000,
  "endpoint": [
    "wss://0.rpc.frequency.xyz"
  ],
  "port": 8000,
  "mockSignatureHost": true,
  "runtimeLogLevel": 5,
  "db": "frequency-db.sqlite"
}
[2025-09-08T18:36:09.691Z] [LOG] Setting up Polkadot network with options: {
  "blockNumber": 14500000,
  "endpoint": [
    "wss://rpc.ibp.network/polkadot"
  ],
  "db": "polkadot-db.sqlite"
}
[2025-09-08T18:36:11.430Z] [LOG] balanceAssetHub {
  "nonce": "0",
  "consumers": "0",
  "providers": "0",
  "sufficients": "0",
  "data": {
    "free": "0",
    "reserved": "0",
    "frozen": "0",
    "flags": "170,141,183,460,469,231,731,687,303,715,884,105,728"
  }
}
[2025-09-08T18:36:11.440Z] [LOG] balance {
  "balance": "120,000,000,000",
  "status": "Liquid",
  "reason": "Consumer",
  "extra": null
}
[2025-09-08T18:36:20.410Z] [LOG] Test setup initialized - logging to test-output.log
[2025-09-08T18:36:20.635Z] [LOG] [dotenv@17.2.1] injecting env (0) from .env -- tip: ⚙️  suppress all logs with { quiet: true }
[2025-09-08T18:36:20.638Z] [LOG] Setting up Frequency network with options: {
  "wasmOverride": "./wasm/frequency_runtime.wasm",
  "blockNumber": 3000000,
  "endpoint": [
    "wss://0.rpc.frequency.xyz"
  ],
  "port": 8000,
  "mockSignatureHost": true,
  "runtimeLogLevel": 5,
  "db": "frequency-db.sqlite"
}
[2025-09-08T18:36:23.600Z] [LOG] Setting up Polkadot network with options: {
  "blockNumber": 14500000,
  "endpoint": [
    "wss://rpc.ibp.network/polkadot"
  ],
  "db": "polkadot-db.sqlite"
}
[2025-09-08T18:36:25.282Z] [LOG] balanceAssetHub {
  "nonce": "0",
  "consumers": "0",
  "providers": "0",
  "sufficients": "0",
  "data": {
    "free": "0",
    "reserved": "0",
    "frozen": "0",
    "flags": "170,141,183,460,469,231,731,687,303,715,884,105,728"
  }
}
[2025-09-08T18:36:25.290Z] [LOG] balance {
  "balance": "120,000,000,000",
  "status": "Liquid",
  "reason": "Consumer",
  "extra": null
}
[2025-09-08T18:36:25.298Z] [LOG] assetHubTx 0xe8041f0803010100ad200300010100d17c2d7823ebf260fd138f2d7e27d114c0145d968b5ff5006125f2414fadae69030400010000c80000000000
[2025-09-08T18:36:25.299Z] [LOG] bob address 5GoNkf6WdbxCFnPdAnYYQyCjAKPJgLNxXwPjwTh6DGg6gN3E
[2025-09-08T18:36:26.224Z] [LOG] Transaction status: Ready
[2025-09-08T18:36:26.224Z] [LOG] Transaction is ready in pool
[2025-09-08T18:36:26.224Z] [LOG] Transaction status: Broadcast
[2025-09-08T18:39:48.456Z] [LOG] Test setup initialized - logging to test-output.log
[2025-09-08T18:39:48.805Z] [LOG] [dotenv@17.2.1] injecting env (0) from .env -- tip: 🔐 prevent building .env in docker: https://dotenvx.com/prebuild
[2025-09-08T18:39:48.808Z] [LOG] Setting up Frequency network with options: {
  "wasmOverride": "./wasm/frequency_runtime.wasm",
  "blockNumber": 3000000,
  "endpoint": [
    "wss://0.rpc.frequency.xyz"
  ],
  "port": 8000,
  "mockSignatureHost": true,
  "runtimeLogLevel": 5,
  "db": "frequency-db.sqlite"
}
[2025-09-08T18:39:51.703Z] [LOG] Setting up Polkadot network with options: {
  "blockNumber": 14500000,
  "endpoint": [
    "wss://rpc.ibp.network/polkadot"
  ],
  "db": "polkadot-db.sqlite"
}
[2025-09-08T18:39:53.742Z] [LOG] balanceAssetHub {
  "nonce": "0",
  "consumers": "0",
  "providers": "0",
  "sufficients": "0",
  "data": {
    "free": "0",
    "reserved": "0",
    "frozen": "0",
    "flags": "170,141,183,460,469,231,731,687,303,715,884,105,728"
  }
}
[2025-09-08T18:39:53.751Z] [LOG] balance {
  "balance": "120,000,000,000",
  "status": "Liquid",
  "reason": "Consumer",
  "extra": null
}
[2025-09-08T18:39:53.759Z] [LOG] assetHubTx 0xe8041f0803010100ad200300010100d17c2d7823ebf260fd138f2d7e27d114c0145d968b5ff5006125f2414fadae69030400010000c80000000000
[2025-09-08T18:39:53.759Z] [LOG] bob address 5GoNkf6WdbxCFnPdAnYYQyCjAKPJgLNxXwPjwTh6DGg6gN3E
[2025-09-08T18:39:54.624Z] [LOG] Transaction status: Ready
[2025-09-08T18:39:54.624Z] [LOG] Transaction is ready in pool
[2025-09-08T18:39:54.625Z] [LOG] Transaction status: Broadcast
[2025-09-08T18:40:02.302Z] [LOG] Test setup initialized - logging to test-output.log
[2025-09-08T18:40:02.490Z] [LOG] [dotenv@17.2.1] injecting env (0) from .env -- tip: 🔐 encrypt with Dotenvx: https://dotenvx.com
[2025-09-08T18:40:02.492Z] [LOG] Setting up Frequency network with options: {
  "wasmOverride": "./wasm/frequency_runtime.wasm",
  "blockNumber": 3000000,
  "endpoint": [
    "wss://0.rpc.frequency.xyz"
  ],
  "port": 8000,
  "mockSignatureHost": true,
  "runtimeLogLevel": 5,
  "db": "frequency-db.sqlite"
}
[2025-09-08T18:40:05.527Z] [LOG] Setting up Polkadot network with options: {
  "blockNumber": 14500000,
  "endpoint": [
    "wss://rpc.ibp.network/polkadot"
  ],
  "db": "polkadot-db.sqlite"
}
[2025-09-08T18:40:07.161Z] [LOG] balanceAssetHub {
  "nonce": "0",
  "consumers": "0",
  "providers": "0",
  "sufficients": "0",
  "data": {
    "free": "0",
    "reserved": "0",
    "frozen": "0",
    "flags": "170,141,183,460,469,231,731,687,303,715,884,105,728"
  }
}
[2025-09-08T18:40:07.169Z] [LOG] balance {
  "balance": "120,000,000,000",
  "status": "Liquid",
  "reason": "Consumer",
  "extra": null
}
[2025-09-08T18:40:07.179Z] [LOG] assetHubTx 0xe8041f0803010100ad200300010100d17c2d7823ebf260fd138f2d7e27d114c0145d968b5ff5006125f2414fadae69030400010000c80000000000
[2025-09-08T18:40:07.180Z] [LOG] bob address 5GoNkf6WdbxCFnPdAnYYQyCjAKPJgLNxXwPjwTh6DGg6gN3E
[2025-09-08T18:40:08.044Z] [LOG] Transaction status: Ready
[2025-09-08T18:40:08.044Z] [LOG] Transaction is ready in pool
[2025-09-08T18:40:08.045Z] [LOG] Transaction status: Broadcast
[2025-09-08T18:40:41.151Z] [LOG] Test setup initialized - logging to test-output.log
[2025-09-08T18:40:41.339Z] [LOG] [dotenv@17.2.1] injecting env (0) from .env -- tip: ⚙️  suppress all logs with { quiet: true }
[2025-09-08T18:40:41.341Z] [LOG] Setting up Frequency network with options: {
  "wasmOverride": "./wasm/frequency_runtime.wasm",
  "blockNumber": 3000000,
  "endpoint": [
    "wss://0.rpc.frequency.xyz"
  ],
  "port": 8000,
  "mockSignatureHost": true,
  "runtimeLogLevel": 5,
  "db": "frequency-db.sqlite"
}
[2025-09-08T18:40:44.137Z] [LOG] Setting up Polkadot network with options: {
  "blockNumber": 14500000,
  "endpoint": [
    "wss://rpc.ibp.network/polkadot"
  ],
  "db": "polkadot-db.sqlite"
}
[2025-09-08T18:40:45.793Z] [LOG] balanceAssetHub {
  "nonce": "0",
  "consumers": "0",
  "providers": "0",
  "sufficients": "0",
  "data": {
    "free": "0",
    "reserved": "0",
    "frozen": "0",
    "flags": "170,141,183,460,469,231,731,687,303,715,884,105,728"
  }
}
[2025-09-08T18:40:45.801Z] [LOG] balance {
  "balance": "120,000,000,000",
  "status": "Liquid",
  "reason": "Consumer",
  "extra": null
}
[2025-09-08T18:40:45.812Z] [LOG] assetHubTx 0xe8041f0803010100ad200300010100d17c2d7823ebf260fd138f2d7e27d114c0145d968b5ff5006125f2414fadae69030400010000c80000000000
[2025-09-08T18:40:45.812Z] [LOG] bob address 5GoNkf6WdbxCFnPdAnYYQyCjAKPJgLNxXwPjwTh6DGg6gN3E
[2025-09-08T18:40:46.684Z] [LOG] Transaction status: Ready
[2025-09-08T18:40:46.684Z] [LOG] Transaction is ready in pool
[2025-09-08T18:40:46.685Z] [LOG] Transaction status: Broadcast
[2025-09-08T18:40:47.175Z] [LOG] Test setup initialized - logging to test-output.log
[2025-09-08T18:40:47.434Z] [LOG] [dotenv@17.2.1] injecting env (0) from .env -- tip: 🔐 encrypt with Dotenvx: https://dotenvx.com
[2025-09-08T18:40:47.437Z] [LOG] Setting up Frequency network with options: {
  "wasmOverride": "./wasm/frequency_runtime.wasm",
  "blockNumber": 3000000,
  "endpoint": [
    "wss://0.rpc.frequency.xyz"
  ],
  "port": 8000,
  "mockSignatureHost": true,
  "runtimeLogLevel": 5,
  "db": "frequency-db.sqlite"
}
[2025-09-08T18:40:50.471Z] [LOG] Setting up Polkadot network with options: {
  "blockNumber": 14500000,
  "endpoint": [
    "wss://rpc.ibp.network/polkadot"
  ],
  "db": "polkadot-db.sqlite"
}
[2025-09-08T18:40:52.198Z] [LOG] balanceAssetHub {
  "nonce": "0",
  "consumers": "0",
  "providers": "0",
  "sufficients": "0",
  "data": {
    "free": "0",
    "reserved": "0",
    "frozen": "0",
    "flags": "170,141,183,460,469,231,731,687,303,715,884,105,728"
  }
}
[2025-09-08T18:40:52.205Z] [LOG] balance {
  "balance": "120,000,000,000",
  "status": "Liquid",
  "reason": "Consumer",
  "extra": null
}
[2025-09-08T18:40:52.213Z] [LOG] assetHubTx 0xe8041f0803010100ad200300010100d17c2d7823ebf260fd138f2d7e27d114c0145d968b5ff5006125f2414fadae69030400010000c80000000000
[2025-09-08T18:40:52.214Z] [LOG] bob address 5GoNkf6WdbxCFnPdAnYYQyCjAKPJgLNxXwPjwTh6DGg6gN3E
[2025-09-08T18:40:53.077Z] [LOG] Transaction status: Ready
[2025-09-08T18:40:53.077Z] [LOG] Transaction is ready in pool
[2025-09-08T18:40:53.078Z] [LOG] Transaction status: Broadcast
[2025-09-08T18:40:53.548Z] [LOG] Test setup initialized - logging to test-output.log
[2025-09-08T18:40:53.729Z] [LOG] [dotenv@17.2.1] injecting env (0) from .env -- tip: 🛠️  run anywhere with `dotenvx run -- yourcommand`
[2025-09-08T18:40:53.731Z] [LOG] Setting up Frequency network with options: {
  "wasmOverride": "./wasm/frequency_runtime.wasm",
  "blockNumber": 3000000,
  "endpoint": [
    "wss://0.rpc.frequency.xyz"
  ],
  "port": 8000,
  "mockSignatureHost": true,
  "runtimeLogLevel": 5,
  "db": "frequency-db.sqlite"
}
[2025-09-08T18:40:56.520Z] [LOG] Setting up Polkadot network with options: {
  "blockNumber": 14500000,
  "endpoint": [
    "wss://rpc.ibp.network/polkadot"
  ],
  "db": "polkadot-db.sqlite"
}
[2025-09-08T18:40:58.141Z] [LOG] balanceAssetHub {
  "nonce": "1",
  "consumers": "0",
  "providers": "0",
  "sufficients": "0",
  "data": {
    "free": "1,000,000,000,000,000",
    "reserved": "0",
    "frozen": "0",
    "flags": "0"
  }
}
[2025-09-08T18:40:58.151Z] [LOG] balance {
  "balance": "120,000,000,000",
  "status": "Liquid",
  "reason": "Consumer",
  "extra": null
}
[2025-09-08T18:40:58.159Z] [LOG] assetHubTx 0xe8041f0803010100ad200300010100d17c2d7823ebf260fd138f2d7e27d114c0145d968b5ff5006125f2414fadae69030400010000c80000000000
[2025-09-08T18:40:58.159Z] [LOG] bob address 5GoNkf6WdbxCFnPdAnYYQyCjAKPJgLNxXwPjwTh6DGg6gN3E
[2025-09-08T18:40:58.965Z] [ERROR] 2025-09-08 12:40:58        RPC-CORE: submitAndWatchExtrinsic(extrinsic: Extrinsic): ExtrinsicStatus:: 1010: {"invalid":{"payment":null}}
[2025-09-08T18:40:58.965Z] [ERROR] 2025-09-08 12:40:58        RPC-CORE: submitAndWatchExtrinsic(extrinsic: Extrinsic): ExtrinsicStatus:: 1010: {"invalid":{"payment":null}}
[2025-09-08T18:42:51.266Z] [LOG] Test setup initialized - logging to test-output.log
[2025-09-08T18:42:51.692Z] [LOG] [dotenv@17.2.1] injecting env (0) from .env -- tip: ⚙️  write to custom object with { processEnv: myObject }
[2025-09-08T18:42:51.696Z] [LOG] Setting up Frequency network with options: {
  "wasmOverride": "./wasm/frequency_runtime.wasm",
  "blockNumber": 3000000,
  "endpoint": [
    "wss://0.rpc.frequency.xyz"
  ],
  "port": 8000,
  "mockSignatureHost": true,
  "runtimeLogLevel": 5,
  "db": "frequency-db.sqlite"
}
[2025-09-08T18:42:54.755Z] [LOG] Setting up Polkadot network with options: {
  "blockNumber": 14500000,
  "endpoint": [
    "wss://rpc.ibp.network/polkadot"
  ],
  "db": "polkadot-db.sqlite"
}
[2025-09-08T18:42:56.819Z] [LOG] balanceAssetHub {
  "nonce": "1",
  "consumers": "0",
  "providers": "0",
  "sufficients": "0",
  "data": {
    "free": "1,000,000,000,000,000",
    "reserved": "0",
    "frozen": "0",
    "flags": "0"
  }
}
[2025-09-08T18:42:56.831Z] [LOG] balance {
  "balance": "120,000,000,000",
  "status": "Liquid",
  "reason": "Consumer",
  "extra": null
}
[2025-09-08T18:42:56.842Z] [LOG] assetHubTx 0xe8041f0803010100ad200300010100d17c2d7823ebf260fd138f2d7e27d114c0145d968b5ff5006125f2414fadae69030400010000c80000000000
[2025-09-08T18:42:56.842Z] [LOG] bob address 5GoNkf6WdbxCFnPdAnYYQyCjAKPJgLNxXwPjwTh6DGg6gN3E
[2025-09-08T18:42:57.691Z] [ERROR] 2025-09-08 12:42:57        RPC-CORE: submitAndWatchExtrinsic(extrinsic: Extrinsic): ExtrinsicStatus:: 1010: {"invalid":{"payment":null}}
[2025-09-08T18:42:57.691Z] [ERROR] 2025-09-08 12:42:57        RPC-CORE: submitAndWatchExtrinsic(extrinsic: Extrinsic): ExtrinsicStatus:: 1010: {"invalid":{"payment":null}}
[2025-09-08T18:46:23.753Z] [ERROR] 2025-09-08 12:46:23          API-WS: disconnected from wss://pas-rpc.stakeworld.io/assethub: 1006:: Abnormal Closure
[2025-09-08T20:16:26.601Z] [LOG] Test setup initialized - logging to test-output.log
[2025-09-08T20:16:27.000Z] [LOG] [dotenv@17.2.1] injecting env (0) from .env -- tip: 🔐 encrypt with Dotenvx: https://dotenvx.com
[2025-09-08T20:16:27.003Z] [LOG] Setting up Frequency network with options: {
  "wasmOverride": "./wasm/frequency_runtime.wasm",
  "blockNumber": 3000000,
  "endpoint": [
    "wss://0.rpc.frequency.xyz"
  ],
  "port": 8000,
  "mockSignatureHost": true,
  "runtimeLogLevel": 5,
  "db": "frequency-db.sqlite"
}
[2025-09-08T20:16:31.041Z] [LOG] Setting up Polkadot network with options: {
  "blockNumber": 14500000,
  "endpoint": [
    "wss://rpc.ibp.network/polkadot"
  ],
  "db": "polkadot-db.sqlite"
}
[2025-09-08T20:16:33.221Z] [LOG] balanceAssetHub {
  "nonce": "1",
  "consumers": "0",
  "providers": "0",
  "sufficients": "0",
  "data": {
    "free": "1,000,000,000,000,000",
    "reserved": "0",
    "frozen": "0",
    "flags": "0"
  }
}
[2025-09-08T20:16:33.233Z] [LOG] balance {
  "balance": "120,000,000,000",
  "status": "Liquid",
  "reason": "Consumer",
  "extra": null
}
[2025-09-08T20:16:33.245Z] [LOG] assetHubTx 0xe8041f0803010100ad200300010100d17c2d7823ebf260fd138f2d7e27d114c0145d968b5ff5006125f2414fadae69030400010000c80000000000
[2025-09-08T20:16:33.245Z] [LOG] bob address 5GoNkf6WdbxCFnPdAnYYQyCjAKPJgLNxXwPjwTh6DGg6gN3E
[2025-09-08T20:16:34.180Z] [ERROR] 2025-09-08 14:16:34        RPC-CORE: submitAndWatchExtrinsic(extrinsic: Extrinsic): ExtrinsicStatus:: 1010: {"invalid":{"payment":null}}
[2025-09-08T20:16:34.181Z] [ERROR] 2025-09-08 14:16:34        RPC-CORE: submitAndWatchExtrinsic(extrinsic: Extrinsic): ExtrinsicStatus:: 1010: {"invalid":{"payment":null}}
[2025-09-08T20:16:52.806Z] [LOG] Test setup initialized - logging to test-output.log
[2025-09-08T20:16:53.149Z] [LOG] [dotenv@17.2.1] injecting env (0) from .env -- tip: ⚙️  override existing env vars with { override: true }
[2025-09-08T20:16:53.152Z] [LOG] Setting up Frequency network with options: {
  "wasmOverride": "./wasm/frequency_runtime.wasm",
  "blockNumber": 3000000,
  "endpoint": [
    "wss://0.rpc.frequency.xyz"
  ],
  "port": 8000,
  "mockSignatureHost": true,
  "runtimeLogLevel": 5,
  "db": "frequency-db.sqlite"
}
[2025-09-08T20:16:56.250Z] [LOG] Setting up Polkadot network with options: {
  "blockNumber": 14500000,
  "endpoint": [
    "wss://rpc.ibp.network/polkadot"
  ],
  "db": "polkadot-db.sqlite"
}
[2025-09-08T20:16:58.168Z] [LOG] balanceAssetHub {
  "nonce": "1",
  "consumers": "0",
  "providers": "0",
  "sufficients": "0",
  "data": {
    "free": "1,000,000,000,000,000",
    "reserved": "0",
    "frozen": "0",
    "flags": "0"
  }
}
[2025-09-08T20:16:58.182Z] [LOG] balance {
  "balance": "120,000,000,000",
  "status": "Liquid",
  "reason": "Consumer",
  "extra": null
}
[2025-09-08T20:16:58.193Z] [LOG] assetHubTx 0xe8041f0803010100ad200300010100d17c2d7823ebf260fd138f2d7e27d114c0145d968b5ff5006125f2414fadae69030400010000c80000000000
[2025-09-08T20:16:58.193Z] [LOG] bob address 5GoNkf6WdbxCFnPdAnYYQyCjAKPJgLNxXwPjwTh6DGg6gN3E
[2025-09-08T20:16:59.140Z] [ERROR] 2025-09-08 14:16:59        RPC-CORE: submitAndWatchExtrinsic(extrinsic: Extrinsic): ExtrinsicStatus:: 1010: {"invalid":{"payment":null}}
[2025-09-08T20:16:59.141Z] [ERROR] 2025-09-08 14:16:59        RPC-CORE: submitAndWatchExtrinsic(extrinsic: Extrinsic): ExtrinsicStatus:: 1010: {"invalid":{"payment":null}}
[2025-09-08T20:19:52.107Z] [LOG] Test setup initialized - logging to test-output.log
[2025-09-08T20:19:52.461Z] [LOG] [dotenv@17.2.1] injecting env (0) from .env -- tip: ⚙️  load multiple .env files with { path: ['.env.local', '.env'] }
[2025-09-08T20:19:52.464Z] [LOG] Setting up Frequency network with options: {
  "wasmOverride": "./wasm/frequency_runtime.wasm",
  "blockNumber": 3000000,
  "endpoint": [
    "wss://0.rpc.frequency.xyz"
  ],
  "port": 8000,
  "mockSignatureHost": true,
  "runtimeLogLevel": 5,
  "db": "frequency-db.sqlite"
}
[2025-09-08T20:19:55.813Z] [LOG] Setting up Polkadot network with options: {
  "blockNumber": 14500000,
  "endpoint": [
    "wss://rpc.ibp.network/polkadot"
  ],
  "db": "polkadot-db.sqlite"
}
[2025-09-08T20:19:57.942Z] [LOG] balanceAssetHub {
  "nonce": "1",
  "consumers": "0",
  "providers": "0",
  "sufficients": "0",
  "data": {
    "free": "1,000,000,000,000,000",
    "reserved": "0",
    "frozen": "0",
    "flags": "0"
  }
}
[2025-09-08T20:19:57.956Z] [LOG] balance {
  "balance": "120,000,000,000",
  "status": "Liquid",
  "reason": "Consumer",
  "extra": null
}
[2025-09-08T20:19:57.965Z] [LOG] assetHubTx 0xe8041f0803010100ad200300010100d17c2d7823ebf260fd138f2d7e27d114c0145d968b5ff5006125f2414fadae69030400010000c80000000000
[2025-09-08T20:19:57.965Z] [LOG] bob address 5GoNkf6WdbxCFnPdAnYYQyCjAKPJgLNxXwPjwTh6DGg6gN3E
[2025-09-08T20:19:58.896Z] [ERROR] 2025-09-08 14:19:58        RPC-CORE: submitAndWatchExtrinsic(extrinsic: Extrinsic): ExtrinsicStatus:: 1010: {"invalid":{"payment":null}}
[2025-09-08T20:19:58.897Z] [ERROR] 2025-09-08 14:19:58        RPC-CORE: submitAndWatchExtrinsic(extrinsic: Extrinsic): ExtrinsicStatus:: 1010: {"invalid":{"payment":null}}
[2025-09-08T20:21:20.796Z] [LOG] Test setup initialized - logging to test-output.log
[2025-09-08T20:21:21.141Z] [LOG] [dotenv@17.2.1] injecting env (0) from .env -- tip: 🔐 prevent committing .env to code: https://dotenvx.com/precommit
[2025-09-08T20:21:21.144Z] [LOG] Setting up Frequency network with options: {
  "wasmOverride": "./wasm/frequency_runtime.wasm",
  "blockNumber": 3000000,
  "endpoint": [
    "wss://0.rpc.frequency.xyz"
  ],
  "port": 8000,
  "mockSignatureHost": true,
  "runtimeLogLevel": 5,
  "db": "frequency-db.sqlite"
}
[2025-09-08T20:21:24.396Z] [LOG] Setting up Polkadot network with options: {
  "blockNumber": 14500000,
  "endpoint": [
    "wss://rpc.ibp.network/polkadot"
  ],
  "db": "polkadot-db.sqlite"
}
[2025-09-08T20:21:26.494Z] [LOG] balanceAssetHub {
  "nonce": "1",
  "consumers": "0",
  "providers": "1",
  "sufficients": "0",
  "data": {
    "free": "1,000,000,000,000,000",
    "reserved": "0",
    "frozen": "0",
    "flags": "0"
  }
}
[2025-09-08T20:21:26.505Z] [LOG] balance {
  "balance": "120,000,000,000",
  "status": "Liquid",
  "reason": "Consumer",
  "extra": null
}
[2025-09-08T20:21:26.515Z] [LOG] assetHubTx 0xe8041f0803010100ad200300010100d17c2d7823ebf260fd138f2d7e27d114c0145d968b5ff5006125f2414fadae69030400010000c80000000000
[2025-09-08T20:21:26.516Z] [LOG] bob address 5GoNkf6WdbxCFnPdAnYYQyCjAKPJgLNxXwPjwTh6DGg6gN3E
[2025-09-08T20:21:27.493Z] [LOG] Transaction status: Ready
[2025-09-08T20:21:27.494Z] [LOG] Transaction is ready in pool
[2025-09-08T20:21:27.494Z] [LOG] Transaction status: Broadcast
[2025-09-08T20:21:59.246Z] [LOG] Test setup initialized - logging to test-output.log
[2025-09-08T20:21:59.476Z] [LOG] [dotenv@17.2.1] injecting env (0) from .env -- tip: 🔐 prevent committing .env to code: https://dotenvx.com/precommit
[2025-09-08T20:21:59.479Z] [LOG] Setting up Frequency network with options: {
  "wasmOverride": "./wasm/frequency_runtime.wasm",
  "blockNumber": 3000000,
  "endpoint": [
    "wss://0.rpc.frequency.xyz"
  ],
  "port": 8000,
  "mockSignatureHost": true,
  "runtimeLogLevel": 5,
  "db": "frequency-db.sqlite"
}
[2025-09-08T20:22:02.764Z] [LOG] Setting up Polkadot network with options: {
  "blockNumber": 14500000,
  "endpoint": [
    "wss://rpc.ibp.network/polkadot"
  ],
  "db": "polkadot-db.sqlite"
}
[2025-09-08T20:22:04.620Z] [LOG] balanceAssetHub {
  "nonce": "1",
  "consumers": "0",
  "providers": "1",
  "sufficients": "0",
  "data": {
    "free": "1,000,000,000,000,000",
    "reserved": "0",
    "frozen": "0",
    "flags": "0"
  }
}
[2025-09-08T20:22:04.630Z] [LOG] balance {
  "balance": "120,000,000,000",
  "status": "Liquid",
  "reason": "Consumer",
  "extra": null
}
[2025-09-08T20:22:04.640Z] [LOG] assetHubTx 0xe8041f0803010100ad200300010100d17c2d7823ebf260fd138f2d7e27d114c0145d968b5ff5006125f2414fadae69030400010000c80000000000
[2025-09-08T20:22:04.641Z] [LOG] bob address 5GoNkf6WdbxCFnPdAnYYQyCjAKPJgLNxXwPjwTh6DGg6gN3E
[2025-09-08T20:22:05.643Z] [LOG] Transaction status: Ready
[2025-09-08T20:22:05.644Z] [LOG] Transaction is ready in pool
[2025-09-08T20:22:05.644Z] [LOG] Transaction status: Broadcast
[2025-09-08T20:23:32.754Z] [LOG] Test setup initialized - logging to test-output.log
[2025-09-08T20:23:33.101Z] [LOG] [dotenv@17.2.1] injecting env (0) from .env -- tip: 🛠️  run anywhere with `dotenvx run -- yourcommand`
[2025-09-08T20:23:33.104Z] [LOG] Setting up Frequency network with options: {
  "wasmOverride": "./wasm/frequency_runtime.wasm",
  "blockNumber": 3000000,
  "endpoint": [
    "wss://0.rpc.frequency.xyz"
  ],
  "port": 8000,
  "mockSignatureHost": true,
  "runtimeLogLevel": 5,
  "db": "frequency-db.sqlite"
}
[2025-09-08T20:23:36.823Z] [LOG] Setting up Polkadot network with options: {
  "blockNumber": 14500000,
  "endpoint": [
    "wss://rpc.ibp.network/polkadot"
  ],
  "db": "polkadot-db.sqlite"
}
[2025-09-08T20:23:39.298Z] [LOG] balanceAssetHub {
  "nonce": "1",
  "consumers": "0",
  "providers": "1",
  "sufficients": "0",
  "data": {
    "free": "1,000,000,000,000,000",
    "reserved": "0",
    "frozen": "0",
    "flags": "0"
  }
}
[2025-09-08T20:23:39.308Z] [LOG] balance {
  "balance": "120,000,000,000",
  "status": "Liquid",
  "reason": "Consumer",
  "extra": null
}
[2025-09-08T20:23:39.319Z] [LOG] assetHubTx 0xe8041f0803010100ad200300010100d17c2d7823ebf260fd138f2d7e27d114c0145d968b5ff5006125f2414fadae69030400010000c80000000000
[2025-09-08T20:23:39.319Z] [LOG] bob address 5GoNkf6WdbxCFnPdAnYYQyCjAKPJgLNxXwPjwTh6DGg6gN3E
[2025-09-08T20:23:40.365Z] [LOG] Transaction status: Ready
[2025-09-08T20:23:40.366Z] [LOG] Transaction is ready in pool
[2025-09-08T20:23:40.366Z] [LOG] Transaction status: Broadcast
[2025-09-08T20:25:02.888Z] [LOG] Test setup initialized - logging to test-output.log
[2025-09-08T20:25:03.250Z] [LOG] [dotenv@17.2.1] injecting env (0) from .env -- tip: 📡 observe env with Radar: https://dotenvx.com/radar
[2025-09-08T20:25:03.252Z] [LOG] Setting up Frequency network with options: {
  "wasmOverride": "./wasm/frequency_runtime.wasm",
  "blockNumber": 3000000,
  "endpoint": [
    "wss://0.rpc.frequency.xyz"
  ],
  "port": 8000,
  "mockSignatureHost": true,
  "runtimeLogLevel": 5,
  "db": "frequency-db.sqlite"
}
[2025-09-08T20:25:06.423Z] [LOG] Setting up Polkadot network with options: {
  "blockNumber": 14500000,
  "endpoint": [
    "wss://rpc.ibp.network/polkadot"
  ],
  "db": "polkadot-db.sqlite"
}
[2025-09-08T20:25:08.549Z] [LOG] balanceAssetHub {
  "nonce": "1",
  "consumers": "0",
  "providers": "1",
  "sufficients": "0",
  "data": {
    "free": "1,000,000,000,000,000",
    "reserved": "0",
    "frozen": "0",
    "flags": "0"
  }
}
[2025-09-08T20:25:08.558Z] [LOG] balance {
  "balance": "120,000,000,000",
  "status": "Liquid",
  "reason": "Consumer",
  "extra": null
}
[2025-09-08T20:25:08.566Z] [LOG] assetHubTx 0xe8041f0803010100ad200300010100d17c2d7823ebf260fd138f2d7e27d114c0145d968b5ff5006125f2414fadae69030400010000c80000000000
[2025-09-08T20:25:08.567Z] [LOG] bob address 5GoNkf6WdbxCFnPdAnYYQyCjAKPJgLNxXwPjwTh6DGg6gN3E
[2025-09-08T20:25:09.544Z] [LOG] Transaction status: Ready
[2025-09-08T20:25:09.545Z] [LOG] Transaction is ready in pool
[2025-09-08T20:25:09.546Z] [LOG] Transaction status: Broadcast
[2025-09-08T20:29:08.445Z] [LOG] Test setup initialized - logging to test-output.log
[2025-09-08T20:29:08.785Z] [LOG] [dotenv@17.2.1] injecting env (0) from .env -- tip: ⚙️  specify custom .env file path with { path: '/custom/path/.env' }
[2025-09-08T20:29:08.787Z] [LOG] Setting up Frequency network with options: {
  "wasmOverride": "./wasm/frequency_runtime.wasm",
  "blockNumber": 3000000,
  "endpoint": [
    "wss://0.rpc.frequency.xyz"
  ],
  "port": 8000,
  "mockSignatureHost": true,
  "runtimeLogLevel": 5,
  "db": "frequency-db.sqlite"
}
[2025-09-08T20:29:12.215Z] [LOG] Setting up Polkadot network with options: {
  "blockNumber": 14500000,
  "endpoint": [
    "wss://rpc.ibp.network/polkadot"
  ],
  "db": "polkadot-db.sqlite"
}
[2025-09-08T20:29:14.376Z] [LOG] balanceAssetHub {
  "nonce": "1",
  "consumers": "0",
  "providers": "1",
  "sufficients": "0",
  "data": {
    "free": "1,000,000,000,000,000",
    "reserved": "0",
    "frozen": "0",
    "flags": "0"
  }
}
[2025-09-08T20:29:14.384Z] [LOG] balance {
  "balance": "120,000,000,000",
  "status": "Liquid",
  "reason": "Consumer",
  "extra": null
}
[2025-09-08T20:29:14.392Z] [LOG] assetHubTx 0xe8041f0803010100ad200300010100d17c2d7823ebf260fd138f2d7e27d114c0145d968b5ff5006125f2414fadae69030400010000c80000000000
[2025-09-08T20:29:14.392Z] [LOG] bob address 5GoNkf6WdbxCFnPdAnYYQyCjAKPJgLNxXwPjwTh6DGg6gN3E
[2025-09-08T20:29:15.411Z] [LOG] Transaction status: Ready
[2025-09-08T20:29:15.411Z] [LOG] Transaction is ready in pool
[2025-09-08T20:29:15.413Z] [LOG] Transaction status: Broadcast
[2025-09-08T20:30:16.825Z] [LOG] Test setup initialized - logging to test-output.log
[2025-09-08T20:30:17.182Z] [LOG] [dotenv@17.2.1] injecting env (0) from .env -- tip: 📡 version env with Radar: https://dotenvx.com/radar
[2025-09-08T20:30:17.185Z] [LOG] Setting up Frequency network with options: {
  "wasmOverride": "./wasm/frequency_runtime.wasm",
  "blockNumber": 3000000,
  "endpoint": [
    "wss://0.rpc.frequency.xyz"
  ],
  "port": 8000,
  "mockSignatureHost": true,
  "runtimeLogLevel": 5,
  "db": "frequency-db.sqlite"
}
[2025-09-08T20:30:20.288Z] [LOG] Setting up Polkadot network with options: {
  "blockNumber": 14500000,
  "endpoint": [
    "wss://rpc.ibp.network/polkadot"
  ],
  "db": "polkadot-db.sqlite"
}
[2025-09-08T20:30:22.179Z] [LOG] balanceAssetHub {
  "nonce": "1",
  "consumers": "0",
  "providers": "1",
  "sufficients": "0",
  "data": {
    "free": "1,000,000,000,000,000",
    "reserved": "0",
    "frozen": "0",
    "flags": "0"
  }
}
[2025-09-08T20:30:22.188Z] [LOG] balance {
  "balance": "120,000,000,000",
  "status": "Liquid",
  "reason": "Consumer",
  "extra": null
}
[2025-09-08T20:30:22.199Z] [LOG] assetHubTx 0xe8041f0803010100ad200300010100d17c2d7823ebf260fd138f2d7e27d114c0145d968b5ff5006125f2414fadae69030400010000c80000000000
[2025-09-08T20:30:22.199Z] [LOG] bob address 5GoNkf6WdbxCFnPdAnYYQyCjAKPJgLNxXwPjwTh6DGg6gN3E
[2025-09-08T20:30:23.186Z] [LOG] Transaction status: Ready
[2025-09-08T20:30:23.186Z] [LOG] Transaction is ready in pool
[2025-09-08T20:30:23.187Z] [LOG] Transaction status: Broadcast
[2025-09-08T20:31:01.523Z] [LOG] Test setup initialized - logging to test-output.log
[2025-09-08T20:31:01.740Z] [LOG] [dotenv@17.2.1] injecting env (0) from .env -- tip: 🔐 encrypt with Dotenvx: https://dotenvx.com
[2025-09-08T20:31:01.742Z] [LOG] Setting up Frequency network with options: {
  "wasmOverride": "./wasm/frequency_runtime.wasm",
  "blockNumber": 3000000,
  "endpoint": [
    "wss://0.rpc.frequency.xyz"
  ],
  "port": 8000,
  "mockSignatureHost": true,
  "runtimeLogLevel": 5,
  "db": "frequency-db.sqlite"
}
[2025-09-08T20:31:14.662Z] [LOG] Test setup initialized - logging to test-output.log
[2025-09-08T20:31:14.903Z] [LOG] [dotenv@17.2.1] injecting env (0) from .env -- tip: 📡 observe env with Radar: https://dotenvx.com/radar
[2025-09-08T20:31:14.906Z] [LOG] Setting up Frequency network with options: {
  "wasmOverride": "./wasm/frequency_runtime.wasm",
  "blockNumber": 3000000,
  "endpoint": [
    "wss://0.rpc.frequency.xyz"
  ],
  "port": 8000,
  "mockSignatureHost": true,
  "runtimeLogLevel": 5,
  "db": "frequency-db.sqlite"
}
[2025-09-08T20:31:36.349Z] [LOG] Test setup initialized - logging to test-output.log
[2025-09-08T20:31:36.581Z] [LOG] [dotenv@17.2.1] injecting env (0) from .env -- tip: 📡 version env with Radar: https://dotenvx.com/radar
[2025-09-08T20:31:36.583Z] [LOG] Setting up Frequency network with options: {
  "wasmOverride": "./wasm/frequency_runtime.wasm",
  "blockNumber": 3000000,
  "endpoint": [
    "wss://0.rpc.frequency.xyz"
  ],
  "port": 8000,
  "mockSignatureHost": true,
  "runtimeLogLevel": 5,
  "db": "frequency-db.sqlite"
}
[2025-09-08T20:31:39.634Z] [LOG] assetHub.url "ws://localhost:18657"
[2025-09-08T20:31:39.635Z] [LOG] Setting up Polkadot network with options: {
  "blockNumber": 14500000,
  "endpoint": [
    "wss://rpc.ibp.network/polkadot"
  ],
  "db": "polkadot-db.sqlite"
}
[2025-09-08T20:31:41.575Z] [LOG] balanceAssetHub {
  "nonce": "1",
  "consumers": "0",
  "providers": "1",
  "sufficients": "0",
  "data": {
    "free": "1,000,000,000,000,000",
    "reserved": "0",
    "frozen": "0",
    "flags": "0"
  }
}
[2025-09-08T20:31:41.583Z] [LOG] balance {
  "balance": "120,000,000,000",
  "status": "Liquid",
  "reason": "Consumer",
  "extra": null
}
[2025-09-08T20:31:41.591Z] [LOG] assetHubTx 0xe8041f0803010100ad200300010100d17c2d7823ebf260fd138f2d7e27d114c0145d968b5ff5006125f2414fadae69030400010000c80000000000
[2025-09-08T20:31:41.591Z] [LOG] bob address 5GoNkf6WdbxCFnPdAnYYQyCjAKPJgLNxXwPjwTh6DGg6gN3E
[2025-09-08T20:31:42.561Z] [LOG] Transaction status: Ready
[2025-09-08T20:31:42.561Z] [LOG] Transaction is ready in pool
[2025-09-08T20:31:42.562Z] [LOG] Transaction status: Broadcast
[2025-09-08T20:33:07.274Z] [LOG] Test setup initialized - logging to test-output.log
[2025-09-08T20:33:07.508Z] [LOG] [dotenv@17.2.1] injecting env (0) from .env -- tip: 🔐 encrypt with Dotenvx: https://dotenvx.com
[2025-09-08T20:33:07.511Z] [LOG] Setting up Frequency network with options: {
  "wasmOverride": "./wasm/frequency_runtime.wasm",
  "blockNumber": 3000000,
  "endpoint": [
    "wss://0.rpc.frequency.xyz"
  ],
  "port": 8000,
  "mockSignatureHost": true,
  "runtimeLogLevel": 5,
  "db": "frequency-db.sqlite"
}
[2025-09-08T20:33:10.964Z] [LOG] assetHub.url "ws://localhost:16130"
[2025-09-08T20:33:10.964Z] [LOG] Setting up Polkadot network with options: {
  "blockNumber": 14500000,
  "endpoint": [
    "wss://rpc.ibp.network/polkadot"
  ],
  "db": "polkadot-db.sqlite"
}
[2025-09-08T20:33:12.911Z] [LOG] balanceAssetHub {
  "nonce": "1",
  "consumers": "0",
  "providers": "1",
  "sufficients": "0",
  "data": {
    "free": "1,000,000,000,000,000",
    "reserved": "0",
    "frozen": "0",
    "flags": "0"
  }
}
[2025-09-08T20:33:12.920Z] [LOG] balance {
  "balance": "120,000,000,000",
  "status": "Liquid",
  "reason": "Consumer",
  "extra": null
}
[2025-09-08T20:33:12.929Z] [LOG] assetHubTx 0xe8041f0803010100ad200300010100d17c2d7823ebf260fd138f2d7e27d114c0145d968b5ff5006125f2414fadae69030400010000c80000000000
[2025-09-08T20:33:12.929Z] [LOG] bob address 5GoNkf6WdbxCFnPdAnYYQyCjAKPJgLNxXwPjwTh6DGg6gN3E
[2025-09-08T20:33:13.928Z] [LOG] Transaction status: Ready
[2025-09-08T20:33:13.928Z] [LOG] Transaction is ready in pool
[2025-09-08T20:33:13.929Z] [LOG] Transaction status: Broadcast
[2025-09-08T20:33:56.635Z] [LOG] Test setup initialized - logging to test-output.log
[2025-09-08T20:33:56.856Z] [LOG] [dotenv@17.2.1] injecting env (0) from .env -- tip: 🔐 encrypt with Dotenvx: https://dotenvx.com
[2025-09-08T20:33:56.859Z] [LOG] Setting up Frequency network with options: {
  "wasmOverride": "./wasm/frequency_runtime.wasm",
  "blockNumber": 3000000,
  "endpoint": [
    "wss://0.rpc.frequency.xyz"
  ],
  "port": 8000,
  "mockSignatureHost": true,
  "runtimeLogLevel": 5,
  "db": "frequency-db.sqlite"
}
[2025-09-08T20:34:00.079Z] [LOG] assetHub.url "ws://localhost:15984"
[2025-09-08T20:34:10.080Z] [LOG] Setting up Polkadot network with options: {
  "blockNumber": 14500000,
  "endpoint": [
    "wss://rpc.ibp.network/polkadot"
  ],
  "db": "polkadot-db.sqlite"
}
[2025-09-08T20:34:11.926Z] [LOG] balanceAssetHub {
  "nonce": "1",
  "consumers": "0",
  "providers": "1",
  "sufficients": "0",
  "data": {
    "free": "1,000,000,000,000,000",
    "reserved": "0",
    "frozen": "0",
    "flags": "0"
  }
}
[2025-09-08T20:34:11.935Z] [LOG] balance {
  "balance": "120,000,000,000",
  "status": "Liquid",
  "reason": "Consumer",
  "extra": null
}
[2025-09-08T20:34:11.943Z] [LOG] assetHubTx 0xe8041f0803010100ad200300010100d17c2d7823ebf260fd138f2d7e27d114c0145d968b5ff5006125f2414fadae69030400010000c80000000000
[2025-09-08T20:34:11.944Z] [LOG] bob address 5GoNkf6WdbxCFnPdAnYYQyCjAKPJgLNxXwPjwTh6DGg6gN3E
[2025-09-08T20:34:12.930Z] [LOG] Transaction status: Ready
[2025-09-08T20:34:12.930Z] [LOG] Transaction is ready in pool
[2025-09-08T20:34:12.930Z] [LOG] Transaction status: Broadcast
[2025-09-08T20:34:19.589Z] [LOG] Test setup initialized - logging to test-output.log
[2025-09-08T20:34:19.854Z] [LOG] [dotenv@17.2.1] injecting env (0) from .env -- tip: ⚙️  enable debug logging with { debug: true }
[2025-09-08T20:34:19.856Z] [LOG] Setting up Frequency network with options: {
  "wasmOverride": "./wasm/frequency_runtime.wasm",
  "blockNumber": 3000000,
  "endpoint": [
    "wss://0.rpc.frequency.xyz"
  ],
  "port": 8000,
  "mockSignatureHost": true,
  "runtimeLogLevel": 5,
  "db": "frequency-db.sqlite"
}
[2025-09-08T20:34:23.140Z] [LOG] assetHub.url "ws://localhost:11427"
[2025-09-08T20:34:33.142Z] [LOG] Setting up Polkadot network with options: {
  "blockNumber": 14500000,
  "endpoint": [
    "wss://rpc.ibp.network/polkadot"
  ],
  "db": "polkadot-db.sqlite"
}
[2025-09-08T20:34:35.589Z] [LOG] balanceAssetHub {
  "nonce": "1",
  "consumers": "0",
  "providers": "1",
  "sufficients": "0",
  "data": {
    "free": "1,000,000,000,000,000",
    "reserved": "0",
    "frozen": "0",
    "flags": "0"
  }
}
[2025-09-08T20:34:35.599Z] [LOG] balance {
  "balance": "120,000,000,000",
  "status": "Liquid",
  "reason": "Consumer",
  "extra": null
}
[2025-09-08T20:34:35.607Z] [LOG] assetHubTx 0xe8041f0803010100ad200300010100d17c2d7823ebf260fd138f2d7e27d114c0145d968b5ff5006125f2414fadae69030400010000c80000000000
[2025-09-08T20:34:35.607Z] [LOG] bob address 5GoNkf6WdbxCFnPdAnYYQyCjAKPJgLNxXwPjwTh6DGg6gN3E
[2025-09-08T20:34:36.543Z] [LOG] Transaction status: Ready
[2025-09-08T20:34:36.543Z] [LOG] Transaction is ready in pool
[2025-09-08T20:34:36.543Z] [LOG] Transaction status: Broadcast
[2025-09-08T20:35:21.705Z] [LOG] Test setup initialized - logging to test-output.log
[2025-09-08T20:35:21.926Z] [LOG] [dotenv@17.2.1] injecting env (0) from .env -- tip: ⚙️  suppress all logs with { quiet: true }
[2025-09-08T20:35:21.928Z] [LOG] Setting up Frequency network with options: {
  "wasmOverride": "./wasm/frequency_runtime.wasm",
  "blockNumber": 3000000,
  "endpoint": [
    "wss://0.rpc.frequency.xyz"
  ],
  "port": 8000,
  "mockSignatureHost": true,
  "runtimeLogLevel": 5,
  "db": "frequency-db.sqlite"
}
[2025-09-08T20:35:25.529Z] [LOG] assetHub.url "ws://localhost:13618"
[2025-09-08T20:35:25.529Z] [LOG] Setting up Polkadot network with options: {
  "blockNumber": 14500000,
  "endpoint": [
    "wss://rpc.ibp.network/polkadot"
  ],
  "db": "polkadot-db.sqlite"
}
[2025-09-08T20:35:27.474Z] [LOG] balanceAssetHub {
  "nonce": "1",
  "consumers": "0",
  "providers": "1",
  "sufficients": "0",
  "data": {
    "free": "1,000,000,000,000,000",
    "reserved": "0",
    "frozen": "0",
    "flags": "0"
  }
}
[2025-09-08T20:35:27.482Z] [LOG] balance {
  "balance": "120,000,000,000",
  "status": "Liquid",
  "reason": "Consumer",
  "extra": null
}
[2025-09-08T20:35:27.491Z] [LOG] assetHubTx 0xe8041f0803010100ad200300010100d17c2d7823ebf260fd138f2d7e27d114c0145d968b5ff5006125f2414fadae69030400010000c80000000000
[2025-09-08T20:35:27.491Z] [LOG] bob address 5GoNkf6WdbxCFnPdAnYYQyCjAKPJgLNxXwPjwTh6DGg6gN3E
[2025-09-08T20:35:28.518Z] [LOG] Transaction status: Ready
[2025-09-08T20:35:28.519Z] [LOG] Transaction is ready in pool
[2025-09-08T20:35:28.519Z] [LOG] Transaction status: Broadcast
[2025-09-08T20:35:36.284Z] [LOG] Test setup initialized - logging to test-output.log
[2025-09-08T20:35:36.513Z] [LOG] [dotenv@17.2.1] injecting env (0) from .env -- tip: ⚙️  suppress all logs with { quiet: true }
[2025-09-08T20:35:36.516Z] [LOG] Setting up Frequency network with options: {
  "wasmOverride": "./wasm/frequency_runtime.wasm",
  "blockNumber": 3000000,
  "endpoint": [
    "wss://0.rpc.frequency.xyz"
  ],
  "port": 8000,
  "mockSignatureHost": true,
  "runtimeLogLevel": 5,
  "db": "frequency-db.sqlite"
}
[2025-09-08T20:35:39.873Z] [LOG] assetHub.url "ws://localhost:11419"
[2025-09-08T20:35:39.874Z] [LOG] Setting up Polkadot network with options: {
  "blockNumber": 14500000,
  "endpoint": [
    "wss://rpc.ibp.network/polkadot"
  ],
  "db": "polkadot-db.sqlite"
}
[2025-09-08T20:35:41.795Z] [LOG] balanceAssetHub {
  "nonce": "1",
  "consumers": "0",
  "providers": "1",
  "sufficients": "0",
  "data": {
    "free": "1,000,000,000,000,000",
    "reserved": "0",
    "frozen": "0",
    "flags": "0"
  }
}
[2025-09-08T20:35:41.807Z] [LOG] balance {
  "balance": "120,000,000,000",
  "status": "Liquid",
  "reason": "Consumer",
  "extra": null
}
[2025-09-08T20:35:41.818Z] [LOG] assetHubTx 0xe8041f0803010100ad200300010100d17c2d7823ebf260fd138f2d7e27d114c0145d968b5ff5006125f2414fadae69030400010000c80000000000
[2025-09-08T20:35:41.818Z] [LOG] bob address 5GoNkf6WdbxCFnPdAnYYQyCjAKPJgLNxXwPjwTh6DGg6gN3E
[2025-09-08T20:35:42.891Z] [LOG] Transaction status: Ready
[2025-09-08T20:35:42.891Z] [LOG] Transaction is ready in pool
[2025-09-08T20:35:42.891Z] [LOG] Transaction status: Broadcast
[2025-09-08T20:37:27.099Z] [ERROR] 2025-09-08 14:37:27          API-WS: disconnected from wss://pas-rpc.stakeworld.io/assethub: 1006:: Abnormal Closure
[2025-09-08T20:38:36.703Z] [LOG] Test setup initialized - logging to test-output.log
[2025-09-08T20:38:37.058Z] [LOG] [dotenv@17.2.1] injecting env (0) from .env -- tip: 📡 auto-backup env with Radar: https://dotenvx.com/radar
[2025-09-08T20:38:37.061Z] [LOG] Setting up Frequency network with options: {
  "wasmOverride": "./wasm/frequency_runtime.wasm",
  "blockNumber": 3000000,
  "endpoint": [
    "wss://0.rpc.frequency.xyz"
  ],
  "port": 8000,
  "mockSignatureHost": true,
  "runtimeLogLevel": 5,
  "db": "frequency-db.sqlite"
}
[2025-09-08T20:38:40.269Z] [LOG] assetHub.url "ws://localhost:8001"
[2025-09-08T20:38:40.269Z] [LOG] Setting up Polkadot network with options: {
  "blockNumber": 14500000,
  "endpoint": [
    "wss://rpc.ibp.network/polkadot"
  ],
  "db": "polkadot-db.sqlite"
}
[2025-09-08T20:38:42.372Z] [LOG] balanceAssetHub {
  "nonce": "1",
  "consumers": "0",
  "providers": "1",
  "sufficients": "0",
  "data": {
    "free": "1,000,000,000,000,000",
    "reserved": "0",
    "frozen": "0",
    "flags": "0"
  }
}
[2025-09-08T20:38:42.381Z] [LOG] balance {
  "balance": "120,000,000,000",
  "status": "Liquid",
  "reason": "Consumer",
  "extra": null
}
[2025-09-08T20:38:42.388Z] [LOG] assetHubTx 0xe8041f0803010100ad200300010100d17c2d7823ebf260fd138f2d7e27d114c0145d968b5ff5006125f2414fadae69030400010000c80000000000
[2025-09-08T20:38:42.388Z] [LOG] bob address 5GoNkf6WdbxCFnPdAnYYQyCjAKPJgLNxXwPjwTh6DGg6gN3E
[2025-09-08T20:38:43.391Z] [LOG] Transaction status: Ready
[2025-09-08T20:38:43.392Z] [LOG] Transaction is ready in pool
[2025-09-08T20:38:43.392Z] [LOG] Transaction status: Broadcast
[2025-09-08T20:39:33.449Z] [LOG] Test setup initialized - logging to test-output.log
[2025-09-08T20:39:33.689Z] [LOG] [dotenv@17.2.1] injecting env (0) from .env -- tip: ⚙️  load multiple .env files with { path: ['.env.local', '.env'] }
[2025-09-08T20:39:33.692Z] [LOG] Setting up Frequency network with options: {
  "wasmOverride": "./wasm/frequency_runtime.wasm",
  "blockNumber": 3000000,
  "endpoint": [
    "wss://0.rpc.frequency.xyz"
  ],
  "port": 8000,
  "mockSignatureHost": true,
  "runtimeLogLevel": 5,
  "db": "frequency-db.sqlite"
}
[2025-09-08T20:39:37.200Z] [LOG] assetHub.url "ws://localhost:8001"
[2025-09-08T20:39:47.202Z] [LOG] Setting up Polkadot network with options: {
  "blockNumber": 14500000,
  "endpoint": [
    "wss://rpc.ibp.network/polkadot"
  ],
  "db": "polkadot-db.sqlite"
}
[2025-09-08T20:39:48.622Z] [LOG] balanceAssetHub {
  "nonce": "1",
  "consumers": "0",
  "providers": "1",
  "sufficients": "0",
  "data": {
    "free": "1,000,000,000,000,000",
    "reserved": "0",
    "frozen": "0",
    "flags": "0"
  }
}
[2025-09-08T20:39:48.631Z] [LOG] balance {
  "balance": "120,000,000,000",
  "status": "Liquid",
  "reason": "Consumer",
  "extra": null
}
[2025-09-08T20:39:48.638Z] [LOG] assetHubTx 0xe8041f0803010100ad200300010100d17c2d7823ebf260fd138f2d7e27d114c0145d968b5ff5006125f2414fadae69030400010000c80000000000
[2025-09-08T20:39:48.639Z] [LOG] bob address 5GoNkf6WdbxCFnPdAnYYQyCjAKPJgLNxXwPjwTh6DGg6gN3E
[2025-09-08T20:39:49.741Z] [LOG] Transaction status: Ready
[2025-09-08T20:39:49.741Z] [LOG] Transaction is ready in pool
[2025-09-08T20:39:49.741Z] [LOG] Transaction status: Broadcast
[2025-09-08T20:40:20.358Z] [LOG] Test setup initialized - logging to test-output.log
[2025-09-08T20:40:20.717Z] [LOG] [dotenv@17.2.1] injecting env (0) from .env -- tip: 📡 observe env with Radar: https://dotenvx.com/radar
[2025-09-08T20:40:20.721Z] [LOG] Setting up Frequency network with options: {
  "wasmOverride": "./wasm/frequency_runtime.wasm",
  "blockNumber": 3000000,
  "endpoint": [
    "wss://0.rpc.frequency.xyz"
  ],
  "port": 8000,
  "mockSignatureHost": true,
  "runtimeLogLevel": 5,
  "db": "frequency-db.sqlite"
}
[2025-09-08T20:40:24.146Z] [LOG] assetHub.url "ws://localhost:8001"
[2025-09-08T20:40:34.147Z] [LOG] Setting up Polkadot network with options: {
  "blockNumber": 14500000,
  "endpoint": [
    "wss://rpc.ibp.network/polkadot"
  ],
  "db": "polkadot-db.sqlite"
}
[2025-09-08T20:40:35.632Z] [LOG] balanceAssetHub {
  "nonce": "1",
  "consumers": "0",
  "providers": "1",
  "sufficients": "0",
  "data": {
    "free": "1,000,000,000,000,000",
    "reserved": "0",
    "frozen": "0",
    "flags": "0"
  }
}
[2025-09-08T20:40:35.641Z] [LOG] balance {
  "balance": "120,000,000,000",
  "status": "Liquid",
  "reason": "Consumer",
  "extra": null
}
[2025-09-08T20:40:35.650Z] [LOG] assetHubTx 0xe8041f0803010100ad200300010100d17c2d7823ebf260fd138f2d7e27d114c0145d968b5ff5006125f2414fadae69030400010000c80000000000
[2025-09-08T20:40:35.650Z] [LOG] bob address 5GoNkf6WdbxCFnPdAnYYQyCjAKPJgLNxXwPjwTh6DGg6gN3E
[2025-09-08T20:40:36.742Z] [LOG] Transaction status: Ready
[2025-09-08T20:40:36.742Z] [LOG] Transaction is ready in pool
[2025-09-08T20:40:36.742Z] [LOG] Transaction status: Broadcast
[2025-09-08T20:41:52.902Z] [LOG] Test setup initialized - logging to test-output.log
[2025-09-08T20:41:53.146Z] [LOG] [dotenv@17.2.1] injecting env (0) from .env -- tip: 🛠️  run anywhere with `dotenvx run -- yourcommand`
[2025-09-08T20:41:53.148Z] [LOG] Setting up Frequency network with options: {
  "wasmOverride": "./wasm/frequency_runtime.wasm",
  "blockNumber": 3000000,
  "endpoint": [
    "wss://0.rpc.frequency.xyz"
  ],
  "port": 8000,
  "mockSignatureHost": true,
  "runtimeLogLevel": 5,
  "db": "frequency-db.sqlite"
}
[2025-09-08T20:41:56.224Z] [LOG] assetHub.url "ws://localhost:8001"
[2025-09-08T20:42:06.225Z] [LOG] Setting up Polkadot network with options: {
  "blockNumber": 14500000,
  "endpoint": [
    "wss://rpc.ibp.network/polkadot"
  ],
  "db": "polkadot-db.sqlite"
}
[2025-09-08T20:42:07.843Z] [LOG] balanceAssetHub {
  "nonce": "1",
  "consumers": "0",
  "providers": "1",
  "sufficients": "0",
  "data": {
    "free": "1,000,000,000,000,000",
    "reserved": "0",
    "frozen": "0",
    "flags": "0"
  }
}
[2025-09-08T20:42:07.852Z] [LOG] balance {
  "balance": "120,000,000,000",
  "status": "Liquid",
  "reason": "Consumer",
  "extra": null
}
[2025-09-08T20:42:07.865Z] [LOG] assetHubTx 0xe8041f0803010100ad200300010100d17c2d7823ebf260fd138f2d7e27d114c0145d968b5ff5006125f2414fadae69030400010000c80000000000
[2025-09-08T20:42:07.865Z] [LOG] bob address 5GoNkf6WdbxCFnPdAnYYQyCjAKPJgLNxXwPjwTh6DGg6gN3E
[2025-09-08T20:42:44.733Z] [LOG] Test setup initialized - logging to test-output.log
[2025-09-08T20:42:44.970Z] [LOG] [dotenv@17.2.1] injecting env (0) from .env -- tip: ⚙️  specify custom .env file path with { path: '/custom/path/.env' }
[2025-09-08T20:42:44.973Z] [LOG] Setting up Frequency network with options: {
  "wasmOverride": "./wasm/frequency_runtime.wasm",
  "blockNumber": 3000000,
  "endpoint": [
    "wss://0.rpc.frequency.xyz"
  ],
  "port": 8000,
  "mockSignatureHost": true,
  "runtimeLogLevel": 5,
  "db": "frequency-db.sqlite"
}
[2025-09-08T20:42:48.232Z] [LOG] assetHub.url "ws://localhost:8001"
[2025-09-08T20:42:58.233Z] [LOG] Setting up Polkadot network with options: {
  "blockNumber": 14500000,
  "endpoint": [
    "wss://rpc.ibp.network/polkadot"
  ],
  "db": "polkadot-db.sqlite"
}
[2025-09-08T20:42:59.598Z] [LOG] balanceAssetHub {
  "nonce": "1",
  "consumers": "0",
  "providers": "1",
  "sufficients": "0",
  "data": {
    "free": "1,000,000,000,000,000",
    "reserved": "0",
    "frozen": "0",
    "flags": "0"
  }
}
[2025-09-08T20:42:59.606Z] [LOG] balance {
  "balance": "120,000,000,000",
  "status": "Liquid",
  "reason": "Consumer",
  "extra": null
}
[2025-09-08T20:42:59.614Z] [LOG] assetHubTx 0xe8041f0803010100ad200300010100d17c2d7823ebf260fd138f2d7e27d114c0145d968b5ff5006125f2414fadae69030400010000c80000000000
[2025-09-08T20:42:59.615Z] [LOG] bob address 5GoNkf6WdbxCFnPdAnYYQyCjAKPJgLNxXwPjwTh6DGg6gN3E
[2025-09-08T20:44:02.583Z] [LOG] error {}
[2025-09-08T20:44:09.024Z] [LOG] Test setup initialized - logging to test-output.log
[2025-09-08T20:44:09.273Z] [LOG] [dotenv@17.2.1] injecting env (0) from .env -- tip: ⚙️  enable debug logging with { debug: true }
[2025-09-08T20:44:09.275Z] [LOG] Setting up Frequency network with options: {
  "wasmOverride": "./wasm/frequency_runtime.wasm",
  "blockNumber": 3000000,
  "endpoint": [
    "wss://0.rpc.frequency.xyz"
  ],
  "port": 8000,
  "mockSignatureHost": true,
  "runtimeLogLevel": 5,
  "db": "frequency-db.sqlite"
}
[2025-09-08T20:44:16.168Z] [LOG] assetHub.url "ws://localhost:8001"
[2025-09-08T20:44:26.169Z] [LOG] Setting up Polkadot network with options: {
  "blockNumber": 14500000,
  "endpoint": [
    "wss://rpc.ibp.network/polkadot"
  ],
  "db": "polkadot-db.sqlite"
}
[2025-09-08T20:44:29.291Z] [LOG] balanceAssetHub {
  "nonce": "1",
  "consumers": "0",
  "providers": "1",
  "sufficients": "0",
  "data": {
    "free": "1,000,000,000,000,000",
    "reserved": "0",
    "frozen": "0",
    "flags": "0"
  }
}
[2025-09-08T20:44:29.303Z] [LOG] balance {
  "balance": "120,000,000,000",
  "status": "Liquid",
  "reason": "Consumer",
  "extra": null
}
[2025-09-08T20:44:29.373Z] [LOG] assetHubTx 0xe8041f0803010100ad200300010100d17c2d7823ebf260fd138f2d7e27d114c0145d968b5ff5006125f2414fadae69030400010000c80000000000
[2025-09-08T20:44:29.374Z] [LOG] bob address 5GoNkf6WdbxCFnPdAnYYQyCjAKPJgLNxXwPjwTh6DGg6gN3E
[2025-09-08T20:45:07.412Z] [LOG] Test setup initialized - logging to test-output.log
[2025-09-08T20:45:07.660Z] [LOG] [dotenv@17.2.1] injecting env (0) from .env -- tip: 🔐 prevent committing .env to code: https://dotenvx.com/precommit
[2025-09-08T20:45:07.663Z] [LOG] Setting up Frequency network with options: {
  "wasmOverride": "./wasm/frequency_runtime.wasm",
  "blockNumber": 3000000,
  "endpoint": [
    "wss://0.rpc.frequency.xyz"
  ],
  "port": 8000,
  "mockSignatureHost": true,
  "runtimeLogLevel": 5,
  "db": "frequency-db.sqlite"
}
[2025-09-08T20:45:10.785Z] [LOG] assetHub.url "ws://localhost:8001"
[2025-09-08T20:45:20.788Z] [LOG] Setting up Polkadot network with options: {
  "blockNumber": 14500000,
  "endpoint": [
    "wss://rpc.ibp.network/polkadot"
  ],
  "db": "polkadot-db.sqlite"
}
[2025-09-08T20:45:22.268Z] [LOG] balanceAssetHub {
  "nonce": "1",
  "consumers": "0",
  "providers": "1",
  "sufficients": "0",
  "data": {
    "free": "1,000,000,000,000,000",
    "reserved": "0",
    "frozen": "0",
    "flags": "0"
  }
}
[2025-09-08T20:45:22.279Z] [LOG] balance {
  "balance": "120,000,000,000",
  "status": "Liquid",
  "reason": "Consumer",
  "extra": null
}
[2025-09-08T20:45:22.292Z] [LOG] assetHubTx 0xe8041f0803010100ad200300010100d17c2d7823ebf260fd138f2d7e27d114c0145d968b5ff5006125f2414fadae69030400010000c80000000000
[2025-09-08T20:45:22.293Z] [LOG] bob address 5GoNkf6WdbxCFnPdAnYYQyCjAKPJgLNxXwPjwTh6DGg6gN3E
[2025-09-08T20:46:25.155Z] [LOG] error {}
[2025-09-08T21:10:01.652Z] [LOG] Test setup initialized - logging to test-output.log
[2025-09-08T21:10:02.032Z] [LOG] [dotenv@17.2.1] injecting env (0) from .env -- tip: ⚙️  load multiple .env files with { path: ['.env.local', '.env'] }
[2025-09-08T21:10:02.035Z] [LOG] Setting up Frequency network with options: {
  "wasmOverride": "./wasm/frequency_runtime.wasm",
  "blockNumber": 3000000,
  "endpoint": [
    "wss://0.rpc.frequency.xyz"
  ],
  "port": 8000,
  "mockSignatureHost": true,
  "runtimeLogLevel": 5,
  "db": "frequency-db.sqlite"
}
[2025-09-08T21:10:05.828Z] [LOG] assetHub.url "ws://localhost:8001"
[2025-09-08T21:10:15.830Z] [LOG] Setting up Polkadot network with options: {
  "blockNumber": 14500000,
  "endpoint": [
    "wss://rpc.ibp.network/polkadot"
  ],
  "db": "polkadot-db.sqlite"
}
[2025-09-08T21:10:17.618Z] [LOG] balanceAssetHub {
  "nonce": "1",
  "consumers": "0",
  "providers": "1",
  "sufficients": "0",
  "data": {
    "free": "1,000,000,000,000,000",
    "reserved": "0",
    "frozen": "0",
    "flags": "0"
  }
}
[2025-09-08T21:10:17.628Z] [LOG] balance {
  "balance": "120,000,000,000",
  "status": "Liquid",
  "reason": "Consumer",
  "extra": null
}
[2025-09-08T21:10:17.643Z] [LOG] assetHubTx 0xe8041f0803010100ad200300010100d17c2d7823ebf260fd138f2d7e27d114c0145d968b5ff5006125f2414fadae69030400010000c80000000000
[2025-09-08T21:10:17.644Z] [LOG] bob address 5GoNkf6WdbxCFnPdAnYYQyCjAKPJgLNxXwPjwTh6DGg6gN3E
[2025-09-08T21:11:20.193Z] [LOG] error {}
[2025-09-08T21:11:20.878Z] [LOG] Test setup initialized - logging to test-output.log
[2025-09-08T21:11:21.224Z] [LOG] [dotenv@17.2.1] injecting env (0) from .env -- tip: ⚙️  override existing env vars with { override: true }
[2025-09-08T21:11:21.228Z] [LOG] Setting up Frequency network with options: {
  "wasmOverride": "./wasm/frequency_runtime.wasm",
  "blockNumber": 3000000,
  "endpoint": [
    "wss://0.rpc.frequency.xyz"
  ],
  "port": 8000,
  "mockSignatureHost": true,
  "runtimeLogLevel": 5,
  "db": "frequency-db.sqlite"
}
[2025-09-08T21:11:24.600Z] [LOG] assetHub.url "ws://localhost:8001"
[2025-09-08T21:11:41.966Z] [LOG] Test setup initialized - logging to test-output.log
[2025-09-08T21:11:42.311Z] [LOG] [dotenv@17.2.1] injecting env (0) from .env -- tip: 📡 version env with Radar: https://dotenvx.com/radar
[2025-09-08T21:11:42.314Z] [LOG] Setting up Frequency network with options: {
  "wasmOverride": "./wasm/frequency_runtime.wasm",
  "blockNumber": 3000000,
  "endpoint": [
    "wss://0.rpc.frequency.xyz"
  ],
  "port": 8000,
  "mockSignatureHost": true,
  "runtimeLogLevel": 5,
  "db": "frequency-db.sqlite"
}
[2025-09-08T21:11:45.482Z] [LOG] assetHub.url "ws://localhost:8001"
[2025-09-08T21:11:45.482Z] [LOG] Setting up Polkadot network with options: {
  "blockNumber": 14500000,
  "endpoint": [
    "wss://rpc.ibp.network/polkadot"
  ],
  "db": "polkadot-db.sqlite"
}
[2025-09-08T21:11:47.676Z] [LOG] balanceAssetHub {
  "nonce": "1",
  "consumers": "0",
  "providers": "1",
  "sufficients": "0",
  "data": {
    "free": "1,000,000,000,000,000",
    "reserved": "0",
    "frozen": "0",
    "flags": "0"
  }
}
[2025-09-08T21:11:47.688Z] [LOG] balance {
  "balance": "120,000,000,000",
  "status": "Liquid",
  "reason": "Consumer",
  "extra": null
}
[2025-09-08T21:11:47.699Z] [LOG] assetHubTx 0xe8041f0803010100ad200300010100d17c2d7823ebf260fd138f2d7e27d114c0145d968b5ff5006125f2414fadae69030400010000c80000000000
[2025-09-08T21:11:47.700Z] [LOG] bob address 5GoNkf6WdbxCFnPdAnYYQyCjAKPJgLNxXwPjwTh6DGg6gN3E
[2025-09-08T21:12:18.606Z] [LOG] Test setup initialized - logging to test-output.log
[2025-09-08T21:12:18.839Z] [LOG] [dotenv@17.2.1] injecting env (0) from .env -- tip: ⚙️  suppress all logs with { quiet: true }
[2025-09-08T21:12:18.843Z] [LOG] Setting up Frequency network with options: {
  "wasmOverride": "./wasm/frequency_runtime.wasm",
  "blockNumber": 3000000,
  "endpoint": [
    "wss://0.rpc.frequency.xyz"
  ],
  "port": 8000,
  "mockSignatureHost": true,
  "runtimeLogLevel": 5,
  "db": "frequency-db.sqlite"
}
[2025-09-08T21:12:22.083Z] [LOG] assetHub.url "ws://localhost:8001"
[2025-09-08T21:12:22.083Z] [LOG] Setting up Polkadot network with options: {
  "blockNumber": 14500000,
  "endpoint": [
    "wss://rpc.ibp.network/polkadot"
  ],
  "db": "polkadot-db.sqlite"
}
[2025-09-08T21:12:23.534Z] [LOG] balanceAssetHub {
  "nonce": "1",
  "consumers": "0",
  "providers": "1",
  "sufficients": "0",
  "data": {
    "free": "1,000,000,000,000,000",
    "reserved": "0",
    "frozen": "0",
    "flags": "0"
  }
}
[2025-09-08T21:12:23.544Z] [LOG] balance {
  "balance": "120,000,000,000",
  "status": "Liquid",
  "reason": "Consumer",
  "extra": null
}
[2025-09-08T21:12:23.555Z] [LOG] assetHubTx 0xe8041f0803010100ad200300010100d17c2d7823ebf260fd138f2d7e27d114c0145d968b5ff5006125f2414fadae69030400010000c80000000000
[2025-09-08T21:12:23.556Z] [LOG] bob address 5GoNkf6WdbxCFnPdAnYYQyCjAKPJgLNxXwPjwTh6DGg6gN3E
[2025-09-08T21:12:38.893Z] [LOG] Test setup initialized - logging to test-output.log
[2025-09-08T21:12:39.128Z] [LOG] [dotenv@17.2.1] injecting env (0) from .env -- tip: ⚙️  override existing env vars with { override: true }
[2025-09-08T21:12:39.130Z] [LOG] Setting up Frequency network with options: {
  "wasmOverride": "./wasm/frequency_runtime.wasm",
  "blockNumber": 3000000,
  "endpoint": [
    "wss://0.rpc.frequency.xyz"
  ],
  "port": 8000,
  "mockSignatureHost": true,
  "runtimeLogLevel": 5,
  "db": "frequency-db.sqlite"
}
[2025-09-08T21:12:42.486Z] [LOG] assetHub.url "ws://localhost:8001"
[2025-09-08T21:12:42.487Z] [LOG] Setting up Polkadot network with options: {
  "blockNumber": 14500000,
  "endpoint": [
    "wss://rpc.ibp.network/polkadot"
  ],
  "db": "polkadot-db.sqlite"
}
[2025-09-08T21:12:44.176Z] [LOG] balanceAssetHub {
  "nonce": "1",
  "consumers": "0",
  "providers": "1",
  "sufficients": "0",
  "data": {
    "free": "1,000,000,000,000,000",
    "reserved": "0",
    "frozen": "0",
    "flags": "0"
  }
}
[2025-09-08T21:12:44.184Z] [LOG] balance {
  "balance": "120,000,000,000",
  "status": "Liquid",
  "reason": "Consumer",
  "extra": null
}
[2025-09-08T21:12:44.194Z] [LOG] assetHubTx 0xe8041f0803010100ad200300010100d17c2d7823ebf260fd138f2d7e27d114c0145d968b5ff5006125f2414fadae69030400010000c80000000000
[2025-09-08T21:12:44.195Z] [LOG] bob address 5GoNkf6WdbxCFnPdAnYYQyCjAKPJgLNxXwPjwTh6DGg6gN3E
[2025-09-08T21:13:03.287Z] [LOG] Test setup initialized - logging to test-output.log
[2025-09-08T21:13:03.559Z] [LOG] [dotenv@17.2.1] injecting env (0) from .env -- tip: 🔐 prevent committing .env to code: https://dotenvx.com/precommit
[2025-09-08T21:13:03.562Z] [LOG] Setting up Frequency network with options: {
  "wasmOverride": "./wasm/frequency_runtime.wasm",
  "blockNumber": 3000000,
  "endpoint": [
    "wss://0.rpc.frequency.xyz"
  ],
  "port": 8000,
  "mockSignatureHost": true,
  "runtimeLogLevel": 5,
  "db": "frequency-db.sqlite"
}
[2025-09-08T21:13:06.808Z] [LOG] assetHub.url "ws://localhost:8001"
[2025-09-08T21:13:06.808Z] [LOG] Setting up Polkadot network with options: {
  "blockNumber": 14500000,
  "endpoint": [
    "wss://rpc.ibp.network/polkadot"
  ],
  "db": "polkadot-db.sqlite"
}
[2025-09-08T21:13:08.383Z] [LOG] balanceAssetHub {
  "nonce": "1",
  "consumers": "0",
  "providers": "1",
  "sufficients": "0",
  "data": {
    "free": "1,000,000,000,000,000",
    "reserved": "0",
    "frozen": "0",
    "flags": "0"
  }
}
[2025-09-08T21:13:08.392Z] [LOG] balance {
  "balance": "120,000,000,000",
  "status": "Liquid",
  "reason": "Consumer",
  "extra": null
}
[2025-09-08T21:13:08.402Z] [LOG] assetHubTx 0xe8041f0803010100ad200300010100d17c2d7823ebf260fd138f2d7e27d114c0145d968b5ff5006125f2414fadae69030400010000c80000000000
[2025-09-08T21:13:08.402Z] [LOG] bob address 5GoNkf6WdbxCFnPdAnYYQyCjAKPJgLNxXwPjwTh6DGg6gN3E
[2025-09-08T21:13:45.885Z] [LOG] Test setup initialized - logging to test-output.log
[2025-09-08T21:13:46.183Z] [LOG] [dotenv@17.2.1] injecting env (0) from .env -- tip: ⚙️  load multiple .env files with { path: ['.env.local', '.env'] }
[2025-09-08T21:13:46.186Z] [LOG] Setting up Frequency network with options: {
  "wasmOverride": "./wasm/frequency_runtime.wasm",
  "blockNumber": 3000000,
  "endpoint": [
    "wss://0.rpc.frequency.xyz"
  ],
  "port": 8000,
  "mockSignatureHost": true,
  "runtimeLogLevel": 5,
  "db": "frequency-db.sqlite"
}
[2025-09-08T21:13:49.719Z] [LOG] assetHub.url "ws://localhost:8001"
[2025-09-08T21:13:49.719Z] [LOG] Setting up Polkadot network with options: {
  "blockNumber": 14500000,
  "endpoint": [
    "wss://rpc.ibp.network/polkadot"
  ],
  "db": "polkadot-db.sqlite"
}
[2025-09-08T21:13:51.661Z] [LOG] balanceAssetHub {
  "nonce": "1",
  "consumers": "0",
  "providers": "1",
  "sufficients": "0",
  "data": {
    "free": "1,000,000,000,000,000",
    "reserved": "0",
    "frozen": "0",
    "flags": "0"
  }
}
[2025-09-08T21:13:51.671Z] [LOG] balance {
  "balance": "120,000,000,000",
  "status": "Liquid",
  "reason": "Consumer",
  "extra": null
}
[2025-09-08T21:13:51.682Z] [LOG] assetHubTx 0xe8041f0803010100ad200300010100d17c2d7823ebf260fd138f2d7e27d114c0145d968b5ff5006125f2414fadae69030400010000c80000000000
[2025-09-08T21:13:51.684Z] [LOG] bob address 5GoNkf6WdbxCFnPdAnYYQyCjAKPJgLNxXwPjwTh6DGg6gN3E
[2025-09-08T21:13:53.491Z] [LOG] Transaction status: Ready
[2025-09-08T21:13:53.491Z] [LOG] ✅ Transaction is ready in pool
[2025-09-08T21:13:53.492Z] [LOG] Transaction status: Broadcast
[2025-09-08T21:14:22.829Z] [LOG] Test setup initialized - logging to test-output.log
[2025-09-08T21:14:23.063Z] [LOG] [dotenv@17.2.1] injecting env (0) from .env -- tip: 📡 auto-backup env with Radar: https://dotenvx.com/radar
[2025-09-08T21:14:23.066Z] [LOG] Setting up Frequency network with options: {
  "wasmOverride": "./wasm/frequency_runtime.wasm",
  "blockNumber": 3000000,
  "endpoint": [
    "wss://0.rpc.frequency.xyz"
  ],
  "port": 8000,
  "mockSignatureHost": true,
  "runtimeLogLevel": 5,
  "db": "frequency-db.sqlite"
}
[2025-09-08T21:14:26.544Z] [LOG] assetHub.url "ws://localhost:8001"
[2025-09-08T21:14:26.545Z] [LOG] Setting up Polkadot network with options: {
  "blockNumber": 14500000,
  "endpoint": [
    "wss://rpc.ibp.network/polkadot"
  ],
  "db": "polkadot-db.sqlite"
}
[2025-09-08T21:14:28.886Z] [LOG] balanceAssetHub {
  "nonce": "1",
  "consumers": "0",
  "providers": "1",
  "sufficients": "0",
  "data": {
    "free": "1,000,000,000,000,000",
    "reserved": "0",
    "frozen": "0",
    "flags": "0"
  }
}
[2025-09-08T21:14:28.895Z] [LOG] balance {
  "balance": "120,000,000,000",
  "status": "Liquid",
  "reason": "Consumer",
  "extra": null
}
[2025-09-08T21:14:28.904Z] [LOG] assetHubTx 0xe8041f0803010100ad200300010100d17c2d7823ebf260fd138f2d7e27d114c0145d968b5ff5006125f2414fadae69030400010000c80000000000
[2025-09-08T21:14:28.904Z] [LOG] bob address 5GoNkf6WdbxCFnPdAnYYQyCjAKPJgLNxXwPjwTh6DGg6gN3E
[2025-09-08T21:14:29.859Z] [LOG] Transaction status: Ready
[2025-09-08T21:14:29.860Z] [LOG] ✅ Transaction is ready in pool
[2025-09-08T21:14:29.861Z] [LOG] Transaction status: Broadcast
[2025-09-08T21:15:06.910Z] [LOG] Test setup initialized - logging to test-output.log
[2025-09-08T21:15:07.159Z] [LOG] [dotenv@17.2.1] injecting env (0) from .env -- tip: 🔐 prevent building .env in docker: https://dotenvx.com/prebuild
[2025-09-08T21:15:07.162Z] [LOG] Setting up Frequency network with options: {
  "wasmOverride": "./wasm/frequency_runtime.wasm",
  "blockNumber": 3000000,
  "endpoint": [
    "wss://0.rpc.frequency.xyz"
  ],
  "port": 8000,
  "mockSignatureHost": true,
  "runtimeLogLevel": 5,
  "db": "frequency-db.sqlite"
}
[2025-09-08T21:15:10.329Z] [LOG] assetHub.url "ws://localhost:8001"
[2025-09-08T21:15:10.329Z] [LOG] Setting up Polkadot network with options: {
  "blockNumber": 14500000,
  "endpoint": [
    "wss://rpc.ibp.network/polkadot"
  ],
  "db": "polkadot-db.sqlite"
}
[2025-09-08T21:15:12.300Z] [LOG] balanceAssetHub {
  "nonce": "1",
  "consumers": "0",
  "providers": "1",
  "sufficients": "0",
  "data": {
    "free": "1,000,000,000,000,000",
    "reserved": "0",
    "frozen": "0",
    "flags": "0"
  }
}
[2025-09-08T21:15:12.310Z] [LOG] balance {
  "balance": "120,000,000,000",
  "status": "Liquid",
  "reason": "Consumer",
  "extra": null
}
[2025-09-08T21:15:12.321Z] [LOG] assetHubTx 0xe8041f0803010100ad200300010100d17c2d7823ebf260fd138f2d7e27d114c0145d968b5ff5006125f2414fadae69030400010000c80000000000
[2025-09-08T21:15:12.321Z] [LOG] bob address 5GoNkf6WdbxCFnPdAnYYQyCjAKPJgLNxXwPjwTh6DGg6gN3E
[2025-09-08T21:15:13.318Z] [LOG] Transaction status: Ready
[2025-09-08T21:15:13.319Z] [LOG] ✅ Transaction is ready in pool
[2025-09-08T21:15:13.320Z] [LOG] Transaction status: Broadcast
[2025-09-08T21:16:15.062Z] [LOG] Test setup initialized - logging to test-output.log
[2025-09-08T21:16:15.298Z] [LOG] [dotenv@17.2.1] injecting env (0) from .env -- tip: ⚙️  write to custom object with { processEnv: myObject }
[2025-09-08T21:16:15.301Z] [LOG] Setting up Frequency network with options: {
  "wasmOverride": "./wasm/frequency_runtime.wasm",
  "blockNumber": 3000000,
  "endpoint": [
    "wss://0.rpc.frequency.xyz"
  ],
  "port": 8000,
  "mockSignatureHost": true,
  "runtimeLogLevel": 5,
  "db": "frequency-db.sqlite"
}
[2025-09-08T21:16:18.701Z] [LOG] assetHub.url "ws://localhost:8001"
[2025-09-08T21:16:18.702Z] [LOG] Setting up Polkadot network with options: {
  "blockNumber": 14500000,
  "endpoint": [
    "wss://rpc.ibp.network/polkadot"
  ],
  "db": "polkadot-db.sqlite"
}
[2025-09-08T21:16:20.403Z] [LOG] balanceAssetHub {
  "nonce": "1",
  "consumers": "0",
  "providers": "1",
  "sufficients": "0",
  "data": {
    "free": "1,000,000,000,000,000",
    "reserved": "0",
    "frozen": "0",
    "flags": "0"
  }
}
[2025-09-08T21:16:20.423Z] [LOG] balance {
  "balance": "120,000,000,000",
  "status": "Liquid",
  "reason": "Consumer",
  "extra": null
}
[2025-09-08T21:16:20.439Z] [LOG] assetHubTx 0xe8041f0803010100ad200300010100d17c2d7823ebf260fd138f2d7e27d114c0145d968b5ff5006125f2414fadae69030400010000c80000000000
[2025-09-08T21:16:20.439Z] [LOG] bob address 5GoNkf6WdbxCFnPdAnYYQyCjAKPJgLNxXwPjwTh6DGg6gN3E
[2025-09-08T21:16:21.442Z] [LOG] Transaction status: Ready
[2025-09-08T21:16:21.442Z] [LOG] ✅ Transaction is ready in pool
[2025-09-08T21:16:21.443Z] [LOG] Transaction status: Broadcast
[2025-09-08T21:17:08.324Z] [LOG] Test setup initialized - logging to test-output.log
[2025-09-08T21:17:08.565Z] [LOG] [dotenv@17.2.1] injecting env (0) from .env -- tip: ⚙️  suppress all logs with { quiet: true }
[2025-09-08T21:17:08.568Z] [LOG] Setting up Frequency network with options: {
  "wasmOverride": "./wasm/frequency_runtime.wasm",
  "blockNumber": 3000000,
  "endpoint": [
    "wss://0.rpc.frequency.xyz"
  ],
  "port": 8000,
  "mockSignatureHost": true,
  "runtimeLogLevel": 5,
  "db": "frequency-db.sqlite"
}
[2025-09-08T21:17:12.011Z] [LOG] assetHub.url "ws://localhost:8001"
[2025-09-08T21:17:12.012Z] [LOG] Setting up Polkadot network with options: {
  "blockNumber": 14500000,
  "endpoint": [
    "wss://rpc.ibp.network/polkadot"
  ],
  "db": "polkadot-db.sqlite"
}
[2025-09-08T21:17:13.520Z] [LOG] balanceAssetHub {
  "nonce": "1",
  "consumers": "0",
  "providers": "1",
  "sufficients": "0",
  "data": {
    "free": "1,000,000,000,000,000",
    "reserved": "0",
    "frozen": "0",
    "flags": "0"
  }
}
[2025-09-08T21:17:13.553Z] [LOG] balance {
  "balance": "120,000,000,000",
  "status": "Liquid",
  "reason": "Consumer",
  "extra": null
}
[2025-09-08T21:17:13.579Z] [LOG] assetHubTx 0xe8041f0803010100ad200300010100d17c2d7823ebf260fd138f2d7e27d114c0145d968b5ff5006125f2414fadae69030400010000c80000000000
[2025-09-08T21:17:13.580Z] [LOG] bob address 5GoNkf6WdbxCFnPdAnYYQyCjAKPJgLNxXwPjwTh6DGg6gN3E
[2025-09-08T21:17:19.451Z] [LOG] Test setup initialized - logging to test-output.log
[2025-09-08T21:17:19.709Z] [LOG] [dotenv@17.2.1] injecting env (0) from .env -- tip: ⚙️  override existing env vars with { override: true }
[2025-09-08T21:17:19.712Z] [LOG] Setting up Frequency network with options: {
  "wasmOverride": "./wasm/frequency_runtime.wasm",
  "blockNumber": 3000000,
  "endpoint": [
    "wss://0.rpc.frequency.xyz"
  ],
  "port": 8000,
  "mockSignatureHost": true,
  "runtimeLogLevel": 5,
  "db": "frequency-db.sqlite"
}
[2025-09-08T21:17:22.833Z] [LOG] assetHub.url "ws://localhost:8001"
[2025-09-08T21:17:22.834Z] [LOG] Setting up Polkadot network with options: {
  "blockNumber": 14500000,
  "endpoint": [
    "wss://rpc.ibp.network/polkadot"
  ],
  "db": "polkadot-db.sqlite"
}
[2025-09-08T21:17:24.416Z] [LOG] balanceAssetHub {
  "nonce": "1",
  "consumers": "0",
  "providers": "1",
  "sufficients": "0",
  "data": {
    "free": "1,000,000,000,000,000",
    "reserved": "0",
    "frozen": "0",
    "flags": "0"
  }
}
[2025-09-08T21:17:24.426Z] [LOG] balance {
  "balance": "120,000,000,000",
  "status": "Liquid",
  "reason": "Consumer",
  "extra": null
}
[2025-09-08T21:17:24.437Z] [LOG] assetHubTx 0xe8041f0803010100ad200300010100d17c2d7823ebf260fd138f2d7e27d114c0145d968b5ff5006125f2414fadae69030400010000c80000000000
[2025-09-08T21:17:24.438Z] [LOG] bob address 5GoNkf6WdbxCFnPdAnYYQyCjAKPJgLNxXwPjwTh6DGg6gN3E
[2025-09-08T21:17:36.594Z] [LOG] Test setup initialized - logging to test-output.log
[2025-09-08T21:17:36.829Z] [LOG] [dotenv@17.2.1] injecting env (0) from .env -- tip: 📡 version env with Radar: https://dotenvx.com/radar
[2025-09-08T21:17:36.832Z] [LOG] Setting up Frequency network with options: {
  "wasmOverride": "./wasm/frequency_runtime.wasm",
  "blockNumber": 3000000,
  "endpoint": [
    "wss://0.rpc.frequency.xyz"
  ],
  "port": 8000,
  "mockSignatureHost": true,
  "runtimeLogLevel": 5,
  "db": "frequency-db.sqlite"
}
[2025-09-08T21:17:40.059Z] [LOG] assetHub.url "ws://localhost:8001"
[2025-09-08T21:17:40.059Z] [LOG] Setting up Polkadot network with options: {
  "blockNumber": 14500000,
  "endpoint": [
    "wss://rpc.ibp.network/polkadot"
  ],
  "db": "polkadot-db.sqlite"
}
[2025-09-08T21:17:41.857Z] [LOG] balanceAssetHub {
  "nonce": "1",
  "consumers": "0",
  "providers": "1",
  "sufficients": "0",
  "data": {
    "free": "1,000,000,000,000,000",
    "reserved": "0",
    "frozen": "0",
    "flags": "0"
  }
}
[2025-09-08T21:17:41.865Z] [LOG] balance {
  "balance": "120,000,000,000",
  "status": "Liquid",
  "reason": "Consumer",
  "extra": null
}
[2025-09-08T21:17:41.874Z] [LOG] assetHubTx 0xe8041f0803010100ad200300010100d17c2d7823ebf260fd138f2d7e27d114c0145d968b5ff5006125f2414fadae69030400010000c80000000000
[2025-09-08T21:17:41.875Z] [LOG] blockNumber 2749709
[2025-09-08T21:17:41.875Z] [LOG] bob address 5GoNkf6WdbxCFnPdAnYYQyCjAKPJgLNxXwPjwTh6DGg6gN3E
[2025-09-08T21:18:26.348Z] [LOG] Test setup initialized - logging to test-output.log
[2025-09-08T21:18:26.622Z] [LOG] [dotenv@17.2.1] injecting env (0) from .env -- tip: 🔐 prevent committing .env to code: https://dotenvx.com/precommit
[2025-09-08T21:18:26.625Z] [LOG] Setting up Frequency network with options: {
  "wasmOverride": "./wasm/frequency_runtime.wasm",
  "blockNumber": 3000000,
  "endpoint": [
    "wss://0.rpc.frequency.xyz"
  ],
  "port": 8000,
  "mockSignatureHost": true,
  "runtimeLogLevel": 5,
  "db": "frequency-db.sqlite"
}
[2025-09-08T21:18:29.797Z] [LOG] assetHub.url "ws://localhost:8001"
[2025-09-08T21:18:29.798Z] [LOG] Setting up Polkadot network with options: {
  "blockNumber": 14500000,
  "endpoint": [
    "wss://rpc.ibp.network/polkadot"
  ],
  "db": "polkadot-db.sqlite"
}
[2025-09-08T21:18:31.380Z] [LOG] balanceAssetHub {
  "nonce": "1",
  "consumers": "0",
  "providers": "1",
  "sufficients": "0",
  "data": {
    "free": "1,000,000,000,000,000",
    "reserved": "0",
    "frozen": "0",
    "flags": "0"
  }
}
[2025-09-08T21:18:31.388Z] [LOG] balance {
  "balance": "120,000,000,000",
  "status": "Liquid",
  "reason": "Consumer",
  "extra": null
}
[2025-09-08T21:18:31.397Z] [LOG] assetHubTx 0xe8041f0803010100ad200300010100d17c2d7823ebf260fd138f2d7e27d114c0145d968b5ff5006125f2414fadae69030400010000c80000000000
[2025-09-08T21:18:31.399Z] [LOG] blockNumber 2749709
[2025-09-08T21:18:31.399Z] [LOG] bob address 5GoNkf6WdbxCFnPdAnYYQyCjAKPJgLNxXwPjwTh6DGg6gN3E
[2025-09-08T21:19:18.457Z] [LOG] Test setup initialized - logging to test-output.log
[2025-09-08T21:19:18.690Z] [LOG] [dotenv@17.2.1] injecting env (0) from .env -- tip: 📡 version env with Radar: https://dotenvx.com/radar
[2025-09-08T21:19:18.693Z] [LOG] Setting up Frequency network with options: {
  "wasmOverride": "./wasm/frequency_runtime.wasm",
  "blockNumber": 3000000,
  "endpoint": [
    "wss://0.rpc.frequency.xyz"
  ],
  "port": 8000,
  "mockSignatureHost": true,
  "runtimeLogLevel": 5,
  "db": "frequency-db.sqlite"
}
[2025-09-08T21:19:21.898Z] [LOG] assetHub.url "ws://localhost:8001"
[2025-09-08T21:19:21.899Z] [LOG] Setting up Polkadot network with options: {
  "blockNumber": 14500000,
  "endpoint": [
    "wss://rpc.ibp.network/polkadot"
  ],
  "db": "polkadot-db.sqlite"
}
[2025-09-08T21:19:23.692Z] [LOG] balanceAssetHub {
  "nonce": "1",
  "consumers": "0",
  "providers": "1",
  "sufficients": "0",
  "data": {
    "free": "1,000,000,000,000,000",
    "reserved": "0",
    "frozen": "0",
    "flags": "0"
  }
}
[2025-09-08T21:19:23.701Z] [LOG] balance {
  "balance": "120,000,000,000",
  "status": "Liquid",
  "reason": "Consumer",
  "extra": null
}
[2025-09-08T21:19:23.710Z] [LOG] assetHubTx 0xe8041f0803010100ad200300010100d17c2d7823ebf260fd138f2d7e27d114c0145d968b5ff5006125f2414fadae69030400010000c80000000000
[2025-09-08T21:19:23.712Z] [LOG] blockNumber 2749709
[2025-09-08T21:19:23.712Z] [LOG] bob address 5GoNkf6WdbxCFnPdAnYYQyCjAKPJgLNxXwPjwTh6DGg6gN3E
[2025-09-08T21:20:40.539Z] [LOG] Test setup initialized - logging to test-output.log
[2025-09-08T21:20:40.773Z] [LOG] [dotenv@17.2.1] injecting env (0) from .env -- tip: ⚙️  specify custom .env file path with { path: '/custom/path/.env' }
[2025-09-08T21:20:40.775Z] [LOG] Setting up Frequency network with options: {
  "wasmOverride": "./wasm/frequency_runtime.wasm",
  "blockNumber": 3000000,
  "endpoint": [
    "wss://0.rpc.frequency.xyz"
  ],
  "port": 8000,
  "mockSignatureHost": true,
  "runtimeLogLevel": 5,
  "db": "frequency-db.sqlite"
}
[2025-09-08T21:20:44.026Z] [LOG] assetHub.url "ws://localhost:8001"
[2025-09-08T21:20:44.027Z] [LOG] Setting up Polkadot network with options: {
  "blockNumber": 14500000,
  "endpoint": [
    "wss://rpc.ibp.network/polkadot"
  ],
  "db": "polkadot-db.sqlite"
}
[2025-09-08T21:20:45.662Z] [LOG] balanceAssetHub {
  "nonce": "1",
  "consumers": "0",
  "providers": "1",
  "sufficients": "0",
  "data": {
    "free": "1,000,000,000,000,000",
    "reserved": "0",
    "frozen": "0",
    "flags": "0"
  }
}
[2025-09-08T21:20:45.674Z] [LOG] balance {
  "balance": "120,000,000,000",
  "status": "Liquid",
  "reason": "Consumer",
  "extra": null
}
[2025-09-08T21:20:45.685Z] [LOG] assetHubTx 0xe8041f0803010100ad200300010100d17c2d7823ebf260fd138f2d7e27d114c0145d968b5ff5006125f2414fadae69030400010000c80000000000
[2025-09-08T21:20:45.692Z] [LOG] blockNumber 2749709
[2025-09-08T21:20:45.692Z] [LOG] bob address 5GoNkf6WdbxCFnPdAnYYQyCjAKPJgLNxXwPjwTh6DGg6gN3E
[2025-09-08T21:21:10.689Z] [LOG] Test setup initialized - logging to test-output.log
[2025-09-08T21:21:10.969Z] [LOG] [dotenv@17.2.1] injecting env (0) from .env -- tip: ⚙️  enable debug logging with { debug: true }
[2025-09-08T21:21:10.973Z] [LOG] Setting up Frequency network with options: {
  "wasmOverride": "./wasm/frequency_runtime.wasm",
  "blockNumber": 3000000,
  "endpoint": [
    "wss://0.rpc.frequency.xyz"
  ],
  "port": 8000,
  "mockSignatureHost": true,
  "runtimeLogLevel": 5,
  "db": "frequency-db.sqlite"
}
[2025-09-08T21:21:14.209Z] [LOG] assetHub.url "ws://localhost:8001"
[2025-09-08T21:21:14.209Z] [LOG] Setting up Polkadot network with options: {
  "blockNumber": 14500000,
  "endpoint": [
    "wss://rpc.ibp.network/polkadot"
  ],
  "db": "polkadot-db.sqlite"
}
[2025-09-08T21:21:16.135Z] [LOG] balanceAssetHub {
  "nonce": "1",
  "consumers": "0",
  "providers": "1",
  "sufficients": "0",
  "data": {
    "free": "1,000,000,000,000,000",
    "reserved": "0",
    "frozen": "0",
    "flags": "0"
  }
}
[2025-09-08T21:21:16.143Z] [LOG] balance {
  "balance": "120,000,000,000",
  "status": "Liquid",
  "reason": "Consumer",
  "extra": null
}
[2025-09-08T21:21:16.153Z] [LOG] assetHubTx 0xe8041f0803010100ad200300010100d17c2d7823ebf260fd138f2d7e27d114c0145d968b5ff5006125f2414fadae69030400010000c80000000000
[2025-09-08T21:21:16.155Z] [LOG] blockNumber 2749709
[2025-09-08T21:21:16.155Z] [LOG] bob address 5GoNkf6WdbxCFnPdAnYYQyCjAKPJgLNxXwPjwTh6DGg6gN3E
[2025-09-08T21:21:16.155Z] [LOG] newblockNumber 2749709
[2025-09-08T21:21:16.156Z] [LOG] burrito---
[2025-09-08T21:21:17.158Z] [LOG] Transaction status: Ready
[2025-09-08T21:21:17.159Z] [LOG] ✅ Transaction is ready in pool
[2025-09-08T21:21:17.159Z] [LOG] Transaction status: Broadcast
[2025-09-08T21:21:55.710Z] [LOG] Test setup initialized - logging to test-output.log
[2025-09-08T21:21:55.943Z] [LOG] [dotenv@17.2.1] injecting env (0) from .env -- tip: ⚙️  load multiple .env files with { path: ['.env.local', '.env'] }
[2025-09-08T21:21:55.946Z] [LOG] Setting up Frequency network with options: {
  "wasmOverride": "./wasm/frequency_runtime.wasm",
  "blockNumber": 3000000,
  "endpoint": [
    "wss://0.rpc.frequency.xyz"
  ],
  "port": 8000,
  "mockSignatureHost": true,
  "runtimeLogLevel": 5,
  "db": "frequency-db.sqlite"
}
[2025-09-08T21:21:59.104Z] [LOG] assetHub.url "ws://localhost:8001"
[2025-09-08T21:21:59.104Z] [LOG] Setting up Polkadot network with options: {
  "blockNumber": 14500000,
  "endpoint": [
    "wss://rpc.ibp.network/polkadot"
  ],
  "db": "polkadot-db.sqlite"
}
[2025-09-08T21:22:01.114Z] [LOG] balanceAssetHub {
  "nonce": "1",
  "consumers": "0",
  "providers": "1",
  "sufficients": "0",
  "data": {
    "free": "1,000,000,000,000,000",
    "reserved": "0",
    "frozen": "0",
    "flags": "0"
  }
}
[2025-09-08T21:22:01.123Z] [LOG] balance {
  "balance": "120,000,000,000",
  "status": "Liquid",
  "reason": "Consumer",
  "extra": null
}
[2025-09-08T21:22:01.133Z] [LOG] assetHubTx 0xe8041f0803010100ad200300010100d17c2d7823ebf260fd138f2d7e27d114c0145d968b5ff5006125f2414fadae69030400010000c80000000000
[2025-09-08T21:22:01.135Z] [LOG] blockNumber 2749709
[2025-09-08T21:22:01.135Z] [LOG] bob address 5GoNkf6WdbxCFnPdAnYYQyCjAKPJgLNxXwPjwTh6DGg6gN3E
[2025-09-08T21:22:01.135Z] [LOG] newblockNumber 2749709
[2025-09-08T21:22:01.135Z] [LOG] burrito---
[2025-09-08T21:22:02.116Z] [LOG] Transaction status: Ready
[2025-09-08T21:22:02.116Z] [LOG] ✅ Transaction is ready in pool
[2025-09-08T21:22:02.116Z] [LOG] Transaction status: Broadcast
[2025-09-08T21:22:15.535Z] [LOG] Test setup initialized - logging to test-output.log
[2025-09-08T21:22:15.819Z] [LOG] [dotenv@17.2.1] injecting env (0) from .env -- tip: 📡 auto-backup env with Radar: https://dotenvx.com/radar
[2025-09-08T21:22:15.824Z] [LOG] Setting up Frequency network with options: {
  "wasmOverride": "./wasm/frequency_runtime.wasm",
  "blockNumber": 3000000,
  "endpoint": [
    "wss://0.rpc.frequency.xyz"
  ],
  "port": 8000,
  "mockSignatureHost": true,
  "runtimeLogLevel": 5,
  "db": "frequency-db.sqlite"
}
[2025-09-08T21:22:18.935Z] [LOG] assetHub.url "ws://localhost:8001"
[2025-09-08T21:22:18.936Z] [LOG] Setting up Polkadot network with options: {
  "blockNumber": 14500000,
  "endpoint": [
    "wss://rpc.ibp.network/polkadot"
  ],
  "db": "polkadot-db.sqlite"
}
[2025-09-08T21:22:20.358Z] [LOG] balanceAssetHub {
  "nonce": "1",
  "consumers": "0",
  "providers": "1",
  "sufficients": "0",
  "data": {
    "free": "1,000,000,000,000,000",
    "reserved": "0",
    "frozen": "0",
    "flags": "0"
  }
}
[2025-09-08T21:22:20.367Z] [LOG] balance {
  "balance": "120,000,000,000",
  "status": "Liquid",
  "reason": "Consumer",
  "extra": null
}
[2025-09-08T21:22:20.376Z] [LOG] assetHubTx 0xe8041f0803010100ad200300010100d17c2d7823ebf260fd138f2d7e27d114c0145d968b5ff5006125f2414fadae69030400010000c80000000000
[2025-09-08T21:22:20.377Z] [LOG] blockNumber 2749709
[2025-09-08T21:22:20.378Z] [LOG] bob address 5GoNkf6WdbxCFnPdAnYYQyCjAKPJgLNxXwPjwTh6DGg6gN3E
[2025-09-08T21:24:55.527Z] [LOG] Test setup initialized - logging to test-output.log
[2025-09-08T21:24:55.908Z] [LOG] [dotenv@17.2.1] injecting env (0) from .env -- tip: ⚙️  specify custom .env file path with { path: '/custom/path/.env' }
[2025-09-08T21:24:55.910Z] [LOG] Setting up Frequency network with options: {
  "wasmOverride": "./wasm/frequency_runtime.wasm",
  "blockNumber": 3000000,
  "endpoint": [
    "wss://0.rpc.frequency.xyz"
  ],
  "port": 8000,
  "mockSignatureHost": true,
  "runtimeLogLevel": 5,
  "db": "frequency-db.sqlite"
}
[2025-09-08T21:24:59.123Z] [LOG] assetHub.url "ws://localhost:8001"
[2025-09-08T21:24:59.123Z] [LOG] Setting up Polkadot network with options: {
  "blockNumber": 14500000,
  "endpoint": [
    "wss://rpc.ibp.network/polkadot"
  ],
  "db": "polkadot-db.sqlite"
}
[2025-09-08T21:25:00.602Z] [LOG] balanceAssetHub {
  "nonce": "1",
  "consumers": "0",
  "providers": "1",
  "sufficients": "0",
  "data": {
    "free": "1,000,000,000,000,000",
    "reserved": "0",
    "frozen": "0",
    "flags": "0"
  }
}
[2025-09-08T21:25:00.611Z] [LOG] balance {
  "balance": "120,000,000,000",
  "status": "Liquid",
  "reason": "Consumer",
  "extra": null
}
[2025-09-08T21:25:00.622Z] [LOG] assetHubTx 0xe8041f0803010100ad200300010100d17c2d7823ebf260fd138f2d7e27d114c0145d968b5ff5006125f2414fadae69030400010000c80000000000
[2025-09-08T21:25:00.623Z] [LOG] blockNumber 2749709
[2025-09-08T21:25:00.623Z] [LOG] bob address 5GoNkf6WdbxCFnPdAnYYQyCjAKPJgLNxXwPjwTh6DGg6gN3E
[2025-09-08T21:25:24.307Z] [LOG] Test setup initialized - logging to test-output.log
[2025-09-08T21:25:24.548Z] [LOG] [dotenv@17.2.1] injecting env (0) from .env -- tip: 📡 observe env with Radar: https://dotenvx.com/radar
[2025-09-08T21:25:24.551Z] [LOG] Setting up Frequency network with options: {
  "wasmOverride": "./wasm/frequency_runtime.wasm",
  "blockNumber": 3000000,
  "endpoint": [
    "wss://0.rpc.frequency.xyz"
  ],
  "port": 8000,
  "mockSignatureHost": true,
  "runtimeLogLevel": 5,
  "db": "frequency-db.sqlite"
}
[2025-09-08T21:25:27.820Z] [LOG] assetHub.url "ws://localhost:8001"
[2025-09-08T21:25:27.820Z] [LOG] Setting up Polkadot network with options: {
  "blockNumber": 14500000,
  "endpoint": [
    "wss://rpc.ibp.network/polkadot"
  ],
  "db": "polkadot-db.sqlite"
}
[2025-09-08T21:25:29.912Z] [LOG] balanceAssetHub {
  "nonce": "1",
  "consumers": "0",
  "providers": "1",
  "sufficients": "0",
  "data": {
    "free": "1,000,000,000,000,000",
    "reserved": "0",
    "frozen": "0",
    "flags": "0"
  }
}
[2025-09-08T21:25:29.935Z] [LOG] balance {
  "balance": "120,000,000,000",
  "status": "Liquid",
  "reason": "Consumer",
  "extra": null
}
[2025-09-08T21:25:29.948Z] [LOG] assetHubTx 0xe8041f0803010100ad200300010100d17c2d7823ebf260fd138f2d7e27d114c0145d968b5ff5006125f2414fadae69030400010000c80000000000
[2025-09-08T21:25:29.950Z] [LOG] blockNumber 2749709
[2025-09-08T21:25:29.950Z] [LOG] bob address 5GoNkf6WdbxCFnPdAnYYQyCjAKPJgLNxXwPjwTh6DGg6gN3E
[2025-09-08T21:25:37.583Z] [LOG] Test setup initialized - logging to test-output.log
[2025-09-08T21:25:37.822Z] [LOG] [dotenv@17.2.1] injecting env (0) from .env -- tip: ⚙️  specify custom .env file path with { path: '/custom/path/.env' }
[2025-09-08T21:25:37.824Z] [LOG] Setting up Frequency network with options: {
  "wasmOverride": "./wasm/frequency_runtime.wasm",
  "blockNumber": 3000000,
  "endpoint": [
    "wss://0.rpc.frequency.xyz"
  ],
  "port": 8000,
  "mockSignatureHost": true,
  "runtimeLogLevel": 5,
  "db": "frequency-db.sqlite"
}
[2025-09-08T21:25:41.249Z] [LOG] assetHub.url "ws://localhost:8001"
[2025-09-08T21:25:41.249Z] [LOG] Setting up Polkadot network with options: {
  "blockNumber": 14500000,
  "endpoint": [
    "wss://rpc.ibp.network/polkadot"
  ],
  "db": "polkadot-db.sqlite"
}
[2025-09-08T21:25:42.666Z] [LOG] balanceAssetHub {
  "nonce": "1",
  "consumers": "0",
  "providers": "1",
  "sufficients": "0",
  "data": {
    "free": "1,000,000,000,000,000",
    "reserved": "0",
    "frozen": "0",
    "flags": "0"
  }
}
[2025-09-08T21:25:42.675Z] [LOG] balance {
  "balance": "120,000,000,000",
  "status": "Liquid",
  "reason": "Consumer",
  "extra": null
}
[2025-09-08T21:25:42.686Z] [LOG] assetHubTx 0xe8041f0803010100ad200300010100d17c2d7823ebf260fd138f2d7e27d114c0145d968b5ff5006125f2414fadae69030400010000c80000000000
[2025-09-08T21:25:42.687Z] [LOG] blockNumber 2749709
[2025-09-08T21:25:42.688Z] [LOG] bob address 5GoNkf6WdbxCFnPdAnYYQyCjAKPJgLNxXwPjwTh6DGg6gN3E
[2025-09-08T21:26:05.671Z] [LOG] Test setup initialized - logging to test-output.log
[2025-09-08T21:26:05.926Z] [LOG] [dotenv@17.2.1] injecting env (0) from .env -- tip: 🔐 prevent committing .env to code: https://dotenvx.com/precommit
[2025-09-08T21:26:05.929Z] [LOG] Setting up Frequency network with options: {
  "wasmOverride": "./wasm/frequency_runtime.wasm",
  "blockNumber": 3000000,
  "endpoint": [
    "wss://0.rpc.frequency.xyz"
  ],
  "port": 8000,
  "mockSignatureHost": true,
  "runtimeLogLevel": 5,
  "db": "frequency-db.sqlite"
}
[2025-09-08T21:26:12.294Z] [LOG] assetHub.url "ws://localhost:8001"
[2025-09-08T21:26:12.294Z] [LOG] Setting up Polkadot network with options: {
  "blockNumber": 14500000,
  "endpoint": [
    "wss://rpc.ibp.network/polkadot"
  ],
  "db": "polkadot-db.sqlite"
}
[2025-09-08T21:26:14.879Z] [LOG] balanceAssetHub {
  "nonce": "1",
  "consumers": "0",
  "providers": "1",
  "sufficients": "0",
  "data": {
    "free": "1,000,000,000,000,000",
    "reserved": "0",
    "miscFrozen": "0",
    "feeFrozen": "0"
  }
}
[2025-09-08T21:26:14.896Z] [LOG] balance {
  "balance": "120,000,000,000",
  "status": "Liquid",
  "reason": "Consumer",
  "extra": null
}
[2025-09-08T21:26:45.554Z] [LOG] Test setup initialized - logging to test-output.log
[2025-09-08T21:26:45.791Z] [LOG] [dotenv@17.2.1] injecting env (0) from .env -- tip: 🔐 prevent committing .env to code: https://dotenvx.com/precommit
[2025-09-08T21:26:45.794Z] [LOG] Setting up Frequency network with options: {
  "wasmOverride": "./wasm/frequency_runtime.wasm",
  "blockNumber": 3000000,
  "endpoint": [
    "wss://0.rpc.frequency.xyz"
  ],
  "port": 8000,
  "mockSignatureHost": true,
  "runtimeLogLevel": 5,
  "db": "frequency-db.sqlite"
}
[2025-09-08T21:26:49.313Z] [LOG] assetHub.url "ws://localhost:8001"
[2025-09-08T21:26:49.314Z] [LOG] Setting up Polkadot network with options: {
  "blockNumber": 14500000,
  "endpoint": [
    "wss://rpc.ibp.network/polkadot"
  ],
  "db": "polkadot-db.sqlite"
}
[2025-09-08T21:26:51.768Z] [LOG] balanceAssetHub {
  "nonce": "1",
  "consumers": "0",
  "providers": "1",
  "sufficients": "0",
  "data": {
    "free": "1,000,000,000,000,000",
    "reserved": "0",
    "miscFrozen": "0",
    "feeFrozen": "0"
  }
}
[2025-09-08T21:26:51.780Z] [LOG] balance {
  "balance": "120,000,000,000",
  "status": "Liquid",
  "reason": "Consumer",
  "extra": null
}
[2025-09-08T21:26:59.412Z] [LOG] Test setup initialized - logging to test-output.log
[2025-09-08T21:26:59.662Z] [LOG] [dotenv@17.2.1] injecting env (0) from .env -- tip: 🔐 prevent committing .env to code: https://dotenvx.com/precommit
[2025-09-08T21:26:59.665Z] [LOG] Setting up Frequency network with options: {
  "wasmOverride": "./wasm/frequency_runtime.wasm",
  "blockNumber": 3000000,
  "endpoint": [
    "wss://0.rpc.frequency.xyz"
  ],
  "port": 8000,
  "mockSignatureHost": true,
  "runtimeLogLevel": 5,
  "db": "frequency-db.sqlite"
}
[2025-09-08T21:27:03.066Z] [LOG] assetHub.url "ws://localhost:8001"
[2025-09-08T21:27:03.067Z] [LOG] Setting up Polkadot network with options: {
  "blockNumber": 14500000,
  "endpoint": [
    "wss://rpc.ibp.network/polkadot"
  ],
  "db": "polkadot-db.sqlite"
}
[2025-09-08T21:27:04.496Z] [LOG] balanceAssetHub {
  "nonce": "1",
  "consumers": "0",
  "providers": "1",
  "sufficients": "0",
  "data": {
    "free": "1,000,000,000,000,000",
    "reserved": "0",
    "miscFrozen": "0",
    "feeFrozen": "0"
  }
}
[2025-09-08T21:27:04.507Z] [LOG] balance {
  "balance": "120,000,000,000",
  "status": "Liquid",
  "reason": "Consumer",
  "extra": null
}
[2025-09-08T21:28:05.271Z] [LOG] Test setup initialized - logging to test-output.log
[2025-09-08T21:28:05.492Z] [LOG] [dotenv@17.2.1] injecting env (0) from .env -- tip: 📡 auto-backup env with Radar: https://dotenvx.com/radar
[2025-09-08T21:28:05.494Z] [LOG] Setting up Frequency network with options: {
  "wasmOverride": "./wasm/frequency_runtime.wasm",
  "blockNumber": 3000000,
  "endpoint": [
    "wss://0.rpc.frequency.xyz"
  ],
  "port": 8000,
  "mockSignatureHost": true,
  "runtimeLogLevel": 5,
  "db": "frequency-db.sqlite"
}
[2025-09-08T21:28:08.618Z] [LOG] assetHub.url "ws://localhost:8001"
[2025-09-08T21:28:08.618Z] [LOG] Setting up Polkadot network with options: {
  "blockNumber": 14500000,
  "endpoint": [
    "wss://rpc.ibp.network/polkadot"
  ],
  "db": "polkadot-db.sqlite"
}
[2025-09-08T21:28:10.386Z] [LOG] balanceAssetHub {
  "nonce": "1",
  "consumers": "0",
  "providers": "1",
  "sufficients": "0",
  "data": {
    "free": "1,000,000,000,000,000",
    "reserved": "0",
    "miscFrozen": "0",
    "feeFrozen": "0"
  }
}
[2025-09-08T21:28:10.395Z] [LOG] balance {
  "balance": "120,000,000,000",
  "status": "Liquid",
  "reason": "Consumer",
  "extra": null
}
[2025-09-08T21:28:17.505Z] [LOG] Test setup initialized - logging to test-output.log
[2025-09-08T21:28:17.741Z] [LOG] [dotenv@17.2.1] injecting env (0) from .env -- tip: 🔐 encrypt with Dotenvx: https://dotenvx.com
[2025-09-08T21:28:17.744Z] [LOG] Setting up Frequency network with options: {
  "wasmOverride": "./wasm/frequency_runtime.wasm",
  "blockNumber": 3000000,
  "endpoint": [
    "wss://0.rpc.frequency.xyz"
  ],
  "port": 8000,
  "mockSignatureHost": true,
  "runtimeLogLevel": 5,
  "db": "frequency-db.sqlite"
}
[2025-09-08T21:28:20.961Z] [LOG] assetHub.url "ws://localhost:8001"
[2025-09-08T21:28:20.962Z] [LOG] Setting up Polkadot network with options: {
  "blockNumber": 14500000,
  "endpoint": [
    "wss://rpc.ibp.network/polkadot"
  ],
  "db": "polkadot-db.sqlite"
}
[2025-09-08T21:28:22.860Z] [LOG] balanceAssetHub {
  "nonce": "1",
  "consumers": "0",
  "providers": "1",
  "sufficients": "0",
  "data": {
    "free": "1,000,000,000,000,000",
    "reserved": "0",
    "frozen": "0",
    "flags": "0"
  }
}
[2025-09-08T21:28:22.871Z] [LOG] balance {
  "balance": "120,000,000,000",
  "status": "Liquid",
  "reason": "Consumer",
  "extra": null
}
[2025-09-08T21:28:22.882Z] [LOG] assetHubTx 0xe8041f0803010100ad200300010100d17c2d7823ebf260fd138f2d7e27d114c0145d968b5ff5006125f2414fadae69030400010000c80000000000
[2025-09-08T21:28:22.884Z] [LOG] blockNumber 2749709
[2025-09-08T21:28:22.885Z] [LOG] bob address 5GoNkf6WdbxCFnPdAnYYQyCjAKPJgLNxXwPjwTh6DGg6gN3E
[2025-09-08T21:31:02.076Z] [LOG] Test setup initialized - logging to test-output.log
[2025-09-08T21:31:02.357Z] [LOG] [dotenv@17.2.1] injecting env (0) from .env -- tip: ⚙️  load multiple .env files with { path: ['.env.local', '.env'] }
[2025-09-08T21:31:02.360Z] [LOG] Setting up Frequency network with options: {
  "wasmOverride": "./wasm/frequency_runtime.wasm",
  "blockNumber": 3000000,
  "endpoint": [
    "wss://0.rpc.frequency.xyz"
  ],
  "port": 8000,
  "mockSignatureHost": true,
  "runtimeLogLevel": 5,
  "db": "frequency-db.sqlite"
}
[2025-09-08T21:31:05.720Z] [LOG] assetHub.url "ws://localhost:8001"
[2025-09-08T21:31:06.332Z] [LOG] Setting up Polkadot network with options: {
  "blockNumber": 14500000,
  "endpoint": [
    "wss://rpc.ibp.network/polkadot"
  ],
  "db": "polkadot-db.sqlite"
}
[2025-09-08T21:31:07.995Z] [LOG] balanceAssetHub {
  "nonce": "1",
  "consumers": "0",
  "providers": "1",
  "sufficients": "0",
  "data": {
    "free": "1,000,000,000,000,000",
    "reserved": "0",
    "frozen": "0",
    "flags": "0"
  }
}
[2025-09-08T21:31:08.007Z] [LOG] balance {
  "balance": "120,000,000,000",
  "status": "Liquid",
  "reason": "Consumer",
  "extra": null
}
[2025-09-08T21:31:08.017Z] [LOG] assetHubTx 0xe8041f0803010100ad200300010100d17c2d7823ebf260fd138f2d7e27d114c0145d968b5ff5006125f2414fadae69030400010000c80000000000
[2025-09-08T21:31:08.018Z] [LOG] blockNumber 2749709
[2025-09-08T21:31:08.019Z] [LOG] bob address 5GoNkf6WdbxCFnPdAnYYQyCjAKPJgLNxXwPjwTh6DGg6gN3E
[2025-09-08T21:35:09.023Z] [LOG] Test setup initialized - logging to test-output.log
[2025-09-08T21:35:09.264Z] [LOG] [dotenv@17.2.1] injecting env (0) from .env -- tip: ⚙️  load multiple .env files with { path: ['.env.local', '.env'] }
[2025-09-08T21:35:09.266Z] [LOG] Setting up Frequency network with options: {
  "wasmOverride": "./wasm/frequency_runtime.wasm",
  "blockNumber": 3000000,
  "endpoint": [
    "wss://0.rpc.frequency.xyz"
  ],
  "port": 8000,
  "mockSignatureHost": true,
  "runtimeLogLevel": 5,
  "db": "frequency-db.sqlite"
}
[2025-09-08T21:35:11.802Z] [LOG] Test setup initialized - logging to test-output.log
[2025-09-08T21:35:12.040Z] [LOG] [dotenv@17.2.1] injecting env (0) from .env -- tip: 🔐 prevent committing .env to code: https://dotenvx.com/precommit
[2025-09-08T21:35:12.044Z] [LOG] Setting up Frequency network with options: {
  "wasmOverride": "./wasm/frequency_runtime.wasm",
  "blockNumber": 3000000,
  "endpoint": [
    "wss://0.rpc.frequency.xyz"
  ],
  "port": 8000,
  "mockSignatureHost": true,
  "runtimeLogLevel": 5,
  "db": "frequency-db.sqlite"
}
[2025-09-08T21:35:15.324Z] [LOG] assetHub.url "ws://localhost:8001"
[2025-09-08T21:35:15.882Z] [LOG] Setting up Polkadot network with options: {
  "blockNumber": 14500000,
  "endpoint": [
    "wss://rpc.ibp.network/polkadot"
  ],
  "db": "polkadot-db.sqlite"
}
[2025-09-08T21:35:17.201Z] [LOG] balanceAssetHub {
  "nonce": "1",
  "consumers": "0",
  "providers": "1",
  "sufficients": "0",
  "data": {
    "free": "1,000,000,000,000,000",
    "reserved": "0",
    "frozen": "0",
    "flags": "0"
  }
}
[2025-09-08T21:35:17.215Z] [LOG] balance {
  "balance": "120,000,000,000",
  "status": "Liquid",
  "reason": "Consumer",
  "extra": null
}
[2025-09-08T21:35:17.225Z] [LOG] assetHubTx 0xe8041f0803010100ad200300010100d17c2d7823ebf260fd138f2d7e27d114c0145d968b5ff5006125f2414fadae69030400010000c80000000000
[2025-09-08T21:35:17.227Z] [LOG] blockNumber 2749709
[2025-09-08T21:35:17.227Z] [LOG] bob address 5GoNkf6WdbxCFnPdAnYYQyCjAKPJgLNxXwPjwTh6DGg6gN3E
[2025-09-08T21:36:12.116Z] [LOG] Test setup initialized - logging to test-output.log
[2025-09-08T21:36:12.352Z] [LOG] [dotenv@17.2.1] injecting env (0) from .env -- tip: ⚙️  override existing env vars with { override: true }
[2025-09-08T21:36:12.356Z] [LOG] Setting up Frequency network with options: {
  "wasmOverride": "./wasm/frequency_runtime.wasm",
  "blockNumber": 3000000,
  "endpoint": [
    "wss://0.rpc.frequency.xyz"
  ],
  "port": 8000,
  "mockSignatureHost": true,
  "runtimeLogLevel": 5,
  "db": "frequency-db.sqlite"
}
[2025-09-08T21:36:15.517Z] [LOG] assetHub.url "ws://localhost:8001"
[2025-09-08T21:36:16.136Z] [LOG] Setting up Polkadot network with options: {
  "blockNumber": 14500000,
  "endpoint": [
    "wss://rpc.ibp.network/polkadot"
  ],
  "db": "polkadot-db.sqlite"
}
[2025-09-08T21:36:17.406Z] [LOG] balanceAssetHub {
  "nonce": "1",
  "consumers": "0",
  "providers": "1",
  "sufficients": "0",
  "data": {
    "free": "1,000,000,000,000,000",
    "reserved": "0",
    "frozen": "0",
    "flags": "0"
  }
}
[2025-09-08T21:36:35.325Z] [LOG] Test setup initialized - logging to test-output.log
[2025-09-08T21:36:35.682Z] [LOG] [dotenv@17.2.1] injecting env (0) from .env -- tip: 🛠️  run anywhere with `dotenvx run -- yourcommand`
[2025-09-08T21:36:35.685Z] [LOG] Setting up Frequency network with options: {
  "wasmOverride": "./wasm/frequency_runtime.wasm",
  "blockNumber": 3000000,
  "endpoint": [
    "wss://0.rpc.frequency.xyz"
  ],
  "port": 8000,
  "mockSignatureHost": true,
  "runtimeLogLevel": 5,
  "db": "frequency-db.sqlite"
}
[2025-09-08T21:36:38.972Z] [LOG] assetHub.url "ws://localhost:8001"
[2025-09-08T21:36:39.281Z] [LOG] Setting up Polkadot network with options: {
  "blockNumber": 14500000,
  "endpoint": [
    "wss://rpc.ibp.network/polkadot"
  ],
  "db": "polkadot-db.sqlite"
}
[2025-09-08T21:36:40.839Z] [LOG] balanceAssetHub {
  "nonce": "1",
  "consumers": "0",
  "providers": "1",
  "sufficients": "0",
  "data": {
    "free": "1,000,000,000,000,000",
    "reserved": "0",
    "frozen": "0",
    "flags": "0"
  }
}
[2025-09-08T21:36:40.847Z] [LOG] balance {
  "balance": "120,000,000,000",
  "status": "Liquid",
  "reason": "Consumer",
  "extra": null
}
[2025-09-08T21:36:40.857Z] [LOG] assetHubTx 0xe8041f0803010100ad200300010100d17c2d7823ebf260fd138f2d7e27d114c0145d968b5ff5006125f2414fadae69030400010000c80000000000
[2025-09-08T21:36:40.859Z] [LOG] blockNumber 2749709
[2025-09-08T21:36:40.859Z] [LOG] bob address 5GoNkf6WdbxCFnPdAnYYQyCjAKPJgLNxXwPjwTh6DGg6gN3E
[2025-09-08T21:36:56.666Z] [LOG] Test setup initialized - logging to test-output.log
[2025-09-08T21:36:56.901Z] [LOG] [dotenv@17.2.1] injecting env (0) from .env -- tip: 🛠️  run anywhere with `dotenvx run -- yourcommand`
[2025-09-08T21:36:56.903Z] [LOG] Setting up Frequency network with options: {
  "wasmOverride": "./wasm/frequency_runtime.wasm",
  "blockNumber": 3000000,
  "endpoint": [
    "wss://0.rpc.frequency.xyz"
  ],
  "port": 8000,
  "mockSignatureHost": true,
  "runtimeLogLevel": 5,
  "db": "frequency-db.sqlite"
}
[2025-09-08T21:37:00.057Z] [LOG] assetHub.url "ws://localhost:8001"
[2025-09-08T21:37:00.663Z] [LOG] Setting up Polkadot network with options: {
  "blockNumber": 14500000,
  "endpoint": [
    "wss://rpc.ibp.network/polkadot"
  ],
  "db": "polkadot-db.sqlite"
}
[2025-09-08T21:37:01.927Z] [LOG] balanceAssetHub {
  "nonce": "1",
  "consumers": "0",
  "providers": "1",
  "sufficients": "0",
  "data": {
    "free": "1,000,000,000,000,000",
    "reserved": "0",
    "frozen": "0",
    "flags": "0"
  }
}
[2025-09-08T21:37:01.939Z] [LOG] balance {
  "balance": "120,000,000,000",
  "status": "Liquid",
  "reason": "Consumer",
  "extra": null
}
[2025-09-08T21:37:01.957Z] [LOG] assetHubTx 0xe8041f0803010100ad200300010100d17c2d7823ebf260fd138f2d7e27d114c0145d968b5ff5006125f2414fadae69030400010000c80000000000
[2025-09-08T21:37:01.960Z] [LOG] blockNumber 2749709
[2025-09-08T21:37:01.961Z] [LOG] bob address 5GoNkf6WdbxCFnPdAnYYQyCjAKPJgLNxXwPjwTh6DGg6gN3E
[2025-09-08T21:38:05.021Z] [LOG] Test setup initialized - logging to test-output.log
[2025-09-08T21:38:05.253Z] [LOG] [dotenv@17.2.1] injecting env (0) from .env -- tip: 📡 version env with Radar: https://dotenvx.com/radar
[2025-09-08T21:38:05.255Z] [LOG] Setting up Frequency network with options: {
  "wasmOverride": "./wasm/frequency_runtime.wasm",
  "blockNumber": 3000000,
  "endpoint": [
    "wss://0.rpc.frequency.xyz"
  ],
  "port": 8000,
  "mockSignatureHost": true,
  "runtimeLogLevel": 5,
  "db": "frequency-db.sqlite"
}
[2025-09-08T21:38:08.476Z] [LOG] assetHub.url "ws://localhost:8001"
[2025-09-08T21:38:09.234Z] [LOG] Setting up Polkadot network with options: {
  "blockNumber": 14500000,
  "endpoint": [
    "wss://rpc.ibp.network/polkadot"
  ],
  "db": "polkadot-db.sqlite"
}
[2025-09-08T21:38:10.535Z] [LOG] balanceAssetHub {
  "nonce": "1",
  "consumers": "0",
  "providers": "1",
  "sufficients": "0",
  "data": {
    "free": "1,000,000,000,000,000",
    "reserved": "0",
    "frozen": "0",
    "flags": "0"
  }
}
[2025-09-08T21:38:10.544Z] [LOG] balance {
  "balance": "120,000,000,000",
  "status": "Liquid",
  "reason": "Consumer",
  "extra": null
}
[2025-09-08T21:38:10.554Z] [LOG] blockNumber 2749709
[2025-09-08T21:38:10.555Z] [LOG] bob address 5GoNkf6WdbxCFnPdAnYYQyCjAKPJgLNxXwPjwTh6DGg6gN3E
[2025-09-08T21:39:01.153Z] [LOG] Test setup initialized - logging to test-output.log
[2025-09-08T21:39:01.439Z] [LOG] [dotenv@17.2.1] injecting env (0) from .env -- tip: ⚙️  suppress all logs with { quiet: true }
[2025-09-08T21:39:01.445Z] [LOG] Setting up Frequency network with options: {
  "wasmOverride": "./wasm/frequency_runtime.wasm",
  "blockNumber": 3000000,
  "endpoint": [
    "wss://0.rpc.frequency.xyz"
  ],
  "port": 8000,
  "mockSignatureHost": true,
  "runtimeLogLevel": 5,
  "db": "frequency-db.sqlite"
}
[2025-09-08T21:39:04.457Z] [LOG] assetHub.url "ws://localhost:8001"
[2025-09-08T21:39:04.916Z] [LOG] Setting up Polkadot network with options: {
  "blockNumber": 14500000,
  "endpoint": [
    "wss://rpc.ibp.network/polkadot"
  ],
  "db": "polkadot-db.sqlite"
}
[2025-09-08T21:39:06.158Z] [LOG] balanceAssetHub {
  "nonce": "1",
  "consumers": "0",
  "providers": "1",
  "sufficients": "0",
  "data": {
    "free": "1,000,000,000,000,000",
    "reserved": "0",
    "frozen": "0",
    "flags": "0"
  }
}
[2025-09-08T21:39:06.168Z] [LOG] balance {
  "balance": "120,000,000,000",
  "status": "Liquid",
  "reason": "Consumer",
  "extra": null
}
[2025-09-08T21:39:06.179Z] [LOG] blockNumber 2749709
[2025-09-08T21:39:06.180Z] [LOG] bob address 5GoNkf6WdbxCFnPdAnYYQyCjAKPJgLNxXwPjwTh6DGg6gN3E
[2025-09-08T21:39:23.352Z] [LOG] Test setup initialized - logging to test-output.log
[2025-09-08T21:39:23.586Z] [LOG] [dotenv@17.2.1] injecting env (0) from .env -- tip: ⚙️  override existing env vars with { override: true }
[2025-09-08T21:39:23.588Z] [LOG] Setting up Frequency network with options: {
  "wasmOverride": "./wasm/frequency_runtime.wasm",
  "blockNumber": 3000000,
  "endpoint": [
    "wss://0.rpc.frequency.xyz"
  ],
  "port": 8000,
  "mockSignatureHost": true,
  "runtimeLogLevel": 5,
  "db": "frequency-db.sqlite"
}
[2025-09-08T21:39:26.812Z] [LOG] assetHub.url "ws://localhost:8001"
[2025-09-08T21:39:27.419Z] [LOG] Setting up Polkadot network with options: {
  "blockNumber": 14500000,
  "endpoint": [
    "wss://rpc.ibp.network/polkadot"
  ],
  "db": "polkadot-db.sqlite"
}
[2025-09-08T21:39:28.724Z] [LOG] balanceAssetHub {
  "nonce": "1",
  "consumers": "0",
  "providers": "1",
  "sufficients": "0",
  "data": {
    "free": "1,000,000,000,000,000",
    "reserved": "0",
    "frozen": "0",
    "flags": "0"
  }
}
[2025-09-08T21:39:28.734Z] [LOG] balance {
  "balance": "120,000,000,000",
  "status": "Liquid",
  "reason": "Consumer",
  "extra": null
}
[2025-09-08T21:39:28.746Z] [LOG] blockNumber 2749709
[2025-09-08T21:39:28.747Z] [LOG] bob address 5GoNkf6WdbxCFnPdAnYYQyCjAKPJgLNxXwPjwTh6DGg6gN3E
[2025-09-08T21:39:28.748Z] [LOG] newblockNumber 2749709
[2025-09-08T21:39:28.748Z] [LOG] burrito---
[2025-09-08T21:39:29.817Z] [LOG] Transaction status: Ready
[2025-09-08T21:39:29.817Z] [LOG] ✅ Transaction is ready in pool
[2025-09-08T21:39:29.817Z] [LOG] Transaction status: Broadcast
[2025-09-08T21:40:06.955Z] [LOG] Test setup initialized - logging to test-output.log
[2025-09-08T21:40:07.186Z] [LOG] [dotenv@17.2.1] injecting env (0) from .env -- tip: 🛠️  run anywhere with `dotenvx run -- yourcommand`
[2025-09-08T21:40:07.189Z] [LOG] Setting up Frequency network with options: {
  "wasmOverride": "./wasm/frequency_runtime.wasm",
  "blockNumber": 3000000,
  "endpoint": [
    "wss://0.rpc.frequency.xyz"
  ],
  "port": 8000,
  "mockSignatureHost": true,
  "runtimeLogLevel": 5,
  "db": "frequency-db.sqlite"
}
[2025-09-08T21:40:10.484Z] [LOG] assetHub.url "ws://localhost:8001"
[2025-09-08T21:40:11.106Z] [LOG] Setting up Polkadot network with options: {
  "blockNumber": 14500000,
  "endpoint": [
    "wss://rpc.ibp.network/polkadot"
  ],
  "db": "polkadot-db.sqlite"
}
[2025-09-08T21:40:12.402Z] [LOG] balanceAssetHub {
  "nonce": "1",
  "consumers": "0",
  "providers": "1",
  "sufficients": "0",
  "data": {
    "free": "1,000,000,000,000,000",
    "reserved": "0",
    "frozen": "0",
    "flags": "0"
  }
}
[2025-09-08T21:40:12.412Z] [LOG] balance {
  "balance": "120,000,000,000",
  "status": "Liquid",
  "reason": "Consumer",
  "extra": null
}
[2025-09-08T21:40:12.427Z] [LOG] blockNumber 2749709
[2025-09-08T21:40:12.428Z] [LOG] bob address 5GoNkf6WdbxCFnPdAnYYQyCjAKPJgLNxXwPjwTh6DGg6gN3E
[2025-09-08T21:40:12.429Z] [LOG] newblockNumber 2749709
[2025-09-08T21:40:12.429Z] [LOG] burrito---
[2025-09-08T21:40:13.435Z] [LOG] Transaction status: Ready
[2025-09-08T21:40:13.435Z] [LOG] ✅ Transaction is ready in pool
[2025-09-08T21:40:13.435Z] [LOG] Transaction status: Broadcast
[2025-09-08T21:40:34.037Z] [LOG] Test setup initialized - logging to test-output.log
[2025-09-08T21:40:34.293Z] [LOG] [dotenv@17.2.1] injecting env (0) from .env -- tip: 🔐 prevent building .env in docker: https://dotenvx.com/prebuild
[2025-09-08T21:40:34.297Z] [LOG] Setting up Frequency network with options: {
  "wasmOverride": "./wasm/frequency_runtime.wasm",
  "blockNumber": 3000000,
  "endpoint": [
    "wss://0.rpc.frequency.xyz"
  ],
  "port": 8000,
  "mockSignatureHost": true,
  "runtimeLogLevel": 5,
  "db": "frequency-db.sqlite"
}
[2025-09-08T21:40:37.525Z] [LOG] assetHub.url "ws://localhost:8001"
[2025-09-08T21:40:38.141Z] [LOG] Setting up Polkadot network with options: {
  "blockNumber": 14500000,
  "endpoint": [
    "wss://rpc.ibp.network/polkadot"
  ],
  "db": "polkadot-db.sqlite"
}
[2025-09-08T21:40:39.395Z] [LOG] balanceAssetHub {
  "nonce": "1",
  "consumers": "0",
  "providers": "1",
  "sufficients": "0",
  "data": {
    "free": "1,000,000,000,000,000",
    "reserved": "0",
    "frozen": "0",
    "flags": "0"
  }
}
[2025-09-08T21:40:39.404Z] [LOG] balance {
  "balance": "120,000,000,000",
  "status": "Liquid",
  "reason": "Consumer",
  "extra": null
}
[2025-09-08T21:40:39.415Z] [LOG] blockNumber 2749709
[2025-09-08T21:40:39.415Z] [LOG] bob address 5GoNkf6WdbxCFnPdAnYYQyCjAKPJgLNxXwPjwTh6DGg6gN3E
[2025-09-08T21:40:39.416Z] [LOG] newblockNumber 2749709
[2025-09-08T21:40:39.416Z] [LOG] burrito---
[2025-09-08T21:40:40.420Z] [LOG] Transaction status: Ready
[2025-09-08T21:40:40.420Z] [LOG] ✅ Transaction is ready in pool
[2025-09-08T21:40:40.420Z] [LOG] Transaction status: Broadcast
[2025-09-08T21:51:49.776Z] [LOG] Test setup initialized - logging to test-output.log
[2025-09-08T21:51:50.007Z] [LOG] [dotenv@17.2.1] injecting env (0) from .env -- tip: ⚙️  suppress all logs with { quiet: true }
[2025-09-08T21:51:50.010Z] [LOG] Setting up Frequency network with options: {
  "wasmOverride": "./wasm/frequency_runtime.wasm",
  "blockNumber": 3000000,
  "endpoint": [
    "wss://0.rpc.frequency.xyz"
  ],
  "port": 8000,
  "mockSignatureHost": true,
  "runtimeLogLevel": 5,
  "db": "frequency-db.sqlite"
}
[2025-09-08T21:51:53.564Z] [LOG] assetHub.url "ws://localhost:8001"
[2025-09-08T21:51:54.165Z] [LOG] Setting up Polkadot network with options: {
  "blockNumber": 14500000,
  "endpoint": [
    "wss://rpc.ibp.network/polkadot"
  ],
  "db": "polkadot-db.sqlite"
}
[2025-09-08T21:51:55.498Z] [LOG] balanceAssetHub {
  "nonce": "1",
  "consumers": "0",
  "providers": "1",
  "sufficients": "0",
  "data": {
    "free": "1,000,000,000,000,000",
    "reserved": "0",
    "frozen": "0",
    "flags": "0"
  }
}
[2025-09-08T21:51:55.508Z] [LOG] balance {
  "balance": "120,000,000,000",
  "status": "Liquid",
  "reason": "Consumer",
  "extra": null
}
[2025-09-08T21:51:55.519Z] [LOG] blockNumber 2749709
[2025-09-08T21:51:55.520Z] [LOG] bob address 5GoNkf6WdbxCFnPdAnYYQyCjAKPJgLNxXwPjwTh6DGg6gN3E
[2025-09-08T21:51:55.520Z] [LOG] newblockNumber 2749709
[2025-09-08T21:51:55.520Z] [LOG] burrito---
[2025-09-08T21:51:56.548Z] [LOG] Transaction status: Ready
[2025-09-08T21:51:56.548Z] [LOG] ✅ Transaction is ready in pool
[2025-09-08T21:51:56.549Z] [LOG] Transaction status: Broadcast
[2025-09-08T21:54:33.751Z] [LOG] Test setup initialized - logging to test-output.log
[2025-09-08T21:54:34.025Z] [LOG] [dotenv@17.2.1] injecting env (0) from .env -- tip: 📡 auto-backup env with Radar: https://dotenvx.com/radar
[2025-09-08T21:54:34.028Z] [LOG] Setting up Frequency network with options: {
  "wasmOverride": "./wasm/frequency_runtime.wasm",
  "blockNumber": 3000000,
  "endpoint": [
    "wss://0.rpc.frequency.xyz"
  ],
  "port": 8000,
  "mockSignatureHost": true,
  "runtimeLogLevel": 5,
  "db": "frequency-db.sqlite"
}
[2025-09-08T21:54:37.320Z] [LOG] assetHub.url "ws://localhost:8001"
[2025-09-08T21:54:37.911Z] [LOG] Setting up Polkadot network with options: {
  "blockNumber": 14500000,
  "endpoint": [
    "wss://rpc.ibp.network/polkadot"
  ],
  "db": "polkadot-db.sqlite"
}
[2025-09-08T21:54:39.355Z] [LOG] balanceAssetHub {
  "nonce": "1",
  "consumers": "0",
  "providers": "1",
  "sufficients": "0",
  "data": {
    "free": "1,000,000,000,000,000",
    "reserved": "0",
    "frozen": "0",
    "flags": "0"
  }
}
[2025-09-08T21:54:39.365Z] [LOG] balance {
  "balance": "120,000,000,000",
  "status": "Liquid",
  "reason": "Consumer",
  "extra": null
}
[2025-09-08T21:54:39.376Z] [LOG] blockNumber 2749709
[2025-09-08T21:54:39.376Z] [LOG] bob address 5GoNkf6WdbxCFnPdAnYYQyCjAKPJgLNxXwPjwTh6DGg6gN3E
[2025-09-08T21:55:22.089Z] [LOG] Test setup initialized - logging to test-output.log
[2025-09-08T21:55:22.393Z] [LOG] [dotenv@17.2.1] injecting env (0) from .env -- tip: ⚙️  override existing env vars with { override: true }
[2025-09-08T21:55:22.396Z] [LOG] Setting up Frequency network with options: {
  "wasmOverride": "./wasm/frequency_runtime.wasm",
  "blockNumber": 3000000,
  "endpoint": [
    "wss://0.rpc.frequency.xyz"
  ],
  "port": 8000,
  "mockSignatureHost": true,
  "runtimeLogLevel": 5,
  "db": "frequency-db.sqlite"
}
[2025-09-08T21:55:25.524Z] [LOG] assetHub.url "ws://localhost:8001"
[2025-09-08T21:55:26.143Z] [LOG] Setting up Polkadot network with options: {
  "blockNumber": 14500000,
  "endpoint": [
    "wss://rpc.ibp.network/polkadot"
  ],
  "db": "polkadot-db.sqlite"
}
[2025-09-08T21:55:27.479Z] [LOG] balanceAssetHub {
  "nonce": "1",
  "consumers": "0",
  "providers": "1",
  "sufficients": "0",
  "data": {
    "free": "1,000,000,000,000,000",
    "reserved": "0",
    "frozen": "0",
    "flags": "0"
  }
}
[2025-09-08T21:55:27.489Z] [LOG] balance {
  "balance": "120,000,000,000",
  "status": "Liquid",
  "reason": "Consumer",
  "extra": null
}
[2025-09-08T21:55:27.501Z] [LOG] blockNumber 2749709
[2025-09-08T21:55:27.502Z] [LOG] bob address 5GoNkf6WdbxCFnPdAnYYQyCjAKPJgLNxXwPjwTh6DGg6gN3E
[2025-09-08T21:55:33.939Z] [LOG] frequency block number 3000001
[2025-09-08T21:55:55.064Z] [LOG] Test setup initialized - logging to test-output.log
[2025-09-08T21:55:55.453Z] [LOG] [dotenv@17.2.1] injecting env (0) from .env -- tip: 📡 version env with Radar: https://dotenvx.com/radar
[2025-09-08T21:55:55.456Z] [LOG] Setting up Frequency network with options: {
  "wasmOverride": "./wasm/frequency_runtime.wasm",
  "blockNumber": 3000000,
  "endpoint": [
    "wss://0.rpc.frequency.xyz"
  ],
  "port": 8000,
  "mockSignatureHost": true,
  "runtimeLogLevel": 5,
  "db": "frequency-db.sqlite"
}
[2025-09-08T21:55:58.758Z] [LOG] assetHub.url "ws://localhost:8001"
[2025-09-08T21:55:59.365Z] [LOG] Setting up Polkadot network with options: {
  "blockNumber": 14500000,
  "endpoint": [
    "wss://rpc.ibp.network/polkadot"
  ],
  "db": "polkadot-db.sqlite"
}
[2025-09-08T21:56:00.871Z] [LOG] balanceAssetHub {
  "nonce": "1",
  "consumers": "0",
  "providers": "1",
  "sufficients": "0",
  "data": {
    "free": "1,000,000,000,000,000",
    "reserved": "0",
    "frozen": "0",
    "flags": "0"
  }
}
[2025-09-08T21:56:00.881Z] [LOG] balance {
  "balance": "120,000,000,000",
  "status": "Liquid",
  "reason": "Consumer",
  "extra": null
}
[2025-09-08T21:56:00.892Z] [LOG] blockNumber 2749709
[2025-09-08T21:56:00.893Z] [LOG] bob address 5GoNkf6WdbxCFnPdAnYYQyCjAKPJgLNxXwPjwTh6DGg6gN3E
[2025-09-08T21:56:04.504Z] [LOG] frequency block number 3000001
[2025-09-08T21:56:04.504Z] [LOG] burrito---
[2025-09-08T21:56:05.508Z] [LOG] Transaction status: Ready
[2025-09-08T21:56:05.508Z] [LOG] ✅ Transaction is ready in pool
[2025-09-08T21:56:05.509Z] [LOG] Transaction status: Broadcast
[2025-09-08T21:56:12.350Z] [LOG] Test setup initialized - logging to test-output.log
[2025-09-08T21:56:12.591Z] [LOG] [dotenv@17.2.1] injecting env (0) from .env -- tip: 🔐 prevent committing .env to code: https://dotenvx.com/precommit
[2025-09-08T21:56:12.594Z] [LOG] Setting up Frequency network with options: {
  "wasmOverride": "./wasm/frequency_runtime.wasm",
  "blockNumber": 3000000,
  "endpoint": [
    "wss://0.rpc.frequency.xyz"
  ],
  "port": 8000,
  "mockSignatureHost": true,
  "runtimeLogLevel": 5,
  "db": "frequency-db.sqlite"
}
[2025-09-08T21:56:15.706Z] [LOG] assetHub.url "ws://localhost:8001"
[2025-09-08T21:56:16.314Z] [LOG] Setting up Polkadot network with options: {
  "blockNumber": 14500000,
  "endpoint": [
    "wss://rpc.ibp.network/polkadot"
  ],
  "db": "polkadot-db.sqlite"
}
[2025-09-08T21:56:17.589Z] [LOG] balanceAssetHub {
  "nonce": "1",
  "consumers": "0",
  "providers": "1",
  "sufficients": "0",
  "data": {
    "free": "1,000,000,000,000,000",
    "reserved": "0",
    "frozen": "0",
    "flags": "0"
  }
}
[2025-09-08T21:56:17.598Z] [LOG] balance {
  "balance": "120,000,000,000",
  "status": "Liquid",
  "reason": "Consumer",
  "extra": null
}
[2025-09-08T21:56:17.609Z] [LOG] blockNumber 2749709
[2025-09-08T21:56:17.609Z] [LOG] bob address 5GoNkf6WdbxCFnPdAnYYQyCjAKPJgLNxXwPjwTh6DGg6gN3E
[2025-09-08T21:56:17.610Z] [LOG] start grequency newblockNumber
[2025-09-08T21:56:21.177Z] [LOG] frequency block number 3000001
[2025-09-08T21:56:21.177Z] [LOG] burrito---
[2025-09-08T21:56:22.192Z] [LOG] Transaction status: Ready
[2025-09-08T21:56:22.192Z] [LOG] ✅ Transaction is ready in pool
[2025-09-08T21:56:22.193Z] [LOG] Transaction status: Broadcast
[2025-09-08T21:57:33.340Z] [LOG] Test setup initialized - logging to test-output.log
[2025-09-08T21:57:33.583Z] [LOG] [dotenv@17.2.1] injecting env (0) from .env -- tip: 🔐 prevent committing .env to code: https://dotenvx.com/precommit
[2025-09-08T21:57:33.586Z] [LOG] Setting up Frequency network with options: {
  "wasmOverride": "./wasm/frequency_runtime.wasm",
  "blockNumber": 3000000,
  "endpoint": [
    "wss://0.rpc.frequency.xyz"
  ],
  "port": 8000,
  "mockSignatureHost": true,
  "runtimeLogLevel": 5,
  "db": "frequency-db.sqlite"
}
[2025-09-08T21:57:37.157Z] [LOG] assetHub.url "ws://localhost:8001"
[2025-09-08T21:57:37.789Z] [LOG] Setting up Polkadot network with options: {
  "blockNumber": 14500000,
  "endpoint": [
    "wss://rpc.ibp.network/polkadot"
  ],
  "db": "polkadot-db.sqlite"
}
[2025-09-08T21:57:39.199Z] [LOG] balanceAssetHub {
  "nonce": "1",
  "consumers": "0",
  "providers": "1",
  "sufficients": "0",
  "data": {
    "free": "1,000,000,000,000,000",
    "reserved": "0",
    "frozen": "0",
    "flags": "0"
  }
}
[2025-09-08T21:57:39.208Z] [LOG] balance {
  "balance": "120,000,000,000",
  "status": "Liquid",
  "reason": "Consumer",
  "extra": null
}
[2025-09-08T21:57:39.220Z] [LOG] blockNumber 2749709
[2025-09-08T21:57:39.220Z] [LOG] bob address 5GoNkf6WdbxCFnPdAnYYQyCjAKPJgLNxXwPjwTh6DGg6gN3E
[2025-09-08T21:57:39.221Z] [LOG] start grequency newblockNumber
[2025-09-08T21:57:42.805Z] [LOG] frequency block number 3000001
[2025-09-08T21:57:42.805Z] [LOG] burrito---
[2025-09-08T21:57:43.814Z] [LOG] Transaction status: Ready
[2025-09-08T21:57:43.815Z] [LOG] ✅ Transaction is ready in pool
[2025-09-08T21:57:43.815Z] [LOG] Transaction status: Broadcast
[2025-09-08T21:59:24.576Z] [LOG] Test setup initialized - logging to test-output.log
[2025-09-08T21:59:24.922Z] [LOG] [dotenv@17.2.1] injecting env (0) from .env -- tip: ⚙️  specify custom .env file path with { path: '/custom/path/.env' }
[2025-09-08T21:59:24.925Z] [LOG] Setting up Frequency network with options: {
  "wasmOverride": "./wasm/frequency_runtime.wasm",
  "blockNumber": 3000000,
  "endpoint": [
    "wss://0.rpc.frequency.xyz"
  ],
  "port": 8000,
  "mockSignatureHost": true,
  "runtimeLogLevel": 5,
  "db": "frequency-db.sqlite"
}
[2025-09-08T21:59:29.592Z] [LOG] assetHub.url "ws://localhost:8001"
[2025-09-08T21:59:39.764Z] [LOG] Setting up Polkadot network with options: {
  "blockNumber": 14500000,
  "endpoint": [
    "wss://rpc.ibp.network/polkadot"
  ],
  "db": "polkadot-db.sqlite"
}
[2025-09-08T21:59:41.462Z] [LOG] balanceAssetHub {
  "nonce": "1",
  "consumers": "0",
  "providers": "1",
  "sufficients": "0",
  "data": {
    "free": "1,000,000,000,000,000",
    "reserved": "0",
    "frozen": "0",
    "flags": "0"
  }
}
[2025-09-08T21:59:41.472Z] [LOG] balance {
  "balance": "120,000,000,000",
  "status": "Liquid",
  "reason": "Consumer",
  "extra": null
}
[2025-09-08T21:59:41.486Z] [LOG] blockNumber 2749709
[2025-09-08T21:59:41.486Z] [LOG] bob address 5GoNkf6WdbxCFnPdAnYYQyCjAKPJgLNxXwPjwTh6DGg6gN3E
[2025-09-08T21:59:41.487Z] [LOG] start grequency newblockNumber
[2025-09-08T21:59:45.136Z] [LOG] frequency block number 3000001
[2025-09-08T21:59:45.137Z] [LOG] burrito---
[2025-09-08T21:59:46.138Z] [LOG] Transaction status: Ready
[2025-09-08T21:59:46.138Z] [LOG] ✅ Transaction is ready in pool
[2025-09-08T21:59:46.138Z] [LOG] Transaction status: Broadcast
[2025-09-08T22:00:00.427Z] [LOG] Test setup initialized - logging to test-output.log
[2025-09-08T22:00:00.661Z] [LOG] [dotenv@17.2.1] injecting env (0) from .env -- tip: ⚙️  override existing env vars with { override: true }
[2025-09-08T22:00:00.664Z] [LOG] Setting up Frequency network with options: {
  "wasmOverride": "./wasm/frequency_runtime.wasm",
  "blockNumber": 3000000,
  "endpoint": [
    "wss://0.rpc.frequency.xyz"
  ],
  "port": 8000,
  "mockSignatureHost": true,
  "runtimeLogLevel": 5,
  "db": "frequency-db.sqlite"
}
[2025-09-08T22:00:03.893Z] [LOG] assetHub.url "ws://localhost:8001"
[2025-09-08T22:00:13.894Z] [LOG] assetHub.chain.api.isReady {}
[2025-09-08T22:00:14.059Z] [LOG] Setting up Polkadot network with options: {
  "blockNumber": 14500000,
  "endpoint": [
    "wss://rpc.ibp.network/polkadot"
  ],
  "db": "polkadot-db.sqlite"
}
[2025-09-08T22:00:15.372Z] [LOG] balanceAssetHub {
  "nonce": "1",
  "consumers": "0",
  "providers": "1",
  "sufficients": "0",
  "data": {
    "free": "1,000,000,000,000,000",
    "reserved": "0",
    "frozen": "0",
    "flags": "0"
  }
}
[2025-09-08T22:00:15.381Z] [LOG] balance {
  "balance": "120,000,000,000",
  "status": "Liquid",
  "reason": "Consumer",
  "extra": null
}
[2025-09-08T22:00:15.395Z] [LOG] blockNumber 2749709
[2025-09-08T22:00:15.395Z] [LOG] bob address 5GoNkf6WdbxCFnPdAnYYQyCjAKPJgLNxXwPjwTh6DGg6gN3E
[2025-09-08T22:00:15.396Z] [LOG] start grequency newblockNumber
[2025-09-08T22:00:19.235Z] [LOG] frequency block number 3000001
[2025-09-08T22:00:19.235Z] [LOG] burrito---
[2025-09-08T22:00:20.215Z] [LOG] Transaction status: Ready
[2025-09-08T22:00:20.215Z] [LOG] ✅ Transaction is ready in pool
[2025-09-08T22:00:20.215Z] [LOG] Transaction status: Broadcast
[2025-09-08T22:00:57.763Z] [LOG] Test setup initialized - logging to test-output.log
[2025-09-08T22:00:58.004Z] [LOG] [dotenv@17.2.1] injecting env (0) from .env -- tip: ⚙️  specify custom .env file path with { path: '/custom/path/.env' }
[2025-09-08T22:00:58.007Z] [LOG] Setting up Frequency network with options: {
  "wasmOverride": "./wasm/frequency_runtime.wasm",
  "blockNumber": 3000000,
  "endpoint": [
    "wss://0.rpc.frequency.xyz"
  ],
  "port": 8000,
  "mockSignatureHost": true,
  "runtimeLogLevel": 5,
  "db": "frequency-db.sqlite"
}
[2025-09-08T22:01:01.303Z] [LOG] assetHub.url "ws://localhost:8001"
[2025-09-08T22:01:11.305Z] [LOG] assetHub.chain.api.isReady
[2025-09-08T22:01:11.479Z] [LOG] Setting up Polkadot network with options: {
  "blockNumber": 14500000,
  "endpoint": [
    "wss://rpc.ibp.network/polkadot"
  ],
  "db": "polkadot-db.sqlite"
}
[2025-09-08T22:01:13.083Z] [LOG] balanceAssetHub {
  "nonce": "1",
  "consumers": "0",
  "providers": "1",
  "sufficients": "0",
  "data": {
    "free": "1,000,000,000,000,000",
    "reserved": "0",
    "frozen": "0",
    "flags": "0"
  }
}
[2025-09-08T22:01:13.092Z] [LOG] balance {
  "balance": "120,000,000,000",
  "status": "Liquid",
  "reason": "Consumer",
  "extra": null
}
[2025-09-08T22:01:13.103Z] [LOG] blockNumber 2749709
[2025-09-08T22:01:13.104Z] [LOG] bob address 5GoNkf6WdbxCFnPdAnYYQyCjAKPJgLNxXwPjwTh6DGg6gN3E
[2025-09-08T22:01:13.104Z] [LOG] start grequency newblockNumber
[2025-09-08T22:01:16.728Z] [LOG] frequency block number 3000001
[2025-09-08T22:01:16.728Z] [LOG] burrito---
[2025-09-08T22:01:17.746Z] [LOG] Transaction status: Ready
[2025-09-08T22:01:17.746Z] [LOG] ✅ Transaction is ready in pool
[2025-09-08T22:01:17.748Z] [LOG] Transaction status: Broadcast
[2025-09-08T22:06:44.324Z] [LOG] Test setup initialized - logging to test-output.log
[2025-09-08T22:06:44.617Z] [LOG] [dotenv@17.2.1] injecting env (0) from .env -- tip: 🔐 prevent building .env in docker: https://dotenvx.com/prebuild
[2025-09-08T22:06:44.620Z] [LOG] Setting up Frequency network with options: {
  "wasmOverride": "./wasm/frequency_runtime.wasm",
  "blockNumber": 3000000,
  "endpoint": [
    "wss://0.rpc.frequency.xyz"
  ],
  "port": 8000,
  "mockSignatureHost": true,
  "runtimeLogLevel": 5,
  "db": "frequency-db.sqlite"
}
[2025-09-08T22:06:47.723Z] [LOG] assetHub.url "ws://localhost:8001"
[2025-09-08T22:06:57.724Z] [LOG] assetHub.chain.api.isReady
[2025-09-08T22:06:57.894Z] [LOG] Setting up Polkadot network with options: {
  "blockNumber": 14500000,
  "endpoint": [
    "wss://rpc.ibp.network/polkadot"
  ],
  "db": "polkadot-db.sqlite"
}
[2025-09-08T22:06:59.165Z] [LOG] balanceAssetHub {
  "nonce": "1",
  "consumers": "0",
  "providers": "1",
  "sufficients": "0",
  "data": {
    "free": "1,000,000,000,000,000",
    "reserved": "0",
    "miscFrozen": "0",
    "feeFrozen": "0"
  }
}
[2025-09-08T22:07:40.509Z] [LOG] Test setup initialized - logging to test-output.log
[2025-09-08T22:07:40.806Z] [LOG] [dotenv@17.2.1] injecting env (0) from .env -- tip: ⚙️  specify custom .env file path with { path: '/custom/path/.env' }
[2025-09-08T22:07:40.809Z] [LOG] Setting up Frequency network with options: {
  "wasmOverride": "./wasm/frequency_runtime.wasm",
  "blockNumber": 3000000,
  "endpoint": [
    "wss://0.rpc.frequency.xyz"
  ],
  "port": 8000,
  "mockSignatureHost": true,
  "runtimeLogLevel": 5,
  "db": "frequency-db.sqlite"
}
[2025-09-08T22:07:43.451Z] [LOG] assetHub.url "ws://localhost:8001"
[2025-09-08T22:07:53.452Z] [LOG] assetHub.chain.api.isReady
[2025-09-08T22:07:53.624Z] [LOG] Setting up Polkadot network with options: {
  "blockNumber": 14500000,
  "endpoint": [
    "wss://rpc.ibp.network/polkadot"
  ],
  "db": "polkadot-db.sqlite"
}
[2025-09-08T22:07:54.893Z] [LOG] balanceAssetHub {
  "nonce": "1",
  "consumers": "0",
  "providers": "1",
  "sufficients": "0",
  "data": {
    "free": "1,000,000,000,000,000",
    "reserved": "0",
    "miscFrozen": "0",
    "feeFrozen": "0"
  }
}
[2025-09-08T22:07:54.905Z] [LOG] balance {
  "balance": "120,000,000,000",
  "status": "Liquid",
  "reason": "Consumer",
  "extra": null
}
[2025-09-08T22:09:36.895Z] [LOG] Test setup initialized - logging to test-output.log
[2025-09-08T22:09:37.150Z] [LOG] [dotenv@17.2.1] injecting env (0) from .env -- tip: 🔐 encrypt with Dotenvx: https://dotenvx.com
[2025-09-08T22:09:37.152Z] [LOG] Setting up Frequency network with options: {
  "wasmOverride": "./wasm/frequency_runtime.wasm",
  "blockNumber": 3000000,
  "endpoint": [
    "wss://0.rpc.frequency.xyz"
  ],
  "port": 8000,
  "mockSignatureHost": true,
  "runtimeLogLevel": 5,
  "db": "frequency-db.sqlite"
}
[2025-09-08T22:09:39.893Z] [LOG] assetHub.url "ws://localhost:8001"
[2025-09-08T22:09:49.894Z] [LOG] assetHub.chain.api.isReady
[2025-09-08T22:09:50.069Z] [LOG] Setting up Polkadot network with options: {
  "blockNumber": 14500000,
  "endpoint": [
    "wss://rpc.ibp.network/polkadot"
  ],
  "db": "polkadot-db.sqlite"
}
[2025-09-08T22:09:51.696Z] [LOG] balanceAssetHub {
  "nonce": "1",
  "consumers": "0",
  "providers": "1",
  "sufficients": "0",
  "data": {
    "free": "1,000,000,000,000,000",
    "reserved": "0",
    "miscFrozen": "0",
    "feeFrozen": "0"
  }
}
[2025-09-08T22:09:51.706Z] [LOG] balance {
  "balance": "120,000,000,000",
  "status": "Liquid",
  "reason": "Consumer",
  "extra": null
}
[2025-09-08T22:09:57.933Z] [LOG] Test setup initialized - logging to test-output.log
[2025-09-08T22:09:58.174Z] [LOG] [dotenv@17.2.1] injecting env (0) from .env -- tip: 📡 observe env with Radar: https://dotenvx.com/radar
[2025-09-08T22:09:58.177Z] [LOG] Setting up Frequency network with options: {
  "wasmOverride": "./wasm/frequency_runtime.wasm",
  "blockNumber": 3000000,
  "endpoint": [
    "wss://0.rpc.frequency.xyz"
  ],
  "port": 8000,
  "mockSignatureHost": true,
  "runtimeLogLevel": 5,
  "db": "frequency-db.sqlite"
}
[2025-09-08T22:10:00.795Z] [LOG] assetHub.url "ws://localhost:8001"
[2025-09-08T22:10:10.796Z] [LOG] assetHub.chain.api.isReady
[2025-09-08T22:10:10.960Z] [LOG] Setting up Polkadot network with options: {
  "blockNumber": 14500000,
  "endpoint": [
    "wss://rpc.ibp.network/polkadot"
  ],
  "db": "polkadot-db.sqlite"
}
[2025-09-08T22:10:12.195Z] [LOG] balanceAssetHub {
  "nonce": "1",
  "consumers": "0",
  "providers": "1",
  "sufficients": "0",
  "data": {
    "free": "1,000,000,000,000,000",
    "reserved": "0",
    "miscFrozen": "0",
    "feeFrozen": "0"
  }
}
[2025-09-08T22:10:12.202Z] [LOG] balance {
  "balance": "120,000,000,000",
  "status": "Liquid",
  "reason": "Consumer",
  "extra": null
}
[2025-09-08T22:22:00.592Z] [LOG] Test setup initialized - logging to test-output.log
[2025-09-08T22:22:00.954Z] [LOG] [dotenv@17.2.1] injecting env (0) from .env -- tip: 📡 observe env with Radar: https://dotenvx.com/radar
[2025-09-08T22:22:00.957Z] [LOG] Setting up Frequency network with options: {
  "wasmOverride": "./wasm/frequency_runtime.wasm",
  "blockNumber": 3000000,
  "endpoint": [
    "wss://0.rpc.frequency.xyz"
  ],
  "port": 8000,
  "mockSignatureHost": true,
  "runtimeLogLevel": 5,
  "db": "frequency-db.sqlite"
}
[2025-09-08T22:22:03.927Z] [LOG] assetHub.url "ws://localhost:8001"
[2025-09-08T22:22:13.928Z] [LOG] assetHub.chain.api.isReady
[2025-09-08T22:22:14.089Z] [LOG] Setting up Polkadot network with options: {
  "blockNumber": 14500000,
  "endpoint": [
    "wss://rpc.ibp.network/polkadot"
  ],
  "db": "polkadot-db.sqlite"
}
[2025-09-08T22:22:15.553Z] [LOG] balanceAssetHub {
  "nonce": "1",
  "consumers": "0",
  "providers": "1",
  "sufficients": "0",
  "data": {
    "free": "1,000,000,000,000,000",
    "reserved": "0",
    "miscFrozen": "0",
    "feeFrozen": "0"
  }
}
[2025-09-08T22:22:15.562Z] [LOG] balance {
  "balance": "120,000,000,000",
  "status": "Liquid",
  "reason": "Consumer",
  "extra": null
}
[2025-09-08T22:30:05.734Z] [LOG] Test setup initialized - logging to test-output.log
[2025-09-08T22:30:06.084Z] [LOG] [dotenv@17.2.1] injecting env (0) from .env -- tip: ⚙️  suppress all logs with { quiet: true }
[2025-09-08T22:30:06.087Z] [LOG] Setting up Frequency network with options: {
  "wasmOverride": "./wasm/frequency_runtime.wasm",
  "blockNumber": 3000000,
  "endpoint": [
    "wss://0.rpc.frequency.xyz"
  ],
  "port": 8000,
  "mockSignatureHost": true,
  "runtimeLogLevel": 5,
  "db": "frequency-db.sqlite"
}
[2025-09-08T22:30:09.010Z] [LOG] assetHub.url "ws://localhost:8001"
[2025-09-08T22:30:19.011Z] [LOG] assetHub.chain.api.isReady
[2025-09-08T22:30:19.181Z] [LOG] Setting up Polkadot network with options: {
  "blockNumber": 14500000,
  "endpoint": [
    "wss://rpc.ibp.network/polkadot"
  ],
  "db": "polkadot-db.sqlite"
}
[2025-09-08T22:30:20.629Z] [LOG] balanceAssetHub {
  "nonce": "1",
  "consumers": "0",
  "providers": "1",
  "sufficients": "0",
  "data": {
    "free": "1,000,000,000,000,000",
    "reserved": "0",
    "miscFrozen": "0",
    "feeFrozen": "0"
  }
}
[2025-09-08T22:30:20.637Z] [LOG] balance {
  "balance": "120,000,000,000",
  "status": "Liquid",
  "reason": "Consumer",
  "extra": null
}
[2025-09-08T22:30:44.521Z] [LOG] Test setup initialized - logging to test-output.log
[2025-09-08T22:30:44.893Z] [LOG] [dotenv@17.2.1] injecting env (0) from .env -- tip: 🔐 prevent committing .env to code: https://dotenvx.com/precommit
[2025-09-08T22:30:44.896Z] [LOG] Setting up Frequency network with options: {
  "wasmOverride": "./wasm/frequency_runtime.wasm",
  "blockNumber": 3000000,
  "endpoint": [
    "wss://0.rpc.frequency.xyz"
  ],
  "port": 8000,
  "mockSignatureHost": true,
  "runtimeLogLevel": 5,
  "db": "frequency-db.sqlite"
}
[2025-09-08T22:30:48.301Z] [LOG] assetHub.url "ws://localhost:8001"
[2025-09-08T22:30:59.955Z] [LOG] Test setup initialized - logging to test-output.log
[2025-09-08T22:31:00.266Z] [LOG] [dotenv@17.2.1] injecting env (0) from .env -- tip: 📡 auto-backup env with Radar: https://dotenvx.com/radar
[2025-09-08T22:31:00.269Z] [LOG] Setting up Frequency network with options: {
  "wasmOverride": "./wasm/frequency_runtime.wasm",
  "blockNumber": 3000000,
  "endpoint": [
    "wss://0.rpc.frequency.xyz"
  ],
  "port": 8000,
  "mockSignatureHost": true,
  "runtimeLogLevel": 5,
  "db": "frequency-db.sqlite"
}
[2025-09-08T22:31:04.374Z] [LOG] assetHub.url "ws://localhost:8001"
[2025-09-08T22:31:14.375Z] [LOG] assetHub.chain.api.isReady
[2025-09-08T22:31:14.542Z] [LOG] Setting up Polkadot network with options: {
  "blockNumber": 14500000,
  "endpoint": [
    "wss://rpc.ibp.network/polkadot"
  ],
  "db": "polkadot-db.sqlite"
}
[2025-09-08T22:31:16.260Z] [LOG] balanceAssetHub {
  "nonce": "1",
  "consumers": "0",
  "providers": "1",
  "sufficients": "0",
  "data": {
    "free": "1,000,000,000,000,000",
    "reserved": "0",
    "frozen": "0",
    "flags": "0"
  }
}
[2025-09-08T22:32:09.350Z] [LOG] Test setup initialized - logging to test-output.log
[2025-09-08T22:32:09.605Z] [LOG] [dotenv@17.2.1] injecting env (0) from .env -- tip: 🔐 prevent building .env in docker: https://dotenvx.com/prebuild
[2025-09-08T22:32:09.607Z] [LOG] Setting up Frequency network with options: {
  "wasmOverride": "./wasm/frequency_runtime.wasm",
  "blockNumber": 3000000,
  "endpoint": [
    "wss://0.rpc.frequency.xyz"
  ],
  "port": 8000,
  "mockSignatureHost": true,
  "runtimeLogLevel": 5,
  "db": "frequency-db.sqlite"
}
[2025-09-08T22:32:13.054Z] [LOG] assetHub.url "ws://localhost:8001"
[2025-09-08T22:32:23.056Z] [LOG] assetHub.chain.api.isReady
[2025-09-08T22:32:23.227Z] [LOG] Setting up Polkadot network with options: {
  "blockNumber": 14500000,
  "endpoint": [
    "wss://rpc.ibp.network/polkadot"
  ],
  "db": "polkadot-db.sqlite"
}
[2025-09-08T22:32:24.866Z] [LOG] balanceAssetHub {
  "nonce": "1",
  "consumers": "0",
  "providers": "1",
  "sufficients": "0",
  "data": {
    "free": "1,000,000,000,000,000",
    "reserved": "0",
    "frozen": "0",
    "flags": "0"
  }
}
[2025-09-08T22:32:24.877Z] [LOG] balance {
  "balance": "120,000,000,000",
  "status": "Liquid",
  "reason": "Consumer",
  "extra": null
}
[2025-09-08T22:32:24.950Z] [LOG] blockNumber 9651100
[2025-09-08T22:32:24.950Z] [LOG] bob address 5GoNkf6WdbxCFnPdAnYYQyCjAKPJgLNxXwPjwTh6DGg6gN3E
[2025-09-08T22:32:24.950Z] [LOG] start grequency newblockNumber
[2025-09-08T22:32:31.168Z] [LOG] frequency block number 3000001
[2025-09-08T22:32:31.169Z] [LOG] burrito---
[2025-09-08T22:32:34.372Z] [LOG] Transaction status: Ready
[2025-09-08T22:32:34.372Z] [LOG] ✅ Transaction is ready in pool
[2025-09-08T22:32:34.372Z] [LOG] Transaction status: Broadcast
[2025-09-08T22:33:17.005Z] [LOG] Test setup initialized - logging to test-output.log
[2025-09-08T22:33:17.251Z] [LOG] [dotenv@17.2.1] injecting env (0) from .env -- tip: 🔐 encrypt with Dotenvx: https://dotenvx.com
[2025-09-08T22:33:17.254Z] [LOG] Setting up Frequency network with options: {
  "wasmOverride": "./wasm/frequency_runtime.wasm",
  "blockNumber": 3000000,
  "endpoint": [
    "wss://0.rpc.frequency.xyz"
  ],
  "port": 8000,
  "mockSignatureHost": true,
  "runtimeLogLevel": 5,
  "db": "frequency-db.sqlite"
}
[2025-09-08T22:33:19.890Z] [LOG] assetHub.url "ws://localhost:8001"
[2025-09-08T22:33:29.891Z] [LOG] assetHub.chain.api.isReady
[2025-09-08T22:33:30.065Z] [LOG] Setting up Polkadot network with options: {
  "blockNumber": 14500000,
  "endpoint": [
    "wss://rpc.ibp.network/polkadot"
  ],
  "db": "polkadot-db.sqlite"
}
[2025-09-08T22:33:31.357Z] [LOG] balanceAssetHub {
  "nonce": "1",
  "consumers": "0",
  "providers": "1",
  "sufficients": "0",
  "data": {
    "free": "1,000,000,000,000,000",
    "reserved": "0",
    "frozen": "0",
    "flags": "0"
  }
}
[2025-09-08T22:33:55.818Z] [LOG] Test setup initialized - logging to test-output.log
[2025-09-08T22:33:56.085Z] [LOG] [dotenv@17.2.1] injecting env (0) from .env -- tip: ⚙️  enable debug logging with { debug: true }
[2025-09-08T22:33:56.088Z] [LOG] Setting up Frequency network with options: {
  "wasmOverride": "./wasm/frequency_runtime.wasm",
  "blockNumber": 3000000,
  "endpoint": [
    "wss://0.rpc.frequency.xyz"
  ],
  "port": 8000,
  "mockSignatureHost": true,
  "runtimeLogLevel": 5,
  "db": "frequency-db.sqlite"
}
[2025-09-08T22:33:58.830Z] [LOG] assetHub.url "ws://localhost:8001"
[2025-09-08T22:34:08.831Z] [LOG] assetHub.chain.api.isReady
[2025-09-08T22:34:08.997Z] [LOG] Setting up Polkadot network with options: {
  "blockNumber": 14500000,
  "endpoint": [
    "wss://rpc.ibp.network/polkadot"
  ],
  "db": "polkadot-db.sqlite"
}
[2025-09-08T22:34:10.502Z] [LOG] balanceAssetHub {
  "nonce": "1",
  "consumers": "0",
  "providers": "1",
  "sufficients": "0",
  "data": {
    "free": "1,000,000,000,000,000",
    "reserved": "0",
    "frozen": "0",
    "flags": "0"
  }
}
[2025-09-08T22:34:31.720Z] [LOG] Test setup initialized - logging to test-output.log
[2025-09-08T22:34:31.974Z] [LOG] [dotenv@17.2.1] injecting env (0) from .env -- tip: 🔐 encrypt with Dotenvx: https://dotenvx.com
[2025-09-08T22:34:31.977Z] [LOG] Setting up Frequency network with options: {
  "wasmOverride": "./wasm/frequency_runtime.wasm",
  "blockNumber": 3000000,
  "endpoint": [
    "wss://0.rpc.frequency.xyz"
  ],
  "port": 8000,
  "mockSignatureHost": true,
  "runtimeLogLevel": 5,
  "db": "frequency-db.sqlite"
}
[2025-09-08T22:34:34.741Z] [LOG] assetHub.url "ws://localhost:8001"
[2025-09-08T22:34:44.742Z] [LOG] assetHub.chain.api.isReady
[2025-09-08T22:34:44.918Z] [LOG] Setting up Polkadot network with options: {
  "blockNumber": 14500000,
  "endpoint": [
    "wss://rpc.ibp.network/polkadot"
  ],
  "db": "polkadot-db.sqlite"
}
[2025-09-08T22:34:46.257Z] [LOG] balanceAssetHub {
  "nonce": "1",
  "consumers": "0",
  "providers": "1",
  "sufficients": "0",
  "data": {
    "free": "1,000,000,000,000,000",
    "reserved": "0",
    "frozen": "0",
    "flags": "0"
  }
}
[2025-09-08T22:35:53.997Z] [LOG] Test setup initialized - logging to test-output.log
[2025-09-08T22:35:54.285Z] [LOG] [dotenv@17.2.1] injecting env (0) from .env -- tip: 🛠️  run anywhere with `dotenvx run -- yourcommand`
[2025-09-08T22:35:54.290Z] [LOG] Setting up Frequency network with options: {
  "wasmOverride": "./wasm/frequency_runtime.wasm",
  "blockNumber": 3000000,
  "endpoint": [
    "wss://0.rpc.frequency.xyz"
  ],
  "port": 8000,
  "mockSignatureHost": true,
  "runtimeLogLevel": 5,
  "db": "frequency-db.sqlite"
}
[2025-09-08T22:35:57.232Z] [LOG] assetHub.url "ws://localhost:8001"
[2025-09-08T22:36:07.233Z] [LOG] assetHub.chain.api.isReady
[2025-09-08T22:36:07.404Z] [LOG] Setting up Polkadot network with options: {
  "blockNumber": 14500000,
  "endpoint": [
    "wss://rpc.ibp.network/polkadot"
  ],
  "db": "polkadot-db.sqlite"
}
[2025-09-08T22:36:08.954Z] [LOG] balanceAssetHub {
  "nonce": "1",
  "consumers": "0",
  "providers": "1",
  "sufficients": "0",
  "data": {
    "free": "1,000,000,000,000,000",
    "reserved": "0",
    "frozen": "0",
    "flags": "0"
  }
}
[2025-09-08T22:37:38.365Z] [LOG] Test setup initialized - logging to test-output.log
[2025-09-08T22:37:38.629Z] [LOG] [dotenv@17.2.1] injecting env (0) from .env -- tip: 🛠️  run anywhere with `dotenvx run -- yourcommand`
[2025-09-08T22:37:38.633Z] [LOG] Setting up Frequency network with options: {
  "wasmOverride": "./wasm/frequency_runtime.wasm",
  "blockNumber": 3000000,
  "endpoint": [
    "wss://0.rpc.frequency.xyz"
  ],
  "port": 8000,
  "mockSignatureHost": true,
  "runtimeLogLevel": 5,
  "db": "frequency-db.sqlite"
}
[2025-09-08T22:37:41.840Z] [LOG] assetHub.url "ws://localhost:8001"
[2025-09-08T22:37:51.842Z] [LOG] assetHub.chain.api.isReady
[2025-09-08T22:37:52.001Z] [LOG] Setting up Polkadot network with options: {
  "blockNumber": 14500000,
  "endpoint": [
    "wss://rpc.ibp.network/polkadot"
  ],
  "db": "polkadot-db.sqlite"
}
[2025-09-08T22:37:53.560Z] [LOG] balanceAssetHub {
  "nonce": "1",
  "consumers": "0",
  "providers": "1",
  "sufficients": "0",
  "data": {
    "free": "1,000,000,000,000,000",
    "reserved": "0",
    "frozen": "0",
    "flags": "0"
  }
}
[2025-09-08T22:38:34.656Z] [LOG] Test setup initialized - logging to test-output.log
[2025-09-08T22:38:35.060Z] [LOG] [dotenv@17.2.1] injecting env (0) from .env -- tip: 🔐 prevent building .env in docker: https://dotenvx.com/prebuild
[2025-09-08T22:38:35.063Z] [LOG] Setting up Frequency network with options: {
  "wasmOverride": "./wasm/frequency_runtime.wasm",
  "blockNumber": 3000000,
  "endpoint": [
    "wss://0.rpc.frequency.xyz"
  ],
  "port": 8000,
  "mockSignatureHost": true,
  "runtimeLogLevel": 5,
  "db": "frequency-db.sqlite"
}
[2025-09-08T22:38:37.719Z] [LOG] assetHub.url "ws://localhost:8001"
[2025-09-08T22:38:38.331Z] [LOG] balanceAssetHub {
  "nonce": "1",
  "consumers": "0",
  "providers": "1",
  "sufficients": "0",
  "data": {
    "free": "1,000,000,000,000,000",
    "reserved": "0",
    "frozen": "0",
    "flags": "0"
  }
}
[2025-09-08T22:39:37.443Z] [LOG] Test setup initialized - logging to test-output.log
[2025-09-08T22:39:37.724Z] [LOG] [dotenv@17.2.1] injecting env (0) from .env -- tip: 🔐 prevent building .env in docker: https://dotenvx.com/prebuild
[2025-09-08T22:39:37.727Z] [LOG] Setting up Frequency network with options: {
  "wasmOverride": "./wasm/frequency_runtime.wasm",
  "blockNumber": 3000000,
  "endpoint": [
    "wss://0.rpc.frequency.xyz"
  ],
  "port": 8000,
  "mockSignatureHost": true,
  "runtimeLogLevel": 5,
  "db": "frequency-db.sqlite"
}
[2025-09-08T22:39:40.556Z] [LOG] assetHub.url "ws://localhost:8001"
[2025-09-08T22:39:41.232Z] [LOG] balanceAssetHub {
  "nonce": "1",
  "consumers": "0",
  "providers": "1",
  "sufficients": "0",
  "data": {
    "free": "1,000,000,000,000,000",
    "reserved": "0",
    "frozen": "0",
    "flags": "0"
  }
}
[2025-09-08T22:39:44.942Z] [LOG] Test setup initialized - logging to test-output.log
[2025-09-08T22:39:45.196Z] [LOG] [dotenv@17.2.1] injecting env (0) from .env -- tip: ⚙️  suppress all logs with { quiet: true }
[2025-09-08T22:39:45.198Z] [LOG] Setting up Frequency network with options: {
  "wasmOverride": "./wasm/frequency_runtime.wasm",
  "blockNumber": 3000000,
  "endpoint": [
    "wss://0.rpc.frequency.xyz"
  ],
  "port": 8000,
  "mockSignatureHost": true,
  "runtimeLogLevel": 5,
  "db": "frequency-db.sqlite"
}
[2025-09-08T22:39:47.788Z] [LOG] assetHub.url "ws://localhost:8001"
[2025-09-08T22:39:48.051Z] [LOG] Setting up Polkadot network with options: {
  "blockNumber": 14500000,
  "endpoint": [
    "wss://rpc.ibp.network/polkadot"
  ],
  "db": "polkadot-db.sqlite"
}
[2025-09-08T22:39:49.382Z] [LOG] balanceAssetHub {
  "nonce": "1",
  "consumers": "0",
  "providers": "1",
  "sufficients": "0",
  "data": {
    "free": "1,000,000,000,000,000",
    "reserved": "0",
    "frozen": "0",
    "flags": "0"
  }
}
[2025-09-08T22:42:20.857Z] [LOG] Test setup initialized - logging to test-output.log
[2025-09-08T22:42:21.233Z] [LOG] [dotenv@17.2.1] injecting env (0) from .env -- tip: ⚙️  load multiple .env files with { path: ['.env.local', '.env'] }
[2025-09-08T22:42:21.236Z] [LOG] Setting up Frequency network with options: {
  "wasmOverride": "./wasm/frequency_runtime.wasm",
  "blockNumber": 3000000,
  "endpoint": [
    "wss://0.rpc.frequency.xyz"
  ],
  "port": 8000,
  "mockSignatureHost": true,
  "runtimeLogLevel": 5,
  "db": "frequency-db.sqlite"
}
[2025-09-08T22:42:24.169Z] [LOG] assetHub.url "ws://localhost:8001"
[2025-09-08T22:42:24.697Z] [LOG] Setting up Polkadot network with options: {
  "blockNumber": 14500000,
  "endpoint": [
    "wss://rpc.ibp.network/polkadot"
  ],
  "db": "polkadot-db.sqlite"
}
[2025-09-08T22:42:26.217Z] [LOG] balanceAssetHub {
  "nonce": "1",
  "consumers": "0",
  "providers": "1",
  "sufficients": "0",
  "data": {
    "free": "1,000,000,000,000,000",
    "reserved": "0",
    "frozen": "0",
    "flags": "0"
  }
}
[2025-09-08T22:42:58.286Z] [LOG] Test setup initialized - logging to test-output.log
[2025-09-08T22:42:58.545Z] [LOG] [dotenv@17.2.1] injecting env (0) from .env -- tip: 🛠️  run anywhere with `dotenvx run -- yourcommand`
[2025-09-08T22:42:58.548Z] [LOG] Setting up Frequency network with options: {
  "wasmOverride": "./wasm/frequency_runtime.wasm",
  "blockNumber": 3000000,
  "endpoint": [
    "wss://0.rpc.frequency.xyz"
  ],
  "port": 8000,
  "mockSignatureHost": true,
  "runtimeLogLevel": 5,
  "db": "frequency-db.sqlite"
}
[2025-09-08T22:43:02.493Z] [LOG] assetHub.url "ws://localhost:8001"
[2025-09-08T22:43:03.013Z] [LOG] Setting up Polkadot network with options: {
  "blockNumber": 14500000,
  "endpoint": [
    "wss://rpc.ibp.network/polkadot"
  ],
  "db": "polkadot-db.sqlite"
}
[2025-09-08T22:43:04.589Z] [LOG] balanceAssetHub {
  "nonce": "1",
  "consumers": "0",
  "providers": "1",
  "sufficients": "0",
  "data": {
    "free": "1,000,000,000,000,000",
    "reserved": "0",
    "frozen": "0",
    "flags": "0"
  }
}
[2025-09-08T22:43:12.060Z] [LOG] Test setup initialized - logging to test-output.log
[2025-09-08T22:43:12.295Z] [LOG] [dotenv@17.2.1] injecting env (0) from .env -- tip: ⚙️  specify custom .env file path with { path: '/custom/path/.env' }
[2025-09-08T22:43:14.980Z] [LOG] assetHub.url "ws://localhost:8001"
[2025-09-08T22:43:15.493Z] [LOG] Setting up Polkadot network with options: {
  "blockNumber": 14500000,
  "endpoint": [
    "wss://rpc.ibp.network/polkadot"
  ],
  "db": "polkadot-db.sqlite"
}
[2025-09-08T22:43:16.739Z] [LOG] balanceAssetHub {
  "nonce": "1",
  "consumers": "0",
  "providers": "1",
  "sufficients": "0",
  "data": {
    "free": "1,000,000,000,000,000",
    "reserved": "0",
    "frozen": "0",
    "flags": "0"
  }
}
[2025-09-08T22:43:50.055Z] [LOG] Test setup initialized - logging to test-output.log
[2025-09-08T22:43:50.294Z] [LOG] [dotenv@17.2.1] injecting env (0) from .env -- tip: 📡 auto-backup env with Radar: https://dotenvx.com/radar
[2025-09-08T22:43:53.153Z] [LOG] assetHub.url "ws://localhost:8001"
[2025-09-08T22:43:53.661Z] [LOG] Setting up Polkadot network with options: {
  "blockNumber": 14500000,
  "endpoint": [
    "wss://rpc.ibp.network/polkadot"
  ],
  "db": "polkadot-db.sqlite"
}
[2025-09-08T22:43:55.309Z] [LOG] balanceAssetHub {
  "nonce": "1",
  "consumers": "0",
  "providers": "1",
  "sufficients": "0",
  "data": {
    "free": "1,000,000,000,000,000",
    "reserved": "0",
    "frozen": "0",
    "flags": "0"
  }
}
[2025-09-08T22:45:44.071Z] [LOG] Test setup initialized - logging to test-output.log
[2025-09-08T22:45:44.335Z] [LOG] [dotenv@17.2.1] injecting env (0) from .env -- tip: 🔐 prevent building .env in docker: https://dotenvx.com/prebuild
[2025-09-08T22:45:47.161Z] [LOG] assetHub.url "ws://localhost:8001"
[2025-09-08T22:46:15.612Z] [LOG] Test setup initialized - logging to test-output.log
[2025-09-08T22:46:15.854Z] [LOG] [dotenv@17.2.1] injecting env (0) from .env -- tip: 🔐 prevent building .env in docker: https://dotenvx.com/prebuild
[2025-09-08T22:46:18.714Z] [LOG] assetHub.url "ws://localhost:8001"
[2025-09-08T22:48:02.477Z] [LOG] Test setup initialized - logging to test-output.log
[2025-09-08T22:48:02.710Z] [LOG] [dotenv@17.2.1] injecting env (0) from .env -- tip: 📡 version env with Radar: https://dotenvx.com/radar
[2025-09-08T22:48:05.482Z] [LOG] assetHub.url "ws://localhost:8001"
[2025-09-08T22:49:10.703Z] [LOG] Test setup initialized - logging to test-output.log
[2025-09-08T22:49:11.156Z] [LOG] [dotenv@17.2.1] injecting env (0) from .env -- tip: ⚙️  enable debug logging with { debug: true }
[2025-09-08T22:49:13.801Z] [LOG] assetHub.url "ws://localhost:8001"
[2025-09-08T22:52:42.700Z] [LOG] Test setup initialized - logging to test-output.log
[2025-09-08T22:52:42.890Z] [LOG] [dotenv@17.2.1] injecting env (0) from .env -- tip: 🔐 encrypt with Dotenvx: https://dotenvx.com
[2025-09-08T22:52:45.845Z] [LOG] assetHub.url "ws://localhost:10952"
[2025-09-08T22:53:51.080Z] [LOG] Test setup initialized - logging to test-output.log
[2025-09-08T22:53:51.395Z] [LOG] [dotenv@17.2.1] injecting env (0) from .env -- tip: ⚙️  specify custom .env file path with { path: '/custom/path/.env' }
[2025-09-08T22:53:53.665Z] [LOG] assetHub.url "ws://localhost:8001"
[2025-09-08T22:55:16.581Z] [LOG] Test setup initialized - logging to test-output.log
[2025-09-08T22:55:16.909Z] [LOG] [dotenv@17.2.1] injecting env (0) from .env -- tip: 🔐 prevent building .env in docker: https://dotenvx.com/prebuild
[2025-09-08T22:55:19.495Z] [LOG] assetHub.url "ws://localhost:8001"
[2025-09-08T22:55:37.463Z] [LOG] Test setup initialized - logging to test-output.log
[2025-09-08T22:55:37.752Z] [LOG] [dotenv@17.2.1] injecting env (0) from .env -- tip: ⚙️  load multiple .env files with { path: ['.env.local', '.env'] }
[2025-09-08T22:55:40.195Z] [LOG] assetHub.url "ws://localhost:8001"
[2025-09-08T22:55:40.760Z] [LOG] start assetHub newblockNumber
[2025-09-08T23:07:17.343Z] [LOG] Test setup initialized - logging to test-output.log
[2025-09-08T23:07:17.656Z] [LOG] [dotenv@17.2.1] injecting env (0) from .env -- tip: ⚙️  write to custom object with { processEnv: myObject }
[2025-09-08T23:07:18.985Z] [LOG] Setting up AssetHub network with options: {
  "runtimeLogLevel": 5,
  "blockNumber": 9651100,
  "port": 8001,
  "endpoint": [
    "wss://polkadot-asset-hub-rpc.polkadot.io"
  ],
  "db": "assethub-db.sqlite",
  "processQueuedMessages": true
}
[2025-09-08T23:07:20.428Z] [LOG] assetHub.url "ws://localhost:8001"
[2025-09-08T23:07:20.982Z] [LOG] start assetHub newblockNumber
[2025-09-08T23:08:30.292Z] [LOG] Test setup initialized - logging to test-output.log
[2025-09-08T23:08:30.604Z] [LOG] [dotenv@17.2.1] injecting env (0) from .env -- tip: 📡 version env with Radar: https://dotenvx.com/radar
[2025-09-08T23:08:31.645Z] [LOG] Setting up AssetHub network with options: {
  "runtimeLogLevel": 5,
  "blockNumber": 9651000,
  "port": 8001,
  "endpoint": [
    "wss://polkadot-asset-hub-rpc.polkadot.io"
  ],
  "db": "assethub-db.sqlite",
  "processQueuedMessages": true
}
[2025-09-08T23:08:34.699Z] [LOG] assetHub.url "ws://localhost:8001"
[2025-09-08T23:08:35.408Z] [LOG] start assetHub newblockNumber
[2025-09-08T23:09:03.833Z] [LOG] Test setup initialized - logging to test-output.log
[2025-09-08T23:09:04.015Z] [LOG] [dotenv@17.2.1] injecting env (0) from .env -- tip: 🔐 encrypt with Dotenvx: https://dotenvx.com
[2025-09-08T23:09:05.243Z] [LOG] Setting up AssetHub network with options: {
  "runtimeLogLevel": 5,
  "blockNumber": 9641100,
  "port": 8001,
  "endpoint": [
    "wss://polkadot-asset-hub-rpc.polkadot.io"
  ],
  "db": "assethub-db.sqlite",
  "processQueuedMessages": true
}
[2025-09-08T23:09:07.685Z] [LOG] assetHub.url "ws://localhost:8001"
[2025-09-08T23:09:08.557Z] [LOG] start assetHub newblockNumber
[2025-09-08T23:09:24.627Z] [LOG] Test setup initialized - logging to test-output.log
[2025-09-08T23:09:24.806Z] [LOG] [dotenv@17.2.1] injecting env (0) from .env -- tip: 🔐 prevent building .env in docker: https://dotenvx.com/prebuild
[2025-09-08T23:09:25.826Z] [LOG] Setting up AssetHub network with options: {
  "runtimeLogLevel": 5,
  "blockNumber": 9631100,
  "port": 8001,
  "endpoint": [
    "wss://polkadot-asset-hub-rpc.polkadot.io"
  ],
  "db": "assethub-db.sqlite",
  "processQueuedMessages": true
}
[2025-09-08T23:09:28.385Z] [LOG] assetHub.url "ws://localhost:8001"
[2025-09-08T23:09:29.321Z] [LOG] start assetHub newblockNumber
[2025-09-08T23:10:32.338Z] [LOG] Test setup initialized - logging to test-output.log
[2025-09-08T23:10:32.625Z] [LOG] [dotenv@17.2.1] injecting env (0) from .env -- tip: 🔐 prevent committing .env to code: https://dotenvx.com/precommit
[2025-09-08T23:10:33.800Z] [LOG] Setting up AssetHub network with options: {
  "runtimeLogLevel": 5,
  "blockNumber": 9651100,
  "port": 8001,
  "endpoint": [
    "wss://polkadot-asset-hub-rpc.polkadot.io"
  ],
  "db": "assethub-db.sqlite",
  "processQueuedMessages": true
}
[2025-09-08T23:10:35.283Z] [LOG] assetHub.url "ws://localhost:8001"
[2025-09-08T23:10:35.761Z] [LOG] start assetHub newblockNumber
[2025-09-08T23:18:49.037Z] [LOG] Test setup initialized - logging to test-output.log
[2025-09-08T23:18:49.231Z] [LOG] [dotenv@17.2.1] injecting env (0) from .env -- tip: 📡 auto-backup env with Radar: https://dotenvx.com/radar
[2025-09-08T23:18:50.428Z] [LOG] Setting up AssetHub network with options: {
  "runtimeLogLevel": 5,
  "blockNumber": 9651100,
  "port": 8001,
  "endpoint": [
    "wss://polkadot-asset-hub-rpc.polkadot.io"
  ],
  "db": "assethub-db.sqlite",
  "processQueuedMessages": true
}
[2025-09-08T23:18:52.385Z] [LOG] assetHub.url "ws://localhost:8001"
[2025-09-08T23:18:53.427Z] [LOG] start assetHub newblockNumber
[2025-09-08T23:21:57.231Z] [LOG] Test setup initialized - logging to test-output.log
[2025-09-08T23:21:57.418Z] [WARN] @polkadot/types-codec has multiple versions, ensure that there is only one installed.
Either remove and explicitly install matching versions or dedupe using your package manager.
The following conflicting packages were found:
	esm 12.4.2	node_modules/@polkadot/types-codec/
	esm 16.4.6	node_modules/@acala-network/chopsticks-core/node_modules/@polkadot/types-codec/
[2025-09-08T23:21:57.418Z] [WARN] @polkadot/types has multiple versions, ensure that there is only one installed.
Either remove and explicitly install matching versions or dedupe using your package manager.
The following conflicting packages were found:
	esm 12.4.2	node_modules/@polkadot/types/
	esm 16.4.6	node_modules/@acala-network/chopsticks-core/node_modules/@polkadot/types/
[2025-09-08T23:21:57.419Z] [WARN] @polkadot/types-create has multiple versions, ensure that there is only one installed.
Either remove and explicitly install matching versions or dedupe using your package manager.
The following conflicting packages were found:
	esm 12.4.2	node_modules/@polkadot/types-create/
	esm 16.4.6	node_modules/@acala-network/chopsticks-core/node_modules/@polkadot/types-create/
[2025-09-08T23:21:57.422Z] [WARN] @polkadot/rpc-provider has multiple versions, ensure that there is only one installed.
Either remove and explicitly install matching versions or dedupe using your package manager.
The following conflicting packages were found:
	esm 12.4.2	node_modules/@polkadot/rpc-provider/
	esm 16.4.6	node_modules/@acala-network/chopsticks-core/node_modules/@polkadot/rpc-provider/
[2025-09-08T23:21:57.932Z] [WARN] @polkadot/rpc-augment has multiple versions, ensure that there is only one installed.
Either remove and explicitly install matching versions or dedupe using your package manager.
The following conflicting packages were found:
	esm 12.4.2	node_modules/@polkadot/rpc-augment/
	esm 16.4.6	node_modules/@acala-network/chopsticks/node_modules/@polkadot/rpc-augment/
[2025-09-08T23:21:58.078Z] [WARN] @polkadot/api has multiple versions, ensure that there is only one installed.
Either remove and explicitly install matching versions or dedupe using your package manager.
The following conflicting packages were found:
	esm 12.4.2	node_modules/@polkadot/api/
	esm 16.4.6	node_modules/@acala-network/chopsticks/node_modules/@polkadot/api/
[2025-09-08T23:21:58.079Z] [WARN] @polkadot/rpc-provider has multiple versions, ensure that there is only one installed.
Either remove and explicitly install matching versions or dedupe using your package manager.
The following conflicting packages were found:
	esm 12.4.2	node_modules/@polkadot/rpc-provider/
	esm 16.4.6	node_modules/@acala-network/chopsticks-core/node_modules/@polkadot/rpc-provider/
	esm 16.4.6	node_modules/@acala-network/chopsticks/node_modules/@polkadot/rpc-provider/
[2025-09-08T23:21:58.079Z] [WARN] @polkadot/api-derive has multiple versions, ensure that there is only one installed.
Either remove and explicitly install matching versions or dedupe using your package manager.
The following conflicting packages were found:
	esm 12.4.2	node_modules/@polkadot/api-derive/
	esm 16.4.6	node_modules/@acala-network/chopsticks/node_modules/@polkadot/api-derive/
[2025-09-08T23:21:58.079Z] [WARN] @polkadot/rpc-core has multiple versions, ensure that there is only one installed.
Either remove and explicitly install matching versions or dedupe using your package manager.
The following conflicting packages were found:
	esm 12.4.2	node_modules/@polkadot/rpc-core/
	esm 16.4.6	node_modules/@acala-network/chopsticks/node_modules/@polkadot/rpc-core/
[2025-09-08T23:21:58.079Z] [WARN] @polkadot/types has multiple versions, ensure that there is only one installed.
Either remove and explicitly install matching versions or dedupe using your package manager.
The following conflicting packages were found:
	esm 12.4.2	node_modules/@polkadot/types/
	esm 16.4.6	node_modules/@acala-network/chopsticks-core/node_modules/@polkadot/types/
	esm 16.4.6	node_modules/@acala-network/chopsticks/node_modules/@polkadot/types/
[2025-09-08T23:21:58.080Z] [WARN] @polkadot/types-create has multiple versions, ensure that there is only one installed.
Either remove and explicitly install matching versions or dedupe using your package manager.
The following conflicting packages were found:
	esm 12.4.2	node_modules/@polkadot/types-create/
	esm 16.4.6	node_modules/@acala-network/chopsticks-core/node_modules/@polkadot/types-create/
	esm 16.4.6	node_modules/@acala-network/chopsticks/node_modules/@polkadot/types-create/
[2025-09-08T23:21:58.080Z] [WARN] @polkadot/types-codec has multiple versions, ensure that there is only one installed.
Either remove and explicitly install matching versions or dedupe using your package manager.
The following conflicting packages were found:
	esm 12.4.2	node_modules/@polkadot/types-codec/
	esm 16.4.6	node_modules/@acala-network/chopsticks-core/node_modules/@polkadot/types-codec/
	esm 16.4.6	node_modules/@acala-network/chopsticks/node_modules/@polkadot/types-codec/
[2025-09-08T23:21:58.081Z] [WARN] @polkadot/types-known has multiple versions, ensure that there is only one installed.
Either remove and explicitly install matching versions or dedupe using your package manager.
The following conflicting packages were found:
	esm 12.4.2	node_modules/@polkadot/types-known/
	esm 16.4.6	node_modules/@acala-network/chopsticks/node_modules/@polkadot/types-known/
[2025-09-08T23:21:58.083Z] [WARN] @polkadot/api has multiple versions, ensure that there is only one installed.
Either remove and explicitly install matching versions or dedupe using your package manager.
The following conflicting packages were found:
	esm 12.4.2	node_modules/@polkadot/api/
	esm 16.4.6	node_modules/@acala-network/chopsticks/node_modules/@polkadot/api/
	esm 16.4.6	node_modules/@acala-network/chopsticks-utils/node_modules/@polkadot/api/
[2025-09-08T23:21:58.083Z] [WARN] @polkadot/rpc-augment has multiple versions, ensure that there is only one installed.
Either remove and explicitly install matching versions or dedupe using your package manager.
The following conflicting packages were found:
	esm 12.4.2	node_modules/@polkadot/rpc-augment/
	esm 16.4.6	node_modules/@acala-network/chopsticks/node_modules/@polkadot/rpc-augment/
	esm 16.4.6	node_modules/@acala-network/chopsticks-utils/node_modules/@polkadot/rpc-augment/
[2025-09-08T23:21:58.083Z] [WARN] @polkadot/rpc-provider has multiple versions, ensure that there is only one installed.
Either remove and explicitly install matching versions or dedupe using your package manager.
The following conflicting packages were found:
	esm 12.4.2	node_modules/@polkadot/rpc-provider/
	esm 16.4.6	node_modules/@acala-network/chopsticks-core/node_modules/@polkadot/rpc-provider/
	esm 16.4.6	node_modules/@acala-network/chopsticks/node_modules/@polkadot/rpc-provider/
	esm 16.4.6	node_modules/@acala-network/chopsticks-utils/node_modules/@polkadot/rpc-provider/
[2025-09-08T23:21:58.083Z] [WARN] @polkadot/api-derive has multiple versions, ensure that there is only one installed.
Either remove and explicitly install matching versions or dedupe using your package manager.
The following conflicting packages were found:
	esm 12.4.2	node_modules/@polkadot/api-derive/
	esm 16.4.6	node_modules/@acala-network/chopsticks/node_modules/@polkadot/api-derive/
	esm 16.4.6	node_modules/@acala-network/chopsticks-utils/node_modules/@polkadot/api-derive/
[2025-09-08T23:21:58.083Z] [WARN] @polkadot/rpc-core has multiple versions, ensure that there is only one installed.
Either remove and explicitly install matching versions or dedupe using your package manager.
The following conflicting packages were found:
	esm 12.4.2	node_modules/@polkadot/rpc-core/
	esm 16.4.6	node_modules/@acala-network/chopsticks/node_modules/@polkadot/rpc-core/
	esm 16.4.6	node_modules/@acala-network/chopsticks-utils/node_modules/@polkadot/rpc-core/
[2025-09-08T23:21:58.083Z] [WARN] @polkadot/types has multiple versions, ensure that there is only one installed.
Either remove and explicitly install matching versions or dedupe using your package manager.
The following conflicting packages were found:
	esm 12.4.2	node_modules/@polkadot/types/
	esm 16.4.6	node_modules/@acala-network/chopsticks-core/node_modules/@polkadot/types/
	esm 16.4.6	node_modules/@acala-network/chopsticks/node_modules/@polkadot/types/
	esm 16.4.6	node_modules/@acala-network/chopsticks-utils/node_modules/@polkadot/types/
[2025-09-08T23:21:58.084Z] [WARN] @polkadot/types-create has multiple versions, ensure that there is only one installed.
Either remove and explicitly install matching versions or dedupe using your package manager.
The following conflicting packages were found:
	esm 12.4.2	node_modules/@polkadot/types-create/
	esm 16.4.6	node_modules/@acala-network/chopsticks-core/node_modules/@polkadot/types-create/
	esm 16.4.6	node_modules/@acala-network/chopsticks/node_modules/@polkadot/types-create/
	esm 16.4.6	node_modules/@acala-network/chopsticks-utils/node_modules/@polkadot/types-create/
[2025-09-08T23:21:58.084Z] [WARN] @polkadot/types-codec has multiple versions, ensure that there is only one installed.
Either remove and explicitly install matching versions or dedupe using your package manager.
The following conflicting packages were found:
	esm 12.4.2	node_modules/@polkadot/types-codec/
	esm 16.4.6	node_modules/@acala-network/chopsticks-core/node_modules/@polkadot/types-codec/
	esm 16.4.6	node_modules/@acala-network/chopsticks/node_modules/@polkadot/types-codec/
	esm 16.4.6	node_modules/@acala-network/chopsticks-utils/node_modules/@polkadot/types-codec/
[2025-09-08T23:21:58.085Z] [WARN] @polkadot/types-known has multiple versions, ensure that there is only one installed.
Either remove and explicitly install matching versions or dedupe using your package manager.
The following conflicting packages were found:
	esm 12.4.2	node_modules/@polkadot/types-known/
	esm 16.4.6	node_modules/@acala-network/chopsticks/node_modules/@polkadot/types-known/
	esm 16.4.6	node_modules/@acala-network/chopsticks-utils/node_modules/@polkadot/types-known/
[2025-09-08T23:21:58.102Z] [LOG] [dotenv@17.2.1] injecting env (0) from .env -- tip: ⚙️  override existing env vars with { override: true }
[2025-09-08T23:22:01.555Z] [LOG] Setting up AssetHub network with options: {
  "runtimeLogLevel": 5,
  "blockNumber": 9651100,
  "port": 8001,
  "endpoint": [
    "wss://polkadot-asset-hub-rpc.polkadot.io"
  ],
  "db": "assethub-db.sqlite",
  "processQueuedMessages": true
}
[2025-09-08T23:22:03.281Z] [LOG] assetHub.url "ws://[::]:8001"
[2025-09-08T23:22:04.238Z] [LOG] start assetHub newblockNumber
[2025-09-08T23:22:09.168Z] [LOG] end assetHub newblockNumber
[2025-09-08T23:22:09.178Z] [LOG] blockNumber 9651101
[2025-09-08T23:22:09.179Z] [LOG] before assetHub newblockNumber
[2025-09-08T23:22:11.158Z] [LOG] Transaction status: Ready
[2025-09-08T23:22:11.159Z] [LOG] ✅ Transaction is ready in pool
[2025-09-08T23:22:11.159Z] [LOG] Transaction status: Broadcast
[2025-09-08T23:22:40.789Z] [LOG] Test setup initialized - logging to test-output.log
[2025-09-08T23:22:40.960Z] [WARN] @polkadot/types-codec has multiple versions, ensure that there is only one installed.
Either remove and explicitly install matching versions or dedupe using your package manager.
The following conflicting packages were found:
	esm 12.4.2	node_modules/@polkadot/types-codec/
	esm 16.4.6	node_modules/@acala-network/chopsticks-core/node_modules/@polkadot/types-codec/
[2025-09-08T23:22:40.961Z] [WARN] @polkadot/types has multiple versions, ensure that there is only one installed.
Either remove and explicitly install matching versions or dedupe using your package manager.
The following conflicting packages were found:
	esm 12.4.2	node_modules/@polkadot/types/
	esm 16.4.6	node_modules/@acala-network/chopsticks-core/node_modules/@polkadot/types/
[2025-09-08T23:22:40.961Z] [WARN] @polkadot/types-create has multiple versions, ensure that there is only one installed.
Either remove and explicitly install matching versions or dedupe using your package manager.
The following conflicting packages were found:
	esm 12.4.2	node_modules/@polkadot/types-create/
	esm 16.4.6	node_modules/@acala-network/chopsticks-core/node_modules/@polkadot/types-create/
[2025-09-08T23:22:40.964Z] [WARN] @polkadot/rpc-provider has multiple versions, ensure that there is only one installed.
Either remove and explicitly install matching versions or dedupe using your package manager.
The following conflicting packages were found:
	esm 12.4.2	node_modules/@polkadot/rpc-provider/
	esm 16.4.6	node_modules/@acala-network/chopsticks-core/node_modules/@polkadot/rpc-provider/
[2025-09-08T23:22:41.402Z] [WARN] @polkadot/rpc-augment has multiple versions, ensure that there is only one installed.
Either remove and explicitly install matching versions or dedupe using your package manager.
The following conflicting packages were found:
	esm 12.4.2	node_modules/@polkadot/rpc-augment/
	esm 16.4.6	node_modules/@acala-network/chopsticks/node_modules/@polkadot/rpc-augment/
[2025-09-08T23:22:41.476Z] [WARN] @polkadot/api has multiple versions, ensure that there is only one installed.
Either remove and explicitly install matching versions or dedupe using your package manager.
The following conflicting packages were found:
	esm 12.4.2	node_modules/@polkadot/api/
	esm 16.4.6	node_modules/@acala-network/chopsticks/node_modules/@polkadot/api/
[2025-09-08T23:22:41.477Z] [WARN] @polkadot/rpc-provider has multiple versions, ensure that there is only one installed.
Either remove and explicitly install matching versions or dedupe using your package manager.
The following conflicting packages were found:
	esm 12.4.2	node_modules/@polkadot/rpc-provider/
	esm 16.4.6	node_modules/@acala-network/chopsticks-core/node_modules/@polkadot/rpc-provider/
	esm 16.4.6	node_modules/@acala-network/chopsticks/node_modules/@polkadot/rpc-provider/
[2025-09-08T23:22:41.477Z] [WARN] @polkadot/api-derive has multiple versions, ensure that there is only one installed.
Either remove and explicitly install matching versions or dedupe using your package manager.
The following conflicting packages were found:
	esm 12.4.2	node_modules/@polkadot/api-derive/
	esm 16.4.6	node_modules/@acala-network/chopsticks/node_modules/@polkadot/api-derive/
[2025-09-08T23:22:41.477Z] [WARN] @polkadot/rpc-core has multiple versions, ensure that there is only one installed.
Either remove and explicitly install matching versions or dedupe using your package manager.
The following conflicting packages were found:
	esm 12.4.2	node_modules/@polkadot/rpc-core/
	esm 16.4.6	node_modules/@acala-network/chopsticks/node_modules/@polkadot/rpc-core/
[2025-09-08T23:22:41.477Z] [WARN] @polkadot/types has multiple versions, ensure that there is only one installed.
Either remove and explicitly install matching versions or dedupe using your package manager.
The following conflicting packages were found:
	esm 12.4.2	node_modules/@polkadot/types/
	esm 16.4.6	node_modules/@acala-network/chopsticks-core/node_modules/@polkadot/types/
	esm 16.4.6	node_modules/@acala-network/chopsticks/node_modules/@polkadot/types/
[2025-09-08T23:22:41.478Z] [WARN] @polkadot/types-create has multiple versions, ensure that there is only one installed.
Either remove and explicitly install matching versions or dedupe using your package manager.
The following conflicting packages were found:
	esm 12.4.2	node_modules/@polkadot/types-create/
	esm 16.4.6	node_modules/@acala-network/chopsticks-core/node_modules/@polkadot/types-create/
	esm 16.4.6	node_modules/@acala-network/chopsticks/node_modules/@polkadot/types-create/
[2025-09-08T23:22:41.478Z] [WARN] @polkadot/types-codec has multiple versions, ensure that there is only one installed.
Either remove and explicitly install matching versions or dedupe using your package manager.
The following conflicting packages were found:
	esm 12.4.2	node_modules/@polkadot/types-codec/
	esm 16.4.6	node_modules/@acala-network/chopsticks-core/node_modules/@polkadot/types-codec/
	esm 16.4.6	node_modules/@acala-network/chopsticks/node_modules/@polkadot/types-codec/
[2025-09-08T23:22:41.480Z] [WARN] @polkadot/types-known has multiple versions, ensure that there is only one installed.
Either remove and explicitly install matching versions or dedupe using your package manager.
The following conflicting packages were found:
	esm 12.4.2	node_modules/@polkadot/types-known/
	esm 16.4.6	node_modules/@acala-network/chopsticks/node_modules/@polkadot/types-known/
[2025-09-08T23:22:41.481Z] [WARN] @polkadot/api has multiple versions, ensure that there is only one installed.
Either remove and explicitly install matching versions or dedupe using your package manager.
The following conflicting packages were found:
	esm 12.4.2	node_modules/@polkadot/api/
	esm 16.4.6	node_modules/@acala-network/chopsticks/node_modules/@polkadot/api/
	esm 16.4.6	node_modules/@acala-network/chopsticks-utils/node_modules/@polkadot/api/
[2025-09-08T23:22:41.481Z] [WARN] @polkadot/rpc-augment has multiple versions, ensure that there is only one installed.
Either remove and explicitly install matching versions or dedupe using your package manager.
The following conflicting packages were found:
	esm 12.4.2	node_modules/@polkadot/rpc-augment/
	esm 16.4.6	node_modules/@acala-network/chopsticks/node_modules/@polkadot/rpc-augment/
	esm 16.4.6	node_modules/@acala-network/chopsticks-utils/node_modules/@polkadot/rpc-augment/
[2025-09-08T23:22:41.481Z] [WARN] @polkadot/rpc-provider has multiple versions, ensure that there is only one installed.
Either remove and explicitly install matching versions or dedupe using your package manager.
The following conflicting packages were found:
	esm 12.4.2	node_modules/@polkadot/rpc-provider/
	esm 16.4.6	node_modules/@acala-network/chopsticks-core/node_modules/@polkadot/rpc-provider/
	esm 16.4.6	node_modules/@acala-network/chopsticks/node_modules/@polkadot/rpc-provider/
	esm 16.4.6	node_modules/@acala-network/chopsticks-utils/node_modules/@polkadot/rpc-provider/
[2025-09-08T23:22:41.481Z] [WARN] @polkadot/api-derive has multiple versions, ensure that there is only one installed.
Either remove and explicitly install matching versions or dedupe using your package manager.
The following conflicting packages were found:
	esm 12.4.2	node_modules/@polkadot/api-derive/
	esm 16.4.6	node_modules/@acala-network/chopsticks/node_modules/@polkadot/api-derive/
	esm 16.4.6	node_modules/@acala-network/chopsticks-utils/node_modules/@polkadot/api-derive/
[2025-09-08T23:22:41.481Z] [WARN] @polkadot/rpc-core has multiple versions, ensure that there is only one installed.
Either remove and explicitly install matching versions or dedupe using your package manager.
The following conflicting packages were found:
	esm 12.4.2	node_modules/@polkadot/rpc-core/
	esm 16.4.6	node_modules/@acala-network/chopsticks/node_modules/@polkadot/rpc-core/
	esm 16.4.6	node_modules/@acala-network/chopsticks-utils/node_modules/@polkadot/rpc-core/
[2025-09-08T23:22:41.481Z] [WARN] @polkadot/types has multiple versions, ensure that there is only one installed.
Either remove and explicitly install matching versions or dedupe using your package manager.
The following conflicting packages were found:
	esm 12.4.2	node_modules/@polkadot/types/
	esm 16.4.6	node_modules/@acala-network/chopsticks-core/node_modules/@polkadot/types/
	esm 16.4.6	node_modules/@acala-network/chopsticks/node_modules/@polkadot/types/
	esm 16.4.6	node_modules/@acala-network/chopsticks-utils/node_modules/@polkadot/types/
[2025-09-08T23:22:41.482Z] [WARN] @polkadot/types-create has multiple versions, ensure that there is only one installed.
Either remove and explicitly install matching versions or dedupe using your package manager.
The following conflicting packages were found:
	esm 12.4.2	node_modules/@polkadot/types-create/
	esm 16.4.6	node_modules/@acala-network/chopsticks-core/node_modules/@polkadot/types-create/
	esm 16.4.6	node_modules/@acala-network/chopsticks/node_modules/@polkadot/types-create/
	esm 16.4.6	node_modules/@acala-network/chopsticks-utils/node_modules/@polkadot/types-create/
[2025-09-08T23:22:41.482Z] [WARN] @polkadot/types-codec has multiple versions, ensure that there is only one installed.
Either remove and explicitly install matching versions or dedupe using your package manager.
The following conflicting packages were found:
	esm 12.4.2	node_modules/@polkadot/types-codec/
	esm 16.4.6	node_modules/@acala-network/chopsticks-core/node_modules/@polkadot/types-codec/
	esm 16.4.6	node_modules/@acala-network/chopsticks/node_modules/@polkadot/types-codec/
	esm 16.4.6	node_modules/@acala-network/chopsticks-utils/node_modules/@polkadot/types-codec/
[2025-09-08T23:22:41.485Z] [WARN] @polkadot/types-known has multiple versions, ensure that there is only one installed.
Either remove and explicitly install matching versions or dedupe using your package manager.
The following conflicting packages were found:
	esm 12.4.2	node_modules/@polkadot/types-known/
	esm 16.4.6	node_modules/@acala-network/chopsticks/node_modules/@polkadot/types-known/
	esm 16.4.6	node_modules/@acala-network/chopsticks-utils/node_modules/@polkadot/types-known/
[2025-09-08T23:22:41.493Z] [LOG] [dotenv@17.2.1] injecting env (0) from .env -- tip: 📡 version env with Radar: https://dotenvx.com/radar
[2025-09-08T23:22:42.754Z] [LOG] Setting up AssetHub network with options: {
  "runtimeLogLevel": 5,
  "blockNumber": 9651100,
  "port": 8001,
  "endpoint": [
    "wss://polkadot-asset-hub-rpc.polkadot.io"
  ],
  "db": "assethub-db.sqlite",
  "processQueuedMessages": true
}
[2025-09-08T23:22:44.225Z] [LOG] assetHub.url "ws://[::]:8001"
[2025-09-08T23:22:45.188Z] [LOG] start assetHub newblockNumber
[2025-09-08T23:22:47.185Z] [LOG] end assetHub newblockNumber
[2025-09-08T23:22:47.195Z] [LOG] blockNumber 9651101
[2025-09-08T23:22:47.195Z] [LOG] before assetHub newblockNumber
[2025-09-08T23:22:47.508Z] [LOG] Transaction status: Ready
[2025-09-08T23:22:47.508Z] [LOG] ✅ Transaction is ready in pool
[2025-09-08T23:22:47.509Z] [LOG] Transaction status: Broadcast
[2025-09-08T23:23:13.088Z] [LOG] Test setup initialized - logging to test-output.log
[2025-09-08T23:23:13.273Z] [WARN] @polkadot/types-codec has multiple versions, ensure that there is only one installed.
Either remove and explicitly install matching versions or dedupe using your package manager.
The following conflicting packages were found:
	esm 12.4.2	node_modules/@polkadot/types-codec/
	esm 16.4.6	node_modules/@acala-network/chopsticks-core/node_modules/@polkadot/types-codec/
[2025-09-08T23:23:13.274Z] [WARN] @polkadot/types has multiple versions, ensure that there is only one installed.
Either remove and explicitly install matching versions or dedupe using your package manager.
The following conflicting packages were found:
	esm 12.4.2	node_modules/@polkadot/types/
	esm 16.4.6	node_modules/@acala-network/chopsticks-core/node_modules/@polkadot/types/
[2025-09-08T23:23:13.274Z] [WARN] @polkadot/types-create has multiple versions, ensure that there is only one installed.
Either remove and explicitly install matching versions or dedupe using your package manager.
The following conflicting packages were found:
	esm 12.4.2	node_modules/@polkadot/types-create/
	esm 16.4.6	node_modules/@acala-network/chopsticks-core/node_modules/@polkadot/types-create/
[2025-09-08T23:23:13.278Z] [WARN] @polkadot/rpc-provider has multiple versions, ensure that there is only one installed.
Either remove and explicitly install matching versions or dedupe using your package manager.
The following conflicting packages were found:
	esm 12.4.2	node_modules/@polkadot/rpc-provider/
	esm 16.4.6	node_modules/@acala-network/chopsticks-core/node_modules/@polkadot/rpc-provider/
[2025-09-08T23:23:13.743Z] [WARN] @polkadot/rpc-augment has multiple versions, ensure that there is only one installed.
Either remove and explicitly install matching versions or dedupe using your package manager.
The following conflicting packages were found:
	esm 12.4.2	node_modules/@polkadot/rpc-augment/
	esm 16.4.6	node_modules/@acala-network/chopsticks/node_modules/@polkadot/rpc-augment/
[2025-09-08T23:23:13.817Z] [WARN] @polkadot/api has multiple versions, ensure that there is only one installed.
Either remove and explicitly install matching versions or dedupe using your package manager.
The following conflicting packages were found:
	esm 12.4.2	node_modules/@polkadot/api/
	esm 16.4.6	node_modules/@acala-network/chopsticks/node_modules/@polkadot/api/
[2025-09-08T23:23:13.818Z] [WARN] @polkadot/rpc-provider has multiple versions, ensure that there is only one installed.
Either remove and explicitly install matching versions or dedupe using your package manager.
The following conflicting packages were found:
	esm 12.4.2	node_modules/@polkadot/rpc-provider/
	esm 16.4.6	node_modules/@acala-network/chopsticks-core/node_modules/@polkadot/rpc-provider/
	esm 16.4.6	node_modules/@acala-network/chopsticks/node_modules/@polkadot/rpc-provider/
[2025-09-08T23:23:13.818Z] [WARN] @polkadot/api-derive has multiple versions, ensure that there is only one installed.
Either remove and explicitly install matching versions or dedupe using your package manager.
The following conflicting packages were found:
	esm 12.4.2	node_modules/@polkadot/api-derive/
	esm 16.4.6	node_modules/@acala-network/chopsticks/node_modules/@polkadot/api-derive/
[2025-09-08T23:23:13.818Z] [WARN] @polkadot/rpc-core has multiple versions, ensure that there is only one installed.
Either remove and explicitly install matching versions or dedupe using your package manager.
The following conflicting packages were found:
	esm 12.4.2	node_modules/@polkadot/rpc-core/
	esm 16.4.6	node_modules/@acala-network/chopsticks/node_modules/@polkadot/rpc-core/
[2025-09-08T23:23:13.818Z] [WARN] @polkadot/types has multiple versions, ensure that there is only one installed.
Either remove and explicitly install matching versions or dedupe using your package manager.
The following conflicting packages were found:
	esm 12.4.2	node_modules/@polkadot/types/
	esm 16.4.6	node_modules/@acala-network/chopsticks-core/node_modules/@polkadot/types/
	esm 16.4.6	node_modules/@acala-network/chopsticks/node_modules/@polkadot/types/
[2025-09-08T23:23:13.819Z] [WARN] @polkadot/types-create has multiple versions, ensure that there is only one installed.
Either remove and explicitly install matching versions or dedupe using your package manager.
The following conflicting packages were found:
	esm 12.4.2	node_modules/@polkadot/types-create/
	esm 16.4.6	node_modules/@acala-network/chopsticks-core/node_modules/@polkadot/types-create/
	esm 16.4.6	node_modules/@acala-network/chopsticks/node_modules/@polkadot/types-create/
[2025-09-08T23:23:13.819Z] [WARN] @polkadot/types-codec has multiple versions, ensure that there is only one installed.
Either remove and explicitly install matching versions or dedupe using your package manager.
The following conflicting packages were found:
	esm 12.4.2	node_modules/@polkadot/types-codec/
	esm 16.4.6	node_modules/@acala-network/chopsticks-core/node_modules/@polkadot/types-codec/
	esm 16.4.6	node_modules/@acala-network/chopsticks/node_modules/@polkadot/types-codec/
[2025-09-08T23:23:13.821Z] [WARN] @polkadot/types-known has multiple versions, ensure that there is only one installed.
Either remove and explicitly install matching versions or dedupe using your package manager.
The following conflicting packages were found:
	esm 12.4.2	node_modules/@polkadot/types-known/
	esm 16.4.6	node_modules/@acala-network/chopsticks/node_modules/@polkadot/types-known/
[2025-09-08T23:23:13.822Z] [WARN] @polkadot/api has multiple versions, ensure that there is only one installed.
Either remove and explicitly install matching versions or dedupe using your package manager.
The following conflicting packages were found:
	esm 12.4.2	node_modules/@polkadot/api/
	esm 16.4.6	node_modules/@acala-network/chopsticks/node_modules/@polkadot/api/
	esm 16.4.6	node_modules/@acala-network/chopsticks-utils/node_modules/@polkadot/api/
[2025-09-08T23:23:13.822Z] [WARN] @polkadot/rpc-augment has multiple versions, ensure that there is only one installed.
Either remove and explicitly install matching versions or dedupe using your package manager.
The following conflicting packages were found:
	esm 12.4.2	node_modules/@polkadot/rpc-augment/
	esm 16.4.6	node_modules/@acala-network/chopsticks/node_modules/@polkadot/rpc-augment/
	esm 16.4.6	node_modules/@acala-network/chopsticks-utils/node_modules/@polkadot/rpc-augment/
[2025-09-08T23:23:13.822Z] [WARN] @polkadot/rpc-provider has multiple versions, ensure that there is only one installed.
Either remove and explicitly install matching versions or dedupe using your package manager.
The following conflicting packages were found:
	esm 12.4.2	node_modules/@polkadot/rpc-provider/
	esm 16.4.6	node_modules/@acala-network/chopsticks-core/node_modules/@polkadot/rpc-provider/
	esm 16.4.6	node_modules/@acala-network/chopsticks/node_modules/@polkadot/rpc-provider/
	esm 16.4.6	node_modules/@acala-network/chopsticks-utils/node_modules/@polkadot/rpc-provider/
[2025-09-08T23:23:13.822Z] [WARN] @polkadot/api-derive has multiple versions, ensure that there is only one installed.
Either remove and explicitly install matching versions or dedupe using your package manager.
The following conflicting packages were found:
	esm 12.4.2	node_modules/@polkadot/api-derive/
	esm 16.4.6	node_modules/@acala-network/chopsticks/node_modules/@polkadot/api-derive/
	esm 16.4.6	node_modules/@acala-network/chopsticks-utils/node_modules/@polkadot/api-derive/
[2025-09-08T23:23:13.822Z] [WARN] @polkadot/rpc-core has multiple versions, ensure that there is only one installed.
Either remove and explicitly install matching versions or dedupe using your package manager.
The following conflicting packages were found:
	esm 12.4.2	node_modules/@polkadot/rpc-core/
	esm 16.4.6	node_modules/@acala-network/chopsticks/node_modules/@polkadot/rpc-core/
	esm 16.4.6	node_modules/@acala-network/chopsticks-utils/node_modules/@polkadot/rpc-core/
[2025-09-08T23:23:13.822Z] [WARN] @polkadot/types has multiple versions, ensure that there is only one installed.
Either remove and explicitly install matching versions or dedupe using your package manager.
The following conflicting packages were found:
	esm 12.4.2	node_modules/@polkadot/types/
	esm 16.4.6	node_modules/@acala-network/chopsticks-core/node_modules/@polkadot/types/
	esm 16.4.6	node_modules/@acala-network/chopsticks/node_modules/@polkadot/types/
	esm 16.4.6	node_modules/@acala-network/chopsticks-utils/node_modules/@polkadot/types/
[2025-09-08T23:23:13.823Z] [WARN] @polkadot/types-create has multiple versions, ensure that there is only one installed.
Either remove and explicitly install matching versions or dedupe using your package manager.
The following conflicting packages were found:
	esm 12.4.2	node_modules/@polkadot/types-create/
	esm 16.4.6	node_modules/@acala-network/chopsticks-core/node_modules/@polkadot/types-create/
	esm 16.4.6	node_modules/@acala-network/chopsticks/node_modules/@polkadot/types-create/
	esm 16.4.6	node_modules/@acala-network/chopsticks-utils/node_modules/@polkadot/types-create/
[2025-09-08T23:23:13.823Z] [WARN] @polkadot/types-codec has multiple versions, ensure that there is only one installed.
Either remove and explicitly install matching versions or dedupe using your package manager.
The following conflicting packages were found:
	esm 12.4.2	node_modules/@polkadot/types-codec/
	esm 16.4.6	node_modules/@acala-network/chopsticks-core/node_modules/@polkadot/types-codec/
	esm 16.4.6	node_modules/@acala-network/chopsticks/node_modules/@polkadot/types-codec/
	esm 16.4.6	node_modules/@acala-network/chopsticks-utils/node_modules/@polkadot/types-codec/
[2025-09-08T23:23:13.824Z] [WARN] @polkadot/types-known has multiple versions, ensure that there is only one installed.
Either remove and explicitly install matching versions or dedupe using your package manager.
The following conflicting packages were found:
	esm 12.4.2	node_modules/@polkadot/types-known/
	esm 16.4.6	node_modules/@acala-network/chopsticks/node_modules/@polkadot/types-known/
	esm 16.4.6	node_modules/@acala-network/chopsticks-utils/node_modules/@polkadot/types-known/
[2025-09-08T23:23:13.833Z] [LOG] [dotenv@17.2.1] injecting env (0) from .env -- tip: 📡 observe env with Radar: https://dotenvx.com/radar
[2025-09-08T23:23:15.099Z] [LOG] Setting up AssetHub network with options: {
  "runtimeLogLevel": 5,
  "blockNumber": 9651100,
  "port": 8001,
  "endpoint": [
    "wss://polkadot-asset-hub-rpc.polkadot.io"
  ],
  "db": "assethub-db.sqlite",
  "processQueuedMessages": true
}
[2025-09-08T23:23:16.879Z] [LOG] assetHub.url "ws://[::]:8001"
[2025-09-08T23:23:17.354Z] [LOG] start assetHub newblockNumber
[2025-09-08T23:23:19.303Z] [LOG] end assetHub newblockNumber
[2025-09-08T23:23:19.314Z] [LOG] blockNumber 9651101
[2025-09-08T23:23:19.315Z] [LOG] before assetHub newblockNumber
[2025-09-08T23:23:19.654Z] [LOG] Transaction status: Ready
[2025-09-08T23:23:19.654Z] [LOG] ✅ Transaction is ready in pool
[2025-09-08T23:23:19.654Z] [LOG] Transaction status: Broadcast
[2025-09-08T23:23:39.805Z] [LOG] Test setup initialized - logging to test-output.log
[2025-09-08T23:23:40.003Z] [WARN] @polkadot/types-codec has multiple versions, ensure that there is only one installed.
Either remove and explicitly install matching versions or dedupe using your package manager.
The following conflicting packages were found:
	esm 12.4.2	node_modules/@polkadot/types-codec/
	esm 16.4.6	node_modules/@acala-network/chopsticks-core/node_modules/@polkadot/types-codec/
[2025-09-08T23:23:40.004Z] [WARN] @polkadot/types has multiple versions, ensure that there is only one installed.
Either remove and explicitly install matching versions or dedupe using your package manager.
The following conflicting packages were found:
	esm 12.4.2	node_modules/@polkadot/types/
	esm 16.4.6	node_modules/@acala-network/chopsticks-core/node_modules/@polkadot/types/
[2025-09-08T23:23:40.005Z] [WARN] @polkadot/types-create has multiple versions, ensure that there is only one installed.
Either remove and explicitly install matching versions or dedupe using your package manager.
The following conflicting packages were found:
	esm 12.4.2	node_modules/@polkadot/types-create/
	esm 16.4.6	node_modules/@acala-network/chopsticks-core/node_modules/@polkadot/types-create/
[2025-09-08T23:23:40.008Z] [WARN] @polkadot/rpc-provider has multiple versions, ensure that there is only one installed.
Either remove and explicitly install matching versions or dedupe using your package manager.
The following conflicting packages were found:
	esm 12.4.2	node_modules/@polkadot/rpc-provider/
	esm 16.4.6	node_modules/@acala-network/chopsticks-core/node_modules/@polkadot/rpc-provider/
[2025-09-08T23:23:40.528Z] [WARN] @polkadot/rpc-augment has multiple versions, ensure that there is only one installed.
Either remove and explicitly install matching versions or dedupe using your package manager.
The following conflicting packages were found:
	esm 12.4.2	node_modules/@polkadot/rpc-augment/
	esm 16.4.6	node_modules/@acala-network/chopsticks/node_modules/@polkadot/rpc-augment/
[2025-09-08T23:23:40.610Z] [WARN] @polkadot/api has multiple versions, ensure that there is only one installed.
Either remove and explicitly install matching versions or dedupe using your package manager.
The following conflicting packages were found:
	esm 12.4.2	node_modules/@polkadot/api/
	esm 16.4.6	node_modules/@acala-network/chopsticks/node_modules/@polkadot/api/
[2025-09-08T23:23:40.610Z] [WARN] @polkadot/rpc-provider has multiple versions, ensure that there is only one installed.
Either remove and explicitly install matching versions or dedupe using your package manager.
The following conflicting packages were found:
	esm 12.4.2	node_modules/@polkadot/rpc-provider/
	esm 16.4.6	node_modules/@acala-network/chopsticks-core/node_modules/@polkadot/rpc-provider/
	esm 16.4.6	node_modules/@acala-network/chopsticks/node_modules/@polkadot/rpc-provider/
[2025-09-08T23:23:40.611Z] [WARN] @polkadot/api-derive has multiple versions, ensure that there is only one installed.
Either remove and explicitly install matching versions or dedupe using your package manager.
The following conflicting packages were found:
	esm 12.4.2	node_modules/@polkadot/api-derive/
	esm 16.4.6	node_modules/@acala-network/chopsticks/node_modules/@polkadot/api-derive/
[2025-09-08T23:23:40.611Z] [WARN] @polkadot/rpc-core has multiple versions, ensure that there is only one installed.
Either remove and explicitly install matching versions or dedupe using your package manager.
The following conflicting packages were found:
	esm 12.4.2	node_modules/@polkadot/rpc-core/
	esm 16.4.6	node_modules/@acala-network/chopsticks/node_modules/@polkadot/rpc-core/
[2025-09-08T23:23:40.611Z] [WARN] @polkadot/types has multiple versions, ensure that there is only one installed.
Either remove and explicitly install matching versions or dedupe using your package manager.
The following conflicting packages were found:
	esm 12.4.2	node_modules/@polkadot/types/
	esm 16.4.6	node_modules/@acala-network/chopsticks-core/node_modules/@polkadot/types/
	esm 16.4.6	node_modules/@acala-network/chopsticks/node_modules/@polkadot/types/
[2025-09-08T23:23:40.612Z] [WARN] @polkadot/types-create has multiple versions, ensure that there is only one installed.
Either remove and explicitly install matching versions or dedupe using your package manager.
The following conflicting packages were found:
	esm 12.4.2	node_modules/@polkadot/types-create/
	esm 16.4.6	node_modules/@acala-network/chopsticks-core/node_modules/@polkadot/types-create/
	esm 16.4.6	node_modules/@acala-network/chopsticks/node_modules/@polkadot/types-create/
[2025-09-08T23:23:40.612Z] [WARN] @polkadot/types-codec has multiple versions, ensure that there is only one installed.
Either remove and explicitly install matching versions or dedupe using your package manager.
The following conflicting packages were found:
	esm 12.4.2	node_modules/@polkadot/types-codec/
	esm 16.4.6	node_modules/@acala-network/chopsticks-core/node_modules/@polkadot/types-codec/
	esm 16.4.6	node_modules/@acala-network/chopsticks/node_modules/@polkadot/types-codec/
[2025-09-08T23:23:40.613Z] [WARN] @polkadot/types-known has multiple versions, ensure that there is only one installed.
Either remove and explicitly install matching versions or dedupe using your package manager.
The following conflicting packages were found:
	esm 12.4.2	node_modules/@polkadot/types-known/
	esm 16.4.6	node_modules/@acala-network/chopsticks/node_modules/@polkadot/types-known/
[2025-09-08T23:23:40.615Z] [WARN] @polkadot/api has multiple versions, ensure that there is only one installed.
Either remove and explicitly install matching versions or dedupe using your package manager.
The following conflicting packages were found:
	esm 12.4.2	node_modules/@polkadot/api/
	esm 16.4.6	node_modules/@acala-network/chopsticks/node_modules/@polkadot/api/
	esm 16.4.6	node_modules/@acala-network/chopsticks-utils/node_modules/@polkadot/api/
[2025-09-08T23:23:40.615Z] [WARN] @polkadot/rpc-augment has multiple versions, ensure that there is only one installed.
Either remove and explicitly install matching versions or dedupe using your package manager.
The following conflicting packages were found:
	esm 12.4.2	node_modules/@polkadot/rpc-augment/
	esm 16.4.6	node_modules/@acala-network/chopsticks/node_modules/@polkadot/rpc-augment/
	esm 16.4.6	node_modules/@acala-network/chopsticks-utils/node_modules/@polkadot/rpc-augment/
[2025-09-08T23:23:40.615Z] [WARN] @polkadot/rpc-provider has multiple versions, ensure that there is only one installed.
Either remove and explicitly install matching versions or dedupe using your package manager.
The following conflicting packages were found:
	esm 12.4.2	node_modules/@polkadot/rpc-provider/
	esm 16.4.6	node_modules/@acala-network/chopsticks-core/node_modules/@polkadot/rpc-provider/
	esm 16.4.6	node_modules/@acala-network/chopsticks/node_modules/@polkadot/rpc-provider/
	esm 16.4.6	node_modules/@acala-network/chopsticks-utils/node_modules/@polkadot/rpc-provider/
[2025-09-08T23:23:40.615Z] [WARN] @polkadot/api-derive has multiple versions, ensure that there is only one installed.
Either remove and explicitly install matching versions or dedupe using your package manager.
The following conflicting packages were found:
	esm 12.4.2	node_modules/@polkadot/api-derive/
	esm 16.4.6	node_modules/@acala-network/chopsticks/node_modules/@polkadot/api-derive/
	esm 16.4.6	node_modules/@acala-network/chopsticks-utils/node_modules/@polkadot/api-derive/
[2025-09-08T23:23:40.615Z] [WARN] @polkadot/rpc-core has multiple versions, ensure that there is only one installed.
Either remove and explicitly install matching versions or dedupe using your package manager.
The following conflicting packages were found:
	esm 12.4.2	node_modules/@polkadot/rpc-core/
	esm 16.4.6	node_modules/@acala-network/chopsticks/node_modules/@polkadot/rpc-core/
	esm 16.4.6	node_modules/@acala-network/chopsticks-utils/node_modules/@polkadot/rpc-core/
[2025-09-08T23:23:40.615Z] [WARN] @polkadot/types has multiple versions, ensure that there is only one installed.
Either remove and explicitly install matching versions or dedupe using your package manager.
The following conflicting packages were found:
	esm 12.4.2	node_modules/@polkadot/types/
	esm 16.4.6	node_modules/@acala-network/chopsticks-core/node_modules/@polkadot/types/
	esm 16.4.6	node_modules/@acala-network/chopsticks/node_modules/@polkadot/types/
	esm 16.4.6	node_modules/@acala-network/chopsticks-utils/node_modules/@polkadot/types/
[2025-09-08T23:23:40.616Z] [WARN] @polkadot/types-create has multiple versions, ensure that there is only one installed.
Either remove and explicitly install matching versions or dedupe using your package manager.
The following conflicting packages were found:
	esm 12.4.2	node_modules/@polkadot/types-create/
	esm 16.4.6	node_modules/@acala-network/chopsticks-core/node_modules/@polkadot/types-create/
	esm 16.4.6	node_modules/@acala-network/chopsticks/node_modules/@polkadot/types-create/
	esm 16.4.6	node_modules/@acala-network/chopsticks-utils/node_modules/@polkadot/types-create/
[2025-09-08T23:23:40.616Z] [WARN] @polkadot/types-codec has multiple versions, ensure that there is only one installed.
Either remove and explicitly install matching versions or dedupe using your package manager.
The following conflicting packages were found:
	esm 12.4.2	node_modules/@polkadot/types-codec/
	esm 16.4.6	node_modules/@acala-network/chopsticks-core/node_modules/@polkadot/types-codec/
	esm 16.4.6	node_modules/@acala-network/chopsticks/node_modules/@polkadot/types-codec/
	esm 16.4.6	node_modules/@acala-network/chopsticks-utils/node_modules/@polkadot/types-codec/
[2025-09-08T23:23:40.617Z] [WARN] @polkadot/types-known has multiple versions, ensure that there is only one installed.
Either remove and explicitly install matching versions or dedupe using your package manager.
The following conflicting packages were found:
	esm 12.4.2	node_modules/@polkadot/types-known/
	esm 16.4.6	node_modules/@acala-network/chopsticks/node_modules/@polkadot/types-known/
	esm 16.4.6	node_modules/@acala-network/chopsticks-utils/node_modules/@polkadot/types-known/
[2025-09-08T23:23:40.626Z] [LOG] [dotenv@17.2.1] injecting env (0) from .env -- tip: ⚙️  override existing env vars with { override: true }
[2025-09-08T23:23:41.919Z] [LOG] Setting up AssetHub network with options: {
  "runtimeLogLevel": 5,
  "blockNumber": 9651100,
  "port": 8001,
  "endpoint": [
    "wss://polkadot-asset-hub-rpc.polkadot.io"
  ],
  "db": "assethub-db.sqlite",
  "processQueuedMessages": true
}
[2025-09-08T23:23:43.376Z] [LOG] assetHub.url "ws://[::]:8001"
[2025-09-08T23:23:44.350Z] [LOG] start assetHub newblockNumber
[2025-09-08T23:23:46.274Z] [LOG] end assetHub newblockNumber
[2025-09-08T23:23:46.288Z] [LOG] blockNumber 9651101
[2025-09-08T23:23:46.288Z] [LOG] before assetHub newblockNumber
[2025-09-08T23:23:46.662Z] [LOG] Transaction status: Ready
[2025-09-08T23:23:46.662Z] [LOG] ✅ Transaction is ready in pool
[2025-09-08T23:23:46.662Z] [LOG] Transaction status: Broadcast
[2025-09-08T23:24:00.369Z] [LOG] Test setup initialized - logging to test-output.log
[2025-09-08T23:24:00.564Z] [WARN] @polkadot/types-codec has multiple versions, ensure that there is only one installed.
Either remove and explicitly install matching versions or dedupe using your package manager.
The following conflicting packages were found:
	esm 12.4.2	node_modules/@polkadot/types-codec/
	esm 16.4.6	node_modules/@acala-network/chopsticks-core/node_modules/@polkadot/types-codec/
[2025-09-08T23:24:00.565Z] [WARN] @polkadot/types has multiple versions, ensure that there is only one installed.
Either remove and explicitly install matching versions or dedupe using your package manager.
The following conflicting packages were found:
	esm 12.4.2	node_modules/@polkadot/types/
	esm 16.4.6	node_modules/@acala-network/chopsticks-core/node_modules/@polkadot/types/
[2025-09-08T23:24:00.565Z] [WARN] @polkadot/types-create has multiple versions, ensure that there is only one installed.
Either remove and explicitly install matching versions or dedupe using your package manager.
The following conflicting packages were found:
	esm 12.4.2	node_modules/@polkadot/types-create/
	esm 16.4.6	node_modules/@acala-network/chopsticks-core/node_modules/@polkadot/types-create/
[2025-09-08T23:24:00.569Z] [WARN] @polkadot/rpc-provider has multiple versions, ensure that there is only one installed.
Either remove and explicitly install matching versions or dedupe using your package manager.
The following conflicting packages were found:
	esm 12.4.2	node_modules/@polkadot/rpc-provider/
	esm 16.4.6	node_modules/@acala-network/chopsticks-core/node_modules/@polkadot/rpc-provider/
[2025-09-08T23:24:01.093Z] [WARN] @polkadot/rpc-augment has multiple versions, ensure that there is only one installed.
Either remove and explicitly install matching versions or dedupe using your package manager.
The following conflicting packages were found:
	esm 12.4.2	node_modules/@polkadot/rpc-augment/
	esm 16.4.6	node_modules/@acala-network/chopsticks/node_modules/@polkadot/rpc-augment/
[2025-09-08T23:24:01.179Z] [WARN] @polkadot/api has multiple versions, ensure that there is only one installed.
Either remove and explicitly install matching versions or dedupe using your package manager.
The following conflicting packages were found:
	esm 12.4.2	node_modules/@polkadot/api/
	esm 16.4.6	node_modules/@acala-network/chopsticks/node_modules/@polkadot/api/
[2025-09-08T23:24:01.179Z] [WARN] @polkadot/rpc-provider has multiple versions, ensure that there is only one installed.
Either remove and explicitly install matching versions or dedupe using your package manager.
The following conflicting packages were found:
	esm 12.4.2	node_modules/@polkadot/rpc-provider/
	esm 16.4.6	node_modules/@acala-network/chopsticks-core/node_modules/@polkadot/rpc-provider/
	esm 16.4.6	node_modules/@acala-network/chopsticks/node_modules/@polkadot/rpc-provider/
[2025-09-08T23:24:01.179Z] [WARN] @polkadot/api-derive has multiple versions, ensure that there is only one installed.
Either remove and explicitly install matching versions or dedupe using your package manager.
The following conflicting packages were found:
	esm 12.4.2	node_modules/@polkadot/api-derive/
	esm 16.4.6	node_modules/@acala-network/chopsticks/node_modules/@polkadot/api-derive/
[2025-09-08T23:24:01.179Z] [WARN] @polkadot/rpc-core has multiple versions, ensure that there is only one installed.
Either remove and explicitly install matching versions or dedupe using your package manager.
The following conflicting packages were found:
	esm 12.4.2	node_modules/@polkadot/rpc-core/
	esm 16.4.6	node_modules/@acala-network/chopsticks/node_modules/@polkadot/rpc-core/
[2025-09-08T23:24:01.179Z] [WARN] @polkadot/types has multiple versions, ensure that there is only one installed.
Either remove and explicitly install matching versions or dedupe using your package manager.
The following conflicting packages were found:
	esm 12.4.2	node_modules/@polkadot/types/
	esm 16.4.6	node_modules/@acala-network/chopsticks-core/node_modules/@polkadot/types/
	esm 16.4.6	node_modules/@acala-network/chopsticks/node_modules/@polkadot/types/
[2025-09-08T23:24:01.180Z] [WARN] @polkadot/types-create has multiple versions, ensure that there is only one installed.
Either remove and explicitly install matching versions or dedupe using your package manager.
The following conflicting packages were found:
	esm 12.4.2	node_modules/@polkadot/types-create/
	esm 16.4.6	node_modules/@acala-network/chopsticks-core/node_modules/@polkadot/types-create/
	esm 16.4.6	node_modules/@acala-network/chopsticks/node_modules/@polkadot/types-create/
[2025-09-08T23:24:01.180Z] [WARN] @polkadot/types-codec has multiple versions, ensure that there is only one installed.
Either remove and explicitly install matching versions or dedupe using your package manager.
The following conflicting packages were found:
	esm 12.4.2	node_modules/@polkadot/types-codec/
	esm 16.4.6	node_modules/@acala-network/chopsticks-core/node_modules/@polkadot/types-codec/
	esm 16.4.6	node_modules/@acala-network/chopsticks/node_modules/@polkadot/types-codec/
[2025-09-08T23:24:01.182Z] [WARN] @polkadot/types-known has multiple versions, ensure that there is only one installed.
Either remove and explicitly install matching versions or dedupe using your package manager.
The following conflicting packages were found:
	esm 12.4.2	node_modules/@polkadot/types-known/
	esm 16.4.6	node_modules/@acala-network/chopsticks/node_modules/@polkadot/types-known/
[2025-09-08T23:24:01.183Z] [WARN] @polkadot/api has multiple versions, ensure that there is only one installed.
Either remove and explicitly install matching versions or dedupe using your package manager.
The following conflicting packages were found:
	esm 12.4.2	node_modules/@polkadot/api/
	esm 16.4.6	node_modules/@acala-network/chopsticks/node_modules/@polkadot/api/
	esm 16.4.6	node_modules/@acala-network/chopsticks-utils/node_modules/@polkadot/api/
[2025-09-08T23:24:01.184Z] [WARN] @polkadot/rpc-augment has multiple versions, ensure that there is only one installed.
Either remove and explicitly install matching versions or dedupe using your package manager.
The following conflicting packages were found:
	esm 12.4.2	node_modules/@polkadot/rpc-augment/
	esm 16.4.6	node_modules/@acala-network/chopsticks/node_modules/@polkadot/rpc-augment/
	esm 16.4.6	node_modules/@acala-network/chopsticks-utils/node_modules/@polkadot/rpc-augment/
[2025-09-08T23:24:01.184Z] [WARN] @polkadot/rpc-provider has multiple versions, ensure that there is only one installed.
Either remove and explicitly install matching versions or dedupe using your package manager.
The following conflicting packages were found:
	esm 12.4.2	node_modules/@polkadot/rpc-provider/
	esm 16.4.6	node_modules/@acala-network/chopsticks-core/node_modules/@polkadot/rpc-provider/
	esm 16.4.6	node_modules/@acala-network/chopsticks/node_modules/@polkadot/rpc-provider/
	esm 16.4.6	node_modules/@acala-network/chopsticks-utils/node_modules/@polkadot/rpc-provider/
[2025-09-08T23:24:01.184Z] [WARN] @polkadot/api-derive has multiple versions, ensure that there is only one installed.
Either remove and explicitly install matching versions or dedupe using your package manager.
The following conflicting packages were found:
	esm 12.4.2	node_modules/@polkadot/api-derive/
	esm 16.4.6	node_modules/@acala-network/chopsticks/node_modules/@polkadot/api-derive/
	esm 16.4.6	node_modules/@acala-network/chopsticks-utils/node_modules/@polkadot/api-derive/
[2025-09-08T23:24:01.184Z] [WARN] @polkadot/rpc-core has multiple versions, ensure that there is only one installed.
Either remove and explicitly install matching versions or dedupe using your package manager.
The following conflicting packages were found:
	esm 12.4.2	node_modules/@polkadot/rpc-core/
	esm 16.4.6	node_modules/@acala-network/chopsticks/node_modules/@polkadot/rpc-core/
	esm 16.4.6	node_modules/@acala-network/chopsticks-utils/node_modules/@polkadot/rpc-core/
[2025-09-08T23:24:01.184Z] [WARN] @polkadot/types has multiple versions, ensure that there is only one installed.
Either remove and explicitly install matching versions or dedupe using your package manager.
The following conflicting packages were found:
	esm 12.4.2	node_modules/@polkadot/types/
	esm 16.4.6	node_modules/@acala-network/chopsticks-core/node_modules/@polkadot/types/
	esm 16.4.6	node_modules/@acala-network/chopsticks/node_modules/@polkadot/types/
	esm 16.4.6	node_modules/@acala-network/chopsticks-utils/node_modules/@polkadot/types/
[2025-09-08T23:24:01.184Z] [WARN] @polkadot/types-create has multiple versions, ensure that there is only one installed.
Either remove and explicitly install matching versions or dedupe using your package manager.
The following conflicting packages were found:
	esm 12.4.2	node_modules/@polkadot/types-create/
	esm 16.4.6	node_modules/@acala-network/chopsticks-core/node_modules/@polkadot/types-create/
	esm 16.4.6	node_modules/@acala-network/chopsticks/node_modules/@polkadot/types-create/
	esm 16.4.6	node_modules/@acala-network/chopsticks-utils/node_modules/@polkadot/types-create/
[2025-09-08T23:24:01.184Z] [WARN] @polkadot/types-codec has multiple versions, ensure that there is only one installed.
Either remove and explicitly install matching versions or dedupe using your package manager.
The following conflicting packages were found:
	esm 12.4.2	node_modules/@polkadot/types-codec/
	esm 16.4.6	node_modules/@acala-network/chopsticks-core/node_modules/@polkadot/types-codec/
	esm 16.4.6	node_modules/@acala-network/chopsticks/node_modules/@polkadot/types-codec/
	esm 16.4.6	node_modules/@acala-network/chopsticks-utils/node_modules/@polkadot/types-codec/
[2025-09-08T23:24:01.186Z] [WARN] @polkadot/types-known has multiple versions, ensure that there is only one installed.
Either remove and explicitly install matching versions or dedupe using your package manager.
The following conflicting packages were found:
	esm 12.4.2	node_modules/@polkadot/types-known/
	esm 16.4.6	node_modules/@acala-network/chopsticks/node_modules/@polkadot/types-known/
	esm 16.4.6	node_modules/@acala-network/chopsticks-utils/node_modules/@polkadot/types-known/
[2025-09-08T23:24:01.194Z] [LOG] [dotenv@17.2.1] injecting env (0) from .env -- tip: 📡 version env with Radar: https://dotenvx.com/radar
[2025-09-08T23:24:02.762Z] [LOG] Setting up AssetHub network with options: {
  "runtimeLogLevel": 5,
  "blockNumber": 9651100,
  "port": 8001,
  "endpoint": [
    "wss://polkadot-asset-hub-rpc.polkadot.io"
  ],
  "db": "assethub-db.sqlite",
  "processQueuedMessages": true
}
[2025-09-08T23:24:04.339Z] [LOG] assetHub.url "ws://[::]:8001"
[2025-09-08T23:24:05.329Z] [LOG] start assetHub newblockNumber
[2025-09-08T23:24:07.193Z] [LOG] end assetHub newblockNumber
[2025-09-08T23:24:07.203Z] [LOG] blockNumber 9651101
[2025-09-08T23:24:07.203Z] [LOG] before assetHub newblockNumber
[2025-09-08T23:24:07.524Z] [LOG] Transaction status: Ready
[2025-09-08T23:24:07.525Z] [LOG] ✅ Transaction is ready in pool
[2025-09-08T23:24:07.525Z] [LOG] Transaction status: Broadcast
[2025-09-08T23:24:36.248Z] [LOG] Test setup initialized - logging to test-output.log
[2025-09-08T23:24:36.429Z] [WARN] @polkadot/types-codec has multiple versions, ensure that there is only one installed.
Either remove and explicitly install matching versions or dedupe using your package manager.
The following conflicting packages were found:
	esm 12.4.2	node_modules/@polkadot/types-codec/
	esm 16.4.6	node_modules/@acala-network/chopsticks-core/node_modules/@polkadot/types-codec/
[2025-09-08T23:24:36.429Z] [WARN] @polkadot/types has multiple versions, ensure that there is only one installed.
Either remove and explicitly install matching versions or dedupe using your package manager.
The following conflicting packages were found:
	esm 12.4.2	node_modules/@polkadot/types/
	esm 16.4.6	node_modules/@acala-network/chopsticks-core/node_modules/@polkadot/types/
[2025-09-08T23:24:36.430Z] [WARN] @polkadot/types-create has multiple versions, ensure that there is only one installed.
Either remove and explicitly install matching versions or dedupe using your package manager.
The following conflicting packages were found:
	esm 12.4.2	node_modules/@polkadot/types-create/
	esm 16.4.6	node_modules/@acala-network/chopsticks-core/node_modules/@polkadot/types-create/
[2025-09-08T23:24:36.433Z] [WARN] @polkadot/rpc-provider has multiple versions, ensure that there is only one installed.
Either remove and explicitly install matching versions or dedupe using your package manager.
The following conflicting packages were found:
	esm 12.4.2	node_modules/@polkadot/rpc-provider/
	esm 16.4.6	node_modules/@acala-network/chopsticks-core/node_modules/@polkadot/rpc-provider/
[2025-09-08T23:24:36.890Z] [WARN] @polkadot/rpc-augment has multiple versions, ensure that there is only one installed.
Either remove and explicitly install matching versions or dedupe using your package manager.
The following conflicting packages were found:
	esm 12.4.2	node_modules/@polkadot/rpc-augment/
	esm 16.4.6	node_modules/@acala-network/chopsticks/node_modules/@polkadot/rpc-augment/
[2025-09-08T23:24:36.968Z] [WARN] @polkadot/api has multiple versions, ensure that there is only one installed.
Either remove and explicitly install matching versions or dedupe using your package manager.
The following conflicting packages were found:
	esm 12.4.2	node_modules/@polkadot/api/
	esm 16.4.6	node_modules/@acala-network/chopsticks/node_modules/@polkadot/api/
[2025-09-08T23:24:36.968Z] [WARN] @polkadot/rpc-provider has multiple versions, ensure that there is only one installed.
Either remove and explicitly install matching versions or dedupe using your package manager.
The following conflicting packages were found:
	esm 12.4.2	node_modules/@polkadot/rpc-provider/
	esm 16.4.6	node_modules/@acala-network/chopsticks-core/node_modules/@polkadot/rpc-provider/
	esm 16.4.6	node_modules/@acala-network/chopsticks/node_modules/@polkadot/rpc-provider/
[2025-09-08T23:24:36.968Z] [WARN] @polkadot/api-derive has multiple versions, ensure that there is only one installed.
Either remove and explicitly install matching versions or dedupe using your package manager.
The following conflicting packages were found:
	esm 12.4.2	node_modules/@polkadot/api-derive/
	esm 16.4.6	node_modules/@acala-network/chopsticks/node_modules/@polkadot/api-derive/
[2025-09-08T23:24:36.969Z] [WARN] @polkadot/rpc-core has multiple versions, ensure that there is only one installed.
Either remove and explicitly install matching versions or dedupe using your package manager.
The following conflicting packages were found:
	esm 12.4.2	node_modules/@polkadot/rpc-core/
	esm 16.4.6	node_modules/@acala-network/chopsticks/node_modules/@polkadot/rpc-core/
[2025-09-08T23:24:36.969Z] [WARN] @polkadot/types has multiple versions, ensure that there is only one installed.
Either remove and explicitly install matching versions or dedupe using your package manager.
The following conflicting packages were found:
	esm 12.4.2	node_modules/@polkadot/types/
	esm 16.4.6	node_modules/@acala-network/chopsticks-core/node_modules/@polkadot/types/
	esm 16.4.6	node_modules/@acala-network/chopsticks/node_modules/@polkadot/types/
[2025-09-08T23:24:36.969Z] [WARN] @polkadot/types-create has multiple versions, ensure that there is only one installed.
Either remove and explicitly install matching versions or dedupe using your package manager.
The following conflicting packages were found:
	esm 12.4.2	node_modules/@polkadot/types-create/
	esm 16.4.6	node_modules/@acala-network/chopsticks-core/node_modules/@polkadot/types-create/
	esm 16.4.6	node_modules/@acala-network/chopsticks/node_modules/@polkadot/types-create/
[2025-09-08T23:24:36.969Z] [WARN] @polkadot/types-codec has multiple versions, ensure that there is only one installed.
Either remove and explicitly install matching versions or dedupe using your package manager.
The following conflicting packages were found:
	esm 12.4.2	node_modules/@polkadot/types-codec/
	esm 16.4.6	node_modules/@acala-network/chopsticks-core/node_modules/@polkadot/types-codec/
	esm 16.4.6	node_modules/@acala-network/chopsticks/node_modules/@polkadot/types-codec/
[2025-09-08T23:24:36.971Z] [WARN] @polkadot/types-known has multiple versions, ensure that there is only one installed.
Either remove and explicitly install matching versions or dedupe using your package manager.
The following conflicting packages were found:
	esm 12.4.2	node_modules/@polkadot/types-known/
	esm 16.4.6	node_modules/@acala-network/chopsticks/node_modules/@polkadot/types-known/
[2025-09-08T23:24:36.973Z] [WARN] @polkadot/api has multiple versions, ensure that there is only one installed.
Either remove and explicitly install matching versions or dedupe using your package manager.
The following conflicting packages were found:
	esm 12.4.2	node_modules/@polkadot/api/
	esm 16.4.6	node_modules/@acala-network/chopsticks/node_modules/@polkadot/api/
	esm 16.4.6	node_modules/@acala-network/chopsticks-utils/node_modules/@polkadot/api/
[2025-09-08T23:24:36.973Z] [WARN] @polkadot/rpc-augment has multiple versions, ensure that there is only one installed.
Either remove and explicitly install matching versions or dedupe using your package manager.
The following conflicting packages were found:
	esm 12.4.2	node_modules/@polkadot/rpc-augment/
	esm 16.4.6	node_modules/@acala-network/chopsticks/node_modules/@polkadot/rpc-augment/
	esm 16.4.6	node_modules/@acala-network/chopsticks-utils/node_modules/@polkadot/rpc-augment/
[2025-09-08T23:24:36.973Z] [WARN] @polkadot/rpc-provider has multiple versions, ensure that there is only one installed.
Either remove and explicitly install matching versions or dedupe using your package manager.
The following conflicting packages were found:
	esm 12.4.2	node_modules/@polkadot/rpc-provider/
	esm 16.4.6	node_modules/@acala-network/chopsticks-core/node_modules/@polkadot/rpc-provider/
	esm 16.4.6	node_modules/@acala-network/chopsticks/node_modules/@polkadot/rpc-provider/
	esm 16.4.6	node_modules/@acala-network/chopsticks-utils/node_modules/@polkadot/rpc-provider/
[2025-09-08T23:24:36.973Z] [WARN] @polkadot/api-derive has multiple versions, ensure that there is only one installed.
Either remove and explicitly install matching versions or dedupe using your package manager.
The following conflicting packages were found:
	esm 12.4.2	node_modules/@polkadot/api-derive/
	esm 16.4.6	node_modules/@acala-network/chopsticks/node_modules/@polkadot/api-derive/
	esm 16.4.6	node_modules/@acala-network/chopsticks-utils/node_modules/@polkadot/api-derive/
[2025-09-08T23:24:36.973Z] [WARN] @polkadot/rpc-core has multiple versions, ensure that there is only one installed.
Either remove and explicitly install matching versions or dedupe using your package manager.
The following conflicting packages were found:
	esm 12.4.2	node_modules/@polkadot/rpc-core/
	esm 16.4.6	node_modules/@acala-network/chopsticks/node_modules/@polkadot/rpc-core/
	esm 16.4.6	node_modules/@acala-network/chopsticks-utils/node_modules/@polkadot/rpc-core/
[2025-09-08T23:24:36.973Z] [WARN] @polkadot/types has multiple versions, ensure that there is only one installed.
Either remove and explicitly install matching versions or dedupe using your package manager.
The following conflicting packages were found:
	esm 12.4.2	node_modules/@polkadot/types/
	esm 16.4.6	node_modules/@acala-network/chopsticks-core/node_modules/@polkadot/types/
	esm 16.4.6	node_modules/@acala-network/chopsticks/node_modules/@polkadot/types/
	esm 16.4.6	node_modules/@acala-network/chopsticks-utils/node_modules/@polkadot/types/
[2025-09-08T23:24:36.973Z] [WARN] @polkadot/types-create has multiple versions, ensure that there is only one installed.
Either remove and explicitly install matching versions or dedupe using your package manager.
The following conflicting packages were found:
	esm 12.4.2	node_modules/@polkadot/types-create/
	esm 16.4.6	node_modules/@acala-network/chopsticks-core/node_modules/@polkadot/types-create/
	esm 16.4.6	node_modules/@acala-network/chopsticks/node_modules/@polkadot/types-create/
	esm 16.4.6	node_modules/@acala-network/chopsticks-utils/node_modules/@polkadot/types-create/
[2025-09-08T23:24:36.973Z] [WARN] @polkadot/types-codec has multiple versions, ensure that there is only one installed.
Either remove and explicitly install matching versions or dedupe using your package manager.
The following conflicting packages were found:
	esm 12.4.2	node_modules/@polkadot/types-codec/
	esm 16.4.6	node_modules/@acala-network/chopsticks-core/node_modules/@polkadot/types-codec/
	esm 16.4.6	node_modules/@acala-network/chopsticks/node_modules/@polkadot/types-codec/
	esm 16.4.6	node_modules/@acala-network/chopsticks-utils/node_modules/@polkadot/types-codec/
[2025-09-08T23:24:36.975Z] [WARN] @polkadot/types-known has multiple versions, ensure that there is only one installed.
Either remove and explicitly install matching versions or dedupe using your package manager.
The following conflicting packages were found:
	esm 12.4.2	node_modules/@polkadot/types-known/
	esm 16.4.6	node_modules/@acala-network/chopsticks/node_modules/@polkadot/types-known/
	esm 16.4.6	node_modules/@acala-network/chopsticks-utils/node_modules/@polkadot/types-known/
[2025-09-08T23:24:36.983Z] [LOG] [dotenv@17.2.1] injecting env (0) from .env -- tip: ⚙️  load multiple .env files with { path: ['.env.local', '.env'] }
[2025-09-08T23:24:38.422Z] [LOG] Setting up AssetHub network with options: {
  "runtimeLogLevel": 5,
  "blockNumber": 9651100,
  "port": 8001,
  "endpoint": [
    "wss://polkadot-asset-hub-rpc.polkadot.io"
  ],
  "db": "assethub-db.sqlite",
  "processQueuedMessages": true
}
[2025-09-08T23:24:39.870Z] [LOG] assetHub.url "ws://[::]:8001"
[2025-09-08T23:24:40.813Z] [LOG] start assetHub newblockNumber
[2025-09-08T23:24:42.743Z] [LOG] end assetHub newblockNumber
[2025-09-08T23:24:42.756Z] [LOG] blockNumber 9651101
[2025-09-08T23:24:42.756Z] [LOG] before assetHub newblockNumber
[2025-09-08T23:24:43.073Z] [LOG] Transaction status: Ready
[2025-09-08T23:24:43.073Z] [LOG] ✅ Transaction is ready in pool
[2025-09-08T23:24:43.074Z] [LOG] Transaction status: Broadcast
[2025-09-08T23:24:44.234Z] [LOG] Transaction status: InBlock
[2025-09-08T23:24:44.234Z] [LOG] ✅ Transaction is in block
[2025-09-08T23:24:44.235Z] [LOG] ❌ Dispatch error: polkadotXcm.LocalExecutionIncomplete
[2025-09-08T23:24:44.235Z] [LOG] error {}
[2025-09-08T23:24:44.236Z] [LOG] start assetHub newblockNumber
[2025-09-08T23:25:21.389Z] [LOG] Test setup initialized - logging to test-output.log
[2025-09-08T23:25:21.568Z] [WARN] @polkadot/types-codec has multiple versions, ensure that there is only one installed.
Either remove and explicitly install matching versions or dedupe using your package manager.
The following conflicting packages were found:
	esm 12.4.2	node_modules/@polkadot/types-codec/
	esm 16.4.6	node_modules/@acala-network/chopsticks-core/node_modules/@polkadot/types-codec/
[2025-09-08T23:25:21.569Z] [WARN] @polkadot/types has multiple versions, ensure that there is only one installed.
Either remove and explicitly install matching versions or dedupe using your package manager.
The following conflicting packages were found:
	esm 12.4.2	node_modules/@polkadot/types/
	esm 16.4.6	node_modules/@acala-network/chopsticks-core/node_modules/@polkadot/types/
[2025-09-08T23:25:21.569Z] [WARN] @polkadot/types-create has multiple versions, ensure that there is only one installed.
Either remove and explicitly install matching versions or dedupe using your package manager.
The following conflicting packages were found:
	esm 12.4.2	node_modules/@polkadot/types-create/
	esm 16.4.6	node_modules/@acala-network/chopsticks-core/node_modules/@polkadot/types-create/
[2025-09-08T23:25:21.572Z] [WARN] @polkadot/rpc-provider has multiple versions, ensure that there is only one installed.
Either remove and explicitly install matching versions or dedupe using your package manager.
The following conflicting packages were found:
	esm 12.4.2	node_modules/@polkadot/rpc-provider/
	esm 16.4.6	node_modules/@acala-network/chopsticks-core/node_modules/@polkadot/rpc-provider/
[2025-09-08T23:25:22.039Z] [WARN] @polkadot/rpc-augment has multiple versions, ensure that there is only one installed.
Either remove and explicitly install matching versions or dedupe using your package manager.
The following conflicting packages were found:
	esm 12.4.2	node_modules/@polkadot/rpc-augment/
	esm 16.4.6	node_modules/@acala-network/chopsticks/node_modules/@polkadot/rpc-augment/
[2025-09-08T23:25:22.118Z] [WARN] @polkadot/api has multiple versions, ensure that there is only one installed.
Either remove and explicitly install matching versions or dedupe using your package manager.
The following conflicting packages were found:
	esm 12.4.2	node_modules/@polkadot/api/
	esm 16.4.6	node_modules/@acala-network/chopsticks/node_modules/@polkadot/api/
[2025-09-08T23:25:22.118Z] [WARN] @polkadot/rpc-provider has multiple versions, ensure that there is only one installed.
Either remove and explicitly install matching versions or dedupe using your package manager.
The following conflicting packages were found:
	esm 12.4.2	node_modules/@polkadot/rpc-provider/
	esm 16.4.6	node_modules/@acala-network/chopsticks-core/node_modules/@polkadot/rpc-provider/
	esm 16.4.6	node_modules/@acala-network/chopsticks/node_modules/@polkadot/rpc-provider/
[2025-09-08T23:25:22.118Z] [WARN] @polkadot/api-derive has multiple versions, ensure that there is only one installed.
Either remove and explicitly install matching versions or dedupe using your package manager.
The following conflicting packages were found:
	esm 12.4.2	node_modules/@polkadot/api-derive/
	esm 16.4.6	node_modules/@acala-network/chopsticks/node_modules/@polkadot/api-derive/
[2025-09-08T23:25:22.118Z] [WARN] @polkadot/rpc-core has multiple versions, ensure that there is only one installed.
Either remove and explicitly install matching versions or dedupe using your package manager.
The following conflicting packages were found:
	esm 12.4.2	node_modules/@polkadot/rpc-core/
	esm 16.4.6	node_modules/@acala-network/chopsticks/node_modules/@polkadot/rpc-core/
[2025-09-08T23:25:22.118Z] [WARN] @polkadot/types has multiple versions, ensure that there is only one installed.
Either remove and explicitly install matching versions or dedupe using your package manager.
The following conflicting packages were found:
	esm 12.4.2	node_modules/@polkadot/types/
	esm 16.4.6	node_modules/@acala-network/chopsticks-core/node_modules/@polkadot/types/
	esm 16.4.6	node_modules/@acala-network/chopsticks/node_modules/@polkadot/types/
[2025-09-08T23:25:22.119Z] [WARN] @polkadot/types-create has multiple versions, ensure that there is only one installed.
Either remove and explicitly install matching versions or dedupe using your package manager.
The following conflicting packages were found:
	esm 12.4.2	node_modules/@polkadot/types-create/
	esm 16.4.6	node_modules/@acala-network/chopsticks-core/node_modules/@polkadot/types-create/
	esm 16.4.6	node_modules/@acala-network/chopsticks/node_modules/@polkadot/types-create/
[2025-09-08T23:25:22.119Z] [WARN] @polkadot/types-codec has multiple versions, ensure that there is only one installed.
Either remove and explicitly install matching versions or dedupe using your package manager.
The following conflicting packages were found:
	esm 12.4.2	node_modules/@polkadot/types-codec/
	esm 16.4.6	node_modules/@acala-network/chopsticks-core/node_modules/@polkadot/types-codec/
	esm 16.4.6	node_modules/@acala-network/chopsticks/node_modules/@polkadot/types-codec/
[2025-09-08T23:25:22.121Z] [WARN] @polkadot/types-known has multiple versions, ensure that there is only one installed.
Either remove and explicitly install matching versions or dedupe using your package manager.
The following conflicting packages were found:
	esm 12.4.2	node_modules/@polkadot/types-known/
	esm 16.4.6	node_modules/@acala-network/chopsticks/node_modules/@polkadot/types-known/
[2025-09-08T23:25:22.122Z] [WARN] @polkadot/api has multiple versions, ensure that there is only one installed.
Either remove and explicitly install matching versions or dedupe using your package manager.
The following conflicting packages were found:
	esm 12.4.2	node_modules/@polkadot/api/
	esm 16.4.6	node_modules/@acala-network/chopsticks/node_modules/@polkadot/api/
	esm 16.4.6	node_modules/@acala-network/chopsticks-utils/node_modules/@polkadot/api/
[2025-09-08T23:25:22.122Z] [WARN] @polkadot/rpc-augment has multiple versions, ensure that there is only one installed.
Either remove and explicitly install matching versions or dedupe using your package manager.
The following conflicting packages were found:
	esm 12.4.2	node_modules/@polkadot/rpc-augment/
	esm 16.4.6	node_modules/@acala-network/chopsticks/node_modules/@polkadot/rpc-augment/
	esm 16.4.6	node_modules/@acala-network/chopsticks-utils/node_modules/@polkadot/rpc-augment/
[2025-09-08T23:25:22.122Z] [WARN] @polkadot/rpc-provider has multiple versions, ensure that there is only one installed.
Either remove and explicitly install matching versions or dedupe using your package manager.
The following conflicting packages were found:
	esm 12.4.2	node_modules/@polkadot/rpc-provider/
	esm 16.4.6	node_modules/@acala-network/chopsticks-core/node_modules/@polkadot/rpc-provider/
	esm 16.4.6	node_modules/@acala-network/chopsticks/node_modules/@polkadot/rpc-provider/
	esm 16.4.6	node_modules/@acala-network/chopsticks-utils/node_modules/@polkadot/rpc-provider/
[2025-09-08T23:25:22.123Z] [WARN] @polkadot/api-derive has multiple versions, ensure that there is only one installed.
Either remove and explicitly install matching versions or dedupe using your package manager.
The following conflicting packages were found:
	esm 12.4.2	node_modules/@polkadot/api-derive/
	esm 16.4.6	node_modules/@acala-network/chopsticks/node_modules/@polkadot/api-derive/
	esm 16.4.6	node_modules/@acala-network/chopsticks-utils/node_modules/@polkadot/api-derive/
[2025-09-08T23:25:22.123Z] [WARN] @polkadot/rpc-core has multiple versions, ensure that there is only one installed.
Either remove and explicitly install matching versions or dedupe using your package manager.
The following conflicting packages were found:
	esm 12.4.2	node_modules/@polkadot/rpc-core/
	esm 16.4.6	node_modules/@acala-network/chopsticks/node_modules/@polkadot/rpc-core/
	esm 16.4.6	node_modules/@acala-network/chopsticks-utils/node_modules/@polkadot/rpc-core/
[2025-09-08T23:25:22.123Z] [WARN] @polkadot/types has multiple versions, ensure that there is only one installed.
Either remove and explicitly install matching versions or dedupe using your package manager.
The following conflicting packages were found:
	esm 12.4.2	node_modules/@polkadot/types/
	esm 16.4.6	node_modules/@acala-network/chopsticks-core/node_modules/@polkadot/types/
	esm 16.4.6	node_modules/@acala-network/chopsticks/node_modules/@polkadot/types/
	esm 16.4.6	node_modules/@acala-network/chopsticks-utils/node_modules/@polkadot/types/
[2025-09-08T23:25:22.123Z] [WARN] @polkadot/types-create has multiple versions, ensure that there is only one installed.
Either remove and explicitly install matching versions or dedupe using your package manager.
The following conflicting packages were found:
	esm 12.4.2	node_modules/@polkadot/types-create/
	esm 16.4.6	node_modules/@acala-network/chopsticks-core/node_modules/@polkadot/types-create/
	esm 16.4.6	node_modules/@acala-network/chopsticks/node_modules/@polkadot/types-create/
	esm 16.4.6	node_modules/@acala-network/chopsticks-utils/node_modules/@polkadot/types-create/
[2025-09-08T23:25:22.123Z] [WARN] @polkadot/types-codec has multiple versions, ensure that there is only one installed.
Either remove and explicitly install matching versions or dedupe using your package manager.
The following conflicting packages were found:
	esm 12.4.2	node_modules/@polkadot/types-codec/
	esm 16.4.6	node_modules/@acala-network/chopsticks-core/node_modules/@polkadot/types-codec/
	esm 16.4.6	node_modules/@acala-network/chopsticks/node_modules/@polkadot/types-codec/
	esm 16.4.6	node_modules/@acala-network/chopsticks-utils/node_modules/@polkadot/types-codec/
[2025-09-08T23:25:22.125Z] [WARN] @polkadot/types-known has multiple versions, ensure that there is only one installed.
Either remove and explicitly install matching versions or dedupe using your package manager.
The following conflicting packages were found:
	esm 12.4.2	node_modules/@polkadot/types-known/
	esm 16.4.6	node_modules/@acala-network/chopsticks/node_modules/@polkadot/types-known/
	esm 16.4.6	node_modules/@acala-network/chopsticks-utils/node_modules/@polkadot/types-known/
[2025-09-08T23:25:22.131Z] [LOG] [dotenv@17.2.1] injecting env (0) from .env -- tip: ⚙️  override existing env vars with { override: true }
[2025-09-08T23:25:23.460Z] [LOG] Setting up AssetHub network with options: {
  "runtimeLogLevel": 5,
  "blockNumber": 9651100,
  "port": 8001,
  "endpoint": [
    "wss://polkadot-asset-hub-rpc.polkadot.io"
  ],
  "db": "assethub-db.sqlite",
  "processQueuedMessages": true
}
[2025-09-08T23:25:25.449Z] [LOG] assetHub.url "ws://[::]:8001"
[2025-09-08T23:25:26.420Z] [LOG] start assetHub newblockNumber
[2025-09-08T23:25:28.434Z] [LOG] end assetHub newblockNumber
[2025-09-08T23:25:28.446Z] [LOG] blockNumber 9651101
[2025-09-08T23:25:28.446Z] [LOG] before assetHub newblockNumber
[2025-09-08T23:25:28.782Z] [LOG] Transaction status: Ready
[2025-09-08T23:25:28.783Z] [LOG] ✅ Transaction is ready in pool
[2025-09-08T23:25:28.783Z] [LOG] Transaction status: Broadcast
[2025-09-08T23:25:29.685Z] [LOG] Transaction status: InBlock
[2025-09-08T23:25:29.685Z] [LOG] ✅ Transaction is in block
[2025-09-08T23:25:29.685Z] [LOG] ❌ Dispatch error: polkadotXcm.LocalExecutionIncomplete
[2025-09-08T23:25:29.686Z] [LOG] error {}
[2025-09-08T23:25:29.686Z] [LOG] start assetHub newblockNumber
[2025-09-08T23:25:46.955Z] [LOG] Test setup initialized - logging to test-output.log
[2025-09-08T23:25:47.134Z] [WARN] @polkadot/types-codec has multiple versions, ensure that there is only one installed.
Either remove and explicitly install matching versions or dedupe using your package manager.
The following conflicting packages were found:
	esm 12.4.2	node_modules/@polkadot/types-codec/
	esm 16.4.6	node_modules/@acala-network/chopsticks-core/node_modules/@polkadot/types-codec/
[2025-09-08T23:25:47.135Z] [WARN] @polkadot/types has multiple versions, ensure that there is only one installed.
Either remove and explicitly install matching versions or dedupe using your package manager.
The following conflicting packages were found:
	esm 12.4.2	node_modules/@polkadot/types/
	esm 16.4.6	node_modules/@acala-network/chopsticks-core/node_modules/@polkadot/types/
[2025-09-08T23:25:47.135Z] [WARN] @polkadot/types-create has multiple versions, ensure that there is only one installed.
Either remove and explicitly install matching versions or dedupe using your package manager.
The following conflicting packages were found:
	esm 12.4.2	node_modules/@polkadot/types-create/
	esm 16.4.6	node_modules/@acala-network/chopsticks-core/node_modules/@polkadot/types-create/
[2025-09-08T23:25:47.138Z] [WARN] @polkadot/rpc-provider has multiple versions, ensure that there is only one installed.
Either remove and explicitly install matching versions or dedupe using your package manager.
The following conflicting packages were found:
	esm 12.4.2	node_modules/@polkadot/rpc-provider/
	esm 16.4.6	node_modules/@acala-network/chopsticks-core/node_modules/@polkadot/rpc-provider/
[2025-09-08T23:25:47.596Z] [WARN] @polkadot/rpc-augment has multiple versions, ensure that there is only one installed.
Either remove and explicitly install matching versions or dedupe using your package manager.
The following conflicting packages were found:
	esm 12.4.2	node_modules/@polkadot/rpc-augment/
	esm 16.4.6	node_modules/@acala-network/chopsticks/node_modules/@polkadot/rpc-augment/
[2025-09-08T23:25:47.676Z] [WARN] @polkadot/api has multiple versions, ensure that there is only one installed.
Either remove and explicitly install matching versions or dedupe using your package manager.
The following conflicting packages were found:
	esm 12.4.2	node_modules/@polkadot/api/
	esm 16.4.6	node_modules/@acala-network/chopsticks/node_modules/@polkadot/api/
[2025-09-08T23:25:47.676Z] [WARN] @polkadot/rpc-provider has multiple versions, ensure that there is only one installed.
Either remove and explicitly install matching versions or dedupe using your package manager.
The following conflicting packages were found:
	esm 12.4.2	node_modules/@polkadot/rpc-provider/
	esm 16.4.6	node_modules/@acala-network/chopsticks-core/node_modules/@polkadot/rpc-provider/
	esm 16.4.6	node_modules/@acala-network/chopsticks/node_modules/@polkadot/rpc-provider/
[2025-09-08T23:25:47.676Z] [WARN] @polkadot/api-derive has multiple versions, ensure that there is only one installed.
Either remove and explicitly install matching versions or dedupe using your package manager.
The following conflicting packages were found:
	esm 12.4.2	node_modules/@polkadot/api-derive/
	esm 16.4.6	node_modules/@acala-network/chopsticks/node_modules/@polkadot/api-derive/
[2025-09-08T23:25:47.677Z] [WARN] @polkadot/rpc-core has multiple versions, ensure that there is only one installed.
Either remove and explicitly install matching versions or dedupe using your package manager.
The following conflicting packages were found:
	esm 12.4.2	node_modules/@polkadot/rpc-core/
	esm 16.4.6	node_modules/@acala-network/chopsticks/node_modules/@polkadot/rpc-core/
[2025-09-08T23:25:47.677Z] [WARN] @polkadot/types has multiple versions, ensure that there is only one installed.
Either remove and explicitly install matching versions or dedupe using your package manager.
The following conflicting packages were found:
	esm 12.4.2	node_modules/@polkadot/types/
	esm 16.4.6	node_modules/@acala-network/chopsticks-core/node_modules/@polkadot/types/
	esm 16.4.6	node_modules/@acala-network/chopsticks/node_modules/@polkadot/types/
[2025-09-08T23:25:47.677Z] [WARN] @polkadot/types-create has multiple versions, ensure that there is only one installed.
Either remove and explicitly install matching versions or dedupe using your package manager.
The following conflicting packages were found:
	esm 12.4.2	node_modules/@polkadot/types-create/
	esm 16.4.6	node_modules/@acala-network/chopsticks-core/node_modules/@polkadot/types-create/
	esm 16.4.6	node_modules/@acala-network/chopsticks/node_modules/@polkadot/types-create/
[2025-09-08T23:25:47.677Z] [WARN] @polkadot/types-codec has multiple versions, ensure that there is only one installed.
Either remove and explicitly install matching versions or dedupe using your package manager.
The following conflicting packages were found:
	esm 12.4.2	node_modules/@polkadot/types-codec/
	esm 16.4.6	node_modules/@acala-network/chopsticks-core/node_modules/@polkadot/types-codec/
	esm 16.4.6	node_modules/@acala-network/chopsticks/node_modules/@polkadot/types-codec/
[2025-09-08T23:25:47.679Z] [WARN] @polkadot/types-known has multiple versions, ensure that there is only one installed.
Either remove and explicitly install matching versions or dedupe using your package manager.
The following conflicting packages were found:
	esm 12.4.2	node_modules/@polkadot/types-known/
	esm 16.4.6	node_modules/@acala-network/chopsticks/node_modules/@polkadot/types-known/
[2025-09-08T23:25:47.683Z] [WARN] @polkadot/api has multiple versions, ensure that there is only one installed.
Either remove and explicitly install matching versions or dedupe using your package manager.
The following conflicting packages were found:
	esm 12.4.2	node_modules/@polkadot/api/
	esm 16.4.6	node_modules/@acala-network/chopsticks/node_modules/@polkadot/api/
	esm 16.4.6	node_modules/@acala-network/chopsticks-utils/node_modules/@polkadot/api/
[2025-09-08T23:25:47.683Z] [WARN] @polkadot/rpc-augment has multiple versions, ensure that there is only one installed.
Either remove and explicitly install matching versions or dedupe using your package manager.
The following conflicting packages were found:
	esm 12.4.2	node_modules/@polkadot/rpc-augment/
	esm 16.4.6	node_modules/@acala-network/chopsticks/node_modules/@polkadot/rpc-augment/
	esm 16.4.6	node_modules/@acala-network/chopsticks-utils/node_modules/@polkadot/rpc-augment/
[2025-09-08T23:25:47.683Z] [WARN] @polkadot/rpc-provider has multiple versions, ensure that there is only one installed.
Either remove and explicitly install matching versions or dedupe using your package manager.
The following conflicting packages were found:
	esm 12.4.2	node_modules/@polkadot/rpc-provider/
	esm 16.4.6	node_modules/@acala-network/chopsticks-core/node_modules/@polkadot/rpc-provider/
	esm 16.4.6	node_modules/@acala-network/chopsticks/node_modules/@polkadot/rpc-provider/
	esm 16.4.6	node_modules/@acala-network/chopsticks-utils/node_modules/@polkadot/rpc-provider/
[2025-09-08T23:25:47.683Z] [WARN] @polkadot/api-derive has multiple versions, ensure that there is only one installed.
Either remove and explicitly install matching versions or dedupe using your package manager.
The following conflicting packages were found:
	esm 12.4.2	node_modules/@polkadot/api-derive/
	esm 16.4.6	node_modules/@acala-network/chopsticks/node_modules/@polkadot/api-derive/
	esm 16.4.6	node_modules/@acala-network/chopsticks-utils/node_modules/@polkadot/api-derive/
[2025-09-08T23:25:47.683Z] [WARN] @polkadot/rpc-core has multiple versions, ensure that there is only one installed.
Either remove and explicitly install matching versions or dedupe using your package manager.
The following conflicting packages were found:
	esm 12.4.2	node_modules/@polkadot/rpc-core/
	esm 16.4.6	node_modules/@acala-network/chopsticks/node_modules/@polkadot/rpc-core/
	esm 16.4.6	node_modules/@acala-network/chopsticks-utils/node_modules/@polkadot/rpc-core/
[2025-09-08T23:25:47.683Z] [WARN] @polkadot/types has multiple versions, ensure that there is only one installed.
Either remove and explicitly install matching versions or dedupe using your package manager.
The following conflicting packages were found:
	esm 12.4.2	node_modules/@polkadot/types/
	esm 16.4.6	node_modules/@acala-network/chopsticks-core/node_modules/@polkadot/types/
	esm 16.4.6	node_modules/@acala-network/chopsticks/node_modules/@polkadot/types/
	esm 16.4.6	node_modules/@acala-network/chopsticks-utils/node_modules/@polkadot/types/
[2025-09-08T23:25:47.684Z] [WARN] @polkadot/types-create has multiple versions, ensure that there is only one installed.
Either remove and explicitly install matching versions or dedupe using your package manager.
The following conflicting packages were found:
	esm 12.4.2	node_modules/@polkadot/types-create/
	esm 16.4.6	node_modules/@acala-network/chopsticks-core/node_modules/@polkadot/types-create/
	esm 16.4.6	node_modules/@acala-network/chopsticks/node_modules/@polkadot/types-create/
	esm 16.4.6	node_modules/@acala-network/chopsticks-utils/node_modules/@polkadot/types-create/
[2025-09-08T23:25:47.684Z] [WARN] @polkadot/types-codec has multiple versions, ensure that there is only one installed.
Either remove and explicitly install matching versions or dedupe using your package manager.
The following conflicting packages were found:
	esm 12.4.2	node_modules/@polkadot/types-codec/
	esm 16.4.6	node_modules/@acala-network/chopsticks-core/node_modules/@polkadot/types-codec/
	esm 16.4.6	node_modules/@acala-network/chopsticks/node_modules/@polkadot/types-codec/
	esm 16.4.6	node_modules/@acala-network/chopsticks-utils/node_modules/@polkadot/types-codec/
[2025-09-08T23:25:47.685Z] [WARN] @polkadot/types-known has multiple versions, ensure that there is only one installed.
Either remove and explicitly install matching versions or dedupe using your package manager.
The following conflicting packages were found:
	esm 12.4.2	node_modules/@polkadot/types-known/
	esm 16.4.6	node_modules/@acala-network/chopsticks/node_modules/@polkadot/types-known/
	esm 16.4.6	node_modules/@acala-network/chopsticks-utils/node_modules/@polkadot/types-known/
[2025-09-08T23:25:47.693Z] [LOG] [dotenv@17.2.1] injecting env (0) from .env -- tip: ⚙️  override existing env vars with { override: true }
[2025-09-08T23:25:49.044Z] [LOG] Setting up AssetHub network with options: {
  "runtimeLogLevel": 5,
  "blockNumber": 9651100,
  "port": 8001,
  "endpoint": [
    "wss://polkadot-asset-hub-rpc.polkadot.io"
  ],
  "db": "assethub-db.sqlite",
  "processQueuedMessages": true
}
[2025-09-08T23:25:50.511Z] [LOG] assetHub.url "ws://[::]:8001"
[2025-09-08T23:25:51.428Z] [LOG] start assetHub newblockNumber
[2025-09-08T23:25:53.318Z] [LOG] end assetHub newblockNumber
[2025-09-08T23:25:53.329Z] [LOG] blockNumber 9651101
[2025-09-08T23:25:53.330Z] [LOG] before assetHub newblockNumber
[2025-09-08T23:25:53.644Z] [LOG] Transaction status: Ready
[2025-09-08T23:25:53.645Z] [LOG] ✅ Transaction is ready in pool
[2025-09-08T23:25:53.645Z] [LOG] Transaction status: Broadcast
[2025-09-08T23:25:54.500Z] [LOG] Transaction status: InBlock
[2025-09-08T23:25:54.500Z] [LOG] ✅ Transaction is in block
[2025-09-08T23:25:54.500Z] [LOG] ❌ Dispatch error: polkadotXcm.LocalExecutionIncomplete
[2025-09-08T23:25:54.500Z] [LOG] error {}
[2025-09-08T23:25:54.501Z] [LOG] start assetHub newblockNumber
[2025-09-09T15:22:54.518Z] [LOG] Test setup initialized - logging to test-output.log
[2025-09-09T15:22:54.780Z] [WARN] @polkadot/types-codec has multiple versions, ensure that there is only one installed.
Either remove and explicitly install matching versions or dedupe using your package manager.
The following conflicting packages were found:
	esm 12.4.2	node_modules/@polkadot/types-codec/
	esm 16.4.6	node_modules/@acala-network/chopsticks-core/node_modules/@polkadot/types-codec/
[2025-09-09T15:22:54.780Z] [WARN] @polkadot/types has multiple versions, ensure that there is only one installed.
Either remove and explicitly install matching versions or dedupe using your package manager.
The following conflicting packages were found:
	esm 12.4.2	node_modules/@polkadot/types/
	esm 16.4.6	node_modules/@acala-network/chopsticks-core/node_modules/@polkadot/types/
[2025-09-09T15:22:54.781Z] [WARN] @polkadot/types-create has multiple versions, ensure that there is only one installed.
Either remove and explicitly install matching versions or dedupe using your package manager.
The following conflicting packages were found:
	esm 12.4.2	node_modules/@polkadot/types-create/
	esm 16.4.6	node_modules/@acala-network/chopsticks-core/node_modules/@polkadot/types-create/
[2025-09-09T15:22:54.784Z] [WARN] @polkadot/rpc-provider has multiple versions, ensure that there is only one installed.
Either remove and explicitly install matching versions or dedupe using your package manager.
The following conflicting packages were found:
	esm 12.4.2	node_modules/@polkadot/rpc-provider/
	esm 16.4.6	node_modules/@acala-network/chopsticks-core/node_modules/@polkadot/rpc-provider/
[2025-09-09T15:22:55.466Z] [WARN] @polkadot/rpc-augment has multiple versions, ensure that there is only one installed.
Either remove and explicitly install matching versions or dedupe using your package manager.
The following conflicting packages were found:
	esm 12.4.2	node_modules/@polkadot/rpc-augment/
	esm 16.4.6	node_modules/@acala-network/chopsticks/node_modules/@polkadot/rpc-augment/
[2025-09-09T15:22:55.659Z] [WARN] @polkadot/api has multiple versions, ensure that there is only one installed.
Either remove and explicitly install matching versions or dedupe using your package manager.
The following conflicting packages were found:
	esm 12.4.2	node_modules/@polkadot/api/
	esm 16.4.6	node_modules/@acala-network/chopsticks/node_modules/@polkadot/api/
[2025-09-09T15:22:55.659Z] [WARN] @polkadot/rpc-provider has multiple versions, ensure that there is only one installed.
Either remove and explicitly install matching versions or dedupe using your package manager.
The following conflicting packages were found:
	esm 12.4.2	node_modules/@polkadot/rpc-provider/
	esm 16.4.6	node_modules/@acala-network/chopsticks-core/node_modules/@polkadot/rpc-provider/
	esm 16.4.6	node_modules/@acala-network/chopsticks/node_modules/@polkadot/rpc-provider/
[2025-09-09T15:22:55.660Z] [WARN] @polkadot/api-derive has multiple versions, ensure that there is only one installed.
Either remove and explicitly install matching versions or dedupe using your package manager.
The following conflicting packages were found:
	esm 12.4.2	node_modules/@polkadot/api-derive/
	esm 16.4.6	node_modules/@acala-network/chopsticks/node_modules/@polkadot/api-derive/
[2025-09-09T15:22:55.660Z] [WARN] @polkadot/rpc-core has multiple versions, ensure that there is only one installed.
Either remove and explicitly install matching versions or dedupe using your package manager.
The following conflicting packages were found:
	esm 12.4.2	node_modules/@polkadot/rpc-core/
	esm 16.4.6	node_modules/@acala-network/chopsticks/node_modules/@polkadot/rpc-core/
[2025-09-09T15:22:55.660Z] [WARN] @polkadot/types has multiple versions, ensure that there is only one installed.
Either remove and explicitly install matching versions or dedupe using your package manager.
The following conflicting packages were found:
	esm 12.4.2	node_modules/@polkadot/types/
	esm 16.4.6	node_modules/@acala-network/chopsticks-core/node_modules/@polkadot/types/
	esm 16.4.6	node_modules/@acala-network/chopsticks/node_modules/@polkadot/types/
[2025-09-09T15:22:55.661Z] [WARN] @polkadot/types-create has multiple versions, ensure that there is only one installed.
Either remove and explicitly install matching versions or dedupe using your package manager.
The following conflicting packages were found:
	esm 12.4.2	node_modules/@polkadot/types-create/
	esm 16.4.6	node_modules/@acala-network/chopsticks-core/node_modules/@polkadot/types-create/
	esm 16.4.6	node_modules/@acala-network/chopsticks/node_modules/@polkadot/types-create/
[2025-09-09T15:22:55.661Z] [WARN] @polkadot/types-codec has multiple versions, ensure that there is only one installed.
Either remove and explicitly install matching versions or dedupe using your package manager.
The following conflicting packages were found:
	esm 12.4.2	node_modules/@polkadot/types-codec/
	esm 16.4.6	node_modules/@acala-network/chopsticks-core/node_modules/@polkadot/types-codec/
	esm 16.4.6	node_modules/@acala-network/chopsticks/node_modules/@polkadot/types-codec/
[2025-09-09T15:22:55.663Z] [WARN] @polkadot/types-known has multiple versions, ensure that there is only one installed.
Either remove and explicitly install matching versions or dedupe using your package manager.
The following conflicting packages were found:
	esm 12.4.2	node_modules/@polkadot/types-known/
	esm 16.4.6	node_modules/@acala-network/chopsticks/node_modules/@polkadot/types-known/
[2025-09-09T15:22:55.665Z] [WARN] @polkadot/api has multiple versions, ensure that there is only one installed.
Either remove and explicitly install matching versions or dedupe using your package manager.
The following conflicting packages were found:
	esm 12.4.2	node_modules/@polkadot/api/
	esm 16.4.6	node_modules/@acala-network/chopsticks/node_modules/@polkadot/api/
	esm 16.4.6	node_modules/@acala-network/chopsticks-utils/node_modules/@polkadot/api/
[2025-09-09T15:22:55.665Z] [WARN] @polkadot/rpc-augment has multiple versions, ensure that there is only one installed.
Either remove and explicitly install matching versions or dedupe using your package manager.
The following conflicting packages were found:
	esm 12.4.2	node_modules/@polkadot/rpc-augment/
	esm 16.4.6	node_modules/@acala-network/chopsticks/node_modules/@polkadot/rpc-augment/
	esm 16.4.6	node_modules/@acala-network/chopsticks-utils/node_modules/@polkadot/rpc-augment/
[2025-09-09T15:22:55.665Z] [WARN] @polkadot/rpc-provider has multiple versions, ensure that there is only one installed.
Either remove and explicitly install matching versions or dedupe using your package manager.
The following conflicting packages were found:
	esm 12.4.2	node_modules/@polkadot/rpc-provider/
	esm 16.4.6	node_modules/@acala-network/chopsticks-core/node_modules/@polkadot/rpc-provider/
	esm 16.4.6	node_modules/@acala-network/chopsticks/node_modules/@polkadot/rpc-provider/
	esm 16.4.6	node_modules/@acala-network/chopsticks-utils/node_modules/@polkadot/rpc-provider/
[2025-09-09T15:22:55.665Z] [WARN] @polkadot/api-derive has multiple versions, ensure that there is only one installed.
Either remove and explicitly install matching versions or dedupe using your package manager.
The following conflicting packages were found:
	esm 12.4.2	node_modules/@polkadot/api-derive/
	esm 16.4.6	node_modules/@acala-network/chopsticks/node_modules/@polkadot/api-derive/
	esm 16.4.6	node_modules/@acala-network/chopsticks-utils/node_modules/@polkadot/api-derive/
[2025-09-09T15:22:55.666Z] [WARN] @polkadot/rpc-core has multiple versions, ensure that there is only one installed.
Either remove and explicitly install matching versions or dedupe using your package manager.
The following conflicting packages were found:
	esm 12.4.2	node_modules/@polkadot/rpc-core/
	esm 16.4.6	node_modules/@acala-network/chopsticks/node_modules/@polkadot/rpc-core/
	esm 16.4.6	node_modules/@acala-network/chopsticks-utils/node_modules/@polkadot/rpc-core/
[2025-09-09T15:22:55.666Z] [WARN] @polkadot/types has multiple versions, ensure that there is only one installed.
Either remove and explicitly install matching versions or dedupe using your package manager.
The following conflicting packages were found:
	esm 12.4.2	node_modules/@polkadot/types/
	esm 16.4.6	node_modules/@acala-network/chopsticks-core/node_modules/@polkadot/types/
	esm 16.4.6	node_modules/@acala-network/chopsticks/node_modules/@polkadot/types/
	esm 16.4.6	node_modules/@acala-network/chopsticks-utils/node_modules/@polkadot/types/
[2025-09-09T15:22:55.666Z] [WARN] @polkadot/types-create has multiple versions, ensure that there is only one installed.
Either remove and explicitly install matching versions or dedupe using your package manager.
The following conflicting packages were found:
	esm 12.4.2	node_modules/@polkadot/types-create/
	esm 16.4.6	node_modules/@acala-network/chopsticks-core/node_modules/@polkadot/types-create/
	esm 16.4.6	node_modules/@acala-network/chopsticks/node_modules/@polkadot/types-create/
	esm 16.4.6	node_modules/@acala-network/chopsticks-utils/node_modules/@polkadot/types-create/
[2025-09-09T15:22:55.666Z] [WARN] @polkadot/types-codec has multiple versions, ensure that there is only one installed.
Either remove and explicitly install matching versions or dedupe using your package manager.
The following conflicting packages were found:
	esm 12.4.2	node_modules/@polkadot/types-codec/
	esm 16.4.6	node_modules/@acala-network/chopsticks-core/node_modules/@polkadot/types-codec/
	esm 16.4.6	node_modules/@acala-network/chopsticks/node_modules/@polkadot/types-codec/
	esm 16.4.6	node_modules/@acala-network/chopsticks-utils/node_modules/@polkadot/types-codec/
[2025-09-09T15:22:55.668Z] [WARN] @polkadot/types-known has multiple versions, ensure that there is only one installed.
Either remove and explicitly install matching versions or dedupe using your package manager.
The following conflicting packages were found:
	esm 12.4.2	node_modules/@polkadot/types-known/
	esm 16.4.6	node_modules/@acala-network/chopsticks/node_modules/@polkadot/types-known/
	esm 16.4.6	node_modules/@acala-network/chopsticks-utils/node_modules/@polkadot/types-known/
[2025-09-09T15:22:55.678Z] [LOG] [dotenv@17.2.1] injecting env (0) from .env -- tip: ⚙️  suppress all logs with { quiet: true }
[2025-09-09T15:22:57.711Z] [LOG] Setting up AssetHub network with options: {
  "runtimeLogLevel": 5,
  "blockNumber": 9651100,
  "port": 8001,
  "endpoint": [
    "wss://polkadot-asset-hub-rpc.polkadot.io"
  ],
  "db": "assethub-db.sqlite",
  "processQueuedMessages": true
}
[2025-09-09T15:22:59.792Z] [LOG] assetHub.url "ws://[::]:8001"
[2025-09-09T15:23:01.043Z] [LOG] start assetHub newblockNumber
[2025-09-09T15:23:03.670Z] [LOG] end assetHub newblockNumber
[2025-09-09T15:23:03.685Z] [LOG] blockNumber 9651101
[2025-09-09T15:23:03.685Z] [LOG] before assetHub newblockNumber
[2025-09-09T15:23:04.147Z] [LOG] Transaction status: Ready
[2025-09-09T15:23:04.148Z] [LOG] ✅ Transaction is ready in pool
[2025-09-09T15:23:04.148Z] [LOG] Transaction status: Broadcast
[2025-09-09T15:23:05.227Z] [LOG] Transaction status: InBlock
[2025-09-09T15:23:05.227Z] [LOG] ✅ Transaction is in block
[2025-09-09T15:23:05.228Z] [LOG] ❌ Dispatch error: polkadotXcm.LocalExecutionIncomplete
[2025-09-09T15:23:05.228Z] [LOG] error {}
[2025-09-09T15:23:05.229Z] [LOG] start assetHub newblockNumber
[2025-09-09T16:07:58.784Z] [LOG] Test setup initialized - logging to test-output.log
[2025-09-09T16:07:59.024Z] [WARN] @polkadot/types-codec has multiple versions, ensure that there is only one installed.
Either remove and explicitly install matching versions or dedupe using your package manager.
The following conflicting packages were found:
	esm 12.4.2	node_modules/@polkadot/types-codec/
	esm 16.4.6	node_modules/@acala-network/chopsticks-core/node_modules/@polkadot/types-codec/
[2025-09-09T16:07:59.025Z] [WARN] @polkadot/types has multiple versions, ensure that there is only one installed.
Either remove and explicitly install matching versions or dedupe using your package manager.
The following conflicting packages were found:
	esm 12.4.2	node_modules/@polkadot/types/
	esm 16.4.6	node_modules/@acala-network/chopsticks-core/node_modules/@polkadot/types/
[2025-09-09T16:07:59.026Z] [WARN] @polkadot/types-create has multiple versions, ensure that there is only one installed.
Either remove and explicitly install matching versions or dedupe using your package manager.
The following conflicting packages were found:
	esm 12.4.2	node_modules/@polkadot/types-create/
	esm 16.4.6	node_modules/@acala-network/chopsticks-core/node_modules/@polkadot/types-create/
[2025-09-09T16:07:59.030Z] [WARN] @polkadot/rpc-provider has multiple versions, ensure that there is only one installed.
Either remove and explicitly install matching versions or dedupe using your package manager.
The following conflicting packages were found:
	esm 12.4.2	node_modules/@polkadot/rpc-provider/
	esm 16.4.6	node_modules/@acala-network/chopsticks-core/node_modules/@polkadot/rpc-provider/
[2025-09-09T16:07:59.663Z] [WARN] @polkadot/rpc-augment has multiple versions, ensure that there is only one installed.
Either remove and explicitly install matching versions or dedupe using your package manager.
The following conflicting packages were found:
	esm 12.4.2	node_modules/@polkadot/rpc-augment/
	esm 16.4.6	node_modules/@acala-network/chopsticks/node_modules/@polkadot/rpc-augment/
[2025-09-09T16:07:59.857Z] [WARN] @polkadot/api has multiple versions, ensure that there is only one installed.
Either remove and explicitly install matching versions or dedupe using your package manager.
The following conflicting packages were found:
	esm 12.4.2	node_modules/@polkadot/api/
	esm 16.4.6	node_modules/@acala-network/chopsticks/node_modules/@polkadot/api/
[2025-09-09T16:07:59.857Z] [WARN] @polkadot/rpc-provider has multiple versions, ensure that there is only one installed.
Either remove and explicitly install matching versions or dedupe using your package manager.
The following conflicting packages were found:
	esm 12.4.2	node_modules/@polkadot/rpc-provider/
	esm 16.4.6	node_modules/@acala-network/chopsticks-core/node_modules/@polkadot/rpc-provider/
	esm 16.4.6	node_modules/@acala-network/chopsticks/node_modules/@polkadot/rpc-provider/
[2025-09-09T16:07:59.857Z] [WARN] @polkadot/api-derive has multiple versions, ensure that there is only one installed.
Either remove and explicitly install matching versions or dedupe using your package manager.
The following conflicting packages were found:
	esm 12.4.2	node_modules/@polkadot/api-derive/
	esm 16.4.6	node_modules/@acala-network/chopsticks/node_modules/@polkadot/api-derive/
[2025-09-09T16:07:59.857Z] [WARN] @polkadot/rpc-core has multiple versions, ensure that there is only one installed.
Either remove and explicitly install matching versions or dedupe using your package manager.
The following conflicting packages were found:
	esm 12.4.2	node_modules/@polkadot/rpc-core/
	esm 16.4.6	node_modules/@acala-network/chopsticks/node_modules/@polkadot/rpc-core/
[2025-09-09T16:07:59.857Z] [WARN] @polkadot/types has multiple versions, ensure that there is only one installed.
Either remove and explicitly install matching versions or dedupe using your package manager.
The following conflicting packages were found:
	esm 12.4.2	node_modules/@polkadot/types/
	esm 16.4.6	node_modules/@acala-network/chopsticks-core/node_modules/@polkadot/types/
	esm 16.4.6	node_modules/@acala-network/chopsticks/node_modules/@polkadot/types/
[2025-09-09T16:07:59.858Z] [WARN] @polkadot/types-create has multiple versions, ensure that there is only one installed.
Either remove and explicitly install matching versions or dedupe using your package manager.
The following conflicting packages were found:
	esm 12.4.2	node_modules/@polkadot/types-create/
	esm 16.4.6	node_modules/@acala-network/chopsticks-core/node_modules/@polkadot/types-create/
	esm 16.4.6	node_modules/@acala-network/chopsticks/node_modules/@polkadot/types-create/
[2025-09-09T16:07:59.858Z] [WARN] @polkadot/types-codec has multiple versions, ensure that there is only one installed.
Either remove and explicitly install matching versions or dedupe using your package manager.
The following conflicting packages were found:
	esm 12.4.2	node_modules/@polkadot/types-codec/
	esm 16.4.6	node_modules/@acala-network/chopsticks-core/node_modules/@polkadot/types-codec/
	esm 16.4.6	node_modules/@acala-network/chopsticks/node_modules/@polkadot/types-codec/
[2025-09-09T16:07:59.860Z] [WARN] @polkadot/types-known has multiple versions, ensure that there is only one installed.
Either remove and explicitly install matching versions or dedupe using your package manager.
The following conflicting packages were found:
	esm 12.4.2	node_modules/@polkadot/types-known/
	esm 16.4.6	node_modules/@acala-network/chopsticks/node_modules/@polkadot/types-known/
[2025-09-09T16:07:59.863Z] [WARN] @polkadot/api has multiple versions, ensure that there is only one installed.
Either remove and explicitly install matching versions or dedupe using your package manager.
The following conflicting packages were found:
	esm 12.4.2	node_modules/@polkadot/api/
	esm 16.4.6	node_modules/@acala-network/chopsticks/node_modules/@polkadot/api/
	esm 16.4.6	node_modules/@acala-network/chopsticks-utils/node_modules/@polkadot/api/
[2025-09-09T16:07:59.863Z] [WARN] @polkadot/rpc-augment has multiple versions, ensure that there is only one installed.
Either remove and explicitly install matching versions or dedupe using your package manager.
The following conflicting packages were found:
	esm 12.4.2	node_modules/@polkadot/rpc-augment/
	esm 16.4.6	node_modules/@acala-network/chopsticks/node_modules/@polkadot/rpc-augment/
	esm 16.4.6	node_modules/@acala-network/chopsticks-utils/node_modules/@polkadot/rpc-augment/
[2025-09-09T16:07:59.863Z] [WARN] @polkadot/rpc-provider has multiple versions, ensure that there is only one installed.
Either remove and explicitly install matching versions or dedupe using your package manager.
The following conflicting packages were found:
	esm 12.4.2	node_modules/@polkadot/rpc-provider/
	esm 16.4.6	node_modules/@acala-network/chopsticks-core/node_modules/@polkadot/rpc-provider/
	esm 16.4.6	node_modules/@acala-network/chopsticks/node_modules/@polkadot/rpc-provider/
	esm 16.4.6	node_modules/@acala-network/chopsticks-utils/node_modules/@polkadot/rpc-provider/
[2025-09-09T16:07:59.863Z] [WARN] @polkadot/api-derive has multiple versions, ensure that there is only one installed.
Either remove and explicitly install matching versions or dedupe using your package manager.
The following conflicting packages were found:
	esm 12.4.2	node_modules/@polkadot/api-derive/
	esm 16.4.6	node_modules/@acala-network/chopsticks/node_modules/@polkadot/api-derive/
	esm 16.4.6	node_modules/@acala-network/chopsticks-utils/node_modules/@polkadot/api-derive/
[2025-09-09T16:07:59.863Z] [WARN] @polkadot/rpc-core has multiple versions, ensure that there is only one installed.
Either remove and explicitly install matching versions or dedupe using your package manager.
The following conflicting packages were found:
	esm 12.4.2	node_modules/@polkadot/rpc-core/
	esm 16.4.6	node_modules/@acala-network/chopsticks/node_modules/@polkadot/rpc-core/
	esm 16.4.6	node_modules/@acala-network/chopsticks-utils/node_modules/@polkadot/rpc-core/
[2025-09-09T16:07:59.863Z] [WARN] @polkadot/types has multiple versions, ensure that there is only one installed.
Either remove and explicitly install matching versions or dedupe using your package manager.
The following conflicting packages were found:
	esm 12.4.2	node_modules/@polkadot/types/
	esm 16.4.6	node_modules/@acala-network/chopsticks-core/node_modules/@polkadot/types/
	esm 16.4.6	node_modules/@acala-network/chopsticks/node_modules/@polkadot/types/
	esm 16.4.6	node_modules/@acala-network/chopsticks-utils/node_modules/@polkadot/types/
[2025-09-09T16:07:59.864Z] [WARN] @polkadot/types-create has multiple versions, ensure that there is only one installed.
Either remove and explicitly install matching versions or dedupe using your package manager.
The following conflicting packages were found:
	esm 12.4.2	node_modules/@polkadot/types-create/
	esm 16.4.6	node_modules/@acala-network/chopsticks-core/node_modules/@polkadot/types-create/
	esm 16.4.6	node_modules/@acala-network/chopsticks/node_modules/@polkadot/types-create/
	esm 16.4.6	node_modules/@acala-network/chopsticks-utils/node_modules/@polkadot/types-create/
[2025-09-09T16:07:59.864Z] [WARN] @polkadot/types-codec has multiple versions, ensure that there is only one installed.
Either remove and explicitly install matching versions or dedupe using your package manager.
The following conflicting packages were found:
	esm 12.4.2	node_modules/@polkadot/types-codec/
	esm 16.4.6	node_modules/@acala-network/chopsticks-core/node_modules/@polkadot/types-codec/
	esm 16.4.6	node_modules/@acala-network/chopsticks/node_modules/@polkadot/types-codec/
	esm 16.4.6	node_modules/@acala-network/chopsticks-utils/node_modules/@polkadot/types-codec/
[2025-09-09T16:07:59.867Z] [WARN] @polkadot/types-known has multiple versions, ensure that there is only one installed.
Either remove and explicitly install matching versions or dedupe using your package manager.
The following conflicting packages were found:
	esm 12.4.2	node_modules/@polkadot/types-known/
	esm 16.4.6	node_modules/@acala-network/chopsticks/node_modules/@polkadot/types-known/
	esm 16.4.6	node_modules/@acala-network/chopsticks-utils/node_modules/@polkadot/types-known/
[2025-09-09T16:07:59.874Z] [LOG] [dotenv@17.2.1] injecting env (0) from .env -- tip: ⚙️  write to custom object with { processEnv: myObject }
[2025-09-09T16:08:01.912Z] [LOG] Setting up AssetHub network with options: {
  "runtimeLogLevel": 5,
  "blockNumber": 9651100,
  "port": 8001,
  "endpoint": [
    "wss://polkadot-asset-hub-rpc.polkadot.io"
  ],
  "db": "assethub-db.sqlite",
  "processQueuedMessages": true
}
[2025-09-09T16:08:04.397Z] [LOG] assetHub.url "ws://[::]:8001"
[2025-09-09T16:08:05.398Z] [LOG] start assetHub newblockNumber
[2025-09-09T16:08:08.208Z] [LOG] end assetHub newblockNumber
[2025-09-09T16:08:08.221Z] [LOG] blockNumber 9651101
[2025-09-09T16:08:08.221Z] [LOG] before assetHub newblockNumber
[2025-09-09T16:08:08.657Z] [LOG] Transaction status: Ready
[2025-09-09T16:08:08.657Z] [LOG] ✅ Transaction is ready in pool
[2025-09-09T16:08:08.658Z] [LOG] Transaction status: Broadcast
[2025-09-09T16:08:09.812Z] [LOG] Transaction status: InBlock
[2025-09-09T16:08:09.812Z] [LOG] ✅ Transaction is in block
[2025-09-09T16:08:09.812Z] [LOG] ❌ Dispatch error: polkadotXcm.LocalExecutionIncomplete
[2025-09-09T16:08:09.812Z] [LOG] error {}
[2025-09-09T16:08:09.814Z] [LOG] start assetHub newblockNumber
[2025-09-09T16:09:10.687Z] [LOG] Test setup initialized - logging to test-output.log
[2025-09-09T16:09:10.934Z] [WARN] @polkadot/types-codec has multiple versions, ensure that there is only one installed.
Either remove and explicitly install matching versions or dedupe using your package manager.
The following conflicting packages were found:
	esm 12.4.2	node_modules/@polkadot/types-codec/
	esm 16.4.6	node_modules/@acala-network/chopsticks-core/node_modules/@polkadot/types-codec/
[2025-09-09T16:09:10.935Z] [WARN] @polkadot/types has multiple versions, ensure that there is only one installed.
Either remove and explicitly install matching versions or dedupe using your package manager.
The following conflicting packages were found:
	esm 12.4.2	node_modules/@polkadot/types/
	esm 16.4.6	node_modules/@acala-network/chopsticks-core/node_modules/@polkadot/types/
[2025-09-09T16:09:10.936Z] [WARN] @polkadot/types-create has multiple versions, ensure that there is only one installed.
Either remove and explicitly install matching versions or dedupe using your package manager.
The following conflicting packages were found:
	esm 12.4.2	node_modules/@polkadot/types-create/
	esm 16.4.6	node_modules/@acala-network/chopsticks-core/node_modules/@polkadot/types-create/
[2025-09-09T16:09:10.939Z] [WARN] @polkadot/rpc-provider has multiple versions, ensure that there is only one installed.
Either remove and explicitly install matching versions or dedupe using your package manager.
The following conflicting packages were found:
	esm 12.4.2	node_modules/@polkadot/rpc-provider/
	esm 16.4.6	node_modules/@acala-network/chopsticks-core/node_modules/@polkadot/rpc-provider/
[2025-09-09T16:09:11.630Z] [WARN] @polkadot/rpc-augment has multiple versions, ensure that there is only one installed.
Either remove and explicitly install matching versions or dedupe using your package manager.
The following conflicting packages were found:
	esm 12.4.2	node_modules/@polkadot/rpc-augment/
	esm 16.4.6	node_modules/@acala-network/chopsticks/node_modules/@polkadot/rpc-augment/
[2025-09-09T16:09:11.802Z] [WARN] @polkadot/api has multiple versions, ensure that there is only one installed.
Either remove and explicitly install matching versions or dedupe using your package manager.
The following conflicting packages were found:
	esm 12.4.2	node_modules/@polkadot/api/
	esm 16.4.6	node_modules/@acala-network/chopsticks/node_modules/@polkadot/api/
[2025-09-09T16:09:11.803Z] [WARN] @polkadot/rpc-provider has multiple versions, ensure that there is only one installed.
Either remove and explicitly install matching versions or dedupe using your package manager.
The following conflicting packages were found:
	esm 12.4.2	node_modules/@polkadot/rpc-provider/
	esm 16.4.6	node_modules/@acala-network/chopsticks-core/node_modules/@polkadot/rpc-provider/
	esm 16.4.6	node_modules/@acala-network/chopsticks/node_modules/@polkadot/rpc-provider/
[2025-09-09T16:09:11.803Z] [WARN] @polkadot/api-derive has multiple versions, ensure that there is only one installed.
Either remove and explicitly install matching versions or dedupe using your package manager.
The following conflicting packages were found:
	esm 12.4.2	node_modules/@polkadot/api-derive/
	esm 16.4.6	node_modules/@acala-network/chopsticks/node_modules/@polkadot/api-derive/
[2025-09-09T16:09:11.803Z] [WARN] @polkadot/rpc-core has multiple versions, ensure that there is only one installed.
Either remove and explicitly install matching versions or dedupe using your package manager.
The following conflicting packages were found:
	esm 12.4.2	node_modules/@polkadot/rpc-core/
	esm 16.4.6	node_modules/@acala-network/chopsticks/node_modules/@polkadot/rpc-core/
[2025-09-09T16:09:11.803Z] [WARN] @polkadot/types has multiple versions, ensure that there is only one installed.
Either remove and explicitly install matching versions or dedupe using your package manager.
The following conflicting packages were found:
	esm 12.4.2	node_modules/@polkadot/types/
	esm 16.4.6	node_modules/@acala-network/chopsticks-core/node_modules/@polkadot/types/
	esm 16.4.6	node_modules/@acala-network/chopsticks/node_modules/@polkadot/types/
[2025-09-09T16:09:11.804Z] [WARN] @polkadot/types-create has multiple versions, ensure that there is only one installed.
Either remove and explicitly install matching versions or dedupe using your package manager.
The following conflicting packages were found:
	esm 12.4.2	node_modules/@polkadot/types-create/
	esm 16.4.6	node_modules/@acala-network/chopsticks-core/node_modules/@polkadot/types-create/
	esm 16.4.6	node_modules/@acala-network/chopsticks/node_modules/@polkadot/types-create/
[2025-09-09T16:09:11.804Z] [WARN] @polkadot/types-codec has multiple versions, ensure that there is only one installed.
Either remove and explicitly install matching versions or dedupe using your package manager.
The following conflicting packages were found:
	esm 12.4.2	node_modules/@polkadot/types-codec/
	esm 16.4.6	node_modules/@acala-network/chopsticks-core/node_modules/@polkadot/types-codec/
	esm 16.4.6	node_modules/@acala-network/chopsticks/node_modules/@polkadot/types-codec/
[2025-09-09T16:09:11.806Z] [WARN] @polkadot/types-known has multiple versions, ensure that there is only one installed.
Either remove and explicitly install matching versions or dedupe using your package manager.
The following conflicting packages were found:
	esm 12.4.2	node_modules/@polkadot/types-known/
	esm 16.4.6	node_modules/@acala-network/chopsticks/node_modules/@polkadot/types-known/
[2025-09-09T16:09:11.808Z] [WARN] @polkadot/api has multiple versions, ensure that there is only one installed.
Either remove and explicitly install matching versions or dedupe using your package manager.
The following conflicting packages were found:
	esm 12.4.2	node_modules/@polkadot/api/
	esm 16.4.6	node_modules/@acala-network/chopsticks/node_modules/@polkadot/api/
	esm 16.4.6	node_modules/@acala-network/chopsticks-utils/node_modules/@polkadot/api/
[2025-09-09T16:09:11.809Z] [WARN] @polkadot/rpc-augment has multiple versions, ensure that there is only one installed.
Either remove and explicitly install matching versions or dedupe using your package manager.
The following conflicting packages were found:
	esm 12.4.2	node_modules/@polkadot/rpc-augment/
	esm 16.4.6	node_modules/@acala-network/chopsticks/node_modules/@polkadot/rpc-augment/
	esm 16.4.6	node_modules/@acala-network/chopsticks-utils/node_modules/@polkadot/rpc-augment/
[2025-09-09T16:09:11.809Z] [WARN] @polkadot/rpc-provider has multiple versions, ensure that there is only one installed.
Either remove and explicitly install matching versions or dedupe using your package manager.
The following conflicting packages were found:
	esm 12.4.2	node_modules/@polkadot/rpc-provider/
	esm 16.4.6	node_modules/@acala-network/chopsticks-core/node_modules/@polkadot/rpc-provider/
	esm 16.4.6	node_modules/@acala-network/chopsticks/node_modules/@polkadot/rpc-provider/
	esm 16.4.6	node_modules/@acala-network/chopsticks-utils/node_modules/@polkadot/rpc-provider/
[2025-09-09T16:09:11.809Z] [WARN] @polkadot/api-derive has multiple versions, ensure that there is only one installed.
Either remove and explicitly install matching versions or dedupe using your package manager.
The following conflicting packages were found:
	esm 12.4.2	node_modules/@polkadot/api-derive/
	esm 16.4.6	node_modules/@acala-network/chopsticks/node_modules/@polkadot/api-derive/
	esm 16.4.6	node_modules/@acala-network/chopsticks-utils/node_modules/@polkadot/api-derive/
[2025-09-09T16:09:11.809Z] [WARN] @polkadot/rpc-core has multiple versions, ensure that there is only one installed.
Either remove and explicitly install matching versions or dedupe using your package manager.
The following conflicting packages were found:
	esm 12.4.2	node_modules/@polkadot/rpc-core/
	esm 16.4.6	node_modules/@acala-network/chopsticks/node_modules/@polkadot/rpc-core/
	esm 16.4.6	node_modules/@acala-network/chopsticks-utils/node_modules/@polkadot/rpc-core/
[2025-09-09T16:09:11.809Z] [WARN] @polkadot/types has multiple versions, ensure that there is only one installed.
Either remove and explicitly install matching versions or dedupe using your package manager.
The following conflicting packages were found:
	esm 12.4.2	node_modules/@polkadot/types/
	esm 16.4.6	node_modules/@acala-network/chopsticks-core/node_modules/@polkadot/types/
	esm 16.4.6	node_modules/@acala-network/chopsticks/node_modules/@polkadot/types/
	esm 16.4.6	node_modules/@acala-network/chopsticks-utils/node_modules/@polkadot/types/
[2025-09-09T16:09:11.810Z] [WARN] @polkadot/types-create has multiple versions, ensure that there is only one installed.
Either remove and explicitly install matching versions or dedupe using your package manager.
The following conflicting packages were found:
	esm 12.4.2	node_modules/@polkadot/types-create/
	esm 16.4.6	node_modules/@acala-network/chopsticks-core/node_modules/@polkadot/types-create/
	esm 16.4.6	node_modules/@acala-network/chopsticks/node_modules/@polkadot/types-create/
	esm 16.4.6	node_modules/@acala-network/chopsticks-utils/node_modules/@polkadot/types-create/
[2025-09-09T16:09:11.810Z] [WARN] @polkadot/types-codec has multiple versions, ensure that there is only one installed.
Either remove and explicitly install matching versions or dedupe using your package manager.
The following conflicting packages were found:
	esm 12.4.2	node_modules/@polkadot/types-codec/
	esm 16.4.6	node_modules/@acala-network/chopsticks-core/node_modules/@polkadot/types-codec/
	esm 16.4.6	node_modules/@acala-network/chopsticks/node_modules/@polkadot/types-codec/
	esm 16.4.6	node_modules/@acala-network/chopsticks-utils/node_modules/@polkadot/types-codec/
[2025-09-09T16:09:11.812Z] [WARN] @polkadot/types-known has multiple versions, ensure that there is only one installed.
Either remove and explicitly install matching versions or dedupe using your package manager.
The following conflicting packages were found:
	esm 12.4.2	node_modules/@polkadot/types-known/
	esm 16.4.6	node_modules/@acala-network/chopsticks/node_modules/@polkadot/types-known/
	esm 16.4.6	node_modules/@acala-network/chopsticks-utils/node_modules/@polkadot/types-known/
[2025-09-09T16:09:11.821Z] [LOG] [dotenv@17.2.1] injecting env (0) from .env -- tip: 🔐 prevent committing .env to code: https://dotenvx.com/precommit
[2025-09-09T16:09:13.762Z] [LOG] Setting up AssetHub network with options: {
  "runtimeLogLevel": 5,
  "blockNumber": 9651100,
  "port": 8001,
  "endpoint": [
    "wss://polkadot-asset-hub-rpc.polkadot.io"
  ],
  "db": "assethub-db.sqlite",
  "processQueuedMessages": true
}
[2025-09-09T16:09:15.827Z] [LOG] assetHub.url "ws://[::]:8001"
[2025-09-09T16:09:17.268Z] [LOG] start assetHub newblockNumber
[2025-09-09T16:09:19.651Z] [LOG] end assetHub newblockNumber
[2025-09-09T16:09:19.664Z] [LOG] blockNumber 9651101
[2025-09-09T16:09:19.665Z] [LOG] before assetHub newblockNumber
[2025-09-09T16:09:20.089Z] [LOG] Transaction status: Ready
[2025-09-09T16:09:20.090Z] [LOG] ✅ Transaction is ready in pool
[2025-09-09T16:09:20.090Z] [LOG] Transaction status: Broadcast
[2025-09-09T16:09:22.440Z] [LOG] Transaction status: InBlock
[2025-09-09T16:09:22.440Z] [LOG] ✅ Transaction is in block
[2025-09-09T16:09:22.440Z] [LOG] ✅ Transaction successful, unsubscribing...
[2025-09-09T16:09:22.440Z] [LOG] start assetHub newblockNumber
[2025-09-09T16:10:00.403Z] [LOG] Test setup initialized - logging to test-output.log
[2025-09-09T16:10:00.669Z] [WARN] @polkadot/types-codec has multiple versions, ensure that there is only one installed.
Either remove and explicitly install matching versions or dedupe using your package manager.
The following conflicting packages were found:
	esm 12.4.2	node_modules/@polkadot/types-codec/
	esm 16.4.6	node_modules/@acala-network/chopsticks-core/node_modules/@polkadot/types-codec/
[2025-09-09T16:10:00.669Z] [WARN] @polkadot/types has multiple versions, ensure that there is only one installed.
Either remove and explicitly install matching versions or dedupe using your package manager.
The following conflicting packages were found:
	esm 12.4.2	node_modules/@polkadot/types/
	esm 16.4.6	node_modules/@acala-network/chopsticks-core/node_modules/@polkadot/types/
[2025-09-09T16:10:00.670Z] [WARN] @polkadot/types-create has multiple versions, ensure that there is only one installed.
Either remove and explicitly install matching versions or dedupe using your package manager.
The following conflicting packages were found:
	esm 12.4.2	node_modules/@polkadot/types-create/
	esm 16.4.6	node_modules/@acala-network/chopsticks-core/node_modules/@polkadot/types-create/
[2025-09-09T16:10:00.674Z] [WARN] @polkadot/rpc-provider has multiple versions, ensure that there is only one installed.
Either remove and explicitly install matching versions or dedupe using your package manager.
The following conflicting packages were found:
	esm 12.4.2	node_modules/@polkadot/rpc-provider/
	esm 16.4.6	node_modules/@acala-network/chopsticks-core/node_modules/@polkadot/rpc-provider/
[2025-09-09T16:10:01.226Z] [WARN] @polkadot/rpc-augment has multiple versions, ensure that there is only one installed.
Either remove and explicitly install matching versions or dedupe using your package manager.
The following conflicting packages were found:
	esm 12.4.2	node_modules/@polkadot/rpc-augment/
	esm 16.4.6	node_modules/@acala-network/chopsticks/node_modules/@polkadot/rpc-augment/
[2025-09-09T16:10:01.324Z] [WARN] @polkadot/api has multiple versions, ensure that there is only one installed.
Either remove and explicitly install matching versions or dedupe using your package manager.
The following conflicting packages were found:
	esm 12.4.2	node_modules/@polkadot/api/
	esm 16.4.6	node_modules/@acala-network/chopsticks/node_modules/@polkadot/api/
[2025-09-09T16:10:01.324Z] [WARN] @polkadot/rpc-provider has multiple versions, ensure that there is only one installed.
Either remove and explicitly install matching versions or dedupe using your package manager.
The following conflicting packages were found:
	esm 12.4.2	node_modules/@polkadot/rpc-provider/
	esm 16.4.6	node_modules/@acala-network/chopsticks-core/node_modules/@polkadot/rpc-provider/
	esm 16.4.6	node_modules/@acala-network/chopsticks/node_modules/@polkadot/rpc-provider/
[2025-09-09T16:10:01.325Z] [WARN] @polkadot/api-derive has multiple versions, ensure that there is only one installed.
Either remove and explicitly install matching versions or dedupe using your package manager.
The following conflicting packages were found:
	esm 12.4.2	node_modules/@polkadot/api-derive/
	esm 16.4.6	node_modules/@acala-network/chopsticks/node_modules/@polkadot/api-derive/
[2025-09-09T16:10:01.325Z] [WARN] @polkadot/rpc-core has multiple versions, ensure that there is only one installed.
Either remove and explicitly install matching versions or dedupe using your package manager.
The following conflicting packages were found:
	esm 12.4.2	node_modules/@polkadot/rpc-core/
	esm 16.4.6	node_modules/@acala-network/chopsticks/node_modules/@polkadot/rpc-core/
[2025-09-09T16:10:01.325Z] [WARN] @polkadot/types has multiple versions, ensure that there is only one installed.
Either remove and explicitly install matching versions or dedupe using your package manager.
The following conflicting packages were found:
	esm 12.4.2	node_modules/@polkadot/types/
	esm 16.4.6	node_modules/@acala-network/chopsticks-core/node_modules/@polkadot/types/
	esm 16.4.6	node_modules/@acala-network/chopsticks/node_modules/@polkadot/types/
[2025-09-09T16:10:01.326Z] [WARN] @polkadot/types-create has multiple versions, ensure that there is only one installed.
Either remove and explicitly install matching versions or dedupe using your package manager.
The following conflicting packages were found:
	esm 12.4.2	node_modules/@polkadot/types-create/
	esm 16.4.6	node_modules/@acala-network/chopsticks-core/node_modules/@polkadot/types-create/
	esm 16.4.6	node_modules/@acala-network/chopsticks/node_modules/@polkadot/types-create/
[2025-09-09T16:10:01.326Z] [WARN] @polkadot/types-codec has multiple versions, ensure that there is only one installed.
Either remove and explicitly install matching versions or dedupe using your package manager.
The following conflicting packages were found:
	esm 12.4.2	node_modules/@polkadot/types-codec/
	esm 16.4.6	node_modules/@acala-network/chopsticks-core/node_modules/@polkadot/types-codec/
	esm 16.4.6	node_modules/@acala-network/chopsticks/node_modules/@polkadot/types-codec/
[2025-09-09T16:10:01.328Z] [WARN] @polkadot/types-known has multiple versions, ensure that there is only one installed.
Either remove and explicitly install matching versions or dedupe using your package manager.
The following conflicting packages were found:
	esm 12.4.2	node_modules/@polkadot/types-known/
	esm 16.4.6	node_modules/@acala-network/chopsticks/node_modules/@polkadot/types-known/
[2025-09-09T16:10:01.330Z] [WARN] @polkadot/api has multiple versions, ensure that there is only one installed.
Either remove and explicitly install matching versions or dedupe using your package manager.
The following conflicting packages were found:
	esm 12.4.2	node_modules/@polkadot/api/
	esm 16.4.6	node_modules/@acala-network/chopsticks/node_modules/@polkadot/api/
	esm 16.4.6	node_modules/@acala-network/chopsticks-utils/node_modules/@polkadot/api/
[2025-09-09T16:10:01.330Z] [WARN] @polkadot/rpc-augment has multiple versions, ensure that there is only one installed.
Either remove and explicitly install matching versions or dedupe using your package manager.
The following conflicting packages were found:
	esm 12.4.2	node_modules/@polkadot/rpc-augment/
	esm 16.4.6	node_modules/@acala-network/chopsticks/node_modules/@polkadot/rpc-augment/
	esm 16.4.6	node_modules/@acala-network/chopsticks-utils/node_modules/@polkadot/rpc-augment/
[2025-09-09T16:10:01.330Z] [WARN] @polkadot/rpc-provider has multiple versions, ensure that there is only one installed.
Either remove and explicitly install matching versions or dedupe using your package manager.
The following conflicting packages were found:
	esm 12.4.2	node_modules/@polkadot/rpc-provider/
	esm 16.4.6	node_modules/@acala-network/chopsticks-core/node_modules/@polkadot/rpc-provider/
	esm 16.4.6	node_modules/@acala-network/chopsticks/node_modules/@polkadot/rpc-provider/
	esm 16.4.6	node_modules/@acala-network/chopsticks-utils/node_modules/@polkadot/rpc-provider/
[2025-09-09T16:10:01.330Z] [WARN] @polkadot/api-derive has multiple versions, ensure that there is only one installed.
Either remove and explicitly install matching versions or dedupe using your package manager.
The following conflicting packages were found:
	esm 12.4.2	node_modules/@polkadot/api-derive/
	esm 16.4.6	node_modules/@acala-network/chopsticks/node_modules/@polkadot/api-derive/
	esm 16.4.6	node_modules/@acala-network/chopsticks-utils/node_modules/@polkadot/api-derive/
[2025-09-09T16:10:01.330Z] [WARN] @polkadot/rpc-core has multiple versions, ensure that there is only one installed.
Either remove and explicitly install matching versions or dedupe using your package manager.
The following conflicting packages were found:
	esm 12.4.2	node_modules/@polkadot/rpc-core/
	esm 16.4.6	node_modules/@acala-network/chopsticks/node_modules/@polkadot/rpc-core/
	esm 16.4.6	node_modules/@acala-network/chopsticks-utils/node_modules/@polkadot/rpc-core/
[2025-09-09T16:10:01.330Z] [WARN] @polkadot/types has multiple versions, ensure that there is only one installed.
Either remove and explicitly install matching versions or dedupe using your package manager.
The following conflicting packages were found:
	esm 12.4.2	node_modules/@polkadot/types/
	esm 16.4.6	node_modules/@acala-network/chopsticks-core/node_modules/@polkadot/types/
	esm 16.4.6	node_modules/@acala-network/chopsticks/node_modules/@polkadot/types/
	esm 16.4.6	node_modules/@acala-network/chopsticks-utils/node_modules/@polkadot/types/
[2025-09-09T16:10:01.331Z] [WARN] @polkadot/types-create has multiple versions, ensure that there is only one installed.
Either remove and explicitly install matching versions or dedupe using your package manager.
The following conflicting packages were found:
	esm 12.4.2	node_modules/@polkadot/types-create/
	esm 16.4.6	node_modules/@acala-network/chopsticks-core/node_modules/@polkadot/types-create/
	esm 16.4.6	node_modules/@acala-network/chopsticks/node_modules/@polkadot/types-create/
	esm 16.4.6	node_modules/@acala-network/chopsticks-utils/node_modules/@polkadot/types-create/
[2025-09-09T16:10:01.331Z] [WARN] @polkadot/types-codec has multiple versions, ensure that there is only one installed.
Either remove and explicitly install matching versions or dedupe using your package manager.
The following conflicting packages were found:
	esm 12.4.2	node_modules/@polkadot/types-codec/
	esm 16.4.6	node_modules/@acala-network/chopsticks-core/node_modules/@polkadot/types-codec/
	esm 16.4.6	node_modules/@acala-network/chopsticks/node_modules/@polkadot/types-codec/
	esm 16.4.6	node_modules/@acala-network/chopsticks-utils/node_modules/@polkadot/types-codec/
[2025-09-09T16:10:01.334Z] [WARN] @polkadot/types-known has multiple versions, ensure that there is only one installed.
Either remove and explicitly install matching versions or dedupe using your package manager.
The following conflicting packages were found:
	esm 12.4.2	node_modules/@polkadot/types-known/
	esm 16.4.6	node_modules/@acala-network/chopsticks/node_modules/@polkadot/types-known/
	esm 16.4.6	node_modules/@acala-network/chopsticks-utils/node_modules/@polkadot/types-known/
[2025-09-09T16:10:01.340Z] [LOG] [dotenv@17.2.1] injecting env (0) from .env -- tip: ⚙️  specify custom .env file path with { path: '/custom/path/.env' }
[2025-09-09T16:10:03.416Z] [LOG] Setting up AssetHub network with options: {
  "runtimeLogLevel": 5,
  "blockNumber": 9651100,
  "port": 8001,
  "endpoint": [
    "wss://polkadot-asset-hub-rpc.polkadot.io"
  ],
  "db": "assethub-db.sqlite",
  "processQueuedMessages": true
}
[2025-09-09T16:10:05.630Z] [LOG] assetHub.url "ws://[::]:8001"
[2025-09-09T16:10:07.019Z] [LOG] start assetHub newblockNumber
[2025-09-09T16:10:09.960Z] [LOG] end assetHub newblockNumber
[2025-09-09T16:10:09.974Z] [LOG] blockNumber 9651101
[2025-09-09T16:10:09.974Z] [LOG] before assetHub newblockNumber
[2025-09-09T16:10:10.416Z] [LOG] Transaction status: Ready
[2025-09-09T16:10:10.417Z] [LOG] ✅ Transaction is ready in pool
[2025-09-09T16:10:10.417Z] [LOG] Transaction status: Broadcast
[2025-09-09T16:10:11.590Z] [LOG] Transaction status: InBlock
[2025-09-09T16:10:11.590Z] [LOG] ✅ Transaction is in block
[2025-09-09T16:10:11.590Z] [LOG] ✅ Transaction successful, unsubscribing...
[2025-09-09T16:10:11.590Z] [LOG] start assetHub newblockNumber
[2025-09-09T16:13:51.922Z] [LOG] Test setup initialized - logging to test-output.log
[2025-09-09T16:13:52.172Z] [WARN] @polkadot/types-codec has multiple versions, ensure that there is only one installed.
Either remove and explicitly install matching versions or dedupe using your package manager.
The following conflicting packages were found:
	esm 12.4.2	node_modules/@polkadot/types-codec/
	esm 16.4.6	node_modules/@acala-network/chopsticks-core/node_modules/@polkadot/types-codec/
[2025-09-09T16:13:52.172Z] [WARN] @polkadot/types has multiple versions, ensure that there is only one installed.
Either remove and explicitly install matching versions or dedupe using your package manager.
The following conflicting packages were found:
	esm 12.4.2	node_modules/@polkadot/types/
	esm 16.4.6	node_modules/@acala-network/chopsticks-core/node_modules/@polkadot/types/
[2025-09-09T16:13:52.173Z] [WARN] @polkadot/types-create has multiple versions, ensure that there is only one installed.
Either remove and explicitly install matching versions or dedupe using your package manager.
The following conflicting packages were found:
	esm 12.4.2	node_modules/@polkadot/types-create/
	esm 16.4.6	node_modules/@acala-network/chopsticks-core/node_modules/@polkadot/types-create/
[2025-09-09T16:13:52.176Z] [WARN] @polkadot/rpc-provider has multiple versions, ensure that there is only one installed.
Either remove and explicitly install matching versions or dedupe using your package manager.
The following conflicting packages were found:
	esm 12.4.2	node_modules/@polkadot/rpc-provider/
	esm 16.4.6	node_modules/@acala-network/chopsticks-core/node_modules/@polkadot/rpc-provider/
[2025-09-09T16:13:52.820Z] [WARN] @polkadot/rpc-augment has multiple versions, ensure that there is only one installed.
Either remove and explicitly install matching versions or dedupe using your package manager.
The following conflicting packages were found:
	esm 12.4.2	node_modules/@polkadot/rpc-augment/
	esm 16.4.6	node_modules/@acala-network/chopsticks/node_modules/@polkadot/rpc-augment/
[2025-09-09T16:13:52.996Z] [WARN] @polkadot/api has multiple versions, ensure that there is only one installed.
Either remove and explicitly install matching versions or dedupe using your package manager.
The following conflicting packages were found:
	esm 12.4.2	node_modules/@polkadot/api/
	esm 16.4.6	node_modules/@acala-network/chopsticks/node_modules/@polkadot/api/
[2025-09-09T16:13:52.996Z] [WARN] @polkadot/rpc-provider has multiple versions, ensure that there is only one installed.
Either remove and explicitly install matching versions or dedupe using your package manager.
The following conflicting packages were found:
	esm 12.4.2	node_modules/@polkadot/rpc-provider/
	esm 16.4.6	node_modules/@acala-network/chopsticks-core/node_modules/@polkadot/rpc-provider/
	esm 16.4.6	node_modules/@acala-network/chopsticks/node_modules/@polkadot/rpc-provider/
[2025-09-09T16:13:52.996Z] [WARN] @polkadot/api-derive has multiple versions, ensure that there is only one installed.
Either remove and explicitly install matching versions or dedupe using your package manager.
The following conflicting packages were found:
	esm 12.4.2	node_modules/@polkadot/api-derive/
	esm 16.4.6	node_modules/@acala-network/chopsticks/node_modules/@polkadot/api-derive/
[2025-09-09T16:13:52.996Z] [WARN] @polkadot/rpc-core has multiple versions, ensure that there is only one installed.
Either remove and explicitly install matching versions or dedupe using your package manager.
The following conflicting packages were found:
	esm 12.4.2	node_modules/@polkadot/rpc-core/
	esm 16.4.6	node_modules/@acala-network/chopsticks/node_modules/@polkadot/rpc-core/
[2025-09-09T16:13:52.997Z] [WARN] @polkadot/types has multiple versions, ensure that there is only one installed.
Either remove and explicitly install matching versions or dedupe using your package manager.
The following conflicting packages were found:
	esm 12.4.2	node_modules/@polkadot/types/
	esm 16.4.6	node_modules/@acala-network/chopsticks-core/node_modules/@polkadot/types/
	esm 16.4.6	node_modules/@acala-network/chopsticks/node_modules/@polkadot/types/
[2025-09-09T16:13:52.997Z] [WARN] @polkadot/types-create has multiple versions, ensure that there is only one installed.
Either remove and explicitly install matching versions or dedupe using your package manager.
The following conflicting packages were found:
	esm 12.4.2	node_modules/@polkadot/types-create/
	esm 16.4.6	node_modules/@acala-network/chopsticks-core/node_modules/@polkadot/types-create/
	esm 16.4.6	node_modules/@acala-network/chopsticks/node_modules/@polkadot/types-create/
[2025-09-09T16:13:52.997Z] [WARN] @polkadot/types-codec has multiple versions, ensure that there is only one installed.
Either remove and explicitly install matching versions or dedupe using your package manager.
The following conflicting packages were found:
	esm 12.4.2	node_modules/@polkadot/types-codec/
	esm 16.4.6	node_modules/@acala-network/chopsticks-core/node_modules/@polkadot/types-codec/
	esm 16.4.6	node_modules/@acala-network/chopsticks/node_modules/@polkadot/types-codec/
[2025-09-09T16:13:53.000Z] [WARN] @polkadot/types-known has multiple versions, ensure that there is only one installed.
Either remove and explicitly install matching versions or dedupe using your package manager.
The following conflicting packages were found:
	esm 12.4.2	node_modules/@polkadot/types-known/
	esm 16.4.6	node_modules/@acala-network/chopsticks/node_modules/@polkadot/types-known/
[2025-09-09T16:13:53.002Z] [WARN] @polkadot/api has multiple versions, ensure that there is only one installed.
Either remove and explicitly install matching versions or dedupe using your package manager.
The following conflicting packages were found:
	esm 12.4.2	node_modules/@polkadot/api/
	esm 16.4.6	node_modules/@acala-network/chopsticks/node_modules/@polkadot/api/
	esm 16.4.6	node_modules/@acala-network/chopsticks-utils/node_modules/@polkadot/api/
[2025-09-09T16:13:53.002Z] [WARN] @polkadot/rpc-augment has multiple versions, ensure that there is only one installed.
Either remove and explicitly install matching versions or dedupe using your package manager.
The following conflicting packages were found:
	esm 12.4.2	node_modules/@polkadot/rpc-augment/
	esm 16.4.6	node_modules/@acala-network/chopsticks/node_modules/@polkadot/rpc-augment/
	esm 16.4.6	node_modules/@acala-network/chopsticks-utils/node_modules/@polkadot/rpc-augment/
[2025-09-09T16:13:53.002Z] [WARN] @polkadot/rpc-provider has multiple versions, ensure that there is only one installed.
Either remove and explicitly install matching versions or dedupe using your package manager.
The following conflicting packages were found:
	esm 12.4.2	node_modules/@polkadot/rpc-provider/
	esm 16.4.6	node_modules/@acala-network/chopsticks-core/node_modules/@polkadot/rpc-provider/
	esm 16.4.6	node_modules/@acala-network/chopsticks/node_modules/@polkadot/rpc-provider/
	esm 16.4.6	node_modules/@acala-network/chopsticks-utils/node_modules/@polkadot/rpc-provider/
[2025-09-09T16:13:53.002Z] [WARN] @polkadot/api-derive has multiple versions, ensure that there is only one installed.
Either remove and explicitly install matching versions or dedupe using your package manager.
The following conflicting packages were found:
	esm 12.4.2	node_modules/@polkadot/api-derive/
	esm 16.4.6	node_modules/@acala-network/chopsticks/node_modules/@polkadot/api-derive/
	esm 16.4.6	node_modules/@acala-network/chopsticks-utils/node_modules/@polkadot/api-derive/
[2025-09-09T16:13:53.002Z] [WARN] @polkadot/rpc-core has multiple versions, ensure that there is only one installed.
Either remove and explicitly install matching versions or dedupe using your package manager.
The following conflicting packages were found:
	esm 12.4.2	node_modules/@polkadot/rpc-core/
	esm 16.4.6	node_modules/@acala-network/chopsticks/node_modules/@polkadot/rpc-core/
	esm 16.4.6	node_modules/@acala-network/chopsticks-utils/node_modules/@polkadot/rpc-core/
[2025-09-09T16:13:53.002Z] [WARN] @polkadot/types has multiple versions, ensure that there is only one installed.
Either remove and explicitly install matching versions or dedupe using your package manager.
The following conflicting packages were found:
	esm 12.4.2	node_modules/@polkadot/types/
	esm 16.4.6	node_modules/@acala-network/chopsticks-core/node_modules/@polkadot/types/
	esm 16.4.6	node_modules/@acala-network/chopsticks/node_modules/@polkadot/types/
	esm 16.4.6	node_modules/@acala-network/chopsticks-utils/node_modules/@polkadot/types/
[2025-09-09T16:13:53.003Z] [WARN] @polkadot/types-create has multiple versions, ensure that there is only one installed.
Either remove and explicitly install matching versions or dedupe using your package manager.
The following conflicting packages were found:
	esm 12.4.2	node_modules/@polkadot/types-create/
	esm 16.4.6	node_modules/@acala-network/chopsticks-core/node_modules/@polkadot/types-create/
	esm 16.4.6	node_modules/@acala-network/chopsticks/node_modules/@polkadot/types-create/
	esm 16.4.6	node_modules/@acala-network/chopsticks-utils/node_modules/@polkadot/types-create/
[2025-09-09T16:13:53.003Z] [WARN] @polkadot/types-codec has multiple versions, ensure that there is only one installed.
Either remove and explicitly install matching versions or dedupe using your package manager.
The following conflicting packages were found:
	esm 12.4.2	node_modules/@polkadot/types-codec/
	esm 16.4.6	node_modules/@acala-network/chopsticks-core/node_modules/@polkadot/types-codec/
	esm 16.4.6	node_modules/@acala-network/chopsticks/node_modules/@polkadot/types-codec/
	esm 16.4.6	node_modules/@acala-network/chopsticks-utils/node_modules/@polkadot/types-codec/
[2025-09-09T16:13:53.005Z] [WARN] @polkadot/types-known has multiple versions, ensure that there is only one installed.
Either remove and explicitly install matching versions or dedupe using your package manager.
The following conflicting packages were found:
	esm 12.4.2	node_modules/@polkadot/types-known/
	esm 16.4.6	node_modules/@acala-network/chopsticks/node_modules/@polkadot/types-known/
	esm 16.4.6	node_modules/@acala-network/chopsticks-utils/node_modules/@polkadot/types-known/
[2025-09-09T16:13:53.016Z] [LOG] [dotenv@17.2.1] injecting env (0) from .env -- tip: 📡 version env with Radar: https://dotenvx.com/radar
[2025-09-09T16:13:55.158Z] [LOG] Setting up AssetHub network with options: {
  "runtimeLogLevel": 5,
  "blockNumber": 9651100,
  "port": 8001,
  "endpoint": [
    "wss://polkadot-asset-hub-rpc.polkadot.io"
  ],
  "db": "assethub-db.sqlite",
  "processQueuedMessages": true
}
[2025-09-09T16:13:57.222Z] [LOG] assetHub.url "ws://[::]:8001"
[2025-09-09T16:13:58.304Z] [LOG] start assetHub newblockNumber
[2025-09-09T16:14:00.958Z] [LOG] end assetHub newblockNumber
[2025-09-09T16:14:00.975Z] [LOG] blockNumber 9651101
[2025-09-09T16:14:00.975Z] [LOG] before assetHub newblockNumber
[2025-09-09T16:14:01.411Z] [LOG] Transaction status: Ready
[2025-09-09T16:14:01.411Z] [LOG] ✅ Transaction is ready in pool
[2025-09-09T16:14:01.412Z] [LOG] Transaction status: Broadcast
[2025-09-09T16:14:02.563Z] [LOG] Transaction status: InBlock
[2025-09-09T16:14:02.564Z] [LOG] ✅ Transaction is in block
[2025-09-09T16:14:02.564Z] [LOG] ✅ Transaction successful, unsubscribing...
[2025-09-09T16:14:14.535Z] [LOG] Test setup initialized - logging to test-output.log
[2025-09-09T16:14:14.846Z] [WARN] @polkadot/types-codec has multiple versions, ensure that there is only one installed.
Either remove and explicitly install matching versions or dedupe using your package manager.
The following conflicting packages were found:
	esm 12.4.2	node_modules/@polkadot/types-codec/
	esm 16.4.6	node_modules/@acala-network/chopsticks-core/node_modules/@polkadot/types-codec/
[2025-09-09T16:14:14.847Z] [WARN] @polkadot/types has multiple versions, ensure that there is only one installed.
Either remove and explicitly install matching versions or dedupe using your package manager.
The following conflicting packages were found:
	esm 12.4.2	node_modules/@polkadot/types/
	esm 16.4.6	node_modules/@acala-network/chopsticks-core/node_modules/@polkadot/types/
[2025-09-09T16:14:14.848Z] [WARN] @polkadot/types-create has multiple versions, ensure that there is only one installed.
Either remove and explicitly install matching versions or dedupe using your package manager.
The following conflicting packages were found:
	esm 12.4.2	node_modules/@polkadot/types-create/
	esm 16.4.6	node_modules/@acala-network/chopsticks-core/node_modules/@polkadot/types-create/
[2025-09-09T16:14:14.852Z] [WARN] @polkadot/rpc-provider has multiple versions, ensure that there is only one installed.
Either remove and explicitly install matching versions or dedupe using your package manager.
The following conflicting packages were found:
	esm 12.4.2	node_modules/@polkadot/rpc-provider/
	esm 16.4.6	node_modules/@acala-network/chopsticks-core/node_modules/@polkadot/rpc-provider/
[2025-09-09T16:14:15.426Z] [WARN] @polkadot/rpc-augment has multiple versions, ensure that there is only one installed.
Either remove and explicitly install matching versions or dedupe using your package manager.
The following conflicting packages were found:
	esm 12.4.2	node_modules/@polkadot/rpc-augment/
	esm 16.4.6	node_modules/@acala-network/chopsticks/node_modules/@polkadot/rpc-augment/
[2025-09-09T16:14:15.525Z] [WARN] @polkadot/api has multiple versions, ensure that there is only one installed.
Either remove and explicitly install matching versions or dedupe using your package manager.
The following conflicting packages were found:
	esm 12.4.2	node_modules/@polkadot/api/
	esm 16.4.6	node_modules/@acala-network/chopsticks/node_modules/@polkadot/api/
[2025-09-09T16:14:15.526Z] [WARN] @polkadot/rpc-provider has multiple versions, ensure that there is only one installed.
Either remove and explicitly install matching versions or dedupe using your package manager.
The following conflicting packages were found:
	esm 12.4.2	node_modules/@polkadot/rpc-provider/
	esm 16.4.6	node_modules/@acala-network/chopsticks-core/node_modules/@polkadot/rpc-provider/
	esm 16.4.6	node_modules/@acala-network/chopsticks/node_modules/@polkadot/rpc-provider/
[2025-09-09T16:14:15.526Z] [WARN] @polkadot/api-derive has multiple versions, ensure that there is only one installed.
Either remove and explicitly install matching versions or dedupe using your package manager.
The following conflicting packages were found:
	esm 12.4.2	node_modules/@polkadot/api-derive/
	esm 16.4.6	node_modules/@acala-network/chopsticks/node_modules/@polkadot/api-derive/
[2025-09-09T16:14:15.526Z] [WARN] @polkadot/rpc-core has multiple versions, ensure that there is only one installed.
Either remove and explicitly install matching versions or dedupe using your package manager.
The following conflicting packages were found:
	esm 12.4.2	node_modules/@polkadot/rpc-core/
	esm 16.4.6	node_modules/@acala-network/chopsticks/node_modules/@polkadot/rpc-core/
[2025-09-09T16:14:15.526Z] [WARN] @polkadot/types has multiple versions, ensure that there is only one installed.
Either remove and explicitly install matching versions or dedupe using your package manager.
The following conflicting packages were found:
	esm 12.4.2	node_modules/@polkadot/types/
	esm 16.4.6	node_modules/@acala-network/chopsticks-core/node_modules/@polkadot/types/
	esm 16.4.6	node_modules/@acala-network/chopsticks/node_modules/@polkadot/types/
[2025-09-09T16:14:15.527Z] [WARN] @polkadot/types-create has multiple versions, ensure that there is only one installed.
Either remove and explicitly install matching versions or dedupe using your package manager.
The following conflicting packages were found:
	esm 12.4.2	node_modules/@polkadot/types-create/
	esm 16.4.6	node_modules/@acala-network/chopsticks-core/node_modules/@polkadot/types-create/
	esm 16.4.6	node_modules/@acala-network/chopsticks/node_modules/@polkadot/types-create/
[2025-09-09T16:14:15.527Z] [WARN] @polkadot/types-codec has multiple versions, ensure that there is only one installed.
Either remove and explicitly install matching versions or dedupe using your package manager.
The following conflicting packages were found:
	esm 12.4.2	node_modules/@polkadot/types-codec/
	esm 16.4.6	node_modules/@acala-network/chopsticks-core/node_modules/@polkadot/types-codec/
	esm 16.4.6	node_modules/@acala-network/chopsticks/node_modules/@polkadot/types-codec/
[2025-09-09T16:14:15.530Z] [WARN] @polkadot/types-known has multiple versions, ensure that there is only one installed.
Either remove and explicitly install matching versions or dedupe using your package manager.
The following conflicting packages were found:
	esm 12.4.2	node_modules/@polkadot/types-known/
	esm 16.4.6	node_modules/@acala-network/chopsticks/node_modules/@polkadot/types-known/
[2025-09-09T16:14:15.532Z] [WARN] @polkadot/api has multiple versions, ensure that there is only one installed.
Either remove and explicitly install matching versions or dedupe using your package manager.
The following conflicting packages were found:
	esm 12.4.2	node_modules/@polkadot/api/
	esm 16.4.6	node_modules/@acala-network/chopsticks/node_modules/@polkadot/api/
	esm 16.4.6	node_modules/@acala-network/chopsticks-utils/node_modules/@polkadot/api/
[2025-09-09T16:14:15.533Z] [WARN] @polkadot/rpc-augment has multiple versions, ensure that there is only one installed.
Either remove and explicitly install matching versions or dedupe using your package manager.
The following conflicting packages were found:
	esm 12.4.2	node_modules/@polkadot/rpc-augment/
	esm 16.4.6	node_modules/@acala-network/chopsticks/node_modules/@polkadot/rpc-augment/
	esm 16.4.6	node_modules/@acala-network/chopsticks-utils/node_modules/@polkadot/rpc-augment/
[2025-09-09T16:14:15.533Z] [WARN] @polkadot/rpc-provider has multiple versions, ensure that there is only one installed.
Either remove and explicitly install matching versions or dedupe using your package manager.
The following conflicting packages were found:
	esm 12.4.2	node_modules/@polkadot/rpc-provider/
	esm 16.4.6	node_modules/@acala-network/chopsticks-core/node_modules/@polkadot/rpc-provider/
	esm 16.4.6	node_modules/@acala-network/chopsticks/node_modules/@polkadot/rpc-provider/
	esm 16.4.6	node_modules/@acala-network/chopsticks-utils/node_modules/@polkadot/rpc-provider/
[2025-09-09T16:14:15.533Z] [WARN] @polkadot/api-derive has multiple versions, ensure that there is only one installed.
Either remove and explicitly install matching versions or dedupe using your package manager.
The following conflicting packages were found:
	esm 12.4.2	node_modules/@polkadot/api-derive/
	esm 16.4.6	node_modules/@acala-network/chopsticks/node_modules/@polkadot/api-derive/
	esm 16.4.6	node_modules/@acala-network/chopsticks-utils/node_modules/@polkadot/api-derive/
[2025-09-09T16:14:15.533Z] [WARN] @polkadot/rpc-core has multiple versions, ensure that there is only one installed.
Either remove and explicitly install matching versions or dedupe using your package manager.
The following conflicting packages were found:
	esm 12.4.2	node_modules/@polkadot/rpc-core/
	esm 16.4.6	node_modules/@acala-network/chopsticks/node_modules/@polkadot/rpc-core/
	esm 16.4.6	node_modules/@acala-network/chopsticks-utils/node_modules/@polkadot/rpc-core/
[2025-09-09T16:14:15.533Z] [WARN] @polkadot/types has multiple versions, ensure that there is only one installed.
Either remove and explicitly install matching versions or dedupe using your package manager.
The following conflicting packages were found:
	esm 12.4.2	node_modules/@polkadot/types/
	esm 16.4.6	node_modules/@acala-network/chopsticks-core/node_modules/@polkadot/types/
	esm 16.4.6	node_modules/@acala-network/chopsticks/node_modules/@polkadot/types/
	esm 16.4.6	node_modules/@acala-network/chopsticks-utils/node_modules/@polkadot/types/
[2025-09-09T16:14:15.534Z] [WARN] @polkadot/types-create has multiple versions, ensure that there is only one installed.
Either remove and explicitly install matching versions or dedupe using your package manager.
The following conflicting packages were found:
	esm 12.4.2	node_modules/@polkadot/types-create/
	esm 16.4.6	node_modules/@acala-network/chopsticks-core/node_modules/@polkadot/types-create/
	esm 16.4.6	node_modules/@acala-network/chopsticks/node_modules/@polkadot/types-create/
	esm 16.4.6	node_modules/@acala-network/chopsticks-utils/node_modules/@polkadot/types-create/
[2025-09-09T16:14:15.534Z] [WARN] @polkadot/types-codec has multiple versions, ensure that there is only one installed.
Either remove and explicitly install matching versions or dedupe using your package manager.
The following conflicting packages were found:
	esm 12.4.2	node_modules/@polkadot/types-codec/
	esm 16.4.6	node_modules/@acala-network/chopsticks-core/node_modules/@polkadot/types-codec/
	esm 16.4.6	node_modules/@acala-network/chopsticks/node_modules/@polkadot/types-codec/
	esm 16.4.6	node_modules/@acala-network/chopsticks-utils/node_modules/@polkadot/types-codec/
[2025-09-09T16:14:15.536Z] [WARN] @polkadot/types-known has multiple versions, ensure that there is only one installed.
Either remove and explicitly install matching versions or dedupe using your package manager.
The following conflicting packages were found:
	esm 12.4.2	node_modules/@polkadot/types-known/
	esm 16.4.6	node_modules/@acala-network/chopsticks/node_modules/@polkadot/types-known/
	esm 16.4.6	node_modules/@acala-network/chopsticks-utils/node_modules/@polkadot/types-known/
[2025-09-09T16:14:15.543Z] [LOG] [dotenv@17.2.1] injecting env (0) from .env -- tip: ⚙️  override existing env vars with { override: true }
[2025-09-09T16:14:17.558Z] [LOG] Setting up AssetHub network with options: {
  "runtimeLogLevel": 5,
  "blockNumber": 9651100,
  "port": 8001,
  "endpoint": [
    "wss://polkadot-asset-hub-rpc.polkadot.io"
  ],
  "db": "assethub-db.sqlite",
  "processQueuedMessages": true
}
[2025-09-09T16:14:19.644Z] [LOG] assetHub.url "ws://[::]:8001"
[2025-09-09T16:14:20.983Z] [LOG] start assetHub newblockNumber
[2025-09-09T16:14:23.584Z] [LOG] end assetHub newblockNumber
[2025-09-09T16:14:23.597Z] [LOG] blockNumber 9651101
[2025-09-09T16:14:23.597Z] [LOG] before assetHub newblockNumber
[2025-09-09T16:14:24.038Z] [LOG] Transaction status: Ready
[2025-09-09T16:14:24.038Z] [LOG] ✅ Transaction is ready in pool
[2025-09-09T16:14:24.039Z] [LOG] Transaction status: Broadcast
[2025-09-09T16:14:25.174Z] [LOG] Transaction status: InBlock
[2025-09-09T16:14:25.175Z] [LOG] ✅ Transaction is in block
[2025-09-09T16:14:25.175Z] [LOG] ✅ Transaction successful, unsubscribing...
[2025-09-09T16:15:09.703Z] [LOG] Test setup initialized - logging to test-output.log
[2025-09-09T16:15:09.969Z] [WARN] @polkadot/types-codec has multiple versions, ensure that there is only one installed.
Either remove and explicitly install matching versions or dedupe using your package manager.
The following conflicting packages were found:
	esm 12.4.2	node_modules/@polkadot/types-codec/
	esm 16.4.6	node_modules/@acala-network/chopsticks-core/node_modules/@polkadot/types-codec/
[2025-09-09T16:15:09.970Z] [WARN] @polkadot/types has multiple versions, ensure that there is only one installed.
Either remove and explicitly install matching versions or dedupe using your package manager.
The following conflicting packages were found:
	esm 12.4.2	node_modules/@polkadot/types/
	esm 16.4.6	node_modules/@acala-network/chopsticks-core/node_modules/@polkadot/types/
[2025-09-09T16:15:09.971Z] [WARN] @polkadot/types-create has multiple versions, ensure that there is only one installed.
Either remove and explicitly install matching versions or dedupe using your package manager.
The following conflicting packages were found:
	esm 12.4.2	node_modules/@polkadot/types-create/
	esm 16.4.6	node_modules/@acala-network/chopsticks-core/node_modules/@polkadot/types-create/
[2025-09-09T16:15:09.974Z] [WARN] @polkadot/rpc-provider has multiple versions, ensure that there is only one installed.
Either remove and explicitly install matching versions or dedupe using your package manager.
The following conflicting packages were found:
	esm 12.4.2	node_modules/@polkadot/rpc-provider/
	esm 16.4.6	node_modules/@acala-network/chopsticks-core/node_modules/@polkadot/rpc-provider/
[2025-09-09T16:15:10.523Z] [WARN] @polkadot/rpc-augment has multiple versions, ensure that there is only one installed.
Either remove and explicitly install matching versions or dedupe using your package manager.
The following conflicting packages were found:
	esm 12.4.2	node_modules/@polkadot/rpc-augment/
	esm 16.4.6	node_modules/@acala-network/chopsticks/node_modules/@polkadot/rpc-augment/
[2025-09-09T16:15:10.624Z] [WARN] @polkadot/api has multiple versions, ensure that there is only one installed.
Either remove and explicitly install matching versions or dedupe using your package manager.
The following conflicting packages were found:
	esm 12.4.2	node_modules/@polkadot/api/
	esm 16.4.6	node_modules/@acala-network/chopsticks/node_modules/@polkadot/api/
[2025-09-09T16:15:10.624Z] [WARN] @polkadot/rpc-provider has multiple versions, ensure that there is only one installed.
Either remove and explicitly install matching versions or dedupe using your package manager.
The following conflicting packages were found:
	esm 12.4.2	node_modules/@polkadot/rpc-provider/
	esm 16.4.6	node_modules/@acala-network/chopsticks-core/node_modules/@polkadot/rpc-provider/
	esm 16.4.6	node_modules/@acala-network/chopsticks/node_modules/@polkadot/rpc-provider/
[2025-09-09T16:15:10.624Z] [WARN] @polkadot/api-derive has multiple versions, ensure that there is only one installed.
Either remove and explicitly install matching versions or dedupe using your package manager.
The following conflicting packages were found:
	esm 12.4.2	node_modules/@polkadot/api-derive/
	esm 16.4.6	node_modules/@acala-network/chopsticks/node_modules/@polkadot/api-derive/
[2025-09-09T16:15:10.625Z] [WARN] @polkadot/rpc-core has multiple versions, ensure that there is only one installed.
Either remove and explicitly install matching versions or dedupe using your package manager.
The following conflicting packages were found:
	esm 12.4.2	node_modules/@polkadot/rpc-core/
	esm 16.4.6	node_modules/@acala-network/chopsticks/node_modules/@polkadot/rpc-core/
[2025-09-09T16:15:10.625Z] [WARN] @polkadot/types has multiple versions, ensure that there is only one installed.
Either remove and explicitly install matching versions or dedupe using your package manager.
The following conflicting packages were found:
	esm 12.4.2	node_modules/@polkadot/types/
	esm 16.4.6	node_modules/@acala-network/chopsticks-core/node_modules/@polkadot/types/
	esm 16.4.6	node_modules/@acala-network/chopsticks/node_modules/@polkadot/types/
[2025-09-09T16:15:10.626Z] [WARN] @polkadot/types-create has multiple versions, ensure that there is only one installed.
Either remove and explicitly install matching versions or dedupe using your package manager.
The following conflicting packages were found:
	esm 12.4.2	node_modules/@polkadot/types-create/
	esm 16.4.6	node_modules/@acala-network/chopsticks-core/node_modules/@polkadot/types-create/
	esm 16.4.6	node_modules/@acala-network/chopsticks/node_modules/@polkadot/types-create/
[2025-09-09T16:15:10.626Z] [WARN] @polkadot/types-codec has multiple versions, ensure that there is only one installed.
Either remove and explicitly install matching versions or dedupe using your package manager.
The following conflicting packages were found:
	esm 12.4.2	node_modules/@polkadot/types-codec/
	esm 16.4.6	node_modules/@acala-network/chopsticks-core/node_modules/@polkadot/types-codec/
	esm 16.4.6	node_modules/@acala-network/chopsticks/node_modules/@polkadot/types-codec/
[2025-09-09T16:15:10.628Z] [WARN] @polkadot/types-known has multiple versions, ensure that there is only one installed.
Either remove and explicitly install matching versions or dedupe using your package manager.
The following conflicting packages were found:
	esm 12.4.2	node_modules/@polkadot/types-known/
	esm 16.4.6	node_modules/@acala-network/chopsticks/node_modules/@polkadot/types-known/
[2025-09-09T16:15:10.630Z] [WARN] @polkadot/api has multiple versions, ensure that there is only one installed.
Either remove and explicitly install matching versions or dedupe using your package manager.
The following conflicting packages were found:
	esm 12.4.2	node_modules/@polkadot/api/
	esm 16.4.6	node_modules/@acala-network/chopsticks/node_modules/@polkadot/api/
	esm 16.4.6	node_modules/@acala-network/chopsticks-utils/node_modules/@polkadot/api/
[2025-09-09T16:15:10.630Z] [WARN] @polkadot/rpc-augment has multiple versions, ensure that there is only one installed.
Either remove and explicitly install matching versions or dedupe using your package manager.
The following conflicting packages were found:
	esm 12.4.2	node_modules/@polkadot/rpc-augment/
	esm 16.4.6	node_modules/@acala-network/chopsticks/node_modules/@polkadot/rpc-augment/
	esm 16.4.6	node_modules/@acala-network/chopsticks-utils/node_modules/@polkadot/rpc-augment/
[2025-09-09T16:15:10.630Z] [WARN] @polkadot/rpc-provider has multiple versions, ensure that there is only one installed.
Either remove and explicitly install matching versions or dedupe using your package manager.
The following conflicting packages were found:
	esm 12.4.2	node_modules/@polkadot/rpc-provider/
	esm 16.4.6	node_modules/@acala-network/chopsticks-core/node_modules/@polkadot/rpc-provider/
	esm 16.4.6	node_modules/@acala-network/chopsticks/node_modules/@polkadot/rpc-provider/
	esm 16.4.6	node_modules/@acala-network/chopsticks-utils/node_modules/@polkadot/rpc-provider/
[2025-09-09T16:15:10.630Z] [WARN] @polkadot/api-derive has multiple versions, ensure that there is only one installed.
Either remove and explicitly install matching versions or dedupe using your package manager.
The following conflicting packages were found:
	esm 12.4.2	node_modules/@polkadot/api-derive/
	esm 16.4.6	node_modules/@acala-network/chopsticks/node_modules/@polkadot/api-derive/
	esm 16.4.6	node_modules/@acala-network/chopsticks-utils/node_modules/@polkadot/api-derive/
[2025-09-09T16:15:10.630Z] [WARN] @polkadot/rpc-core has multiple versions, ensure that there is only one installed.
Either remove and explicitly install matching versions or dedupe using your package manager.
The following conflicting packages were found:
	esm 12.4.2	node_modules/@polkadot/rpc-core/
	esm 16.4.6	node_modules/@acala-network/chopsticks/node_modules/@polkadot/rpc-core/
	esm 16.4.6	node_modules/@acala-network/chopsticks-utils/node_modules/@polkadot/rpc-core/
[2025-09-09T16:15:10.630Z] [WARN] @polkadot/types has multiple versions, ensure that there is only one installed.
Either remove and explicitly install matching versions or dedupe using your package manager.
The following conflicting packages were found:
	esm 12.4.2	node_modules/@polkadot/types/
	esm 16.4.6	node_modules/@acala-network/chopsticks-core/node_modules/@polkadot/types/
	esm 16.4.6	node_modules/@acala-network/chopsticks/node_modules/@polkadot/types/
	esm 16.4.6	node_modules/@acala-network/chopsticks-utils/node_modules/@polkadot/types/
[2025-09-09T16:15:10.631Z] [WARN] @polkadot/types-create has multiple versions, ensure that there is only one installed.
Either remove and explicitly install matching versions or dedupe using your package manager.
The following conflicting packages were found:
	esm 12.4.2	node_modules/@polkadot/types-create/
	esm 16.4.6	node_modules/@acala-network/chopsticks-core/node_modules/@polkadot/types-create/
	esm 16.4.6	node_modules/@acala-network/chopsticks/node_modules/@polkadot/types-create/
	esm 16.4.6	node_modules/@acala-network/chopsticks-utils/node_modules/@polkadot/types-create/
[2025-09-09T16:15:10.631Z] [WARN] @polkadot/types-codec has multiple versions, ensure that there is only one installed.
Either remove and explicitly install matching versions or dedupe using your package manager.
The following conflicting packages were found:
	esm 12.4.2	node_modules/@polkadot/types-codec/
	esm 16.4.6	node_modules/@acala-network/chopsticks-core/node_modules/@polkadot/types-codec/
	esm 16.4.6	node_modules/@acala-network/chopsticks/node_modules/@polkadot/types-codec/
	esm 16.4.6	node_modules/@acala-network/chopsticks-utils/node_modules/@polkadot/types-codec/
[2025-09-09T16:15:10.633Z] [WARN] @polkadot/types-known has multiple versions, ensure that there is only one installed.
Either remove and explicitly install matching versions or dedupe using your package manager.
The following conflicting packages were found:
	esm 12.4.2	node_modules/@polkadot/types-known/
	esm 16.4.6	node_modules/@acala-network/chopsticks/node_modules/@polkadot/types-known/
	esm 16.4.6	node_modules/@acala-network/chopsticks-utils/node_modules/@polkadot/types-known/
[2025-09-09T16:15:10.638Z] [LOG] [dotenv@17.2.1] injecting env (0) from .env -- tip: ⚙️  suppress all logs with { quiet: true }
[2025-09-09T16:15:12.633Z] [LOG] Setting up AssetHub network with options: {
  "runtimeLogLevel": 5,
  "blockNumber": 9651100,
  "port": 8001,
  "endpoint": [
    "wss://polkadot-asset-hub-rpc.polkadot.io"
  ],
  "db": "assethub-db.sqlite",
  "processQueuedMessages": true
}
[2025-09-09T16:15:14.926Z] [LOG] assetHub.url "ws://[::]:8001"
[2025-09-09T16:15:16.192Z] [LOG] start assetHub newblockNumber
[2025-09-09T16:15:18.766Z] [LOG] end assetHub newblockNumber
[2025-09-09T16:15:18.779Z] [LOG] blockNumber 9651101
[2025-09-09T16:15:18.779Z] [LOG] before assetHub newblockNumber
[2025-09-09T16:15:19.199Z] [LOG] Transaction status: Ready
[2025-09-09T16:15:19.200Z] [LOG] ✅ Transaction is ready in pool
[2025-09-09T16:15:19.200Z] [LOG] Transaction status: Broadcast
[2025-09-09T16:15:20.376Z] [LOG] Transaction status: InBlock
[2025-09-09T16:15:20.376Z] [LOG] ✅ Transaction is in block
[2025-09-09T16:15:20.376Z] [LOG] ✅ Transaction successful, unsubscribing...
[2025-09-09T16:15:22.634Z] [LOG] Test setup initialized - logging to test-output.log
[2025-09-09T16:15:22.855Z] [WARN] @polkadot/types-codec has multiple versions, ensure that there is only one installed.
Either remove and explicitly install matching versions or dedupe using your package manager.
The following conflicting packages were found:
	esm 12.4.2	node_modules/@polkadot/types-codec/
	esm 16.4.6	node_modules/@acala-network/chopsticks-core/node_modules/@polkadot/types-codec/
[2025-09-09T16:15:22.856Z] [WARN] @polkadot/types has multiple versions, ensure that there is only one installed.
Either remove and explicitly install matching versions or dedupe using your package manager.
The following conflicting packages were found:
	esm 12.4.2	node_modules/@polkadot/types/
	esm 16.4.6	node_modules/@acala-network/chopsticks-core/node_modules/@polkadot/types/
[2025-09-09T16:15:22.857Z] [WARN] @polkadot/types-create has multiple versions, ensure that there is only one installed.
Either remove and explicitly install matching versions or dedupe using your package manager.
The following conflicting packages were found:
	esm 12.4.2	node_modules/@polkadot/types-create/
	esm 16.4.6	node_modules/@acala-network/chopsticks-core/node_modules/@polkadot/types-create/
[2025-09-09T16:15:22.862Z] [WARN] @polkadot/rpc-provider has multiple versions, ensure that there is only one installed.
Either remove and explicitly install matching versions or dedupe using your package manager.
The following conflicting packages were found:
	esm 12.4.2	node_modules/@polkadot/rpc-provider/
	esm 16.4.6	node_modules/@acala-network/chopsticks-core/node_modules/@polkadot/rpc-provider/
[2025-09-09T16:15:23.465Z] [WARN] @polkadot/rpc-augment has multiple versions, ensure that there is only one installed.
Either remove and explicitly install matching versions or dedupe using your package manager.
The following conflicting packages were found:
	esm 12.4.2	node_modules/@polkadot/rpc-augment/
	esm 16.4.6	node_modules/@acala-network/chopsticks/node_modules/@polkadot/rpc-augment/
[2025-09-09T16:15:23.563Z] [WARN] @polkadot/api has multiple versions, ensure that there is only one installed.
Either remove and explicitly install matching versions or dedupe using your package manager.
The following conflicting packages were found:
	esm 12.4.2	node_modules/@polkadot/api/
	esm 16.4.6	node_modules/@acala-network/chopsticks/node_modules/@polkadot/api/
[2025-09-09T16:15:23.563Z] [WARN] @polkadot/rpc-provider has multiple versions, ensure that there is only one installed.
Either remove and explicitly install matching versions or dedupe using your package manager.
The following conflicting packages were found:
	esm 12.4.2	node_modules/@polkadot/rpc-provider/
	esm 16.4.6	node_modules/@acala-network/chopsticks-core/node_modules/@polkadot/rpc-provider/
	esm 16.4.6	node_modules/@acala-network/chopsticks/node_modules/@polkadot/rpc-provider/
[2025-09-09T16:15:23.564Z] [WARN] @polkadot/api-derive has multiple versions, ensure that there is only one installed.
Either remove and explicitly install matching versions or dedupe using your package manager.
The following conflicting packages were found:
	esm 12.4.2	node_modules/@polkadot/api-derive/
	esm 16.4.6	node_modules/@acala-network/chopsticks/node_modules/@polkadot/api-derive/
[2025-09-09T16:15:23.564Z] [WARN] @polkadot/rpc-core has multiple versions, ensure that there is only one installed.
Either remove and explicitly install matching versions or dedupe using your package manager.
The following conflicting packages were found:
	esm 12.4.2	node_modules/@polkadot/rpc-core/
	esm 16.4.6	node_modules/@acala-network/chopsticks/node_modules/@polkadot/rpc-core/
[2025-09-09T16:15:23.564Z] [WARN] @polkadot/types has multiple versions, ensure that there is only one installed.
Either remove and explicitly install matching versions or dedupe using your package manager.
The following conflicting packages were found:
	esm 12.4.2	node_modules/@polkadot/types/
	esm 16.4.6	node_modules/@acala-network/chopsticks-core/node_modules/@polkadot/types/
	esm 16.4.6	node_modules/@acala-network/chopsticks/node_modules/@polkadot/types/
[2025-09-09T16:15:23.565Z] [WARN] @polkadot/types-create has multiple versions, ensure that there is only one installed.
Either remove and explicitly install matching versions or dedupe using your package manager.
The following conflicting packages were found:
	esm 12.4.2	node_modules/@polkadot/types-create/
	esm 16.4.6	node_modules/@acala-network/chopsticks-core/node_modules/@polkadot/types-create/
	esm 16.4.6	node_modules/@acala-network/chopsticks/node_modules/@polkadot/types-create/
[2025-09-09T16:15:23.565Z] [WARN] @polkadot/types-codec has multiple versions, ensure that there is only one installed.
Either remove and explicitly install matching versions or dedupe using your package manager.
The following conflicting packages were found:
	esm 12.4.2	node_modules/@polkadot/types-codec/
	esm 16.4.6	node_modules/@acala-network/chopsticks-core/node_modules/@polkadot/types-codec/
	esm 16.4.6	node_modules/@acala-network/chopsticks/node_modules/@polkadot/types-codec/
[2025-09-09T16:15:23.567Z] [WARN] @polkadot/types-known has multiple versions, ensure that there is only one installed.
Either remove and explicitly install matching versions or dedupe using your package manager.
The following conflicting packages were found:
	esm 12.4.2	node_modules/@polkadot/types-known/
	esm 16.4.6	node_modules/@acala-network/chopsticks/node_modules/@polkadot/types-known/
[2025-09-09T16:15:23.569Z] [WARN] @polkadot/api has multiple versions, ensure that there is only one installed.
Either remove and explicitly install matching versions or dedupe using your package manager.
The following conflicting packages were found:
	esm 12.4.2	node_modules/@polkadot/api/
	esm 16.4.6	node_modules/@acala-network/chopsticks/node_modules/@polkadot/api/
	esm 16.4.6	node_modules/@acala-network/chopsticks-utils/node_modules/@polkadot/api/
[2025-09-09T16:15:23.569Z] [WARN] @polkadot/rpc-augment has multiple versions, ensure that there is only one installed.
Either remove and explicitly install matching versions or dedupe using your package manager.
The following conflicting packages were found:
	esm 12.4.2	node_modules/@polkadot/rpc-augment/
	esm 16.4.6	node_modules/@acala-network/chopsticks/node_modules/@polkadot/rpc-augment/
	esm 16.4.6	node_modules/@acala-network/chopsticks-utils/node_modules/@polkadot/rpc-augment/
[2025-09-09T16:15:23.569Z] [WARN] @polkadot/rpc-provider has multiple versions, ensure that there is only one installed.
Either remove and explicitly install matching versions or dedupe using your package manager.
The following conflicting packages were found:
	esm 12.4.2	node_modules/@polkadot/rpc-provider/
	esm 16.4.6	node_modules/@acala-network/chopsticks-core/node_modules/@polkadot/rpc-provider/
	esm 16.4.6	node_modules/@acala-network/chopsticks/node_modules/@polkadot/rpc-provider/
	esm 16.4.6	node_modules/@acala-network/chopsticks-utils/node_modules/@polkadot/rpc-provider/
[2025-09-09T16:15:23.569Z] [WARN] @polkadot/api-derive has multiple versions, ensure that there is only one installed.
Either remove and explicitly install matching versions or dedupe using your package manager.
The following conflicting packages were found:
	esm 12.4.2	node_modules/@polkadot/api-derive/
	esm 16.4.6	node_modules/@acala-network/chopsticks/node_modules/@polkadot/api-derive/
	esm 16.4.6	node_modules/@acala-network/chopsticks-utils/node_modules/@polkadot/api-derive/
[2025-09-09T16:15:23.570Z] [WARN] @polkadot/rpc-core has multiple versions, ensure that there is only one installed.
Either remove and explicitly install matching versions or dedupe using your package manager.
The following conflicting packages were found:
	esm 12.4.2	node_modules/@polkadot/rpc-core/
	esm 16.4.6	node_modules/@acala-network/chopsticks/node_modules/@polkadot/rpc-core/
	esm 16.4.6	node_modules/@acala-network/chopsticks-utils/node_modules/@polkadot/rpc-core/
[2025-09-09T16:15:23.570Z] [WARN] @polkadot/types has multiple versions, ensure that there is only one installed.
Either remove and explicitly install matching versions or dedupe using your package manager.
The following conflicting packages were found:
	esm 12.4.2	node_modules/@polkadot/types/
	esm 16.4.6	node_modules/@acala-network/chopsticks-core/node_modules/@polkadot/types/
	esm 16.4.6	node_modules/@acala-network/chopsticks/node_modules/@polkadot/types/
	esm 16.4.6	node_modules/@acala-network/chopsticks-utils/node_modules/@polkadot/types/
[2025-09-09T16:15:23.570Z] [WARN] @polkadot/types-create has multiple versions, ensure that there is only one installed.
Either remove and explicitly install matching versions or dedupe using your package manager.
The following conflicting packages were found:
	esm 12.4.2	node_modules/@polkadot/types-create/
	esm 16.4.6	node_modules/@acala-network/chopsticks-core/node_modules/@polkadot/types-create/
	esm 16.4.6	node_modules/@acala-network/chopsticks/node_modules/@polkadot/types-create/
	esm 16.4.6	node_modules/@acala-network/chopsticks-utils/node_modules/@polkadot/types-create/
[2025-09-09T16:15:23.570Z] [WARN] @polkadot/types-codec has multiple versions, ensure that there is only one installed.
Either remove and explicitly install matching versions or dedupe using your package manager.
The following conflicting packages were found:
	esm 12.4.2	node_modules/@polkadot/types-codec/
	esm 16.4.6	node_modules/@acala-network/chopsticks-core/node_modules/@polkadot/types-codec/
	esm 16.4.6	node_modules/@acala-network/chopsticks/node_modules/@polkadot/types-codec/
	esm 16.4.6	node_modules/@acala-network/chopsticks-utils/node_modules/@polkadot/types-codec/
[2025-09-09T16:15:23.572Z] [WARN] @polkadot/types-known has multiple versions, ensure that there is only one installed.
Either remove and explicitly install matching versions or dedupe using your package manager.
The following conflicting packages were found:
	esm 12.4.2	node_modules/@polkadot/types-known/
	esm 16.4.6	node_modules/@acala-network/chopsticks/node_modules/@polkadot/types-known/
	esm 16.4.6	node_modules/@acala-network/chopsticks-utils/node_modules/@polkadot/types-known/
[2025-09-09T16:15:23.578Z] [LOG] [dotenv@17.2.1] injecting env (0) from .env -- tip: 🔐 encrypt with Dotenvx: https://dotenvx.com
[2025-09-09T16:15:25.503Z] [LOG] Setting up AssetHub network with options: {
  "runtimeLogLevel": 5,
  "blockNumber": 9651100,
  "port": 8001,
  "endpoint": [
    "wss://polkadot-asset-hub-rpc.polkadot.io"
  ],
  "db": "assethub-db.sqlite",
  "processQueuedMessages": true
}
[2025-09-09T16:15:27.887Z] [LOG] assetHub.url "ws://[::]:8001"
[2025-09-09T16:15:29.318Z] [LOG] start assetHub newblockNumber
[2025-09-09T16:15:32.223Z] [LOG] end assetHub newblockNumber
[2025-09-09T16:15:32.236Z] [LOG] blockNumber 9651101
[2025-09-09T16:15:32.236Z] [LOG] before assetHub newblockNumber
[2025-09-09T16:15:32.698Z] [LOG] Transaction status: Ready
[2025-09-09T16:15:32.698Z] [LOG] ✅ Transaction is ready in pool
[2025-09-09T16:15:32.699Z] [LOG] Transaction status: Broadcast
[2025-09-09T16:15:33.915Z] [LOG] Transaction status: InBlock
[2025-09-09T16:15:33.915Z] [LOG] ✅ Transaction is in block
[2025-09-09T16:15:33.915Z] [LOG] ✅ Transaction successful, unsubscribing...
[2025-09-09T16:15:47.616Z] [LOG] Test setup initialized - logging to test-output.log
[2025-09-09T16:15:47.859Z] [WARN] @polkadot/types-codec has multiple versions, ensure that there is only one installed.
Either remove and explicitly install matching versions or dedupe using your package manager.
The following conflicting packages were found:
	esm 12.4.2	node_modules/@polkadot/types-codec/
	esm 16.4.6	node_modules/@acala-network/chopsticks-core/node_modules/@polkadot/types-codec/
[2025-09-09T16:15:47.859Z] [WARN] @polkadot/types has multiple versions, ensure that there is only one installed.
Either remove and explicitly install matching versions or dedupe using your package manager.
The following conflicting packages were found:
	esm 12.4.2	node_modules/@polkadot/types/
	esm 16.4.6	node_modules/@acala-network/chopsticks-core/node_modules/@polkadot/types/
[2025-09-09T16:15:47.860Z] [WARN] @polkadot/types-create has multiple versions, ensure that there is only one installed.
Either remove and explicitly install matching versions or dedupe using your package manager.
The following conflicting packages were found:
	esm 12.4.2	node_modules/@polkadot/types-create/
	esm 16.4.6	node_modules/@acala-network/chopsticks-core/node_modules/@polkadot/types-create/
[2025-09-09T16:15:47.864Z] [WARN] @polkadot/rpc-provider has multiple versions, ensure that there is only one installed.
Either remove and explicitly install matching versions or dedupe using your package manager.
The following conflicting packages were found:
	esm 12.4.2	node_modules/@polkadot/rpc-provider/
	esm 16.4.6	node_modules/@acala-network/chopsticks-core/node_modules/@polkadot/rpc-provider/
[2025-09-09T16:15:48.527Z] [WARN] @polkadot/rpc-augment has multiple versions, ensure that there is only one installed.
Either remove and explicitly install matching versions or dedupe using your package manager.
The following conflicting packages were found:
	esm 12.4.2	node_modules/@polkadot/rpc-augment/
	esm 16.4.6	node_modules/@acala-network/chopsticks/node_modules/@polkadot/rpc-augment/
[2025-09-09T16:15:48.701Z] [WARN] @polkadot/api has multiple versions, ensure that there is only one installed.
Either remove and explicitly install matching versions or dedupe using your package manager.
The following conflicting packages were found:
	esm 12.4.2	node_modules/@polkadot/api/
	esm 16.4.6	node_modules/@acala-network/chopsticks/node_modules/@polkadot/api/
[2025-09-09T16:15:48.702Z] [WARN] @polkadot/rpc-provider has multiple versions, ensure that there is only one installed.
Either remove and explicitly install matching versions or dedupe using your package manager.
The following conflicting packages were found:
	esm 12.4.2	node_modules/@polkadot/rpc-provider/
	esm 16.4.6	node_modules/@acala-network/chopsticks-core/node_modules/@polkadot/rpc-provider/
	esm 16.4.6	node_modules/@acala-network/chopsticks/node_modules/@polkadot/rpc-provider/
[2025-09-09T16:15:48.702Z] [WARN] @polkadot/api-derive has multiple versions, ensure that there is only one installed.
Either remove and explicitly install matching versions or dedupe using your package manager.
The following conflicting packages were found:
	esm 12.4.2	node_modules/@polkadot/api-derive/
	esm 16.4.6	node_modules/@acala-network/chopsticks/node_modules/@polkadot/api-derive/
[2025-09-09T16:15:48.702Z] [WARN] @polkadot/rpc-core has multiple versions, ensure that there is only one installed.
Either remove and explicitly install matching versions or dedupe using your package manager.
The following conflicting packages were found:
	esm 12.4.2	node_modules/@polkadot/rpc-core/
	esm 16.4.6	node_modules/@acala-network/chopsticks/node_modules/@polkadot/rpc-core/
[2025-09-09T16:15:48.702Z] [WARN] @polkadot/types has multiple versions, ensure that there is only one installed.
Either remove and explicitly install matching versions or dedupe using your package manager.
The following conflicting packages were found:
	esm 12.4.2	node_modules/@polkadot/types/
	esm 16.4.6	node_modules/@acala-network/chopsticks-core/node_modules/@polkadot/types/
	esm 16.4.6	node_modules/@acala-network/chopsticks/node_modules/@polkadot/types/
[2025-09-09T16:15:48.703Z] [WARN] @polkadot/types-create has multiple versions, ensure that there is only one installed.
Either remove and explicitly install matching versions or dedupe using your package manager.
The following conflicting packages were found:
	esm 12.4.2	node_modules/@polkadot/types-create/
	esm 16.4.6	node_modules/@acala-network/chopsticks-core/node_modules/@polkadot/types-create/
	esm 16.4.6	node_modules/@acala-network/chopsticks/node_modules/@polkadot/types-create/
[2025-09-09T16:15:48.703Z] [WARN] @polkadot/types-codec has multiple versions, ensure that there is only one installed.
Either remove and explicitly install matching versions or dedupe using your package manager.
The following conflicting packages were found:
	esm 12.4.2	node_modules/@polkadot/types-codec/
	esm 16.4.6	node_modules/@acala-network/chopsticks-core/node_modules/@polkadot/types-codec/
	esm 16.4.6	node_modules/@acala-network/chopsticks/node_modules/@polkadot/types-codec/
[2025-09-09T16:15:48.705Z] [WARN] @polkadot/types-known has multiple versions, ensure that there is only one installed.
Either remove and explicitly install matching versions or dedupe using your package manager.
The following conflicting packages were found:
	esm 12.4.2	node_modules/@polkadot/types-known/
	esm 16.4.6	node_modules/@acala-network/chopsticks/node_modules/@polkadot/types-known/
[2025-09-09T16:15:48.707Z] [WARN] @polkadot/api has multiple versions, ensure that there is only one installed.
Either remove and explicitly install matching versions or dedupe using your package manager.
The following conflicting packages were found:
	esm 12.4.2	node_modules/@polkadot/api/
	esm 16.4.6	node_modules/@acala-network/chopsticks/node_modules/@polkadot/api/
	esm 16.4.6	node_modules/@acala-network/chopsticks-utils/node_modules/@polkadot/api/
[2025-09-09T16:15:48.707Z] [WARN] @polkadot/rpc-augment has multiple versions, ensure that there is only one installed.
Either remove and explicitly install matching versions or dedupe using your package manager.
The following conflicting packages were found:
	esm 12.4.2	node_modules/@polkadot/rpc-augment/
	esm 16.4.6	node_modules/@acala-network/chopsticks/node_modules/@polkadot/rpc-augment/
	esm 16.4.6	node_modules/@acala-network/chopsticks-utils/node_modules/@polkadot/rpc-augment/
[2025-09-09T16:15:48.707Z] [WARN] @polkadot/rpc-provider has multiple versions, ensure that there is only one installed.
Either remove and explicitly install matching versions or dedupe using your package manager.
The following conflicting packages were found:
	esm 12.4.2	node_modules/@polkadot/rpc-provider/
	esm 16.4.6	node_modules/@acala-network/chopsticks-core/node_modules/@polkadot/rpc-provider/
	esm 16.4.6	node_modules/@acala-network/chopsticks/node_modules/@polkadot/rpc-provider/
	esm 16.4.6	node_modules/@acala-network/chopsticks-utils/node_modules/@polkadot/rpc-provider/
[2025-09-09T16:15:48.708Z] [WARN] @polkadot/api-derive has multiple versions, ensure that there is only one installed.
Either remove and explicitly install matching versions or dedupe using your package manager.
The following conflicting packages were found:
	esm 12.4.2	node_modules/@polkadot/api-derive/
	esm 16.4.6	node_modules/@acala-network/chopsticks/node_modules/@polkadot/api-derive/
	esm 16.4.6	node_modules/@acala-network/chopsticks-utils/node_modules/@polkadot/api-derive/
[2025-09-09T16:15:48.708Z] [WARN] @polkadot/rpc-core has multiple versions, ensure that there is only one installed.
Either remove and explicitly install matching versions or dedupe using your package manager.
The following conflicting packages were found:
	esm 12.4.2	node_modules/@polkadot/rpc-core/
	esm 16.4.6	node_modules/@acala-network/chopsticks/node_modules/@polkadot/rpc-core/
	esm 16.4.6	node_modules/@acala-network/chopsticks-utils/node_modules/@polkadot/rpc-core/
[2025-09-09T16:15:48.708Z] [WARN] @polkadot/types has multiple versions, ensure that there is only one installed.
Either remove and explicitly install matching versions or dedupe using your package manager.
The following conflicting packages were found:
	esm 12.4.2	node_modules/@polkadot/types/
	esm 16.4.6	node_modules/@acala-network/chopsticks-core/node_modules/@polkadot/types/
	esm 16.4.6	node_modules/@acala-network/chopsticks/node_modules/@polkadot/types/
	esm 16.4.6	node_modules/@acala-network/chopsticks-utils/node_modules/@polkadot/types/
[2025-09-09T16:15:48.708Z] [WARN] @polkadot/types-create has multiple versions, ensure that there is only one installed.
Either remove and explicitly install matching versions or dedupe using your package manager.
The following conflicting packages were found:
	esm 12.4.2	node_modules/@polkadot/types-create/
	esm 16.4.6	node_modules/@acala-network/chopsticks-core/node_modules/@polkadot/types-create/
	esm 16.4.6	node_modules/@acala-network/chopsticks/node_modules/@polkadot/types-create/
	esm 16.4.6	node_modules/@acala-network/chopsticks-utils/node_modules/@polkadot/types-create/
[2025-09-09T16:15:48.708Z] [WARN] @polkadot/types-codec has multiple versions, ensure that there is only one installed.
Either remove and explicitly install matching versions or dedupe using your package manager.
The following conflicting packages were found:
	esm 12.4.2	node_modules/@polkadot/types-codec/
	esm 16.4.6	node_modules/@acala-network/chopsticks-core/node_modules/@polkadot/types-codec/
	esm 16.4.6	node_modules/@acala-network/chopsticks/node_modules/@polkadot/types-codec/
	esm 16.4.6	node_modules/@acala-network/chopsticks-utils/node_modules/@polkadot/types-codec/
[2025-09-09T16:15:48.713Z] [WARN] @polkadot/types-known has multiple versions, ensure that there is only one installed.
Either remove and explicitly install matching versions or dedupe using your package manager.
The following conflicting packages were found:
	esm 12.4.2	node_modules/@polkadot/types-known/
	esm 16.4.6	node_modules/@acala-network/chopsticks/node_modules/@polkadot/types-known/
	esm 16.4.6	node_modules/@acala-network/chopsticks-utils/node_modules/@polkadot/types-known/
[2025-09-09T16:15:48.719Z] [LOG] [dotenv@17.2.1] injecting env (0) from .env -- tip: ⚙️  enable debug logging with { debug: true }
[2025-09-09T16:15:50.685Z] [LOG] Setting up AssetHub network with options: {
  "runtimeLogLevel": 5,
  "blockNumber": 9651100,
  "port": 8001,
  "endpoint": [
    "wss://polkadot-asset-hub-rpc.polkadot.io"
  ],
  "db": "assethub-db.sqlite",
  "processQueuedMessages": true
}
[2025-09-09T16:15:53.140Z] [LOG] assetHub.url "ws://[::]:8001"
[2025-09-09T16:15:53.802Z] [LOG] start assetHub newblockNumber
[2025-09-09T16:15:56.681Z] [LOG] blockNumber 9651101
[2025-09-09T16:15:56.682Z] [LOG] before assetHub newblockNumber
[2025-09-09T16:15:57.141Z] [LOG] Transaction status: Ready
[2025-09-09T16:15:57.141Z] [LOG] ✅ Transaction is ready in pool
[2025-09-09T16:15:57.142Z] [LOG] Transaction status: Broadcast
[2025-09-09T16:15:58.361Z] [LOG] Transaction status: InBlock
[2025-09-09T16:15:58.361Z] [LOG] ✅ Transaction is in block
[2025-09-09T16:15:58.361Z] [LOG] ✅ Transaction successful, unsubscribing...
[2025-09-09T16:15:59.040Z] [LOG] Test setup initialized - logging to test-output.log
[2025-09-09T16:15:59.263Z] [WARN] @polkadot/types-codec has multiple versions, ensure that there is only one installed.
Either remove and explicitly install matching versions or dedupe using your package manager.
The following conflicting packages were found:
	esm 12.4.2	node_modules/@polkadot/types-codec/
	esm 16.4.6	node_modules/@acala-network/chopsticks-core/node_modules/@polkadot/types-codec/
[2025-09-09T16:15:59.264Z] [WARN] @polkadot/types has multiple versions, ensure that there is only one installed.
Either remove and explicitly install matching versions or dedupe using your package manager.
The following conflicting packages were found:
	esm 12.4.2	node_modules/@polkadot/types/
	esm 16.4.6	node_modules/@acala-network/chopsticks-core/node_modules/@polkadot/types/
[2025-09-09T16:15:59.265Z] [WARN] @polkadot/types-create has multiple versions, ensure that there is only one installed.
Either remove and explicitly install matching versions or dedupe using your package manager.
The following conflicting packages were found:
	esm 12.4.2	node_modules/@polkadot/types-create/
	esm 16.4.6	node_modules/@acala-network/chopsticks-core/node_modules/@polkadot/types-create/
[2025-09-09T16:15:59.268Z] [WARN] @polkadot/rpc-provider has multiple versions, ensure that there is only one installed.
Either remove and explicitly install matching versions or dedupe using your package manager.
The following conflicting packages were found:
	esm 12.4.2	node_modules/@polkadot/rpc-provider/
	esm 16.4.6	node_modules/@acala-network/chopsticks-core/node_modules/@polkadot/rpc-provider/
[2025-09-09T16:15:59.828Z] [WARN] @polkadot/rpc-augment has multiple versions, ensure that there is only one installed.
Either remove and explicitly install matching versions or dedupe using your package manager.
The following conflicting packages were found:
	esm 12.4.2	node_modules/@polkadot/rpc-augment/
	esm 16.4.6	node_modules/@acala-network/chopsticks/node_modules/@polkadot/rpc-augment/
[2025-09-09T16:15:59.925Z] [WARN] @polkadot/api has multiple versions, ensure that there is only one installed.
Either remove and explicitly install matching versions or dedupe using your package manager.
The following conflicting packages were found:
	esm 12.4.2	node_modules/@polkadot/api/
	esm 16.4.6	node_modules/@acala-network/chopsticks/node_modules/@polkadot/api/
[2025-09-09T16:15:59.925Z] [WARN] @polkadot/rpc-provider has multiple versions, ensure that there is only one installed.
Either remove and explicitly install matching versions or dedupe using your package manager.
The following conflicting packages were found:
	esm 12.4.2	node_modules/@polkadot/rpc-provider/
	esm 16.4.6	node_modules/@acala-network/chopsticks-core/node_modules/@polkadot/rpc-provider/
	esm 16.4.6	node_modules/@acala-network/chopsticks/node_modules/@polkadot/rpc-provider/
[2025-09-09T16:15:59.926Z] [WARN] @polkadot/api-derive has multiple versions, ensure that there is only one installed.
Either remove and explicitly install matching versions or dedupe using your package manager.
The following conflicting packages were found:
	esm 12.4.2	node_modules/@polkadot/api-derive/
	esm 16.4.6	node_modules/@acala-network/chopsticks/node_modules/@polkadot/api-derive/
[2025-09-09T16:15:59.926Z] [WARN] @polkadot/rpc-core has multiple versions, ensure that there is only one installed.
Either remove and explicitly install matching versions or dedupe using your package manager.
The following conflicting packages were found:
	esm 12.4.2	node_modules/@polkadot/rpc-core/
	esm 16.4.6	node_modules/@acala-network/chopsticks/node_modules/@polkadot/rpc-core/
[2025-09-09T16:15:59.926Z] [WARN] @polkadot/types has multiple versions, ensure that there is only one installed.
Either remove and explicitly install matching versions or dedupe using your package manager.
The following conflicting packages were found:
	esm 12.4.2	node_modules/@polkadot/types/
	esm 16.4.6	node_modules/@acala-network/chopsticks-core/node_modules/@polkadot/types/
	esm 16.4.6	node_modules/@acala-network/chopsticks/node_modules/@polkadot/types/
[2025-09-09T16:15:59.927Z] [WARN] @polkadot/types-create has multiple versions, ensure that there is only one installed.
Either remove and explicitly install matching versions or dedupe using your package manager.
The following conflicting packages were found:
	esm 12.4.2	node_modules/@polkadot/types-create/
	esm 16.4.6	node_modules/@acala-network/chopsticks-core/node_modules/@polkadot/types-create/
	esm 16.4.6	node_modules/@acala-network/chopsticks/node_modules/@polkadot/types-create/
[2025-09-09T16:15:59.927Z] [WARN] @polkadot/types-codec has multiple versions, ensure that there is only one installed.
Either remove and explicitly install matching versions or dedupe using your package manager.
The following conflicting packages were found:
	esm 12.4.2	node_modules/@polkadot/types-codec/
	esm 16.4.6	node_modules/@acala-network/chopsticks-core/node_modules/@polkadot/types-codec/
	esm 16.4.6	node_modules/@acala-network/chopsticks/node_modules/@polkadot/types-codec/
[2025-09-09T16:15:59.929Z] [WARN] @polkadot/types-known has multiple versions, ensure that there is only one installed.
Either remove and explicitly install matching versions or dedupe using your package manager.
The following conflicting packages were found:
	esm 12.4.2	node_modules/@polkadot/types-known/
	esm 16.4.6	node_modules/@acala-network/chopsticks/node_modules/@polkadot/types-known/
[2025-09-09T16:15:59.931Z] [WARN] @polkadot/api has multiple versions, ensure that there is only one installed.
Either remove and explicitly install matching versions or dedupe using your package manager.
The following conflicting packages were found:
	esm 12.4.2	node_modules/@polkadot/api/
	esm 16.4.6	node_modules/@acala-network/chopsticks/node_modules/@polkadot/api/
	esm 16.4.6	node_modules/@acala-network/chopsticks-utils/node_modules/@polkadot/api/
[2025-09-09T16:15:59.931Z] [WARN] @polkadot/rpc-augment has multiple versions, ensure that there is only one installed.
Either remove and explicitly install matching versions or dedupe using your package manager.
The following conflicting packages were found:
	esm 12.4.2	node_modules/@polkadot/rpc-augment/
	esm 16.4.6	node_modules/@acala-network/chopsticks/node_modules/@polkadot/rpc-augment/
	esm 16.4.6	node_modules/@acala-network/chopsticks-utils/node_modules/@polkadot/rpc-augment/
[2025-09-09T16:15:59.931Z] [WARN] @polkadot/rpc-provider has multiple versions, ensure that there is only one installed.
Either remove and explicitly install matching versions or dedupe using your package manager.
The following conflicting packages were found:
	esm 12.4.2	node_modules/@polkadot/rpc-provider/
	esm 16.4.6	node_modules/@acala-network/chopsticks-core/node_modules/@polkadot/rpc-provider/
	esm 16.4.6	node_modules/@acala-network/chopsticks/node_modules/@polkadot/rpc-provider/
	esm 16.4.6	node_modules/@acala-network/chopsticks-utils/node_modules/@polkadot/rpc-provider/
[2025-09-09T16:15:59.931Z] [WARN] @polkadot/api-derive has multiple versions, ensure that there is only one installed.
Either remove and explicitly install matching versions or dedupe using your package manager.
The following conflicting packages were found:
	esm 12.4.2	node_modules/@polkadot/api-derive/
	esm 16.4.6	node_modules/@acala-network/chopsticks/node_modules/@polkadot/api-derive/
	esm 16.4.6	node_modules/@acala-network/chopsticks-utils/node_modules/@polkadot/api-derive/
[2025-09-09T16:15:59.931Z] [WARN] @polkadot/rpc-core has multiple versions, ensure that there is only one installed.
Either remove and explicitly install matching versions or dedupe using your package manager.
The following conflicting packages were found:
	esm 12.4.2	node_modules/@polkadot/rpc-core/
	esm 16.4.6	node_modules/@acala-network/chopsticks/node_modules/@polkadot/rpc-core/
	esm 16.4.6	node_modules/@acala-network/chopsticks-utils/node_modules/@polkadot/rpc-core/
[2025-09-09T16:15:59.931Z] [WARN] @polkadot/types has multiple versions, ensure that there is only one installed.
Either remove and explicitly install matching versions or dedupe using your package manager.
The following conflicting packages were found:
	esm 12.4.2	node_modules/@polkadot/types/
	esm 16.4.6	node_modules/@acala-network/chopsticks-core/node_modules/@polkadot/types/
	esm 16.4.6	node_modules/@acala-network/chopsticks/node_modules/@polkadot/types/
	esm 16.4.6	node_modules/@acala-network/chopsticks-utils/node_modules/@polkadot/types/
[2025-09-09T16:15:59.932Z] [WARN] @polkadot/types-create has multiple versions, ensure that there is only one installed.
Either remove and explicitly install matching versions or dedupe using your package manager.
The following conflicting packages were found:
	esm 12.4.2	node_modules/@polkadot/types-create/
	esm 16.4.6	node_modules/@acala-network/chopsticks-core/node_modules/@polkadot/types-create/
	esm 16.4.6	node_modules/@acala-network/chopsticks/node_modules/@polkadot/types-create/
	esm 16.4.6	node_modules/@acala-network/chopsticks-utils/node_modules/@polkadot/types-create/
[2025-09-09T16:15:59.932Z] [WARN] @polkadot/types-codec has multiple versions, ensure that there is only one installed.
Either remove and explicitly install matching versions or dedupe using your package manager.
The following conflicting packages were found:
	esm 12.4.2	node_modules/@polkadot/types-codec/
	esm 16.4.6	node_modules/@acala-network/chopsticks-core/node_modules/@polkadot/types-codec/
	esm 16.4.6	node_modules/@acala-network/chopsticks/node_modules/@polkadot/types-codec/
	esm 16.4.6	node_modules/@acala-network/chopsticks-utils/node_modules/@polkadot/types-codec/
[2025-09-09T16:15:59.936Z] [WARN] @polkadot/types-known has multiple versions, ensure that there is only one installed.
Either remove and explicitly install matching versions or dedupe using your package manager.
The following conflicting packages were found:
	esm 12.4.2	node_modules/@polkadot/types-known/
	esm 16.4.6	node_modules/@acala-network/chopsticks/node_modules/@polkadot/types-known/
	esm 16.4.6	node_modules/@acala-network/chopsticks-utils/node_modules/@polkadot/types-known/
[2025-09-09T16:15:59.942Z] [LOG] [dotenv@17.2.1] injecting env (0) from .env -- tip: 🔐 prevent building .env in docker: https://dotenvx.com/prebuild
[2025-09-09T16:16:01.894Z] [LOG] Setting up AssetHub network with options: {
  "runtimeLogLevel": 5,
  "blockNumber": 9651100,
  "port": 8001,
  "endpoint": [
    "wss://polkadot-asset-hub-rpc.polkadot.io"
  ],
  "db": "assethub-db.sqlite",
  "processQueuedMessages": true
}
[2025-09-09T16:16:03.942Z] [LOG] assetHub.url "ws://[::]:8001"
[2025-09-09T16:16:05.109Z] [LOG] start assetHub newblockNumber
[2025-09-09T16:16:07.658Z] [LOG] blockNumber 9651101
[2025-09-09T16:16:07.658Z] [LOG] before assetHub newblockNumber
[2025-09-09T16:16:08.075Z] [LOG] Transaction status: Ready
[2025-09-09T16:16:08.075Z] [LOG] ✅ Transaction is ready in pool
[2025-09-09T16:16:08.077Z] [LOG] Transaction status: Broadcast
[2025-09-09T16:16:09.205Z] [LOG] Transaction status: InBlock
[2025-09-09T16:16:09.205Z] [LOG] ✅ Transaction is in block
[2025-09-09T16:16:09.205Z] [LOG] ✅ Transaction successful, unsubscribing...
[2025-09-09T16:16:24.617Z] [LOG] Test setup initialized - logging to test-output.log
[2025-09-09T16:16:24.873Z] [WARN] @polkadot/types-codec has multiple versions, ensure that there is only one installed.
Either remove and explicitly install matching versions or dedupe using your package manager.
The following conflicting packages were found:
	esm 12.4.2	node_modules/@polkadot/types-codec/
	esm 16.4.6	node_modules/@acala-network/chopsticks-core/node_modules/@polkadot/types-codec/
[2025-09-09T16:16:24.874Z] [WARN] @polkadot/types has multiple versions, ensure that there is only one installed.
Either remove and explicitly install matching versions or dedupe using your package manager.
The following conflicting packages were found:
	esm 12.4.2	node_modules/@polkadot/types/
	esm 16.4.6	node_modules/@acala-network/chopsticks-core/node_modules/@polkadot/types/
[2025-09-09T16:16:24.875Z] [WARN] @polkadot/types-create has multiple versions, ensure that there is only one installed.
Either remove and explicitly install matching versions or dedupe using your package manager.
The following conflicting packages were found:
	esm 12.4.2	node_modules/@polkadot/types-create/
	esm 16.4.6	node_modules/@acala-network/chopsticks-core/node_modules/@polkadot/types-create/
[2025-09-09T16:16:24.880Z] [WARN] @polkadot/rpc-provider has multiple versions, ensure that there is only one installed.
Either remove and explicitly install matching versions or dedupe using your package manager.
The following conflicting packages were found:
	esm 12.4.2	node_modules/@polkadot/rpc-provider/
	esm 16.4.6	node_modules/@acala-network/chopsticks-core/node_modules/@polkadot/rpc-provider/
[2025-09-09T16:16:25.476Z] [WARN] @polkadot/rpc-augment has multiple versions, ensure that there is only one installed.
Either remove and explicitly install matching versions or dedupe using your package manager.
The following conflicting packages were found:
	esm 12.4.2	node_modules/@polkadot/rpc-augment/
	esm 16.4.6	node_modules/@acala-network/chopsticks/node_modules/@polkadot/rpc-augment/
[2025-09-09T16:16:25.583Z] [WARN] @polkadot/api has multiple versions, ensure that there is only one installed.
Either remove and explicitly install matching versions or dedupe using your package manager.
The following conflicting packages were found:
	esm 12.4.2	node_modules/@polkadot/api/
	esm 16.4.6	node_modules/@acala-network/chopsticks/node_modules/@polkadot/api/
[2025-09-09T16:16:25.584Z] [WARN] @polkadot/rpc-provider has multiple versions, ensure that there is only one installed.
Either remove and explicitly install matching versions or dedupe using your package manager.
The following conflicting packages were found:
	esm 12.4.2	node_modules/@polkadot/rpc-provider/
	esm 16.4.6	node_modules/@acala-network/chopsticks-core/node_modules/@polkadot/rpc-provider/
	esm 16.4.6	node_modules/@acala-network/chopsticks/node_modules/@polkadot/rpc-provider/
[2025-09-09T16:16:25.584Z] [WARN] @polkadot/api-derive has multiple versions, ensure that there is only one installed.
Either remove and explicitly install matching versions or dedupe using your package manager.
The following conflicting packages were found:
	esm 12.4.2	node_modules/@polkadot/api-derive/
	esm 16.4.6	node_modules/@acala-network/chopsticks/node_modules/@polkadot/api-derive/
[2025-09-09T16:16:25.584Z] [WARN] @polkadot/rpc-core has multiple versions, ensure that there is only one installed.
Either remove and explicitly install matching versions or dedupe using your package manager.
The following conflicting packages were found:
	esm 12.4.2	node_modules/@polkadot/rpc-core/
	esm 16.4.6	node_modules/@acala-network/chopsticks/node_modules/@polkadot/rpc-core/
[2025-09-09T16:16:25.584Z] [WARN] @polkadot/types has multiple versions, ensure that there is only one installed.
Either remove and explicitly install matching versions or dedupe using your package manager.
The following conflicting packages were found:
	esm 12.4.2	node_modules/@polkadot/types/
	esm 16.4.6	node_modules/@acala-network/chopsticks-core/node_modules/@polkadot/types/
	esm 16.4.6	node_modules/@acala-network/chopsticks/node_modules/@polkadot/types/
[2025-09-09T16:16:25.585Z] [WARN] @polkadot/types-create has multiple versions, ensure that there is only one installed.
Either remove and explicitly install matching versions or dedupe using your package manager.
The following conflicting packages were found:
	esm 12.4.2	node_modules/@polkadot/types-create/
	esm 16.4.6	node_modules/@acala-network/chopsticks-core/node_modules/@polkadot/types-create/
	esm 16.4.6	node_modules/@acala-network/chopsticks/node_modules/@polkadot/types-create/
[2025-09-09T16:16:25.585Z] [WARN] @polkadot/types-codec has multiple versions, ensure that there is only one installed.
Either remove and explicitly install matching versions or dedupe using your package manager.
The following conflicting packages were found:
	esm 12.4.2	node_modules/@polkadot/types-codec/
	esm 16.4.6	node_modules/@acala-network/chopsticks-core/node_modules/@polkadot/types-codec/
	esm 16.4.6	node_modules/@acala-network/chopsticks/node_modules/@polkadot/types-codec/
[2025-09-09T16:16:25.588Z] [WARN] @polkadot/types-known has multiple versions, ensure that there is only one installed.
Either remove and explicitly install matching versions or dedupe using your package manager.
The following conflicting packages were found:
	esm 12.4.2	node_modules/@polkadot/types-known/
	esm 16.4.6	node_modules/@acala-network/chopsticks/node_modules/@polkadot/types-known/
[2025-09-09T16:16:25.590Z] [WARN] @polkadot/api has multiple versions, ensure that there is only one installed.
Either remove and explicitly install matching versions or dedupe using your package manager.
The following conflicting packages were found:
	esm 12.4.2	node_modules/@polkadot/api/
	esm 16.4.6	node_modules/@acala-network/chopsticks/node_modules/@polkadot/api/
	esm 16.4.6	node_modules/@acala-network/chopsticks-utils/node_modules/@polkadot/api/
[2025-09-09T16:16:25.590Z] [WARN] @polkadot/rpc-augment has multiple versions, ensure that there is only one installed.
Either remove and explicitly install matching versions or dedupe using your package manager.
The following conflicting packages were found:
	esm 12.4.2	node_modules/@polkadot/rpc-augment/
	esm 16.4.6	node_modules/@acala-network/chopsticks/node_modules/@polkadot/rpc-augment/
	esm 16.4.6	node_modules/@acala-network/chopsticks-utils/node_modules/@polkadot/rpc-augment/
[2025-09-09T16:16:25.590Z] [WARN] @polkadot/rpc-provider has multiple versions, ensure that there is only one installed.
Either remove and explicitly install matching versions or dedupe using your package manager.
The following conflicting packages were found:
	esm 12.4.2	node_modules/@polkadot/rpc-provider/
	esm 16.4.6	node_modules/@acala-network/chopsticks-core/node_modules/@polkadot/rpc-provider/
	esm 16.4.6	node_modules/@acala-network/chopsticks/node_modules/@polkadot/rpc-provider/
	esm 16.4.6	node_modules/@acala-network/chopsticks-utils/node_modules/@polkadot/rpc-provider/
[2025-09-09T16:16:25.590Z] [WARN] @polkadot/api-derive has multiple versions, ensure that there is only one installed.
Either remove and explicitly install matching versions or dedupe using your package manager.
The following conflicting packages were found:
	esm 12.4.2	node_modules/@polkadot/api-derive/
	esm 16.4.6	node_modules/@acala-network/chopsticks/node_modules/@polkadot/api-derive/
	esm 16.4.6	node_modules/@acala-network/chopsticks-utils/node_modules/@polkadot/api-derive/
[2025-09-09T16:16:25.590Z] [WARN] @polkadot/rpc-core has multiple versions, ensure that there is only one installed.
Either remove and explicitly install matching versions or dedupe using your package manager.
The following conflicting packages were found:
	esm 12.4.2	node_modules/@polkadot/rpc-core/
	esm 16.4.6	node_modules/@acala-network/chopsticks/node_modules/@polkadot/rpc-core/
	esm 16.4.6	node_modules/@acala-network/chopsticks-utils/node_modules/@polkadot/rpc-core/
[2025-09-09T16:16:25.590Z] [WARN] @polkadot/types has multiple versions, ensure that there is only one installed.
Either remove and explicitly install matching versions or dedupe using your package manager.
The following conflicting packages were found:
	esm 12.4.2	node_modules/@polkadot/types/
	esm 16.4.6	node_modules/@acala-network/chopsticks-core/node_modules/@polkadot/types/
	esm 16.4.6	node_modules/@acala-network/chopsticks/node_modules/@polkadot/types/
	esm 16.4.6	node_modules/@acala-network/chopsticks-utils/node_modules/@polkadot/types/
[2025-09-09T16:16:25.591Z] [WARN] @polkadot/types-create has multiple versions, ensure that there is only one installed.
Either remove and explicitly install matching versions or dedupe using your package manager.
The following conflicting packages were found:
	esm 12.4.2	node_modules/@polkadot/types-create/
	esm 16.4.6	node_modules/@acala-network/chopsticks-core/node_modules/@polkadot/types-create/
	esm 16.4.6	node_modules/@acala-network/chopsticks/node_modules/@polkadot/types-create/
	esm 16.4.6	node_modules/@acala-network/chopsticks-utils/node_modules/@polkadot/types-create/
[2025-09-09T16:16:25.591Z] [WARN] @polkadot/types-codec has multiple versions, ensure that there is only one installed.
Either remove and explicitly install matching versions or dedupe using your package manager.
The following conflicting packages were found:
	esm 12.4.2	node_modules/@polkadot/types-codec/
	esm 16.4.6	node_modules/@acala-network/chopsticks-core/node_modules/@polkadot/types-codec/
	esm 16.4.6	node_modules/@acala-network/chopsticks/node_modules/@polkadot/types-codec/
	esm 16.4.6	node_modules/@acala-network/chopsticks-utils/node_modules/@polkadot/types-codec/
[2025-09-09T16:16:25.593Z] [WARN] @polkadot/types-known has multiple versions, ensure that there is only one installed.
Either remove and explicitly install matching versions or dedupe using your package manager.
The following conflicting packages were found:
	esm 12.4.2	node_modules/@polkadot/types-known/
	esm 16.4.6	node_modules/@acala-network/chopsticks/node_modules/@polkadot/types-known/
	esm 16.4.6	node_modules/@acala-network/chopsticks-utils/node_modules/@polkadot/types-known/
[2025-09-09T16:16:25.599Z] [LOG] [dotenv@17.2.1] injecting env (0) from .env -- tip: 🔐 prevent building .env in docker: https://dotenvx.com/prebuild
[2025-09-09T16:16:27.580Z] [LOG] Setting up AssetHub network with options: {
  "runtimeLogLevel": 5,
  "blockNumber": 9651100,
  "port": 8001,
  "endpoint": [
    "wss://polkadot-asset-hub-rpc.polkadot.io"
  ],
  "db": "assethub-db.sqlite",
  "processQueuedMessages": true
}
[2025-09-09T16:16:29.610Z] [LOG] assetHub.url "ws://[::]:8001"
[2025-09-09T16:16:30.944Z] [LOG] start assetHub newblockNumber
[2025-09-09T16:16:33.449Z] [LOG] blockNumber 9651101
[2025-09-09T16:16:33.449Z] [LOG] before assetHub newblockNumber
[2025-09-09T16:16:33.872Z] [LOG] Transaction status: Ready
[2025-09-09T16:16:33.873Z] [LOG] ✅ Transaction is ready in pool
[2025-09-09T16:16:33.873Z] [LOG] Transaction status: Broadcast
[2025-09-09T16:16:35.006Z] [LOG] Transaction status: InBlock
[2025-09-09T16:16:35.006Z] [LOG] ✅ Transaction is in block
[2025-09-09T16:16:35.006Z] [LOG] ✅ Transaction successful, unsubscribing...
[2025-09-09T16:17:09.278Z] [LOG] Test setup initialized - logging to test-output.log
[2025-09-09T16:17:09.502Z] [WARN] @polkadot/types-codec has multiple versions, ensure that there is only one installed.
Either remove and explicitly install matching versions or dedupe using your package manager.
The following conflicting packages were found:
	esm 12.4.2	node_modules/@polkadot/types-codec/
	esm 16.4.6	node_modules/@acala-network/chopsticks-core/node_modules/@polkadot/types-codec/
[2025-09-09T16:17:09.503Z] [WARN] @polkadot/types has multiple versions, ensure that there is only one installed.
Either remove and explicitly install matching versions or dedupe using your package manager.
The following conflicting packages were found:
	esm 12.4.2	node_modules/@polkadot/types/
	esm 16.4.6	node_modules/@acala-network/chopsticks-core/node_modules/@polkadot/types/
[2025-09-09T16:17:09.504Z] [WARN] @polkadot/types-create has multiple versions, ensure that there is only one installed.
Either remove and explicitly install matching versions or dedupe using your package manager.
The following conflicting packages were found:
	esm 12.4.2	node_modules/@polkadot/types-create/
	esm 16.4.6	node_modules/@acala-network/chopsticks-core/node_modules/@polkadot/types-create/
[2025-09-09T16:17:09.507Z] [WARN] @polkadot/rpc-provider has multiple versions, ensure that there is only one installed.
Either remove and explicitly install matching versions or dedupe using your package manager.
The following conflicting packages were found:
	esm 12.4.2	node_modules/@polkadot/rpc-provider/
	esm 16.4.6	node_modules/@acala-network/chopsticks-core/node_modules/@polkadot/rpc-provider/
[2025-09-09T16:17:10.055Z] [WARN] @polkadot/rpc-augment has multiple versions, ensure that there is only one installed.
Either remove and explicitly install matching versions or dedupe using your package manager.
The following conflicting packages were found:
	esm 12.4.2	node_modules/@polkadot/rpc-augment/
	esm 16.4.6	node_modules/@acala-network/chopsticks/node_modules/@polkadot/rpc-augment/
[2025-09-09T16:17:10.217Z] [WARN] @polkadot/api has multiple versions, ensure that there is only one installed.
Either remove and explicitly install matching versions or dedupe using your package manager.
The following conflicting packages were found:
	esm 12.4.2	node_modules/@polkadot/api/
	esm 16.4.6	node_modules/@acala-network/chopsticks/node_modules/@polkadot/api/
[2025-09-09T16:17:10.217Z] [WARN] @polkadot/rpc-provider has multiple versions, ensure that there is only one installed.
Either remove and explicitly install matching versions or dedupe using your package manager.
The following conflicting packages were found:
	esm 12.4.2	node_modules/@polkadot/rpc-provider/
	esm 16.4.6	node_modules/@acala-network/chopsticks-core/node_modules/@polkadot/rpc-provider/
	esm 16.4.6	node_modules/@acala-network/chopsticks/node_modules/@polkadot/rpc-provider/
[2025-09-09T16:17:10.217Z] [WARN] @polkadot/api-derive has multiple versions, ensure that there is only one installed.
Either remove and explicitly install matching versions or dedupe using your package manager.
The following conflicting packages were found:
	esm 12.4.2	node_modules/@polkadot/api-derive/
	esm 16.4.6	node_modules/@acala-network/chopsticks/node_modules/@polkadot/api-derive/
[2025-09-09T16:17:10.218Z] [WARN] @polkadot/rpc-core has multiple versions, ensure that there is only one installed.
Either remove and explicitly install matching versions or dedupe using your package manager.
The following conflicting packages were found:
	esm 12.4.2	node_modules/@polkadot/rpc-core/
	esm 16.4.6	node_modules/@acala-network/chopsticks/node_modules/@polkadot/rpc-core/
[2025-09-09T16:17:10.218Z] [WARN] @polkadot/types has multiple versions, ensure that there is only one installed.
Either remove and explicitly install matching versions or dedupe using your package manager.
The following conflicting packages were found:
	esm 12.4.2	node_modules/@polkadot/types/
	esm 16.4.6	node_modules/@acala-network/chopsticks-core/node_modules/@polkadot/types/
	esm 16.4.6	node_modules/@acala-network/chopsticks/node_modules/@polkadot/types/
[2025-09-09T16:17:10.219Z] [WARN] @polkadot/types-create has multiple versions, ensure that there is only one installed.
Either remove and explicitly install matching versions or dedupe using your package manager.
The following conflicting packages were found:
	esm 12.4.2	node_modules/@polkadot/types-create/
	esm 16.4.6	node_modules/@acala-network/chopsticks-core/node_modules/@polkadot/types-create/
	esm 16.4.6	node_modules/@acala-network/chopsticks/node_modules/@polkadot/types-create/
[2025-09-09T16:17:10.219Z] [WARN] @polkadot/types-codec has multiple versions, ensure that there is only one installed.
Either remove and explicitly install matching versions or dedupe using your package manager.
The following conflicting packages were found:
	esm 12.4.2	node_modules/@polkadot/types-codec/
	esm 16.4.6	node_modules/@acala-network/chopsticks-core/node_modules/@polkadot/types-codec/
	esm 16.4.6	node_modules/@acala-network/chopsticks/node_modules/@polkadot/types-codec/
[2025-09-09T16:17:10.226Z] [WARN] @polkadot/types-known has multiple versions, ensure that there is only one installed.
Either remove and explicitly install matching versions or dedupe using your package manager.
The following conflicting packages were found:
	esm 12.4.2	node_modules/@polkadot/types-known/
	esm 16.4.6	node_modules/@acala-network/chopsticks/node_modules/@polkadot/types-known/
[2025-09-09T16:17:10.231Z] [WARN] @polkadot/api has multiple versions, ensure that there is only one installed.
Either remove and explicitly install matching versions or dedupe using your package manager.
The following conflicting packages were found:
	esm 12.4.2	node_modules/@polkadot/api/
	esm 16.4.6	node_modules/@acala-network/chopsticks/node_modules/@polkadot/api/
	esm 16.4.6	node_modules/@acala-network/chopsticks-utils/node_modules/@polkadot/api/
[2025-09-09T16:17:10.232Z] [WARN] @polkadot/rpc-augment has multiple versions, ensure that there is only one installed.
Either remove and explicitly install matching versions or dedupe using your package manager.
The following conflicting packages were found:
	esm 12.4.2	node_modules/@polkadot/rpc-augment/
	esm 16.4.6	node_modules/@acala-network/chopsticks/node_modules/@polkadot/rpc-augment/
	esm 16.4.6	node_modules/@acala-network/chopsticks-utils/node_modules/@polkadot/rpc-augment/
[2025-09-09T16:17:10.232Z] [WARN] @polkadot/rpc-provider has multiple versions, ensure that there is only one installed.
Either remove and explicitly install matching versions or dedupe using your package manager.
The following conflicting packages were found:
	esm 12.4.2	node_modules/@polkadot/rpc-provider/
	esm 16.4.6	node_modules/@acala-network/chopsticks-core/node_modules/@polkadot/rpc-provider/
	esm 16.4.6	node_modules/@acala-network/chopsticks/node_modules/@polkadot/rpc-provider/
	esm 16.4.6	node_modules/@acala-network/chopsticks-utils/node_modules/@polkadot/rpc-provider/
[2025-09-09T16:17:10.232Z] [WARN] @polkadot/api-derive has multiple versions, ensure that there is only one installed.
Either remove and explicitly install matching versions or dedupe using your package manager.
The following conflicting packages were found:
	esm 12.4.2	node_modules/@polkadot/api-derive/
	esm 16.4.6	node_modules/@acala-network/chopsticks/node_modules/@polkadot/api-derive/
	esm 16.4.6	node_modules/@acala-network/chopsticks-utils/node_modules/@polkadot/api-derive/
[2025-09-09T16:17:10.232Z] [WARN] @polkadot/rpc-core has multiple versions, ensure that there is only one installed.
Either remove and explicitly install matching versions or dedupe using your package manager.
The following conflicting packages were found:
	esm 12.4.2	node_modules/@polkadot/rpc-core/
	esm 16.4.6	node_modules/@acala-network/chopsticks/node_modules/@polkadot/rpc-core/
	esm 16.4.6	node_modules/@acala-network/chopsticks-utils/node_modules/@polkadot/rpc-core/
[2025-09-09T16:17:10.232Z] [WARN] @polkadot/types has multiple versions, ensure that there is only one installed.
Either remove and explicitly install matching versions or dedupe using your package manager.
The following conflicting packages were found:
	esm 12.4.2	node_modules/@polkadot/types/
	esm 16.4.6	node_modules/@acala-network/chopsticks-core/node_modules/@polkadot/types/
	esm 16.4.6	node_modules/@acala-network/chopsticks/node_modules/@polkadot/types/
	esm 16.4.6	node_modules/@acala-network/chopsticks-utils/node_modules/@polkadot/types/
[2025-09-09T16:17:10.234Z] [WARN] @polkadot/types-create has multiple versions, ensure that there is only one installed.
Either remove and explicitly install matching versions or dedupe using your package manager.
The following conflicting packages were found:
	esm 12.4.2	node_modules/@polkadot/types-create/
	esm 16.4.6	node_modules/@acala-network/chopsticks-core/node_modules/@polkadot/types-create/
	esm 16.4.6	node_modules/@acala-network/chopsticks/node_modules/@polkadot/types-create/
	esm 16.4.6	node_modules/@acala-network/chopsticks-utils/node_modules/@polkadot/types-create/
[2025-09-09T16:17:10.234Z] [WARN] @polkadot/types-codec has multiple versions, ensure that there is only one installed.
Either remove and explicitly install matching versions or dedupe using your package manager.
The following conflicting packages were found:
	esm 12.4.2	node_modules/@polkadot/types-codec/
	esm 16.4.6	node_modules/@acala-network/chopsticks-core/node_modules/@polkadot/types-codec/
	esm 16.4.6	node_modules/@acala-network/chopsticks/node_modules/@polkadot/types-codec/
	esm 16.4.6	node_modules/@acala-network/chopsticks-utils/node_modules/@polkadot/types-codec/
[2025-09-09T16:17:10.238Z] [WARN] @polkadot/types-known has multiple versions, ensure that there is only one installed.
Either remove and explicitly install matching versions or dedupe using your package manager.
The following conflicting packages were found:
	esm 12.4.2	node_modules/@polkadot/types-known/
	esm 16.4.6	node_modules/@acala-network/chopsticks/node_modules/@polkadot/types-known/
	esm 16.4.6	node_modules/@acala-network/chopsticks-utils/node_modules/@polkadot/types-known/
[2025-09-09T16:17:10.246Z] [LOG] [dotenv@17.2.1] injecting env (0) from .env -- tip: 📡 version env with Radar: https://dotenvx.com/radar
[2025-09-09T16:17:12.176Z] [LOG] Setting up AssetHub network with options: {
  "runtimeLogLevel": 5,
  "blockNumber": 9651100,
  "port": 8001,
  "endpoint": [
    "wss://polkadot-asset-hub-rpc.polkadot.io"
  ],
  "db": "assethub-db.sqlite",
  "processQueuedMessages": true
}
[2025-09-09T16:17:14.850Z] [LOG] assetHub.url "ws://[::]:8001"
[2025-09-09T16:17:15.511Z] [LOG] start assetHub newblockNumber
[2025-09-09T16:17:18.437Z] [LOG] blockNumber 9651101
[2025-09-09T16:17:18.437Z] [LOG] before assetHub newblockNumber
[2025-09-09T16:17:18.894Z] [LOG] Transaction status: Ready
[2025-09-09T16:17:18.894Z] [LOG] ✅ Transaction is ready in pool
[2025-09-09T16:17:18.895Z] [LOG] Transaction status: Broadcast
[2025-09-09T16:17:20.126Z] [LOG] Transaction status: InBlock
[2025-09-09T16:17:20.126Z] [LOG] ✅ Transaction is in block
[2025-09-09T16:17:20.126Z] [LOG] ✅ Transaction successful, unsubscribing...
[2025-09-09T16:17:31.351Z] [LOG] Test setup initialized - logging to test-output.log
[2025-09-09T16:17:31.589Z] [WARN] @polkadot/types-codec has multiple versions, ensure that there is only one installed.
Either remove and explicitly install matching versions or dedupe using your package manager.
The following conflicting packages were found:
	esm 12.4.2	node_modules/@polkadot/types-codec/
	esm 16.4.6	node_modules/@acala-network/chopsticks-core/node_modules/@polkadot/types-codec/
[2025-09-09T16:17:31.590Z] [WARN] @polkadot/types has multiple versions, ensure that there is only one installed.
Either remove and explicitly install matching versions or dedupe using your package manager.
The following conflicting packages were found:
	esm 12.4.2	node_modules/@polkadot/types/
	esm 16.4.6	node_modules/@acala-network/chopsticks-core/node_modules/@polkadot/types/
[2025-09-09T16:17:31.591Z] [WARN] @polkadot/types-create has multiple versions, ensure that there is only one installed.
Either remove and explicitly install matching versions or dedupe using your package manager.
The following conflicting packages were found:
	esm 12.4.2	node_modules/@polkadot/types-create/
	esm 16.4.6	node_modules/@acala-network/chopsticks-core/node_modules/@polkadot/types-create/
[2025-09-09T16:17:31.595Z] [WARN] @polkadot/rpc-provider has multiple versions, ensure that there is only one installed.
Either remove and explicitly install matching versions or dedupe using your package manager.
The following conflicting packages were found:
	esm 12.4.2	node_modules/@polkadot/rpc-provider/
	esm 16.4.6	node_modules/@acala-network/chopsticks-core/node_modules/@polkadot/rpc-provider/
[2025-09-09T16:17:32.201Z] [WARN] @polkadot/rpc-augment has multiple versions, ensure that there is only one installed.
Either remove and explicitly install matching versions or dedupe using your package manager.
The following conflicting packages were found:
	esm 12.4.2	node_modules/@polkadot/rpc-augment/
	esm 16.4.6	node_modules/@acala-network/chopsticks/node_modules/@polkadot/rpc-augment/
[2025-09-09T16:17:32.308Z] [WARN] @polkadot/api has multiple versions, ensure that there is only one installed.
Either remove and explicitly install matching versions or dedupe using your package manager.
The following conflicting packages were found:
	esm 12.4.2	node_modules/@polkadot/api/
	esm 16.4.6	node_modules/@acala-network/chopsticks/node_modules/@polkadot/api/
[2025-09-09T16:17:32.308Z] [WARN] @polkadot/rpc-provider has multiple versions, ensure that there is only one installed.
Either remove and explicitly install matching versions or dedupe using your package manager.
The following conflicting packages were found:
	esm 12.4.2	node_modules/@polkadot/rpc-provider/
	esm 16.4.6	node_modules/@acala-network/chopsticks-core/node_modules/@polkadot/rpc-provider/
	esm 16.4.6	node_modules/@acala-network/chopsticks/node_modules/@polkadot/rpc-provider/
[2025-09-09T16:17:32.308Z] [WARN] @polkadot/api-derive has multiple versions, ensure that there is only one installed.
Either remove and explicitly install matching versions or dedupe using your package manager.
The following conflicting packages were found:
	esm 12.4.2	node_modules/@polkadot/api-derive/
	esm 16.4.6	node_modules/@acala-network/chopsticks/node_modules/@polkadot/api-derive/
[2025-09-09T16:17:32.309Z] [WARN] @polkadot/rpc-core has multiple versions, ensure that there is only one installed.
Either remove and explicitly install matching versions or dedupe using your package manager.
The following conflicting packages were found:
	esm 12.4.2	node_modules/@polkadot/rpc-core/
	esm 16.4.6	node_modules/@acala-network/chopsticks/node_modules/@polkadot/rpc-core/
[2025-09-09T16:17:32.309Z] [WARN] @polkadot/types has multiple versions, ensure that there is only one installed.
Either remove and explicitly install matching versions or dedupe using your package manager.
The following conflicting packages were found:
	esm 12.4.2	node_modules/@polkadot/types/
	esm 16.4.6	node_modules/@acala-network/chopsticks-core/node_modules/@polkadot/types/
	esm 16.4.6	node_modules/@acala-network/chopsticks/node_modules/@polkadot/types/
[2025-09-09T16:17:32.310Z] [WARN] @polkadot/types-create has multiple versions, ensure that there is only one installed.
Either remove and explicitly install matching versions or dedupe using your package manager.
The following conflicting packages were found:
	esm 12.4.2	node_modules/@polkadot/types-create/
	esm 16.4.6	node_modules/@acala-network/chopsticks-core/node_modules/@polkadot/types-create/
	esm 16.4.6	node_modules/@acala-network/chopsticks/node_modules/@polkadot/types-create/
[2025-09-09T16:17:32.310Z] [WARN] @polkadot/types-codec has multiple versions, ensure that there is only one installed.
Either remove and explicitly install matching versions or dedupe using your package manager.
The following conflicting packages were found:
	esm 12.4.2	node_modules/@polkadot/types-codec/
	esm 16.4.6	node_modules/@acala-network/chopsticks-core/node_modules/@polkadot/types-codec/
	esm 16.4.6	node_modules/@acala-network/chopsticks/node_modules/@polkadot/types-codec/
[2025-09-09T16:17:32.312Z] [WARN] @polkadot/types-known has multiple versions, ensure that there is only one installed.
Either remove and explicitly install matching versions or dedupe using your package manager.
The following conflicting packages were found:
	esm 12.4.2	node_modules/@polkadot/types-known/
	esm 16.4.6	node_modules/@acala-network/chopsticks/node_modules/@polkadot/types-known/
[2025-09-09T16:17:32.315Z] [WARN] @polkadot/api has multiple versions, ensure that there is only one installed.
Either remove and explicitly install matching versions or dedupe using your package manager.
The following conflicting packages were found:
	esm 12.4.2	node_modules/@polkadot/api/
	esm 16.4.6	node_modules/@acala-network/chopsticks/node_modules/@polkadot/api/
	esm 16.4.6	node_modules/@acala-network/chopsticks-utils/node_modules/@polkadot/api/
[2025-09-09T16:17:32.315Z] [WARN] @polkadot/rpc-augment has multiple versions, ensure that there is only one installed.
Either remove and explicitly install matching versions or dedupe using your package manager.
The following conflicting packages were found:
	esm 12.4.2	node_modules/@polkadot/rpc-augment/
	esm 16.4.6	node_modules/@acala-network/chopsticks/node_modules/@polkadot/rpc-augment/
	esm 16.4.6	node_modules/@acala-network/chopsticks-utils/node_modules/@polkadot/rpc-augment/
[2025-09-09T16:17:32.315Z] [WARN] @polkadot/rpc-provider has multiple versions, ensure that there is only one installed.
Either remove and explicitly install matching versions or dedupe using your package manager.
The following conflicting packages were found:
	esm 12.4.2	node_modules/@polkadot/rpc-provider/
	esm 16.4.6	node_modules/@acala-network/chopsticks-core/node_modules/@polkadot/rpc-provider/
	esm 16.4.6	node_modules/@acala-network/chopsticks/node_modules/@polkadot/rpc-provider/
	esm 16.4.6	node_modules/@acala-network/chopsticks-utils/node_modules/@polkadot/rpc-provider/
[2025-09-09T16:17:32.315Z] [WARN] @polkadot/api-derive has multiple versions, ensure that there is only one installed.
Either remove and explicitly install matching versions or dedupe using your package manager.
The following conflicting packages were found:
	esm 12.4.2	node_modules/@polkadot/api-derive/
	esm 16.4.6	node_modules/@acala-network/chopsticks/node_modules/@polkadot/api-derive/
	esm 16.4.6	node_modules/@acala-network/chopsticks-utils/node_modules/@polkadot/api-derive/
[2025-09-09T16:17:32.315Z] [WARN] @polkadot/rpc-core has multiple versions, ensure that there is only one installed.
Either remove and explicitly install matching versions or dedupe using your package manager.
The following conflicting packages were found:
	esm 12.4.2	node_modules/@polkadot/rpc-core/
	esm 16.4.6	node_modules/@acala-network/chopsticks/node_modules/@polkadot/rpc-core/
	esm 16.4.6	node_modules/@acala-network/chopsticks-utils/node_modules/@polkadot/rpc-core/
[2025-09-09T16:17:32.315Z] [WARN] @polkadot/types has multiple versions, ensure that there is only one installed.
Either remove and explicitly install matching versions or dedupe using your package manager.
The following conflicting packages were found:
	esm 12.4.2	node_modules/@polkadot/types/
	esm 16.4.6	node_modules/@acala-network/chopsticks-core/node_modules/@polkadot/types/
	esm 16.4.6	node_modules/@acala-network/chopsticks/node_modules/@polkadot/types/
	esm 16.4.6	node_modules/@acala-network/chopsticks-utils/node_modules/@polkadot/types/
[2025-09-09T16:17:32.316Z] [WARN] @polkadot/types-create has multiple versions, ensure that there is only one installed.
Either remove and explicitly install matching versions or dedupe using your package manager.
The following conflicting packages were found:
	esm 12.4.2	node_modules/@polkadot/types-create/
	esm 16.4.6	node_modules/@acala-network/chopsticks-core/node_modules/@polkadot/types-create/
	esm 16.4.6	node_modules/@acala-network/chopsticks/node_modules/@polkadot/types-create/
	esm 16.4.6	node_modules/@acala-network/chopsticks-utils/node_modules/@polkadot/types-create/
[2025-09-09T16:17:32.316Z] [WARN] @polkadot/types-codec has multiple versions, ensure that there is only one installed.
Either remove and explicitly install matching versions or dedupe using your package manager.
The following conflicting packages were found:
	esm 12.4.2	node_modules/@polkadot/types-codec/
	esm 16.4.6	node_modules/@acala-network/chopsticks-core/node_modules/@polkadot/types-codec/
	esm 16.4.6	node_modules/@acala-network/chopsticks/node_modules/@polkadot/types-codec/
	esm 16.4.6	node_modules/@acala-network/chopsticks-utils/node_modules/@polkadot/types-codec/
[2025-09-09T16:17:32.318Z] [WARN] @polkadot/types-known has multiple versions, ensure that there is only one installed.
Either remove and explicitly install matching versions or dedupe using your package manager.
The following conflicting packages were found:
	esm 12.4.2	node_modules/@polkadot/types-known/
	esm 16.4.6	node_modules/@acala-network/chopsticks/node_modules/@polkadot/types-known/
	esm 16.4.6	node_modules/@acala-network/chopsticks-utils/node_modules/@polkadot/types-known/
[2025-09-09T16:17:32.326Z] [LOG] [dotenv@17.2.1] injecting env (0) from .env -- tip: ⚙️  enable debug logging with { debug: true }
[2025-09-09T16:17:34.280Z] [LOG] Setting up AssetHub network with options: {
  "runtimeLogLevel": 5,
  "blockNumber": 9651100,
  "port": 8001,
  "endpoint": [
    "wss://polkadot-asset-hub-rpc.polkadot.io"
  ],
  "db": "assethub-db.sqlite",
  "processQueuedMessages": true
}
[2025-09-09T16:17:36.373Z] [LOG] assetHub.url "ws://[::]:8001"
[2025-09-09T16:17:37.721Z] [LOG] start assetHub newblockNumber
[2025-09-09T16:17:40.901Z] [LOG] Transaction status: Ready
[2025-09-09T16:17:40.901Z] [LOG] ✅ Transaction is ready in pool
[2025-09-09T16:17:40.902Z] [LOG] Transaction status: Broadcast
[2025-09-09T16:17:42.059Z] [LOG] Transaction status: InBlock
[2025-09-09T16:17:42.059Z] [LOG] ✅ Transaction is in block
[2025-09-09T16:17:42.059Z] [LOG] ✅ Transaction successful, unsubscribing...
[2025-09-09T16:18:06.557Z] [LOG] Test setup initialized - logging to test-output.log
[2025-09-09T16:18:06.815Z] [WARN] @polkadot/types-codec has multiple versions, ensure that there is only one installed.
Either remove and explicitly install matching versions or dedupe using your package manager.
The following conflicting packages were found:
	esm 12.4.2	node_modules/@polkadot/types-codec/
	esm 16.4.6	node_modules/@acala-network/chopsticks-core/node_modules/@polkadot/types-codec/
[2025-09-09T16:18:06.816Z] [WARN] @polkadot/types has multiple versions, ensure that there is only one installed.
Either remove and explicitly install matching versions or dedupe using your package manager.
The following conflicting packages were found:
	esm 12.4.2	node_modules/@polkadot/types/
	esm 16.4.6	node_modules/@acala-network/chopsticks-core/node_modules/@polkadot/types/
[2025-09-09T16:18:06.817Z] [WARN] @polkadot/types-create has multiple versions, ensure that there is only one installed.
Either remove and explicitly install matching versions or dedupe using your package manager.
The following conflicting packages were found:
	esm 12.4.2	node_modules/@polkadot/types-create/
	esm 16.4.6	node_modules/@acala-network/chopsticks-core/node_modules/@polkadot/types-create/
[2025-09-09T16:18:06.820Z] [WARN] @polkadot/rpc-provider has multiple versions, ensure that there is only one installed.
Either remove and explicitly install matching versions or dedupe using your package manager.
The following conflicting packages were found:
	esm 12.4.2	node_modules/@polkadot/rpc-provider/
	esm 16.4.6	node_modules/@acala-network/chopsticks-core/node_modules/@polkadot/rpc-provider/
[2025-09-09T16:18:07.401Z] [WARN] @polkadot/rpc-augment has multiple versions, ensure that there is only one installed.
Either remove and explicitly install matching versions or dedupe using your package manager.
The following conflicting packages were found:
	esm 12.4.2	node_modules/@polkadot/rpc-augment/
	esm 16.4.6	node_modules/@acala-network/chopsticks/node_modules/@polkadot/rpc-augment/
[2025-09-09T16:18:07.500Z] [WARN] @polkadot/api has multiple versions, ensure that there is only one installed.
Either remove and explicitly install matching versions or dedupe using your package manager.
The following conflicting packages were found:
	esm 12.4.2	node_modules/@polkadot/api/
	esm 16.4.6	node_modules/@acala-network/chopsticks/node_modules/@polkadot/api/
[2025-09-09T16:18:07.500Z] [WARN] @polkadot/rpc-provider has multiple versions, ensure that there is only one installed.
Either remove and explicitly install matching versions or dedupe using your package manager.
The following conflicting packages were found:
	esm 12.4.2	node_modules/@polkadot/rpc-provider/
	esm 16.4.6	node_modules/@acala-network/chopsticks-core/node_modules/@polkadot/rpc-provider/
	esm 16.4.6	node_modules/@acala-network/chopsticks/node_modules/@polkadot/rpc-provider/
[2025-09-09T16:18:07.500Z] [WARN] @polkadot/api-derive has multiple versions, ensure that there is only one installed.
Either remove and explicitly install matching versions or dedupe using your package manager.
The following conflicting packages were found:
	esm 12.4.2	node_modules/@polkadot/api-derive/
	esm 16.4.6	node_modules/@acala-network/chopsticks/node_modules/@polkadot/api-derive/
[2025-09-09T16:18:07.501Z] [WARN] @polkadot/rpc-core has multiple versions, ensure that there is only one installed.
Either remove and explicitly install matching versions or dedupe using your package manager.
The following conflicting packages were found:
	esm 12.4.2	node_modules/@polkadot/rpc-core/
	esm 16.4.6	node_modules/@acala-network/chopsticks/node_modules/@polkadot/rpc-core/
[2025-09-09T16:18:07.501Z] [WARN] @polkadot/types has multiple versions, ensure that there is only one installed.
Either remove and explicitly install matching versions or dedupe using your package manager.
The following conflicting packages were found:
	esm 12.4.2	node_modules/@polkadot/types/
	esm 16.4.6	node_modules/@acala-network/chopsticks-core/node_modules/@polkadot/types/
	esm 16.4.6	node_modules/@acala-network/chopsticks/node_modules/@polkadot/types/
[2025-09-09T16:18:07.501Z] [WARN] @polkadot/types-create has multiple versions, ensure that there is only one installed.
Either remove and explicitly install matching versions or dedupe using your package manager.
The following conflicting packages were found:
	esm 12.4.2	node_modules/@polkadot/types-create/
	esm 16.4.6	node_modules/@acala-network/chopsticks-core/node_modules/@polkadot/types-create/
	esm 16.4.6	node_modules/@acala-network/chopsticks/node_modules/@polkadot/types-create/
[2025-09-09T16:18:07.502Z] [WARN] @polkadot/types-codec has multiple versions, ensure that there is only one installed.
Either remove and explicitly install matching versions or dedupe using your package manager.
The following conflicting packages were found:
	esm 12.4.2	node_modules/@polkadot/types-codec/
	esm 16.4.6	node_modules/@acala-network/chopsticks-core/node_modules/@polkadot/types-codec/
	esm 16.4.6	node_modules/@acala-network/chopsticks/node_modules/@polkadot/types-codec/
[2025-09-09T16:18:07.504Z] [WARN] @polkadot/types-known has multiple versions, ensure that there is only one installed.
Either remove and explicitly install matching versions or dedupe using your package manager.
The following conflicting packages were found:
	esm 12.4.2	node_modules/@polkadot/types-known/
	esm 16.4.6	node_modules/@acala-network/chopsticks/node_modules/@polkadot/types-known/
[2025-09-09T16:18:07.506Z] [WARN] @polkadot/api has multiple versions, ensure that there is only one installed.
Either remove and explicitly install matching versions or dedupe using your package manager.
The following conflicting packages were found:
	esm 12.4.2	node_modules/@polkadot/api/
	esm 16.4.6	node_modules/@acala-network/chopsticks/node_modules/@polkadot/api/
	esm 16.4.6	node_modules/@acala-network/chopsticks-utils/node_modules/@polkadot/api/
[2025-09-09T16:18:07.506Z] [WARN] @polkadot/rpc-augment has multiple versions, ensure that there is only one installed.
Either remove and explicitly install matching versions or dedupe using your package manager.
The following conflicting packages were found:
	esm 12.4.2	node_modules/@polkadot/rpc-augment/
	esm 16.4.6	node_modules/@acala-network/chopsticks/node_modules/@polkadot/rpc-augment/
	esm 16.4.6	node_modules/@acala-network/chopsticks-utils/node_modules/@polkadot/rpc-augment/
[2025-09-09T16:18:07.506Z] [WARN] @polkadot/rpc-provider has multiple versions, ensure that there is only one installed.
Either remove and explicitly install matching versions or dedupe using your package manager.
The following conflicting packages were found:
	esm 12.4.2	node_modules/@polkadot/rpc-provider/
	esm 16.4.6	node_modules/@acala-network/chopsticks-core/node_modules/@polkadot/rpc-provider/
	esm 16.4.6	node_modules/@acala-network/chopsticks/node_modules/@polkadot/rpc-provider/
	esm 16.4.6	node_modules/@acala-network/chopsticks-utils/node_modules/@polkadot/rpc-provider/
[2025-09-09T16:18:07.506Z] [WARN] @polkadot/api-derive has multiple versions, ensure that there is only one installed.
Either remove and explicitly install matching versions or dedupe using your package manager.
The following conflicting packages were found:
	esm 12.4.2	node_modules/@polkadot/api-derive/
	esm 16.4.6	node_modules/@acala-network/chopsticks/node_modules/@polkadot/api-derive/
	esm 16.4.6	node_modules/@acala-network/chopsticks-utils/node_modules/@polkadot/api-derive/
[2025-09-09T16:18:07.506Z] [WARN] @polkadot/rpc-core has multiple versions, ensure that there is only one installed.
Either remove and explicitly install matching versions or dedupe using your package manager.
The following conflicting packages were found:
	esm 12.4.2	node_modules/@polkadot/rpc-core/
	esm 16.4.6	node_modules/@acala-network/chopsticks/node_modules/@polkadot/rpc-core/
	esm 16.4.6	node_modules/@acala-network/chopsticks-utils/node_modules/@polkadot/rpc-core/
[2025-09-09T16:18:07.506Z] [WARN] @polkadot/types has multiple versions, ensure that there is only one installed.
Either remove and explicitly install matching versions or dedupe using your package manager.
The following conflicting packages were found:
	esm 12.4.2	node_modules/@polkadot/types/
	esm 16.4.6	node_modules/@acala-network/chopsticks-core/node_modules/@polkadot/types/
	esm 16.4.6	node_modules/@acala-network/chopsticks/node_modules/@polkadot/types/
	esm 16.4.6	node_modules/@acala-network/chopsticks-utils/node_modules/@polkadot/types/
[2025-09-09T16:18:07.507Z] [WARN] @polkadot/types-create has multiple versions, ensure that there is only one installed.
Either remove and explicitly install matching versions or dedupe using your package manager.
The following conflicting packages were found:
	esm 12.4.2	node_modules/@polkadot/types-create/
	esm 16.4.6	node_modules/@acala-network/chopsticks-core/node_modules/@polkadot/types-create/
	esm 16.4.6	node_modules/@acala-network/chopsticks/node_modules/@polkadot/types-create/
	esm 16.4.6	node_modules/@acala-network/chopsticks-utils/node_modules/@polkadot/types-create/
[2025-09-09T16:18:07.507Z] [WARN] @polkadot/types-codec has multiple versions, ensure that there is only one installed.
Either remove and explicitly install matching versions or dedupe using your package manager.
The following conflicting packages were found:
	esm 12.4.2	node_modules/@polkadot/types-codec/
	esm 16.4.6	node_modules/@acala-network/chopsticks-core/node_modules/@polkadot/types-codec/
	esm 16.4.6	node_modules/@acala-network/chopsticks/node_modules/@polkadot/types-codec/
	esm 16.4.6	node_modules/@acala-network/chopsticks-utils/node_modules/@polkadot/types-codec/
[2025-09-09T16:18:07.509Z] [WARN] @polkadot/types-known has multiple versions, ensure that there is only one installed.
Either remove and explicitly install matching versions or dedupe using your package manager.
The following conflicting packages were found:
	esm 12.4.2	node_modules/@polkadot/types-known/
	esm 16.4.6	node_modules/@acala-network/chopsticks/node_modules/@polkadot/types-known/
	esm 16.4.6	node_modules/@acala-network/chopsticks-utils/node_modules/@polkadot/types-known/
[2025-09-09T16:18:07.514Z] [LOG] [dotenv@17.2.1] injecting env (0) from .env -- tip: ⚙️  suppress all logs with { quiet: true }
[2025-09-09T16:18:09.545Z] [LOG] Setting up AssetHub network with options: {
  "runtimeLogLevel": 5,
  "blockNumber": 9651100,
  "port": 8001,
  "endpoint": [
    "wss://polkadot-asset-hub-rpc.polkadot.io"
  ],
  "db": "assethub-db.sqlite",
  "processQueuedMessages": true
}
[2025-09-09T16:18:11.598Z] [LOG] assetHub.url "ws://[::]:8001"
[2025-09-09T16:18:12.996Z] [LOG] start assetHub newblockNumber
[2025-09-09T16:18:16.100Z] [LOG] Transaction status: Ready
[2025-09-09T16:18:16.101Z] [LOG] ✅ Transaction is ready in pool
[2025-09-09T16:18:16.101Z] [LOG] Transaction status: Broadcast
[2025-09-09T16:18:37.406Z] [LOG] Test setup initialized - logging to test-output.log
[2025-09-09T16:18:37.639Z] [WARN] @polkadot/types-codec has multiple versions, ensure that there is only one installed.
Either remove and explicitly install matching versions or dedupe using your package manager.
The following conflicting packages were found:
	esm 12.4.2	node_modules/@polkadot/types-codec/
	esm 16.4.6	node_modules/@acala-network/chopsticks-core/node_modules/@polkadot/types-codec/
[2025-09-09T16:18:37.640Z] [WARN] @polkadot/types has multiple versions, ensure that there is only one installed.
Either remove and explicitly install matching versions or dedupe using your package manager.
The following conflicting packages were found:
	esm 12.4.2	node_modules/@polkadot/types/
	esm 16.4.6	node_modules/@acala-network/chopsticks-core/node_modules/@polkadot/types/
[2025-09-09T16:18:37.641Z] [WARN] @polkadot/types-create has multiple versions, ensure that there is only one installed.
Either remove and explicitly install matching versions or dedupe using your package manager.
The following conflicting packages were found:
	esm 12.4.2	node_modules/@polkadot/types-create/
	esm 16.4.6	node_modules/@acala-network/chopsticks-core/node_modules/@polkadot/types-create/
[2025-09-09T16:18:37.644Z] [WARN] @polkadot/rpc-provider has multiple versions, ensure that there is only one installed.
Either remove and explicitly install matching versions or dedupe using your package manager.
The following conflicting packages were found:
	esm 12.4.2	node_modules/@polkadot/rpc-provider/
	esm 16.4.6	node_modules/@acala-network/chopsticks-core/node_modules/@polkadot/rpc-provider/
[2025-09-09T16:18:38.245Z] [WARN] @polkadot/rpc-augment has multiple versions, ensure that there is only one installed.
Either remove and explicitly install matching versions or dedupe using your package manager.
The following conflicting packages were found:
	esm 12.4.2	node_modules/@polkadot/rpc-augment/
	esm 16.4.6	node_modules/@acala-network/chopsticks/node_modules/@polkadot/rpc-augment/
[2025-09-09T16:18:38.354Z] [WARN] @polkadot/api has multiple versions, ensure that there is only one installed.
Either remove and explicitly install matching versions or dedupe using your package manager.
The following conflicting packages were found:
	esm 12.4.2	node_modules/@polkadot/api/
	esm 16.4.6	node_modules/@acala-network/chopsticks/node_modules/@polkadot/api/
[2025-09-09T16:18:38.355Z] [WARN] @polkadot/rpc-provider has multiple versions, ensure that there is only one installed.
Either remove and explicitly install matching versions or dedupe using your package manager.
The following conflicting packages were found:
	esm 12.4.2	node_modules/@polkadot/rpc-provider/
	esm 16.4.6	node_modules/@acala-network/chopsticks-core/node_modules/@polkadot/rpc-provider/
	esm 16.4.6	node_modules/@acala-network/chopsticks/node_modules/@polkadot/rpc-provider/
[2025-09-09T16:18:38.355Z] [WARN] @polkadot/api-derive has multiple versions, ensure that there is only one installed.
Either remove and explicitly install matching versions or dedupe using your package manager.
The following conflicting packages were found:
	esm 12.4.2	node_modules/@polkadot/api-derive/
	esm 16.4.6	node_modules/@acala-network/chopsticks/node_modules/@polkadot/api-derive/
[2025-09-09T16:18:38.355Z] [WARN] @polkadot/rpc-core has multiple versions, ensure that there is only one installed.
Either remove and explicitly install matching versions or dedupe using your package manager.
The following conflicting packages were found:
	esm 12.4.2	node_modules/@polkadot/rpc-core/
	esm 16.4.6	node_modules/@acala-network/chopsticks/node_modules/@polkadot/rpc-core/
[2025-09-09T16:18:38.355Z] [WARN] @polkadot/types has multiple versions, ensure that there is only one installed.
Either remove and explicitly install matching versions or dedupe using your package manager.
The following conflicting packages were found:
	esm 12.4.2	node_modules/@polkadot/types/
	esm 16.4.6	node_modules/@acala-network/chopsticks-core/node_modules/@polkadot/types/
	esm 16.4.6	node_modules/@acala-network/chopsticks/node_modules/@polkadot/types/
[2025-09-09T16:18:38.357Z] [WARN] @polkadot/types-create has multiple versions, ensure that there is only one installed.
Either remove and explicitly install matching versions or dedupe using your package manager.
The following conflicting packages were found:
	esm 12.4.2	node_modules/@polkadot/types-create/
	esm 16.4.6	node_modules/@acala-network/chopsticks-core/node_modules/@polkadot/types-create/
	esm 16.4.6	node_modules/@acala-network/chopsticks/node_modules/@polkadot/types-create/
[2025-09-09T16:18:38.358Z] [WARN] @polkadot/types-codec has multiple versions, ensure that there is only one installed.
Either remove and explicitly install matching versions or dedupe using your package manager.
The following conflicting packages were found:
	esm 12.4.2	node_modules/@polkadot/types-codec/
	esm 16.4.6	node_modules/@acala-network/chopsticks-core/node_modules/@polkadot/types-codec/
	esm 16.4.6	node_modules/@acala-network/chopsticks/node_modules/@polkadot/types-codec/
[2025-09-09T16:18:38.363Z] [WARN] @polkadot/types-known has multiple versions, ensure that there is only one installed.
Either remove and explicitly install matching versions or dedupe using your package manager.
The following conflicting packages were found:
	esm 12.4.2	node_modules/@polkadot/types-known/
	esm 16.4.6	node_modules/@acala-network/chopsticks/node_modules/@polkadot/types-known/
[2025-09-09T16:18:38.365Z] [WARN] @polkadot/api has multiple versions, ensure that there is only one installed.
Either remove and explicitly install matching versions or dedupe using your package manager.
The following conflicting packages were found:
	esm 12.4.2	node_modules/@polkadot/api/
	esm 16.4.6	node_modules/@acala-network/chopsticks/node_modules/@polkadot/api/
	esm 16.4.6	node_modules/@acala-network/chopsticks-utils/node_modules/@polkadot/api/
[2025-09-09T16:18:38.365Z] [WARN] @polkadot/rpc-augment has multiple versions, ensure that there is only one installed.
Either remove and explicitly install matching versions or dedupe using your package manager.
The following conflicting packages were found:
	esm 12.4.2	node_modules/@polkadot/rpc-augment/
	esm 16.4.6	node_modules/@acala-network/chopsticks/node_modules/@polkadot/rpc-augment/
	esm 16.4.6	node_modules/@acala-network/chopsticks-utils/node_modules/@polkadot/rpc-augment/
[2025-09-09T16:18:38.365Z] [WARN] @polkadot/rpc-provider has multiple versions, ensure that there is only one installed.
Either remove and explicitly install matching versions or dedupe using your package manager.
The following conflicting packages were found:
	esm 12.4.2	node_modules/@polkadot/rpc-provider/
	esm 16.4.6	node_modules/@acala-network/chopsticks-core/node_modules/@polkadot/rpc-provider/
	esm 16.4.6	node_modules/@acala-network/chopsticks/node_modules/@polkadot/rpc-provider/
	esm 16.4.6	node_modules/@acala-network/chopsticks-utils/node_modules/@polkadot/rpc-provider/
[2025-09-09T16:18:38.366Z] [WARN] @polkadot/api-derive has multiple versions, ensure that there is only one installed.
Either remove and explicitly install matching versions or dedupe using your package manager.
The following conflicting packages were found:
	esm 12.4.2	node_modules/@polkadot/api-derive/
	esm 16.4.6	node_modules/@acala-network/chopsticks/node_modules/@polkadot/api-derive/
	esm 16.4.6	node_modules/@acala-network/chopsticks-utils/node_modules/@polkadot/api-derive/
[2025-09-09T16:18:38.366Z] [WARN] @polkadot/rpc-core has multiple versions, ensure that there is only one installed.
Either remove and explicitly install matching versions or dedupe using your package manager.
The following conflicting packages were found:
	esm 12.4.2	node_modules/@polkadot/rpc-core/
	esm 16.4.6	node_modules/@acala-network/chopsticks/node_modules/@polkadot/rpc-core/
	esm 16.4.6	node_modules/@acala-network/chopsticks-utils/node_modules/@polkadot/rpc-core/
[2025-09-09T16:18:38.366Z] [WARN] @polkadot/types has multiple versions, ensure that there is only one installed.
Either remove and explicitly install matching versions or dedupe using your package manager.
The following conflicting packages were found:
	esm 12.4.2	node_modules/@polkadot/types/
	esm 16.4.6	node_modules/@acala-network/chopsticks-core/node_modules/@polkadot/types/
	esm 16.4.6	node_modules/@acala-network/chopsticks/node_modules/@polkadot/types/
	esm 16.4.6	node_modules/@acala-network/chopsticks-utils/node_modules/@polkadot/types/
[2025-09-09T16:18:38.366Z] [WARN] @polkadot/types-create has multiple versions, ensure that there is only one installed.
Either remove and explicitly install matching versions or dedupe using your package manager.
The following conflicting packages were found:
	esm 12.4.2	node_modules/@polkadot/types-create/
	esm 16.4.6	node_modules/@acala-network/chopsticks-core/node_modules/@polkadot/types-create/
	esm 16.4.6	node_modules/@acala-network/chopsticks/node_modules/@polkadot/types-create/
	esm 16.4.6	node_modules/@acala-network/chopsticks-utils/node_modules/@polkadot/types-create/
[2025-09-09T16:18:38.367Z] [WARN] @polkadot/types-codec has multiple versions, ensure that there is only one installed.
Either remove and explicitly install matching versions or dedupe using your package manager.
The following conflicting packages were found:
	esm 12.4.2	node_modules/@polkadot/types-codec/
	esm 16.4.6	node_modules/@acala-network/chopsticks-core/node_modules/@polkadot/types-codec/
	esm 16.4.6	node_modules/@acala-network/chopsticks/node_modules/@polkadot/types-codec/
	esm 16.4.6	node_modules/@acala-network/chopsticks-utils/node_modules/@polkadot/types-codec/
[2025-09-09T16:18:38.369Z] [WARN] @polkadot/types-known has multiple versions, ensure that there is only one installed.
Either remove and explicitly install matching versions or dedupe using your package manager.
The following conflicting packages were found:
	esm 12.4.2	node_modules/@polkadot/types-known/
	esm 16.4.6	node_modules/@acala-network/chopsticks/node_modules/@polkadot/types-known/
	esm 16.4.6	node_modules/@acala-network/chopsticks-utils/node_modules/@polkadot/types-known/
[2025-09-09T16:18:38.379Z] [LOG] [dotenv@17.2.1] injecting env (0) from .env -- tip: ⚙️  override existing env vars with { override: true }
[2025-09-09T16:18:40.324Z] [LOG] Setting up AssetHub network with options: {
  "runtimeLogLevel": 5,
  "blockNumber": 9651100,
  "port": 8001,
  "endpoint": [
    "wss://polkadot-asset-hub-rpc.polkadot.io"
  ],
  "db": "assethub-db.sqlite",
  "processQueuedMessages": true
}
[2025-09-09T16:18:42.442Z] [LOG] assetHub.url "ws://[::]:8001"
[2025-09-09T16:18:43.784Z] [LOG] start assetHub newblockNumber
[2025-09-09T16:18:46.807Z] [LOG] Transaction status: Ready
[2025-09-09T16:18:46.807Z] [LOG] ✅ Transaction is ready in pool
[2025-09-09T16:18:46.808Z] [LOG] Transaction status: Broadcast
[2025-09-09T16:18:47.963Z] [LOG] Transaction status: InBlock
[2025-09-09T16:18:47.964Z] [LOG] ✅ Transaction is in block
[2025-09-09T16:18:47.964Z] [LOG] ✅ Transaction successful, unsubscribing...
[2025-09-09T16:19:32.183Z] [LOG] Test setup initialized - logging to test-output.log
[2025-09-09T16:19:36.186Z] [LOG] Test setup initialized - logging to test-output.log
[2025-09-09T16:19:36.436Z] [WARN] @polkadot/types-codec has multiple versions, ensure that there is only one installed.
Either remove and explicitly install matching versions or dedupe using your package manager.
The following conflicting packages were found:
	esm 12.4.2	node_modules/@polkadot/types-codec/
	esm 16.4.6	node_modules/@acala-network/chopsticks-core/node_modules/@polkadot/types-codec/
[2025-09-09T16:19:36.437Z] [WARN] @polkadot/types has multiple versions, ensure that there is only one installed.
Either remove and explicitly install matching versions or dedupe using your package manager.
The following conflicting packages were found:
	esm 12.4.2	node_modules/@polkadot/types/
	esm 16.4.6	node_modules/@acala-network/chopsticks-core/node_modules/@polkadot/types/
[2025-09-09T16:19:36.438Z] [WARN] @polkadot/types-create has multiple versions, ensure that there is only one installed.
Either remove and explicitly install matching versions or dedupe using your package manager.
The following conflicting packages were found:
	esm 12.4.2	node_modules/@polkadot/types-create/
	esm 16.4.6	node_modules/@acala-network/chopsticks-core/node_modules/@polkadot/types-create/
[2025-09-09T16:19:36.441Z] [WARN] @polkadot/rpc-provider has multiple versions, ensure that there is only one installed.
Either remove and explicitly install matching versions or dedupe using your package manager.
The following conflicting packages were found:
	esm 12.4.2	node_modules/@polkadot/rpc-provider/
	esm 16.4.6	node_modules/@acala-network/chopsticks-core/node_modules/@polkadot/rpc-provider/
[2025-09-09T16:19:37.098Z] [WARN] @polkadot/rpc-augment has multiple versions, ensure that there is only one installed.
Either remove and explicitly install matching versions or dedupe using your package manager.
The following conflicting packages were found:
	esm 12.4.2	node_modules/@polkadot/rpc-augment/
	esm 16.4.6	node_modules/@acala-network/chopsticks/node_modules/@polkadot/rpc-augment/
[2025-09-09T16:19:37.205Z] [WARN] @polkadot/api has multiple versions, ensure that there is only one installed.
Either remove and explicitly install matching versions or dedupe using your package manager.
The following conflicting packages were found:
	esm 12.4.2	node_modules/@polkadot/api/
	esm 16.4.6	node_modules/@acala-network/chopsticks/node_modules/@polkadot/api/
[2025-09-09T16:19:37.206Z] [WARN] @polkadot/rpc-provider has multiple versions, ensure that there is only one installed.
Either remove and explicitly install matching versions or dedupe using your package manager.
The following conflicting packages were found:
	esm 12.4.2	node_modules/@polkadot/rpc-provider/
	esm 16.4.6	node_modules/@acala-network/chopsticks-core/node_modules/@polkadot/rpc-provider/
	esm 16.4.6	node_modules/@acala-network/chopsticks/node_modules/@polkadot/rpc-provider/
[2025-09-09T16:19:37.206Z] [WARN] @polkadot/api-derive has multiple versions, ensure that there is only one installed.
Either remove and explicitly install matching versions or dedupe using your package manager.
The following conflicting packages were found:
	esm 12.4.2	node_modules/@polkadot/api-derive/
	esm 16.4.6	node_modules/@acala-network/chopsticks/node_modules/@polkadot/api-derive/
[2025-09-09T16:19:37.206Z] [WARN] @polkadot/rpc-core has multiple versions, ensure that there is only one installed.
Either remove and explicitly install matching versions or dedupe using your package manager.
The following conflicting packages were found:
	esm 12.4.2	node_modules/@polkadot/rpc-core/
	esm 16.4.6	node_modules/@acala-network/chopsticks/node_modules/@polkadot/rpc-core/
[2025-09-09T16:19:37.206Z] [WARN] @polkadot/types has multiple versions, ensure that there is only one installed.
Either remove and explicitly install matching versions or dedupe using your package manager.
The following conflicting packages were found:
	esm 12.4.2	node_modules/@polkadot/types/
	esm 16.4.6	node_modules/@acala-network/chopsticks-core/node_modules/@polkadot/types/
	esm 16.4.6	node_modules/@acala-network/chopsticks/node_modules/@polkadot/types/
[2025-09-09T16:19:37.207Z] [WARN] @polkadot/types-create has multiple versions, ensure that there is only one installed.
Either remove and explicitly install matching versions or dedupe using your package manager.
The following conflicting packages were found:
	esm 12.4.2	node_modules/@polkadot/types-create/
	esm 16.4.6	node_modules/@acala-network/chopsticks-core/node_modules/@polkadot/types-create/
	esm 16.4.6	node_modules/@acala-network/chopsticks/node_modules/@polkadot/types-create/
[2025-09-09T16:19:37.207Z] [WARN] @polkadot/types-codec has multiple versions, ensure that there is only one installed.
Either remove and explicitly install matching versions or dedupe using your package manager.
The following conflicting packages were found:
	esm 12.4.2	node_modules/@polkadot/types-codec/
	esm 16.4.6	node_modules/@acala-network/chopsticks-core/node_modules/@polkadot/types-codec/
	esm 16.4.6	node_modules/@acala-network/chopsticks/node_modules/@polkadot/types-codec/
[2025-09-09T16:19:37.209Z] [WARN] @polkadot/types-known has multiple versions, ensure that there is only one installed.
Either remove and explicitly install matching versions or dedupe using your package manager.
The following conflicting packages were found:
	esm 12.4.2	node_modules/@polkadot/types-known/
	esm 16.4.6	node_modules/@acala-network/chopsticks/node_modules/@polkadot/types-known/
[2025-09-09T16:19:37.212Z] [WARN] @polkadot/api has multiple versions, ensure that there is only one installed.
Either remove and explicitly install matching versions or dedupe using your package manager.
The following conflicting packages were found:
	esm 12.4.2	node_modules/@polkadot/api/
	esm 16.4.6	node_modules/@acala-network/chopsticks/node_modules/@polkadot/api/
	esm 16.4.6	node_modules/@acala-network/chopsticks-utils/node_modules/@polkadot/api/
[2025-09-09T16:19:37.212Z] [WARN] @polkadot/rpc-augment has multiple versions, ensure that there is only one installed.
Either remove and explicitly install matching versions or dedupe using your package manager.
The following conflicting packages were found:
	esm 12.4.2	node_modules/@polkadot/rpc-augment/
	esm 16.4.6	node_modules/@acala-network/chopsticks/node_modules/@polkadot/rpc-augment/
	esm 16.4.6	node_modules/@acala-network/chopsticks-utils/node_modules/@polkadot/rpc-augment/
[2025-09-09T16:19:37.212Z] [WARN] @polkadot/rpc-provider has multiple versions, ensure that there is only one installed.
Either remove and explicitly install matching versions or dedupe using your package manager.
The following conflicting packages were found:
	esm 12.4.2	node_modules/@polkadot/rpc-provider/
	esm 16.4.6	node_modules/@acala-network/chopsticks-core/node_modules/@polkadot/rpc-provider/
	esm 16.4.6	node_modules/@acala-network/chopsticks/node_modules/@polkadot/rpc-provider/
	esm 16.4.6	node_modules/@acala-network/chopsticks-utils/node_modules/@polkadot/rpc-provider/
[2025-09-09T16:19:37.212Z] [WARN] @polkadot/api-derive has multiple versions, ensure that there is only one installed.
Either remove and explicitly install matching versions or dedupe using your package manager.
The following conflicting packages were found:
	esm 12.4.2	node_modules/@polkadot/api-derive/
	esm 16.4.6	node_modules/@acala-network/chopsticks/node_modules/@polkadot/api-derive/
	esm 16.4.6	node_modules/@acala-network/chopsticks-utils/node_modules/@polkadot/api-derive/
[2025-09-09T16:19:37.212Z] [WARN] @polkadot/rpc-core has multiple versions, ensure that there is only one installed.
Either remove and explicitly install matching versions or dedupe using your package manager.
The following conflicting packages were found:
	esm 12.4.2	node_modules/@polkadot/rpc-core/
	esm 16.4.6	node_modules/@acala-network/chopsticks/node_modules/@polkadot/rpc-core/
	esm 16.4.6	node_modules/@acala-network/chopsticks-utils/node_modules/@polkadot/rpc-core/
[2025-09-09T16:19:37.212Z] [WARN] @polkadot/types has multiple versions, ensure that there is only one installed.
Either remove and explicitly install matching versions or dedupe using your package manager.
The following conflicting packages were found:
	esm 12.4.2	node_modules/@polkadot/types/
	esm 16.4.6	node_modules/@acala-network/chopsticks-core/node_modules/@polkadot/types/
	esm 16.4.6	node_modules/@acala-network/chopsticks/node_modules/@polkadot/types/
	esm 16.4.6	node_modules/@acala-network/chopsticks-utils/node_modules/@polkadot/types/
[2025-09-09T16:19:37.213Z] [WARN] @polkadot/types-create has multiple versions, ensure that there is only one installed.
Either remove and explicitly install matching versions or dedupe using your package manager.
The following conflicting packages were found:
	esm 12.4.2	node_modules/@polkadot/types-create/
	esm 16.4.6	node_modules/@acala-network/chopsticks-core/node_modules/@polkadot/types-create/
	esm 16.4.6	node_modules/@acala-network/chopsticks/node_modules/@polkadot/types-create/
	esm 16.4.6	node_modules/@acala-network/chopsticks-utils/node_modules/@polkadot/types-create/
[2025-09-09T16:19:37.213Z] [WARN] @polkadot/types-codec has multiple versions, ensure that there is only one installed.
Either remove and explicitly install matching versions or dedupe using your package manager.
The following conflicting packages were found:
	esm 12.4.2	node_modules/@polkadot/types-codec/
	esm 16.4.6	node_modules/@acala-network/chopsticks-core/node_modules/@polkadot/types-codec/
	esm 16.4.6	node_modules/@acala-network/chopsticks/node_modules/@polkadot/types-codec/
	esm 16.4.6	node_modules/@acala-network/chopsticks-utils/node_modules/@polkadot/types-codec/
[2025-09-09T16:19:37.215Z] [WARN] @polkadot/types-known has multiple versions, ensure that there is only one installed.
Either remove and explicitly install matching versions or dedupe using your package manager.
The following conflicting packages were found:
	esm 12.4.2	node_modules/@polkadot/types-known/
	esm 16.4.6	node_modules/@acala-network/chopsticks/node_modules/@polkadot/types-known/
	esm 16.4.6	node_modules/@acala-network/chopsticks-utils/node_modules/@polkadot/types-known/
[2025-09-09T16:19:37.221Z] [LOG] [dotenv@17.2.1] injecting env (0) from .env -- tip: ⚙️  enable debug logging with { debug: true }
[2025-09-09T16:19:39.416Z] [LOG] Setting up AssetHub network with options: {
  "runtimeLogLevel": 5,
  "blockNumber": 9651100,
  "port": 8001,
  "endpoint": [
    "wss://polkadot-asset-hub-rpc.polkadot.io"
  ],
  "db": "assethub-db.sqlite",
  "processQueuedMessages": true
}
[2025-09-09T16:19:41.531Z] [LOG] assetHub.url "ws://[::]:8001"
[2025-09-09T16:19:42.881Z] [LOG] start assetHub newblockNumber
[2025-09-09T16:19:46.057Z] [LOG] Transaction status: Ready
[2025-09-09T16:19:46.057Z] [LOG] ✅ Transaction is ready in pool
[2025-09-09T16:19:46.058Z] [LOG] Transaction status: Broadcast
[2025-09-09T16:19:47.200Z] [LOG] Transaction status: InBlock
[2025-09-09T16:19:47.200Z] [LOG] ✅ Transaction is in block
[2025-09-09T16:19:47.200Z] [LOG] ✅ Transaction successful, unsubscribing...
[2025-09-09T16:19:47.343Z] [LOG] === CHECKING ASSET HUB BLOCK ===
[2025-09-09T16:19:47.888Z] [LOG] Test setup initialized - logging to test-output.log
[2025-09-09T16:19:48.115Z] [WARN] @polkadot/types-codec has multiple versions, ensure that there is only one installed.
Either remove and explicitly install matching versions or dedupe using your package manager.
The following conflicting packages were found:
	esm 12.4.2	node_modules/@polkadot/types-codec/
	esm 16.4.6	node_modules/@acala-network/chopsticks-core/node_modules/@polkadot/types-codec/
[2025-09-09T16:19:48.116Z] [WARN] @polkadot/types has multiple versions, ensure that there is only one installed.
Either remove and explicitly install matching versions or dedupe using your package manager.
The following conflicting packages were found:
	esm 12.4.2	node_modules/@polkadot/types/
	esm 16.4.6	node_modules/@acala-network/chopsticks-core/node_modules/@polkadot/types/
[2025-09-09T16:19:48.117Z] [WARN] @polkadot/types-create has multiple versions, ensure that there is only one installed.
Either remove and explicitly install matching versions or dedupe using your package manager.
The following conflicting packages were found:
	esm 12.4.2	node_modules/@polkadot/types-create/
	esm 16.4.6	node_modules/@acala-network/chopsticks-core/node_modules/@polkadot/types-create/
[2025-09-09T16:19:48.120Z] [WARN] @polkadot/rpc-provider has multiple versions, ensure that there is only one installed.
Either remove and explicitly install matching versions or dedupe using your package manager.
The following conflicting packages were found:
	esm 12.4.2	node_modules/@polkadot/rpc-provider/
	esm 16.4.6	node_modules/@acala-network/chopsticks-core/node_modules/@polkadot/rpc-provider/
[2025-09-09T16:19:48.682Z] [WARN] @polkadot/rpc-augment has multiple versions, ensure that there is only one installed.
Either remove and explicitly install matching versions or dedupe using your package manager.
The following conflicting packages were found:
	esm 12.4.2	node_modules/@polkadot/rpc-augment/
	esm 16.4.6	node_modules/@acala-network/chopsticks/node_modules/@polkadot/rpc-augment/
[2025-09-09T16:19:48.782Z] [WARN] @polkadot/api has multiple versions, ensure that there is only one installed.
Either remove and explicitly install matching versions or dedupe using your package manager.
The following conflicting packages were found:
	esm 12.4.2	node_modules/@polkadot/api/
	esm 16.4.6	node_modules/@acala-network/chopsticks/node_modules/@polkadot/api/
[2025-09-09T16:19:48.782Z] [WARN] @polkadot/rpc-provider has multiple versions, ensure that there is only one installed.
Either remove and explicitly install matching versions or dedupe using your package manager.
The following conflicting packages were found:
	esm 12.4.2	node_modules/@polkadot/rpc-provider/
	esm 16.4.6	node_modules/@acala-network/chopsticks-core/node_modules/@polkadot/rpc-provider/
	esm 16.4.6	node_modules/@acala-network/chopsticks/node_modules/@polkadot/rpc-provider/
[2025-09-09T16:19:48.782Z] [WARN] @polkadot/api-derive has multiple versions, ensure that there is only one installed.
Either remove and explicitly install matching versions or dedupe using your package manager.
The following conflicting packages were found:
	esm 12.4.2	node_modules/@polkadot/api-derive/
	esm 16.4.6	node_modules/@acala-network/chopsticks/node_modules/@polkadot/api-derive/
[2025-09-09T16:19:48.782Z] [WARN] @polkadot/rpc-core has multiple versions, ensure that there is only one installed.
Either remove and explicitly install matching versions or dedupe using your package manager.
The following conflicting packages were found:
	esm 12.4.2	node_modules/@polkadot/rpc-core/
	esm 16.4.6	node_modules/@acala-network/chopsticks/node_modules/@polkadot/rpc-core/
[2025-09-09T16:19:48.783Z] [WARN] @polkadot/types has multiple versions, ensure that there is only one installed.
Either remove and explicitly install matching versions or dedupe using your package manager.
The following conflicting packages were found:
	esm 12.4.2	node_modules/@polkadot/types/
	esm 16.4.6	node_modules/@acala-network/chopsticks-core/node_modules/@polkadot/types/
	esm 16.4.6	node_modules/@acala-network/chopsticks/node_modules/@polkadot/types/
[2025-09-09T16:19:48.783Z] [WARN] @polkadot/types-create has multiple versions, ensure that there is only one installed.
Either remove and explicitly install matching versions or dedupe using your package manager.
The following conflicting packages were found:
	esm 12.4.2	node_modules/@polkadot/types-create/
	esm 16.4.6	node_modules/@acala-network/chopsticks-core/node_modules/@polkadot/types-create/
	esm 16.4.6	node_modules/@acala-network/chopsticks/node_modules/@polkadot/types-create/
[2025-09-09T16:19:48.783Z] [WARN] @polkadot/types-codec has multiple versions, ensure that there is only one installed.
Either remove and explicitly install matching versions or dedupe using your package manager.
The following conflicting packages were found:
	esm 12.4.2	node_modules/@polkadot/types-codec/
	esm 16.4.6	node_modules/@acala-network/chopsticks-core/node_modules/@polkadot/types-codec/
	esm 16.4.6	node_modules/@acala-network/chopsticks/node_modules/@polkadot/types-codec/
[2025-09-09T16:19:48.787Z] [WARN] @polkadot/types-known has multiple versions, ensure that there is only one installed.
Either remove and explicitly install matching versions or dedupe using your package manager.
The following conflicting packages were found:
	esm 12.4.2	node_modules/@polkadot/types-known/
	esm 16.4.6	node_modules/@acala-network/chopsticks/node_modules/@polkadot/types-known/
[2025-09-09T16:19:48.795Z] [WARN] @polkadot/api has multiple versions, ensure that there is only one installed.
Either remove and explicitly install matching versions or dedupe using your package manager.
The following conflicting packages were found:
	esm 12.4.2	node_modules/@polkadot/api/
	esm 16.4.6	node_modules/@acala-network/chopsticks/node_modules/@polkadot/api/
	esm 16.4.6	node_modules/@acala-network/chopsticks-utils/node_modules/@polkadot/api/
[2025-09-09T16:19:48.795Z] [WARN] @polkadot/rpc-augment has multiple versions, ensure that there is only one installed.
Either remove and explicitly install matching versions or dedupe using your package manager.
The following conflicting packages were found:
	esm 12.4.2	node_modules/@polkadot/rpc-augment/
	esm 16.4.6	node_modules/@acala-network/chopsticks/node_modules/@polkadot/rpc-augment/
	esm 16.4.6	node_modules/@acala-network/chopsticks-utils/node_modules/@polkadot/rpc-augment/
[2025-09-09T16:19:48.795Z] [WARN] @polkadot/rpc-provider has multiple versions, ensure that there is only one installed.
Either remove and explicitly install matching versions or dedupe using your package manager.
The following conflicting packages were found:
	esm 12.4.2	node_modules/@polkadot/rpc-provider/
	esm 16.4.6	node_modules/@acala-network/chopsticks-core/node_modules/@polkadot/rpc-provider/
	esm 16.4.6	node_modules/@acala-network/chopsticks/node_modules/@polkadot/rpc-provider/
	esm 16.4.6	node_modules/@acala-network/chopsticks-utils/node_modules/@polkadot/rpc-provider/
[2025-09-09T16:19:48.796Z] [WARN] @polkadot/api-derive has multiple versions, ensure that there is only one installed.
Either remove and explicitly install matching versions or dedupe using your package manager.
The following conflicting packages were found:
	esm 12.4.2	node_modules/@polkadot/api-derive/
	esm 16.4.6	node_modules/@acala-network/chopsticks/node_modules/@polkadot/api-derive/
	esm 16.4.6	node_modules/@acala-network/chopsticks-utils/node_modules/@polkadot/api-derive/
[2025-09-09T16:19:48.796Z] [WARN] @polkadot/rpc-core has multiple versions, ensure that there is only one installed.
Either remove and explicitly install matching versions or dedupe using your package manager.
The following conflicting packages were found:
	esm 12.4.2	node_modules/@polkadot/rpc-core/
	esm 16.4.6	node_modules/@acala-network/chopsticks/node_modules/@polkadot/rpc-core/
	esm 16.4.6	node_modules/@acala-network/chopsticks-utils/node_modules/@polkadot/rpc-core/
[2025-09-09T16:19:48.796Z] [WARN] @polkadot/types has multiple versions, ensure that there is only one installed.
Either remove and explicitly install matching versions or dedupe using your package manager.
The following conflicting packages were found:
	esm 12.4.2	node_modules/@polkadot/types/
	esm 16.4.6	node_modules/@acala-network/chopsticks-core/node_modules/@polkadot/types/
	esm 16.4.6	node_modules/@acala-network/chopsticks/node_modules/@polkadot/types/
	esm 16.4.6	node_modules/@acala-network/chopsticks-utils/node_modules/@polkadot/types/
[2025-09-09T16:19:48.798Z] [WARN] @polkadot/types-create has multiple versions, ensure that there is only one installed.
Either remove and explicitly install matching versions or dedupe using your package manager.
The following conflicting packages were found:
	esm 12.4.2	node_modules/@polkadot/types-create/
	esm 16.4.6	node_modules/@acala-network/chopsticks-core/node_modules/@polkadot/types-create/
	esm 16.4.6	node_modules/@acala-network/chopsticks/node_modules/@polkadot/types-create/
	esm 16.4.6	node_modules/@acala-network/chopsticks-utils/node_modules/@polkadot/types-create/
[2025-09-09T16:19:48.799Z] [WARN] @polkadot/types-codec has multiple versions, ensure that there is only one installed.
Either remove and explicitly install matching versions or dedupe using your package manager.
The following conflicting packages were found:
	esm 12.4.2	node_modules/@polkadot/types-codec/
	esm 16.4.6	node_modules/@acala-network/chopsticks-core/node_modules/@polkadot/types-codec/
	esm 16.4.6	node_modules/@acala-network/chopsticks/node_modules/@polkadot/types-codec/
	esm 16.4.6	node_modules/@acala-network/chopsticks-utils/node_modules/@polkadot/types-codec/
[2025-09-09T16:19:48.806Z] [WARN] @polkadot/types-known has multiple versions, ensure that there is only one installed.
Either remove and explicitly install matching versions or dedupe using your package manager.
The following conflicting packages were found:
	esm 12.4.2	node_modules/@polkadot/types-known/
	esm 16.4.6	node_modules/@acala-network/chopsticks/node_modules/@polkadot/types-known/
	esm 16.4.6	node_modules/@acala-network/chopsticks-utils/node_modules/@polkadot/types-known/
[2025-09-09T16:19:48.827Z] [LOG] [dotenv@17.2.1] injecting env (0) from .env -- tip: 🔐 prevent building .env in docker: https://dotenvx.com/prebuild
[2025-09-09T16:19:50.787Z] [LOG] Setting up AssetHub network with options: {
  "runtimeLogLevel": 5,
  "blockNumber": 9651100,
  "port": 8001,
  "endpoint": [
    "wss://polkadot-asset-hub-rpc.polkadot.io"
  ],
  "db": "assethub-db.sqlite",
  "processQueuedMessages": true
}
[2025-09-09T16:19:52.784Z] [LOG] assetHub.url "ws://[::]:8001"
[2025-09-09T16:19:54.095Z] [LOG] start assetHub newblockNumber
[2025-09-09T16:19:57.014Z] [LOG] Transaction status: Ready
[2025-09-09T16:19:57.014Z] [LOG] ✅ Transaction is ready in pool
[2025-09-09T16:19:57.015Z] [LOG] Transaction status: Broadcast
[2025-09-09T16:19:58.151Z] [LOG] Transaction status: InBlock
[2025-09-09T16:19:58.151Z] [LOG] ✅ Transaction is in block
[2025-09-09T16:19:58.152Z] [LOG] ✅ Transaction successful, unsubscribing...
[2025-09-09T16:19:58.294Z] [LOG] === CHECKING ASSET HUB BLOCK ===
[2025-09-09T16:19:58.297Z] [LOG] AssetHubinbox before block: {
  "1001": "0xb9721d6981ebcc28e7f8c7abad66b56a50db77367dd6e1f05d8f1eafec8857d2",
  "1002": "0x0107caac88c838d38fd1efc94b5b2a93d3a9640b4f3cf611ff2a6459006465d0",
  "1004": "0x660b632c50ff33bd558f47ea4d5cc5163ad7ab3a687263c7b800573a752453a7",
  "1005": "0xc1f2433ac07d724b8647230c51beede16bd02c4659a926b1c2cc81f45f759211",
  "2000": "0xcb06c2bd5afb859d9c5aa34f4d6231e4887fefe301da0c25be2ed68191267495",
  "2004": "0x895c0fc66dbc176d9ff826ecc6e4a4ab8ef68ac9442615d266b778de58b44e36",
  "2006": "0x345c2e11fd98259208ae4ed515c3a28090d5e487713a591e210f31e51a4904f7",
  "2007": "0x0000000000000000000000000000000000000000000000000000000000000000",
  "2008": "0x0000000000000000000000000000000000000000000000000000000000000000",
  "2012": "0x52092624914a501dabed16c3c13deb9aa0b7208831c081dd8e58f59cf076e9f4",
  "2013": "0x0000000000000000000000000000000000000000000000000000000000000000",
  "2019": "0x0000000000000000000000000000000000000000000000000000000000000000",
  "2021": "0x0000000000000000000000000000000000000000000000000000000000000000",
  "2025": "0x666172aacd78dd7444f8f9a5526cd5c171fa4630deed9786e731261867487b48",
  "2030": "0x77bbda1b8b18fc67154084def8f288985b74e02bb058aabc35f240a69b7d3882",
  "2031": "0x0ca7fe89944dbaf513110441972636d5bf58f51d61fd5a28fcc12cfb26e1e15f",
  "2032": "0x1d77db11fdfcc756d4cf527c48cfe15079d7aded70647dd252e0805b0abd2b78",
  "2034": "0xa94714ea0fffeab15bddfe54222e9410abe32b8b5e02e2b5212b717b30dab7a1",
  "2035": "0x0000000000000000000000000000000000000000000000000000000000000000",
  "2037": "0xfcf189a97c28315db445eccd5648ea709c22c3ac805b59ee17def3c585a8fd9f",
  "2039": "0xa92048e4da1c6fc9fecacef11df9305ec7b38e1f664d9ed96d019fc07a24b0a3",
  "2040": "0x5cc9cee798ddcf57a33b3ea34f7c2c5569ee85c7801de2ce6ae1442af860491f",
  "2046": "0x96ff4a1e9c69cb8677e582a36b3ffe52abaf1240d9faad581013e77bd1ca8be1",
  "2048": "0x0000000000000000000000000000000000000000000000000000000000000000",
  "2051": "0x83fb80db6015effd4b9712a6a1b47b7564383926141735468cf5ff6daeb315c4",
  "2086": "0xa7e6fd03642d6b16ed458a2113fd2f1c80b39fd838b8100797707dd41a3281e9",
  "2091": "0x0000000000000000000000000000000000000000000000000000000000000000",
  "2092": "0xdebdf0143c79fccc671bcaf12f8390f846f1dde0b92b16cf7b0d38d546424c38",
  "2093": "0x0000000000000000000000000000000000000000000000000000000000000000",
  "2094": "0xb5f19778d281c95186ce66626c18491fa4bc4b6a924e2f8daccdaff577a9545e",
  "2101": "0x0000000000000000000000000000000000000000000000000000000000000000",
  "2104": "0x311b051690e3b62cb511e0b442f8a5b6c9768b030d9abe644531bb3bc616586d",
  "3344": "0x06dd8ca4ad314c781d205160baca28ecf205cae4cef07fc7b4db7078d4da1543",
  "3367": "0x0000000000000000000000000000000000000000000000000000000000000000",
  "3369": "0xd32f23221269c3b064ca141c7500f6be7fbee20d3e26e0d256e0fd8300a2b161",
  "3370": "0xfcb284502dedc830c7c3323d9aaf02806dea1299cd8d097dfb3a52b12258a5f4",
  "3397": "0x1075affb097f2997c23d4e4d84492fe240cc409da9b74e6ab3d80be84d5a8e57",
  "3417": "0x3b3f5c9b9d262cf870792d33ea3d6747cfb6b0801e0622c77f0c33f9aa28373c"
}
[2025-09-09T16:20:08.691Z] [LOG] Test setup initialized - logging to test-output.log
[2025-09-09T16:20:41.483Z] [LOG] Test setup initialized - logging to test-output.log
[2025-09-09T16:20:41.701Z] [WARN] @polkadot/types-codec has multiple versions, ensure that there is only one installed.
Either remove and explicitly install matching versions or dedupe using your package manager.
The following conflicting packages were found:
	esm 12.4.2	node_modules/@polkadot/types-codec/
	esm 16.4.6	node_modules/@acala-network/chopsticks-core/node_modules/@polkadot/types-codec/
[2025-09-09T16:20:41.702Z] [WARN] @polkadot/types has multiple versions, ensure that there is only one installed.
Either remove and explicitly install matching versions or dedupe using your package manager.
The following conflicting packages were found:
	esm 12.4.2	node_modules/@polkadot/types/
	esm 16.4.6	node_modules/@acala-network/chopsticks-core/node_modules/@polkadot/types/
[2025-09-09T16:20:41.703Z] [WARN] @polkadot/types-create has multiple versions, ensure that there is only one installed.
Either remove and explicitly install matching versions or dedupe using your package manager.
The following conflicting packages were found:
	esm 12.4.2	node_modules/@polkadot/types-create/
	esm 16.4.6	node_modules/@acala-network/chopsticks-core/node_modules/@polkadot/types-create/
[2025-09-09T16:20:41.706Z] [WARN] @polkadot/rpc-provider has multiple versions, ensure that there is only one installed.
Either remove and explicitly install matching versions or dedupe using your package manager.
The following conflicting packages were found:
	esm 12.4.2	node_modules/@polkadot/rpc-provider/
	esm 16.4.6	node_modules/@acala-network/chopsticks-core/node_modules/@polkadot/rpc-provider/
[2025-09-09T16:20:42.255Z] [WARN] @polkadot/rpc-augment has multiple versions, ensure that there is only one installed.
Either remove and explicitly install matching versions or dedupe using your package manager.
The following conflicting packages were found:
	esm 12.4.2	node_modules/@polkadot/rpc-augment/
	esm 16.4.6	node_modules/@acala-network/chopsticks/node_modules/@polkadot/rpc-augment/
[2025-09-09T16:20:42.353Z] [WARN] @polkadot/api has multiple versions, ensure that there is only one installed.
Either remove and explicitly install matching versions or dedupe using your package manager.
The following conflicting packages were found:
	esm 12.4.2	node_modules/@polkadot/api/
	esm 16.4.6	node_modules/@acala-network/chopsticks/node_modules/@polkadot/api/
[2025-09-09T16:20:42.353Z] [WARN] @polkadot/rpc-provider has multiple versions, ensure that there is only one installed.
Either remove and explicitly install matching versions or dedupe using your package manager.
The following conflicting packages were found:
	esm 12.4.2	node_modules/@polkadot/rpc-provider/
	esm 16.4.6	node_modules/@acala-network/chopsticks-core/node_modules/@polkadot/rpc-provider/
	esm 16.4.6	node_modules/@acala-network/chopsticks/node_modules/@polkadot/rpc-provider/
[2025-09-09T16:20:42.354Z] [WARN] @polkadot/api-derive has multiple versions, ensure that there is only one installed.
Either remove and explicitly install matching versions or dedupe using your package manager.
The following conflicting packages were found:
	esm 12.4.2	node_modules/@polkadot/api-derive/
	esm 16.4.6	node_modules/@acala-network/chopsticks/node_modules/@polkadot/api-derive/
[2025-09-09T16:20:42.354Z] [WARN] @polkadot/rpc-core has multiple versions, ensure that there is only one installed.
Either remove and explicitly install matching versions or dedupe using your package manager.
The following conflicting packages were found:
	esm 12.4.2	node_modules/@polkadot/rpc-core/
	esm 16.4.6	node_modules/@acala-network/chopsticks/node_modules/@polkadot/rpc-core/
[2025-09-09T16:20:42.354Z] [WARN] @polkadot/types has multiple versions, ensure that there is only one installed.
Either remove and explicitly install matching versions or dedupe using your package manager.
The following conflicting packages were found:
	esm 12.4.2	node_modules/@polkadot/types/
	esm 16.4.6	node_modules/@acala-network/chopsticks-core/node_modules/@polkadot/types/
	esm 16.4.6	node_modules/@acala-network/chopsticks/node_modules/@polkadot/types/
[2025-09-09T16:20:42.355Z] [WARN] @polkadot/types-create has multiple versions, ensure that there is only one installed.
Either remove and explicitly install matching versions or dedupe using your package manager.
The following conflicting packages were found:
	esm 12.4.2	node_modules/@polkadot/types-create/
	esm 16.4.6	node_modules/@acala-network/chopsticks-core/node_modules/@polkadot/types-create/
	esm 16.4.6	node_modules/@acala-network/chopsticks/node_modules/@polkadot/types-create/
[2025-09-09T16:20:42.355Z] [WARN] @polkadot/types-codec has multiple versions, ensure that there is only one installed.
Either remove and explicitly install matching versions or dedupe using your package manager.
The following conflicting packages were found:
	esm 12.4.2	node_modules/@polkadot/types-codec/
	esm 16.4.6	node_modules/@acala-network/chopsticks-core/node_modules/@polkadot/types-codec/
	esm 16.4.6	node_modules/@acala-network/chopsticks/node_modules/@polkadot/types-codec/
[2025-09-09T16:20:42.359Z] [WARN] @polkadot/types-known has multiple versions, ensure that there is only one installed.
Either remove and explicitly install matching versions or dedupe using your package manager.
The following conflicting packages were found:
	esm 12.4.2	node_modules/@polkadot/types-known/
	esm 16.4.6	node_modules/@acala-network/chopsticks/node_modules/@polkadot/types-known/
[2025-09-09T16:20:42.361Z] [WARN] @polkadot/api has multiple versions, ensure that there is only one installed.
Either remove and explicitly install matching versions or dedupe using your package manager.
The following conflicting packages were found:
	esm 12.4.2	node_modules/@polkadot/api/
	esm 16.4.6	node_modules/@acala-network/chopsticks/node_modules/@polkadot/api/
	esm 16.4.6	node_modules/@acala-network/chopsticks-utils/node_modules/@polkadot/api/
[2025-09-09T16:20:42.361Z] [WARN] @polkadot/rpc-augment has multiple versions, ensure that there is only one installed.
Either remove and explicitly install matching versions or dedupe using your package manager.
The following conflicting packages were found:
	esm 12.4.2	node_modules/@polkadot/rpc-augment/
	esm 16.4.6	node_modules/@acala-network/chopsticks/node_modules/@polkadot/rpc-augment/
	esm 16.4.6	node_modules/@acala-network/chopsticks-utils/node_modules/@polkadot/rpc-augment/
[2025-09-09T16:20:42.361Z] [WARN] @polkadot/rpc-provider has multiple versions, ensure that there is only one installed.
Either remove and explicitly install matching versions or dedupe using your package manager.
The following conflicting packages were found:
	esm 12.4.2	node_modules/@polkadot/rpc-provider/
	esm 16.4.6	node_modules/@acala-network/chopsticks-core/node_modules/@polkadot/rpc-provider/
	esm 16.4.6	node_modules/@acala-network/chopsticks/node_modules/@polkadot/rpc-provider/
	esm 16.4.6	node_modules/@acala-network/chopsticks-utils/node_modules/@polkadot/rpc-provider/
[2025-09-09T16:20:42.361Z] [WARN] @polkadot/api-derive has multiple versions, ensure that there is only one installed.
Either remove and explicitly install matching versions or dedupe using your package manager.
The following conflicting packages were found:
	esm 12.4.2	node_modules/@polkadot/api-derive/
	esm 16.4.6	node_modules/@acala-network/chopsticks/node_modules/@polkadot/api-derive/
	esm 16.4.6	node_modules/@acala-network/chopsticks-utils/node_modules/@polkadot/api-derive/
[2025-09-09T16:20:42.361Z] [WARN] @polkadot/rpc-core has multiple versions, ensure that there is only one installed.
Either remove and explicitly install matching versions or dedupe using your package manager.
The following conflicting packages were found:
	esm 12.4.2	node_modules/@polkadot/rpc-core/
	esm 16.4.6	node_modules/@acala-network/chopsticks/node_modules/@polkadot/rpc-core/
	esm 16.4.6	node_modules/@acala-network/chopsticks-utils/node_modules/@polkadot/rpc-core/
[2025-09-09T16:20:42.362Z] [WARN] @polkadot/types has multiple versions, ensure that there is only one installed.
Either remove and explicitly install matching versions or dedupe using your package manager.
The following conflicting packages were found:
	esm 12.4.2	node_modules/@polkadot/types/
	esm 16.4.6	node_modules/@acala-network/chopsticks-core/node_modules/@polkadot/types/
	esm 16.4.6	node_modules/@acala-network/chopsticks/node_modules/@polkadot/types/
	esm 16.4.6	node_modules/@acala-network/chopsticks-utils/node_modules/@polkadot/types/
[2025-09-09T16:20:42.362Z] [WARN] @polkadot/types-create has multiple versions, ensure that there is only one installed.
Either remove and explicitly install matching versions or dedupe using your package manager.
The following conflicting packages were found:
	esm 12.4.2	node_modules/@polkadot/types-create/
	esm 16.4.6	node_modules/@acala-network/chopsticks-core/node_modules/@polkadot/types-create/
	esm 16.4.6	node_modules/@acala-network/chopsticks/node_modules/@polkadot/types-create/
	esm 16.4.6	node_modules/@acala-network/chopsticks-utils/node_modules/@polkadot/types-create/
[2025-09-09T16:20:42.362Z] [WARN] @polkadot/types-codec has multiple versions, ensure that there is only one installed.
Either remove and explicitly install matching versions or dedupe using your package manager.
The following conflicting packages were found:
	esm 12.4.2	node_modules/@polkadot/types-codec/
	esm 16.4.6	node_modules/@acala-network/chopsticks-core/node_modules/@polkadot/types-codec/
	esm 16.4.6	node_modules/@acala-network/chopsticks/node_modules/@polkadot/types-codec/
	esm 16.4.6	node_modules/@acala-network/chopsticks-utils/node_modules/@polkadot/types-codec/
[2025-09-09T16:20:42.364Z] [WARN] @polkadot/types-known has multiple versions, ensure that there is only one installed.
Either remove and explicitly install matching versions or dedupe using your package manager.
The following conflicting packages were found:
	esm 12.4.2	node_modules/@polkadot/types-known/
	esm 16.4.6	node_modules/@acala-network/chopsticks/node_modules/@polkadot/types-known/
	esm 16.4.6	node_modules/@acala-network/chopsticks-utils/node_modules/@polkadot/types-known/
[2025-09-09T16:20:42.370Z] [LOG] [dotenv@17.2.1] injecting env (0) from .env -- tip: 📡 auto-backup env with Radar: https://dotenvx.com/radar
[2025-09-09T16:20:44.345Z] [LOG] Setting up AssetHub network with options: {
  "runtimeLogLevel": 5,
  "blockNumber": 9651100,
  "port": 8001,
  "endpoint": [
    "wss://polkadot-asset-hub-rpc.polkadot.io"
  ],
  "db": "assethub-db.sqlite",
  "processQueuedMessages": true
}
[2025-09-09T16:20:46.939Z] [LOG] assetHub.url "ws://[::]:8001"
[2025-09-09T16:20:47.649Z] [LOG] start assetHub newblockNumber
[2025-09-09T16:20:50.851Z] [LOG] Transaction status: Ready
[2025-09-09T16:20:50.851Z] [LOG] ✅ Transaction is ready in pool
[2025-09-09T16:20:50.852Z] [LOG] Transaction status: Broadcast
[2025-09-09T16:20:52.055Z] [LOG] Transaction status: InBlock
[2025-09-09T16:20:52.055Z] [LOG] ✅ Transaction is in block
[2025-09-09T16:20:52.055Z] [LOG] ✅ Transaction successful, unsubscribing...
[2025-09-09T16:20:52.199Z] [LOG] === CHECKING ASSET HUB BLOCK ===
[2025-09-09T16:20:54.146Z] [LOG] Test setup initialized - logging to test-output.log
[2025-09-09T16:20:54.365Z] [WARN] @polkadot/types-codec has multiple versions, ensure that there is only one installed.
Either remove and explicitly install matching versions or dedupe using your package manager.
The following conflicting packages were found:
	esm 12.4.2	node_modules/@polkadot/types-codec/
	esm 16.4.6	node_modules/@acala-network/chopsticks-core/node_modules/@polkadot/types-codec/
[2025-09-09T16:20:54.366Z] [WARN] @polkadot/types has multiple versions, ensure that there is only one installed.
Either remove and explicitly install matching versions or dedupe using your package manager.
The following conflicting packages were found:
	esm 12.4.2	node_modules/@polkadot/types/
	esm 16.4.6	node_modules/@acala-network/chopsticks-core/node_modules/@polkadot/types/
[2025-09-09T16:20:54.367Z] [WARN] @polkadot/types-create has multiple versions, ensure that there is only one installed.
Either remove and explicitly install matching versions or dedupe using your package manager.
The following conflicting packages were found:
	esm 12.4.2	node_modules/@polkadot/types-create/
	esm 16.4.6	node_modules/@acala-network/chopsticks-core/node_modules/@polkadot/types-create/
[2025-09-09T16:20:54.371Z] [WARN] @polkadot/rpc-provider has multiple versions, ensure that there is only one installed.
Either remove and explicitly install matching versions or dedupe using your package manager.
The following conflicting packages were found:
	esm 12.4.2	node_modules/@polkadot/rpc-provider/
	esm 16.4.6	node_modules/@acala-network/chopsticks-core/node_modules/@polkadot/rpc-provider/
[2025-09-09T16:20:54.930Z] [WARN] @polkadot/rpc-augment has multiple versions, ensure that there is only one installed.
Either remove and explicitly install matching versions or dedupe using your package manager.
The following conflicting packages were found:
	esm 12.4.2	node_modules/@polkadot/rpc-augment/
	esm 16.4.6	node_modules/@acala-network/chopsticks/node_modules/@polkadot/rpc-augment/
[2025-09-09T16:20:55.028Z] [WARN] @polkadot/api has multiple versions, ensure that there is only one installed.
Either remove and explicitly install matching versions or dedupe using your package manager.
The following conflicting packages were found:
	esm 12.4.2	node_modules/@polkadot/api/
	esm 16.4.6	node_modules/@acala-network/chopsticks/node_modules/@polkadot/api/
[2025-09-09T16:20:55.028Z] [WARN] @polkadot/rpc-provider has multiple versions, ensure that there is only one installed.
Either remove and explicitly install matching versions or dedupe using your package manager.
The following conflicting packages were found:
	esm 12.4.2	node_modules/@polkadot/rpc-provider/
	esm 16.4.6	node_modules/@acala-network/chopsticks-core/node_modules/@polkadot/rpc-provider/
	esm 16.4.6	node_modules/@acala-network/chopsticks/node_modules/@polkadot/rpc-provider/
[2025-09-09T16:20:55.028Z] [WARN] @polkadot/api-derive has multiple versions, ensure that there is only one installed.
Either remove and explicitly install matching versions or dedupe using your package manager.
The following conflicting packages were found:
	esm 12.4.2	node_modules/@polkadot/api-derive/
	esm 16.4.6	node_modules/@acala-network/chopsticks/node_modules/@polkadot/api-derive/
[2025-09-09T16:20:55.028Z] [WARN] @polkadot/rpc-core has multiple versions, ensure that there is only one installed.
Either remove and explicitly install matching versions or dedupe using your package manager.
The following conflicting packages were found:
	esm 12.4.2	node_modules/@polkadot/rpc-core/
	esm 16.4.6	node_modules/@acala-network/chopsticks/node_modules/@polkadot/rpc-core/
[2025-09-09T16:20:55.028Z] [WARN] @polkadot/types has multiple versions, ensure that there is only one installed.
Either remove and explicitly install matching versions or dedupe using your package manager.
The following conflicting packages were found:
	esm 12.4.2	node_modules/@polkadot/types/
	esm 16.4.6	node_modules/@acala-network/chopsticks-core/node_modules/@polkadot/types/
	esm 16.4.6	node_modules/@acala-network/chopsticks/node_modules/@polkadot/types/
[2025-09-09T16:20:55.029Z] [WARN] @polkadot/types-create has multiple versions, ensure that there is only one installed.
Either remove and explicitly install matching versions or dedupe using your package manager.
The following conflicting packages were found:
	esm 12.4.2	node_modules/@polkadot/types-create/
	esm 16.4.6	node_modules/@acala-network/chopsticks-core/node_modules/@polkadot/types-create/
	esm 16.4.6	node_modules/@acala-network/chopsticks/node_modules/@polkadot/types-create/
[2025-09-09T16:20:55.029Z] [WARN] @polkadot/types-codec has multiple versions, ensure that there is only one installed.
Either remove and explicitly install matching versions or dedupe using your package manager.
The following conflicting packages were found:
	esm 12.4.2	node_modules/@polkadot/types-codec/
	esm 16.4.6	node_modules/@acala-network/chopsticks-core/node_modules/@polkadot/types-codec/
	esm 16.4.6	node_modules/@acala-network/chopsticks/node_modules/@polkadot/types-codec/
[2025-09-09T16:20:55.034Z] [WARN] @polkadot/types-known has multiple versions, ensure that there is only one installed.
Either remove and explicitly install matching versions or dedupe using your package manager.
The following conflicting packages were found:
	esm 12.4.2	node_modules/@polkadot/types-known/
	esm 16.4.6	node_modules/@acala-network/chopsticks/node_modules/@polkadot/types-known/
[2025-09-09T16:20:55.036Z] [WARN] @polkadot/api has multiple versions, ensure that there is only one installed.
Either remove and explicitly install matching versions or dedupe using your package manager.
The following conflicting packages were found:
	esm 12.4.2	node_modules/@polkadot/api/
	esm 16.4.6	node_modules/@acala-network/chopsticks/node_modules/@polkadot/api/
	esm 16.4.6	node_modules/@acala-network/chopsticks-utils/node_modules/@polkadot/api/
[2025-09-09T16:20:55.036Z] [WARN] @polkadot/rpc-augment has multiple versions, ensure that there is only one installed.
Either remove and explicitly install matching versions or dedupe using your package manager.
The following conflicting packages were found:
	esm 12.4.2	node_modules/@polkadot/rpc-augment/
	esm 16.4.6	node_modules/@acala-network/chopsticks/node_modules/@polkadot/rpc-augment/
	esm 16.4.6	node_modules/@acala-network/chopsticks-utils/node_modules/@polkadot/rpc-augment/
[2025-09-09T16:20:55.036Z] [WARN] @polkadot/rpc-provider has multiple versions, ensure that there is only one installed.
Either remove and explicitly install matching versions or dedupe using your package manager.
The following conflicting packages were found:
	esm 12.4.2	node_modules/@polkadot/rpc-provider/
	esm 16.4.6	node_modules/@acala-network/chopsticks-core/node_modules/@polkadot/rpc-provider/
	esm 16.4.6	node_modules/@acala-network/chopsticks/node_modules/@polkadot/rpc-provider/
	esm 16.4.6	node_modules/@acala-network/chopsticks-utils/node_modules/@polkadot/rpc-provider/
[2025-09-09T16:20:55.036Z] [WARN] @polkadot/api-derive has multiple versions, ensure that there is only one installed.
Either remove and explicitly install matching versions or dedupe using your package manager.
The following conflicting packages were found:
	esm 12.4.2	node_modules/@polkadot/api-derive/
	esm 16.4.6	node_modules/@acala-network/chopsticks/node_modules/@polkadot/api-derive/
	esm 16.4.6	node_modules/@acala-network/chopsticks-utils/node_modules/@polkadot/api-derive/
[2025-09-09T16:20:55.036Z] [WARN] @polkadot/rpc-core has multiple versions, ensure that there is only one installed.
Either remove and explicitly install matching versions or dedupe using your package manager.
The following conflicting packages were found:
	esm 12.4.2	node_modules/@polkadot/rpc-core/
	esm 16.4.6	node_modules/@acala-network/chopsticks/node_modules/@polkadot/rpc-core/
	esm 16.4.6	node_modules/@acala-network/chopsticks-utils/node_modules/@polkadot/rpc-core/
[2025-09-09T16:20:55.036Z] [WARN] @polkadot/types has multiple versions, ensure that there is only one installed.
Either remove and explicitly install matching versions or dedupe using your package manager.
The following conflicting packages were found:
	esm 12.4.2	node_modules/@polkadot/types/
	esm 16.4.6	node_modules/@acala-network/chopsticks-core/node_modules/@polkadot/types/
	esm 16.4.6	node_modules/@acala-network/chopsticks/node_modules/@polkadot/types/
	esm 16.4.6	node_modules/@acala-network/chopsticks-utils/node_modules/@polkadot/types/
[2025-09-09T16:20:55.037Z] [WARN] @polkadot/types-create has multiple versions, ensure that there is only one installed.
Either remove and explicitly install matching versions or dedupe using your package manager.
The following conflicting packages were found:
	esm 12.4.2	node_modules/@polkadot/types-create/
	esm 16.4.6	node_modules/@acala-network/chopsticks-core/node_modules/@polkadot/types-create/
	esm 16.4.6	node_modules/@acala-network/chopsticks/node_modules/@polkadot/types-create/
	esm 16.4.6	node_modules/@acala-network/chopsticks-utils/node_modules/@polkadot/types-create/
[2025-09-09T16:20:55.037Z] [WARN] @polkadot/types-codec has multiple versions, ensure that there is only one installed.
Either remove and explicitly install matching versions or dedupe using your package manager.
The following conflicting packages were found:
	esm 12.4.2	node_modules/@polkadot/types-codec/
	esm 16.4.6	node_modules/@acala-network/chopsticks-core/node_modules/@polkadot/types-codec/
	esm 16.4.6	node_modules/@acala-network/chopsticks/node_modules/@polkadot/types-codec/
	esm 16.4.6	node_modules/@acala-network/chopsticks-utils/node_modules/@polkadot/types-codec/
[2025-09-09T16:20:55.039Z] [WARN] @polkadot/types-known has multiple versions, ensure that there is only one installed.
Either remove and explicitly install matching versions or dedupe using your package manager.
The following conflicting packages were found:
	esm 12.4.2	node_modules/@polkadot/types-known/
	esm 16.4.6	node_modules/@acala-network/chopsticks/node_modules/@polkadot/types-known/
	esm 16.4.6	node_modules/@acala-network/chopsticks-utils/node_modules/@polkadot/types-known/
[2025-09-09T16:20:55.044Z] [LOG] [dotenv@17.2.1] injecting env (0) from .env -- tip: ⚙️  load multiple .env files with { path: ['.env.local', '.env'] }
[2025-09-09T16:20:57.034Z] [LOG] Setting up AssetHub network with options: {
  "runtimeLogLevel": 5,
  "blockNumber": 9651100,
  "port": 8001,
  "endpoint": [
    "wss://polkadot-asset-hub-rpc.polkadot.io"
  ],
  "db": "assethub-db.sqlite",
  "processQueuedMessages": true
}
[2025-09-09T16:20:59.107Z] [LOG] assetHub.url "ws://[::]:8001"
[2025-09-09T16:20:59.803Z] [LOG] start assetHub newblockNumber
[2025-09-09T16:21:02.887Z] [LOG] Transaction status: Ready
[2025-09-09T16:21:02.888Z] [LOG] ✅ Transaction is ready in pool
[2025-09-09T16:21:02.889Z] [LOG] Transaction status: Broadcast
[2025-09-09T16:21:04.045Z] [LOG] Transaction status: InBlock
[2025-09-09T16:21:04.045Z] [LOG] ✅ Transaction is in block
[2025-09-09T16:21:04.045Z] [LOG] ✅ Transaction successful, unsubscribing...
[2025-09-09T16:21:04.193Z] [LOG] === CHECKING ASSET HUB BLOCK ===
[2025-09-09T16:21:17.074Z] [LOG] Test setup initialized - logging to test-output.log
[2025-09-09T16:21:17.307Z] [WARN] @polkadot/types-codec has multiple versions, ensure that there is only one installed.
Either remove and explicitly install matching versions or dedupe using your package manager.
The following conflicting packages were found:
	esm 12.4.2	node_modules/@polkadot/types-codec/
	esm 16.4.6	node_modules/@acala-network/chopsticks-core/node_modules/@polkadot/types-codec/
[2025-09-09T16:21:17.308Z] [WARN] @polkadot/types has multiple versions, ensure that there is only one installed.
Either remove and explicitly install matching versions or dedupe using your package manager.
The following conflicting packages were found:
	esm 12.4.2	node_modules/@polkadot/types/
	esm 16.4.6	node_modules/@acala-network/chopsticks-core/node_modules/@polkadot/types/
[2025-09-09T16:21:17.309Z] [WARN] @polkadot/types-create has multiple versions, ensure that there is only one installed.
Either remove and explicitly install matching versions or dedupe using your package manager.
The following conflicting packages were found:
	esm 12.4.2	node_modules/@polkadot/types-create/
	esm 16.4.6	node_modules/@acala-network/chopsticks-core/node_modules/@polkadot/types-create/
[2025-09-09T16:21:17.312Z] [WARN] @polkadot/rpc-provider has multiple versions, ensure that there is only one installed.
Either remove and explicitly install matching versions or dedupe using your package manager.
The following conflicting packages were found:
	esm 12.4.2	node_modules/@polkadot/rpc-provider/
	esm 16.4.6	node_modules/@acala-network/chopsticks-core/node_modules/@polkadot/rpc-provider/
[2025-09-09T16:21:17.857Z] [WARN] @polkadot/rpc-augment has multiple versions, ensure that there is only one installed.
Either remove and explicitly install matching versions or dedupe using your package manager.
The following conflicting packages were found:
	esm 12.4.2	node_modules/@polkadot/rpc-augment/
	esm 16.4.6	node_modules/@acala-network/chopsticks/node_modules/@polkadot/rpc-augment/
[2025-09-09T16:21:17.954Z] [WARN] @polkadot/api has multiple versions, ensure that there is only one installed.
Either remove and explicitly install matching versions or dedupe using your package manager.
The following conflicting packages were found:
	esm 12.4.2	node_modules/@polkadot/api/
	esm 16.4.6	node_modules/@acala-network/chopsticks/node_modules/@polkadot/api/
[2025-09-09T16:21:17.955Z] [WARN] @polkadot/rpc-provider has multiple versions, ensure that there is only one installed.
Either remove and explicitly install matching versions or dedupe using your package manager.
The following conflicting packages were found:
	esm 12.4.2	node_modules/@polkadot/rpc-provider/
	esm 16.4.6	node_modules/@acala-network/chopsticks-core/node_modules/@polkadot/rpc-provider/
	esm 16.4.6	node_modules/@acala-network/chopsticks/node_modules/@polkadot/rpc-provider/
[2025-09-09T16:21:17.955Z] [WARN] @polkadot/api-derive has multiple versions, ensure that there is only one installed.
Either remove and explicitly install matching versions or dedupe using your package manager.
The following conflicting packages were found:
	esm 12.4.2	node_modules/@polkadot/api-derive/
	esm 16.4.6	node_modules/@acala-network/chopsticks/node_modules/@polkadot/api-derive/
[2025-09-09T16:21:17.955Z] [WARN] @polkadot/rpc-core has multiple versions, ensure that there is only one installed.
Either remove and explicitly install matching versions or dedupe using your package manager.
The following conflicting packages were found:
	esm 12.4.2	node_modules/@polkadot/rpc-core/
	esm 16.4.6	node_modules/@acala-network/chopsticks/node_modules/@polkadot/rpc-core/
[2025-09-09T16:21:17.955Z] [WARN] @polkadot/types has multiple versions, ensure that there is only one installed.
Either remove and explicitly install matching versions or dedupe using your package manager.
The following conflicting packages were found:
	esm 12.4.2	node_modules/@polkadot/types/
	esm 16.4.6	node_modules/@acala-network/chopsticks-core/node_modules/@polkadot/types/
	esm 16.4.6	node_modules/@acala-network/chopsticks/node_modules/@polkadot/types/
[2025-09-09T16:21:17.956Z] [WARN] @polkadot/types-create has multiple versions, ensure that there is only one installed.
Either remove and explicitly install matching versions or dedupe using your package manager.
The following conflicting packages were found:
	esm 12.4.2	node_modules/@polkadot/types-create/
	esm 16.4.6	node_modules/@acala-network/chopsticks-core/node_modules/@polkadot/types-create/
	esm 16.4.6	node_modules/@acala-network/chopsticks/node_modules/@polkadot/types-create/
[2025-09-09T16:21:17.956Z] [WARN] @polkadot/types-codec has multiple versions, ensure that there is only one installed.
Either remove and explicitly install matching versions or dedupe using your package manager.
The following conflicting packages were found:
	esm 12.4.2	node_modules/@polkadot/types-codec/
	esm 16.4.6	node_modules/@acala-network/chopsticks-core/node_modules/@polkadot/types-codec/
	esm 16.4.6	node_modules/@acala-network/chopsticks/node_modules/@polkadot/types-codec/
[2025-09-09T16:21:17.958Z] [WARN] @polkadot/types-known has multiple versions, ensure that there is only one installed.
Either remove and explicitly install matching versions or dedupe using your package manager.
The following conflicting packages were found:
	esm 12.4.2	node_modules/@polkadot/types-known/
	esm 16.4.6	node_modules/@acala-network/chopsticks/node_modules/@polkadot/types-known/
[2025-09-09T16:21:17.960Z] [WARN] @polkadot/api has multiple versions, ensure that there is only one installed.
Either remove and explicitly install matching versions or dedupe using your package manager.
The following conflicting packages were found:
	esm 12.4.2	node_modules/@polkadot/api/
	esm 16.4.6	node_modules/@acala-network/chopsticks/node_modules/@polkadot/api/
	esm 16.4.6	node_modules/@acala-network/chopsticks-utils/node_modules/@polkadot/api/
[2025-09-09T16:21:17.960Z] [WARN] @polkadot/rpc-augment has multiple versions, ensure that there is only one installed.
Either remove and explicitly install matching versions or dedupe using your package manager.
The following conflicting packages were found:
	esm 12.4.2	node_modules/@polkadot/rpc-augment/
	esm 16.4.6	node_modules/@acala-network/chopsticks/node_modules/@polkadot/rpc-augment/
	esm 16.4.6	node_modules/@acala-network/chopsticks-utils/node_modules/@polkadot/rpc-augment/
[2025-09-09T16:21:17.960Z] [WARN] @polkadot/rpc-provider has multiple versions, ensure that there is only one installed.
Either remove and explicitly install matching versions or dedupe using your package manager.
The following conflicting packages were found:
	esm 12.4.2	node_modules/@polkadot/rpc-provider/
	esm 16.4.6	node_modules/@acala-network/chopsticks-core/node_modules/@polkadot/rpc-provider/
	esm 16.4.6	node_modules/@acala-network/chopsticks/node_modules/@polkadot/rpc-provider/
	esm 16.4.6	node_modules/@acala-network/chopsticks-utils/node_modules/@polkadot/rpc-provider/
[2025-09-09T16:21:17.960Z] [WARN] @polkadot/api-derive has multiple versions, ensure that there is only one installed.
Either remove and explicitly install matching versions or dedupe using your package manager.
The following conflicting packages were found:
	esm 12.4.2	node_modules/@polkadot/api-derive/
	esm 16.4.6	node_modules/@acala-network/chopsticks/node_modules/@polkadot/api-derive/
	esm 16.4.6	node_modules/@acala-network/chopsticks-utils/node_modules/@polkadot/api-derive/
[2025-09-09T16:21:17.960Z] [WARN] @polkadot/rpc-core has multiple versions, ensure that there is only one installed.
Either remove and explicitly install matching versions or dedupe using your package manager.
The following conflicting packages were found:
	esm 12.4.2	node_modules/@polkadot/rpc-core/
	esm 16.4.6	node_modules/@acala-network/chopsticks/node_modules/@polkadot/rpc-core/
	esm 16.4.6	node_modules/@acala-network/chopsticks-utils/node_modules/@polkadot/rpc-core/
[2025-09-09T16:21:17.960Z] [WARN] @polkadot/types has multiple versions, ensure that there is only one installed.
Either remove and explicitly install matching versions or dedupe using your package manager.
The following conflicting packages were found:
	esm 12.4.2	node_modules/@polkadot/types/
	esm 16.4.6	node_modules/@acala-network/chopsticks-core/node_modules/@polkadot/types/
	esm 16.4.6	node_modules/@acala-network/chopsticks/node_modules/@polkadot/types/
	esm 16.4.6	node_modules/@acala-network/chopsticks-utils/node_modules/@polkadot/types/
[2025-09-09T16:21:17.961Z] [WARN] @polkadot/types-create has multiple versions, ensure that there is only one installed.
Either remove and explicitly install matching versions or dedupe using your package manager.
The following conflicting packages were found:
	esm 12.4.2	node_modules/@polkadot/types-create/
	esm 16.4.6	node_modules/@acala-network/chopsticks-core/node_modules/@polkadot/types-create/
	esm 16.4.6	node_modules/@acala-network/chopsticks/node_modules/@polkadot/types-create/
	esm 16.4.6	node_modules/@acala-network/chopsticks-utils/node_modules/@polkadot/types-create/
[2025-09-09T16:21:17.961Z] [WARN] @polkadot/types-codec has multiple versions, ensure that there is only one installed.
Either remove and explicitly install matching versions or dedupe using your package manager.
The following conflicting packages were found:
	esm 12.4.2	node_modules/@polkadot/types-codec/
	esm 16.4.6	node_modules/@acala-network/chopsticks-core/node_modules/@polkadot/types-codec/
	esm 16.4.6	node_modules/@acala-network/chopsticks/node_modules/@polkadot/types-codec/
	esm 16.4.6	node_modules/@acala-network/chopsticks-utils/node_modules/@polkadot/types-codec/
[2025-09-09T16:21:17.963Z] [WARN] @polkadot/types-known has multiple versions, ensure that there is only one installed.
Either remove and explicitly install matching versions or dedupe using your package manager.
The following conflicting packages were found:
	esm 12.4.2	node_modules/@polkadot/types-known/
	esm 16.4.6	node_modules/@acala-network/chopsticks/node_modules/@polkadot/types-known/
	esm 16.4.6	node_modules/@acala-network/chopsticks-utils/node_modules/@polkadot/types-known/
[2025-09-09T16:21:17.968Z] [LOG] [dotenv@17.2.1] injecting env (0) from .env -- tip: ⚙️  load multiple .env files with { path: ['.env.local', '.env'] }
[2025-09-09T16:21:19.919Z] [LOG] Setting up AssetHub network with options: {
  "runtimeLogLevel": 5,
  "blockNumber": 9651100,
  "port": 8001,
  "endpoint": [
    "wss://polkadot-asset-hub-rpc.polkadot.io"
  ],
  "db": "assethub-db.sqlite",
  "processQueuedMessages": true
}
[2025-09-09T16:21:22.149Z] [LOG] assetHub.url "ws://[::]:8001"
[2025-09-09T16:21:23.163Z] [LOG] start assetHub newblockNumber
[2025-09-09T16:21:26.248Z] [LOG] Transaction status: Ready
[2025-09-09T16:21:26.249Z] [LOG] ✅ Transaction is ready in pool
[2025-09-09T16:21:26.249Z] [LOG] Transaction status: Broadcast
[2025-09-09T16:21:27.383Z] [LOG] Transaction status: InBlock
[2025-09-09T16:21:27.383Z] [LOG] ✅ Transaction is in block
[2025-09-09T16:21:27.383Z] [LOG] ✅ Transaction successful, unsubscribing...
[2025-09-09T16:21:27.529Z] [LOG] === CHECKING ASSET HUB BLOCK ===
[2025-09-09T16:24:48.380Z] [LOG] Test setup initialized - logging to test-output.log
[2025-09-09T16:24:48.627Z] [WARN] @polkadot/types-codec has multiple versions, ensure that there is only one installed.
Either remove and explicitly install matching versions or dedupe using your package manager.
The following conflicting packages were found:
	esm 12.4.2	node_modules/@polkadot/types-codec/
	esm 16.4.6	node_modules/@acala-network/chopsticks-core/node_modules/@polkadot/types-codec/
[2025-09-09T16:24:48.629Z] [WARN] @polkadot/types has multiple versions, ensure that there is only one installed.
Either remove and explicitly install matching versions or dedupe using your package manager.
The following conflicting packages were found:
	esm 12.4.2	node_modules/@polkadot/types/
	esm 16.4.6	node_modules/@acala-network/chopsticks-core/node_modules/@polkadot/types/
[2025-09-09T16:24:48.633Z] [WARN] @polkadot/types-create has multiple versions, ensure that there is only one installed.
Either remove and explicitly install matching versions or dedupe using your package manager.
The following conflicting packages were found:
	esm 12.4.2	node_modules/@polkadot/types-create/
	esm 16.4.6	node_modules/@acala-network/chopsticks-core/node_modules/@polkadot/types-create/
[2025-09-09T16:24:48.638Z] [WARN] @polkadot/rpc-provider has multiple versions, ensure that there is only one installed.
Either remove and explicitly install matching versions or dedupe using your package manager.
The following conflicting packages were found:
	esm 12.4.2	node_modules/@polkadot/rpc-provider/
	esm 16.4.6	node_modules/@acala-network/chopsticks-core/node_modules/@polkadot/rpc-provider/
[2025-09-09T16:24:49.182Z] [WARN] @polkadot/rpc-augment has multiple versions, ensure that there is only one installed.
Either remove and explicitly install matching versions or dedupe using your package manager.
The following conflicting packages were found:
	esm 12.4.2	node_modules/@polkadot/rpc-augment/
	esm 16.4.6	node_modules/@acala-network/chopsticks/node_modules/@polkadot/rpc-augment/
[2025-09-09T16:24:49.344Z] [WARN] @polkadot/api has multiple versions, ensure that there is only one installed.
Either remove and explicitly install matching versions or dedupe using your package manager.
The following conflicting packages were found:
	esm 12.4.2	node_modules/@polkadot/api/
	esm 16.4.6	node_modules/@acala-network/chopsticks/node_modules/@polkadot/api/
[2025-09-09T16:24:49.344Z] [WARN] @polkadot/rpc-provider has multiple versions, ensure that there is only one installed.
Either remove and explicitly install matching versions or dedupe using your package manager.
The following conflicting packages were found:
	esm 12.4.2	node_modules/@polkadot/rpc-provider/
	esm 16.4.6	node_modules/@acala-network/chopsticks-core/node_modules/@polkadot/rpc-provider/
	esm 16.4.6	node_modules/@acala-network/chopsticks/node_modules/@polkadot/rpc-provider/
[2025-09-09T16:24:49.344Z] [WARN] @polkadot/api-derive has multiple versions, ensure that there is only one installed.
Either remove and explicitly install matching versions or dedupe using your package manager.
The following conflicting packages were found:
	esm 12.4.2	node_modules/@polkadot/api-derive/
	esm 16.4.6	node_modules/@acala-network/chopsticks/node_modules/@polkadot/api-derive/
[2025-09-09T16:24:49.344Z] [WARN] @polkadot/rpc-core has multiple versions, ensure that there is only one installed.
Either remove and explicitly install matching versions or dedupe using your package manager.
The following conflicting packages were found:
	esm 12.4.2	node_modules/@polkadot/rpc-core/
	esm 16.4.6	node_modules/@acala-network/chopsticks/node_modules/@polkadot/rpc-core/
[2025-09-09T16:24:49.344Z] [WARN] @polkadot/types has multiple versions, ensure that there is only one installed.
Either remove and explicitly install matching versions or dedupe using your package manager.
The following conflicting packages were found:
	esm 12.4.2	node_modules/@polkadot/types/
	esm 16.4.6	node_modules/@acala-network/chopsticks-core/node_modules/@polkadot/types/
	esm 16.4.6	node_modules/@acala-network/chopsticks/node_modules/@polkadot/types/
[2025-09-09T16:24:49.345Z] [WARN] @polkadot/types-create has multiple versions, ensure that there is only one installed.
Either remove and explicitly install matching versions or dedupe using your package manager.
The following conflicting packages were found:
	esm 12.4.2	node_modules/@polkadot/types-create/
	esm 16.4.6	node_modules/@acala-network/chopsticks-core/node_modules/@polkadot/types-create/
	esm 16.4.6	node_modules/@acala-network/chopsticks/node_modules/@polkadot/types-create/
[2025-09-09T16:24:49.345Z] [WARN] @polkadot/types-codec has multiple versions, ensure that there is only one installed.
Either remove and explicitly install matching versions or dedupe using your package manager.
The following conflicting packages were found:
	esm 12.4.2	node_modules/@polkadot/types-codec/
	esm 16.4.6	node_modules/@acala-network/chopsticks-core/node_modules/@polkadot/types-codec/
	esm 16.4.6	node_modules/@acala-network/chopsticks/node_modules/@polkadot/types-codec/
[2025-09-09T16:24:49.347Z] [WARN] @polkadot/types-known has multiple versions, ensure that there is only one installed.
Either remove and explicitly install matching versions or dedupe using your package manager.
The following conflicting packages were found:
	esm 12.4.2	node_modules/@polkadot/types-known/
	esm 16.4.6	node_modules/@acala-network/chopsticks/node_modules/@polkadot/types-known/
[2025-09-09T16:24:49.348Z] [WARN] @polkadot/api has multiple versions, ensure that there is only one installed.
Either remove and explicitly install matching versions or dedupe using your package manager.
The following conflicting packages were found:
	esm 12.4.2	node_modules/@polkadot/api/
	esm 16.4.6	node_modules/@acala-network/chopsticks/node_modules/@polkadot/api/
	esm 16.4.6	node_modules/@acala-network/chopsticks-utils/node_modules/@polkadot/api/
[2025-09-09T16:24:49.348Z] [WARN] @polkadot/rpc-augment has multiple versions, ensure that there is only one installed.
Either remove and explicitly install matching versions or dedupe using your package manager.
The following conflicting packages were found:
	esm 12.4.2	node_modules/@polkadot/rpc-augment/
	esm 16.4.6	node_modules/@acala-network/chopsticks/node_modules/@polkadot/rpc-augment/
	esm 16.4.6	node_modules/@acala-network/chopsticks-utils/node_modules/@polkadot/rpc-augment/
[2025-09-09T16:24:49.348Z] [WARN] @polkadot/rpc-provider has multiple versions, ensure that there is only one installed.
Either remove and explicitly install matching versions or dedupe using your package manager.
The following conflicting packages were found:
	esm 12.4.2	node_modules/@polkadot/rpc-provider/
	esm 16.4.6	node_modules/@acala-network/chopsticks-core/node_modules/@polkadot/rpc-provider/
	esm 16.4.6	node_modules/@acala-network/chopsticks/node_modules/@polkadot/rpc-provider/
	esm 16.4.6	node_modules/@acala-network/chopsticks-utils/node_modules/@polkadot/rpc-provider/
[2025-09-09T16:24:49.348Z] [WARN] @polkadot/api-derive has multiple versions, ensure that there is only one installed.
Either remove and explicitly install matching versions or dedupe using your package manager.
The following conflicting packages were found:
	esm 12.4.2	node_modules/@polkadot/api-derive/
	esm 16.4.6	node_modules/@acala-network/chopsticks/node_modules/@polkadot/api-derive/
	esm 16.4.6	node_modules/@acala-network/chopsticks-utils/node_modules/@polkadot/api-derive/
[2025-09-09T16:24:49.348Z] [WARN] @polkadot/rpc-core has multiple versions, ensure that there is only one installed.
Either remove and explicitly install matching versions or dedupe using your package manager.
The following conflicting packages were found:
	esm 12.4.2	node_modules/@polkadot/rpc-core/
	esm 16.4.6	node_modules/@acala-network/chopsticks/node_modules/@polkadot/rpc-core/
	esm 16.4.6	node_modules/@acala-network/chopsticks-utils/node_modules/@polkadot/rpc-core/
[2025-09-09T16:24:49.348Z] [WARN] @polkadot/types has multiple versions, ensure that there is only one installed.
Either remove and explicitly install matching versions or dedupe using your package manager.
The following conflicting packages were found:
	esm 12.4.2	node_modules/@polkadot/types/
	esm 16.4.6	node_modules/@acala-network/chopsticks-core/node_modules/@polkadot/types/
	esm 16.4.6	node_modules/@acala-network/chopsticks/node_modules/@polkadot/types/
	esm 16.4.6	node_modules/@acala-network/chopsticks-utils/node_modules/@polkadot/types/
[2025-09-09T16:24:49.349Z] [WARN] @polkadot/types-create has multiple versions, ensure that there is only one installed.
Either remove and explicitly install matching versions or dedupe using your package manager.
The following conflicting packages were found:
	esm 12.4.2	node_modules/@polkadot/types-create/
	esm 16.4.6	node_modules/@acala-network/chopsticks-core/node_modules/@polkadot/types-create/
	esm 16.4.6	node_modules/@acala-network/chopsticks/node_modules/@polkadot/types-create/
	esm 16.4.6	node_modules/@acala-network/chopsticks-utils/node_modules/@polkadot/types-create/
[2025-09-09T16:24:49.349Z] [WARN] @polkadot/types-codec has multiple versions, ensure that there is only one installed.
Either remove and explicitly install matching versions or dedupe using your package manager.
The following conflicting packages were found:
	esm 12.4.2	node_modules/@polkadot/types-codec/
	esm 16.4.6	node_modules/@acala-network/chopsticks-core/node_modules/@polkadot/types-codec/
	esm 16.4.6	node_modules/@acala-network/chopsticks/node_modules/@polkadot/types-codec/
	esm 16.4.6	node_modules/@acala-network/chopsticks-utils/node_modules/@polkadot/types-codec/
[2025-09-09T16:24:49.351Z] [WARN] @polkadot/types-known has multiple versions, ensure that there is only one installed.
Either remove and explicitly install matching versions or dedupe using your package manager.
The following conflicting packages were found:
	esm 12.4.2	node_modules/@polkadot/types-known/
	esm 16.4.6	node_modules/@acala-network/chopsticks/node_modules/@polkadot/types-known/
	esm 16.4.6	node_modules/@acala-network/chopsticks-utils/node_modules/@polkadot/types-known/
[2025-09-09T16:24:49.357Z] [LOG] [dotenv@17.2.1] injecting env (0) from .env -- tip: ⚙️  write to custom object with { processEnv: myObject }
[2025-09-09T16:24:51.201Z] [LOG] Setting up AssetHub network with options: {
  "runtimeLogLevel": 5,
  "blockNumber": 9651100,
  "port": 8001,
  "endpoint": [
    "wss://polkadot-asset-hub-rpc.polkadot.io"
  ],
  "db": "assethub-db.sqlite",
  "processQueuedMessages": true
}
[2025-09-09T16:24:53.262Z] [LOG] assetHub.url "ws://[::]:8001"
[2025-09-09T16:24:54.470Z] [LOG] start assetHub newblockNumber
[2025-09-09T16:24:57.339Z] [LOG] Transaction status: Ready
[2025-09-09T16:24:57.339Z] [LOG] ✅ Transaction is ready in pool
[2025-09-09T16:24:57.339Z] [LOG] Transaction status: Broadcast
[2025-09-09T16:24:58.330Z] [LOG] Transaction status: InBlock
[2025-09-09T16:24:58.330Z] [LOG] ✅ Transaction is in block
[2025-09-09T16:24:58.330Z] [LOG] ✅ Transaction successful, unsubscribing...
[2025-09-09T16:24:58.444Z] [LOG] === CHECKING ASSET HUB BLOCK ===
[2025-09-09T16:25:29.391Z] [LOG] Test setup initialized - logging to test-output.log
[2025-09-09T16:25:29.572Z] [WARN] @polkadot/types-codec has multiple versions, ensure that there is only one installed.
Either remove and explicitly install matching versions or dedupe using your package manager.
The following conflicting packages were found:
	esm 12.4.2	node_modules/@polkadot/types-codec/
	esm 16.4.6	node_modules/@acala-network/chopsticks-core/node_modules/@polkadot/types-codec/
[2025-09-09T16:25:29.572Z] [WARN] @polkadot/types has multiple versions, ensure that there is only one installed.
Either remove and explicitly install matching versions or dedupe using your package manager.
The following conflicting packages were found:
	esm 12.4.2	node_modules/@polkadot/types/
	esm 16.4.6	node_modules/@acala-network/chopsticks-core/node_modules/@polkadot/types/
[2025-09-09T16:25:29.573Z] [WARN] @polkadot/types-create has multiple versions, ensure that there is only one installed.
Either remove and explicitly install matching versions or dedupe using your package manager.
The following conflicting packages were found:
	esm 12.4.2	node_modules/@polkadot/types-create/
	esm 16.4.6	node_modules/@acala-network/chopsticks-core/node_modules/@polkadot/types-create/
[2025-09-09T16:25:29.576Z] [WARN] @polkadot/rpc-provider has multiple versions, ensure that there is only one installed.
Either remove and explicitly install matching versions or dedupe using your package manager.
The following conflicting packages were found:
	esm 12.4.2	node_modules/@polkadot/rpc-provider/
	esm 16.4.6	node_modules/@acala-network/chopsticks-core/node_modules/@polkadot/rpc-provider/
[2025-09-09T16:25:30.058Z] [WARN] @polkadot/rpc-augment has multiple versions, ensure that there is only one installed.
Either remove and explicitly install matching versions or dedupe using your package manager.
The following conflicting packages were found:
	esm 12.4.2	node_modules/@polkadot/rpc-augment/
	esm 16.4.6	node_modules/@acala-network/chopsticks/node_modules/@polkadot/rpc-augment/
[2025-09-09T16:25:30.134Z] [WARN] @polkadot/api has multiple versions, ensure that there is only one installed.
Either remove and explicitly install matching versions or dedupe using your package manager.
The following conflicting packages were found:
	esm 12.4.2	node_modules/@polkadot/api/
	esm 16.4.6	node_modules/@acala-network/chopsticks/node_modules/@polkadot/api/
[2025-09-09T16:25:30.135Z] [WARN] @polkadot/rpc-provider has multiple versions, ensure that there is only one installed.
Either remove and explicitly install matching versions or dedupe using your package manager.
The following conflicting packages were found:
	esm 12.4.2	node_modules/@polkadot/rpc-provider/
	esm 16.4.6	node_modules/@acala-network/chopsticks-core/node_modules/@polkadot/rpc-provider/
	esm 16.4.6	node_modules/@acala-network/chopsticks/node_modules/@polkadot/rpc-provider/
[2025-09-09T16:25:30.135Z] [WARN] @polkadot/api-derive has multiple versions, ensure that there is only one installed.
Either remove and explicitly install matching versions or dedupe using your package manager.
The following conflicting packages were found:
	esm 12.4.2	node_modules/@polkadot/api-derive/
	esm 16.4.6	node_modules/@acala-network/chopsticks/node_modules/@polkadot/api-derive/
[2025-09-09T16:25:30.135Z] [WARN] @polkadot/rpc-core has multiple versions, ensure that there is only one installed.
Either remove and explicitly install matching versions or dedupe using your package manager.
The following conflicting packages were found:
	esm 12.4.2	node_modules/@polkadot/rpc-core/
	esm 16.4.6	node_modules/@acala-network/chopsticks/node_modules/@polkadot/rpc-core/
[2025-09-09T16:25:30.135Z] [WARN] @polkadot/types has multiple versions, ensure that there is only one installed.
Either remove and explicitly install matching versions or dedupe using your package manager.
The following conflicting packages were found:
	esm 12.4.2	node_modules/@polkadot/types/
	esm 16.4.6	node_modules/@acala-network/chopsticks-core/node_modules/@polkadot/types/
	esm 16.4.6	node_modules/@acala-network/chopsticks/node_modules/@polkadot/types/
[2025-09-09T16:25:30.136Z] [WARN] @polkadot/types-create has multiple versions, ensure that there is only one installed.
Either remove and explicitly install matching versions or dedupe using your package manager.
The following conflicting packages were found:
	esm 12.4.2	node_modules/@polkadot/types-create/
	esm 16.4.6	node_modules/@acala-network/chopsticks-core/node_modules/@polkadot/types-create/
	esm 16.4.6	node_modules/@acala-network/chopsticks/node_modules/@polkadot/types-create/
[2025-09-09T16:25:30.136Z] [WARN] @polkadot/types-codec has multiple versions, ensure that there is only one installed.
Either remove and explicitly install matching versions or dedupe using your package manager.
The following conflicting packages were found:
	esm 12.4.2	node_modules/@polkadot/types-codec/
	esm 16.4.6	node_modules/@acala-network/chopsticks-core/node_modules/@polkadot/types-codec/
	esm 16.4.6	node_modules/@acala-network/chopsticks/node_modules/@polkadot/types-codec/
[2025-09-09T16:25:30.137Z] [WARN] @polkadot/types-known has multiple versions, ensure that there is only one installed.
Either remove and explicitly install matching versions or dedupe using your package manager.
The following conflicting packages were found:
	esm 12.4.2	node_modules/@polkadot/types-known/
	esm 16.4.6	node_modules/@acala-network/chopsticks/node_modules/@polkadot/types-known/
[2025-09-09T16:25:30.139Z] [WARN] @polkadot/api has multiple versions, ensure that there is only one installed.
Either remove and explicitly install matching versions or dedupe using your package manager.
The following conflicting packages were found:
	esm 12.4.2	node_modules/@polkadot/api/
	esm 16.4.6	node_modules/@acala-network/chopsticks/node_modules/@polkadot/api/
	esm 16.4.6	node_modules/@acala-network/chopsticks-utils/node_modules/@polkadot/api/
[2025-09-09T16:25:30.139Z] [WARN] @polkadot/rpc-augment has multiple versions, ensure that there is only one installed.
Either remove and explicitly install matching versions or dedupe using your package manager.
The following conflicting packages were found:
	esm 12.4.2	node_modules/@polkadot/rpc-augment/
	esm 16.4.6	node_modules/@acala-network/chopsticks/node_modules/@polkadot/rpc-augment/
	esm 16.4.6	node_modules/@acala-network/chopsticks-utils/node_modules/@polkadot/rpc-augment/
[2025-09-09T16:25:30.139Z] [WARN] @polkadot/rpc-provider has multiple versions, ensure that there is only one installed.
Either remove and explicitly install matching versions or dedupe using your package manager.
The following conflicting packages were found:
	esm 12.4.2	node_modules/@polkadot/rpc-provider/
	esm 16.4.6	node_modules/@acala-network/chopsticks-core/node_modules/@polkadot/rpc-provider/
	esm 16.4.6	node_modules/@acala-network/chopsticks/node_modules/@polkadot/rpc-provider/
	esm 16.4.6	node_modules/@acala-network/chopsticks-utils/node_modules/@polkadot/rpc-provider/
[2025-09-09T16:25:30.139Z] [WARN] @polkadot/api-derive has multiple versions, ensure that there is only one installed.
Either remove and explicitly install matching versions or dedupe using your package manager.
The following conflicting packages were found:
	esm 12.4.2	node_modules/@polkadot/api-derive/
	esm 16.4.6	node_modules/@acala-network/chopsticks/node_modules/@polkadot/api-derive/
	esm 16.4.6	node_modules/@acala-network/chopsticks-utils/node_modules/@polkadot/api-derive/
[2025-09-09T16:25:30.139Z] [WARN] @polkadot/rpc-core has multiple versions, ensure that there is only one installed.
Either remove and explicitly install matching versions or dedupe using your package manager.
The following conflicting packages were found:
	esm 12.4.2	node_modules/@polkadot/rpc-core/
	esm 16.4.6	node_modules/@acala-network/chopsticks/node_modules/@polkadot/rpc-core/
	esm 16.4.6	node_modules/@acala-network/chopsticks-utils/node_modules/@polkadot/rpc-core/
[2025-09-09T16:25:30.139Z] [WARN] @polkadot/types has multiple versions, ensure that there is only one installed.
Either remove and explicitly install matching versions or dedupe using your package manager.
The following conflicting packages were found:
	esm 12.4.2	node_modules/@polkadot/types/
	esm 16.4.6	node_modules/@acala-network/chopsticks-core/node_modules/@polkadot/types/
	esm 16.4.6	node_modules/@acala-network/chopsticks/node_modules/@polkadot/types/
	esm 16.4.6	node_modules/@acala-network/chopsticks-utils/node_modules/@polkadot/types/
[2025-09-09T16:25:30.140Z] [WARN] @polkadot/types-create has multiple versions, ensure that there is only one installed.
Either remove and explicitly install matching versions or dedupe using your package manager.
The following conflicting packages were found:
	esm 12.4.2	node_modules/@polkadot/types-create/
	esm 16.4.6	node_modules/@acala-network/chopsticks-core/node_modules/@polkadot/types-create/
	esm 16.4.6	node_modules/@acala-network/chopsticks/node_modules/@polkadot/types-create/
	esm 16.4.6	node_modules/@acala-network/chopsticks-utils/node_modules/@polkadot/types-create/
[2025-09-09T16:25:30.140Z] [WARN] @polkadot/types-codec has multiple versions, ensure that there is only one installed.
Either remove and explicitly install matching versions or dedupe using your package manager.
The following conflicting packages were found:
	esm 12.4.2	node_modules/@polkadot/types-codec/
	esm 16.4.6	node_modules/@acala-network/chopsticks-core/node_modules/@polkadot/types-codec/
	esm 16.4.6	node_modules/@acala-network/chopsticks/node_modules/@polkadot/types-codec/
	esm 16.4.6	node_modules/@acala-network/chopsticks-utils/node_modules/@polkadot/types-codec/
[2025-09-09T16:25:30.141Z] [WARN] @polkadot/types-known has multiple versions, ensure that there is only one installed.
Either remove and explicitly install matching versions or dedupe using your package manager.
The following conflicting packages were found:
	esm 12.4.2	node_modules/@polkadot/types-known/
	esm 16.4.6	node_modules/@acala-network/chopsticks/node_modules/@polkadot/types-known/
	esm 16.4.6	node_modules/@acala-network/chopsticks-utils/node_modules/@polkadot/types-known/
[2025-09-09T16:25:30.145Z] [LOG] [dotenv@17.2.1] injecting env (0) from .env -- tip: ⚙️  override existing env vars with { override: true }
[2025-09-09T16:25:31.819Z] [LOG] Setting up AssetHub network with options: {
  "runtimeLogLevel": 5,
  "blockNumber": 9651100,
  "port": 8001,
  "endpoint": [
    "wss://polkadot-asset-hub-rpc.polkadot.io"
  ],
  "db": "assethub-db.sqlite",
  "processQueuedMessages": true
}
[2025-09-09T16:25:33.740Z] [LOG] assetHub.url "ws://[::]:8001"
[2025-09-09T16:25:34.911Z] [LOG] start assetHub newblockNumber
[2025-09-09T16:25:37.788Z] [LOG] Transaction status: Ready
[2025-09-09T16:25:37.788Z] [LOG] ✅ Transaction is ready in pool
[2025-09-09T16:25:37.788Z] [LOG] Transaction status: Broadcast
[2025-09-09T16:25:38.772Z] [LOG] Transaction status: InBlock
[2025-09-09T16:25:38.772Z] [LOG] ✅ Transaction is in block
[2025-09-09T16:25:38.772Z] [LOG] ✅ Transaction successful, unsubscribing...
[2025-09-09T16:25:38.901Z] [LOG] === CHECKING ASSET HUB BLOCK ===
[2025-09-09T16:25:46.224Z] [LOG] Frequency events: [
  {
    "phase": "Initialization",
    "event": {
      "method": "ProcessXcmError",
      "section": "polkadotXcm",
      "index": "0x4803",
      "data": {
        "origin": {
          "parents": "1",
          "interior": {
            "X1": [
              {
                "Parachain": "1,000"
              }
            ]
          }
        },
        "error": "FailedToTransactAsset",
        "messageId": "0x25af8fed3e025a040408842ae2b76094146bf9ab5b4d480424c9615d237f2a81"
      }
    },
    "topics": []
  },
  {
    "phase": "Initialization",
    "event": {
      "method": "AssetsTrapped",
      "section": "polkadotXcm",
      "index": "0x480d",
      "data": {
        "hash_": "0x64f8173e111ba00f4738aa75b4762e9cbd5232ce6a3d2960618146cade785b21",
        "origin": {
          "parents": "1",
          "interior": {
            "X1": [
              {
                "Parachain": "1,000"
              }
            ]
          }
        },
        "assets": {
          "V5": [
            {
              "id": {
                "parents": "1",
                "interior": "Here"
              },
              "fun": {
                "Fungible": "499,952,006,535"
              }
            }
          ]
        }
      }
    },
    "topics": []
  },
  {
    "phase": "Initialization",
    "event": {
      "method": "Processed",
      "section": "messageQueue",
      "index": "0x4a01",
      "data": {
        "id": "0x25af8fed3e025a040408842ae2b76094146bf9ab5b4d480424c9615d237f2a81",
        "origin": {
          "Sibling": "1,000"
        },
        "weightUsed": {
          "refTime": "470,478,000",
          "proofSize": "4,768"
        },
        "success": false
      }
    },
    "topics": []
  },
  {
    "phase": {
      "ApplyExtrinsic": "0"
    },
    "event": {
      "method": "ExtrinsicSuccess",
      "section": "system",
      "index": "0x0000",
      "data": {
        "dispatchInfo": {
          "weight": {
            "refTime": "275,594,000",
            "proofSize": "1,988"
          },
          "class": "Mandatory",
          "paysFee": "Yes"
        }
      }
    },
    "topics": []
  },
  {
    "phase": {
      "ApplyExtrinsic": "1"
    },
    "event": {
      "method": "ExtrinsicSuccess",
      "section": "system",
      "index": "0x0000",
      "data": {
        "dispatchInfo": {
          "weight": {
            "refTime": "98,029,000",
            "proofSize": "0"
          },
          "class": "Mandatory",
          "paysFee": "Yes"
        }
      }
    },
    "topics": []
  }
]
[2025-09-09T16:25:46.224Z] [LOG] XCM Results: []
[2025-09-09T17:53:09.727Z] [LOG] Test setup initialized - logging to test-output.log
[2025-09-09T17:53:09.967Z] [WARN] @polkadot/types-codec has multiple versions, ensure that there is only one installed.
Either remove and explicitly install matching versions or dedupe using your package manager.
The following conflicting packages were found:
	esm 12.4.2	node_modules/@polkadot/types-codec/
	esm 16.4.6	node_modules/@acala-network/chopsticks-core/node_modules/@polkadot/types-codec/
[2025-09-09T17:53:09.968Z] [WARN] @polkadot/types has multiple versions, ensure that there is only one installed.
Either remove and explicitly install matching versions or dedupe using your package manager.
The following conflicting packages were found:
	esm 12.4.2	node_modules/@polkadot/types/
	esm 16.4.6	node_modules/@acala-network/chopsticks-core/node_modules/@polkadot/types/
[2025-09-09T17:53:09.969Z] [WARN] @polkadot/types-create has multiple versions, ensure that there is only one installed.
Either remove and explicitly install matching versions or dedupe using your package manager.
The following conflicting packages were found:
	esm 12.4.2	node_modules/@polkadot/types-create/
	esm 16.4.6	node_modules/@acala-network/chopsticks-core/node_modules/@polkadot/types-create/
[2025-09-09T17:53:09.971Z] [WARN] @polkadot/rpc-provider has multiple versions, ensure that there is only one installed.
Either remove and explicitly install matching versions or dedupe using your package manager.
The following conflicting packages were found:
	esm 12.4.2	node_modules/@polkadot/rpc-provider/
	esm 16.4.6	node_modules/@acala-network/chopsticks-core/node_modules/@polkadot/rpc-provider/
[2025-09-09T17:53:10.584Z] [WARN] @polkadot/rpc-augment has multiple versions, ensure that there is only one installed.
Either remove and explicitly install matching versions or dedupe using your package manager.
The following conflicting packages were found:
	esm 12.4.2	node_modules/@polkadot/rpc-augment/
	esm 16.4.6	node_modules/@acala-network/chopsticks/node_modules/@polkadot/rpc-augment/
[2025-09-09T17:53:10.755Z] [WARN] @polkadot/api has multiple versions, ensure that there is only one installed.
Either remove and explicitly install matching versions or dedupe using your package manager.
The following conflicting packages were found:
	esm 12.4.2	node_modules/@polkadot/api/
	esm 16.4.6	node_modules/@acala-network/chopsticks/node_modules/@polkadot/api/
[2025-09-09T17:53:10.755Z] [WARN] @polkadot/rpc-provider has multiple versions, ensure that there is only one installed.
Either remove and explicitly install matching versions or dedupe using your package manager.
The following conflicting packages were found:
	esm 12.4.2	node_modules/@polkadot/rpc-provider/
	esm 16.4.6	node_modules/@acala-network/chopsticks-core/node_modules/@polkadot/rpc-provider/
	esm 16.4.6	node_modules/@acala-network/chopsticks/node_modules/@polkadot/rpc-provider/
[2025-09-09T17:53:10.755Z] [WARN] @polkadot/api-derive has multiple versions, ensure that there is only one installed.
Either remove and explicitly install matching versions or dedupe using your package manager.
The following conflicting packages were found:
	esm 12.4.2	node_modules/@polkadot/api-derive/
	esm 16.4.6	node_modules/@acala-network/chopsticks/node_modules/@polkadot/api-derive/
[2025-09-09T17:53:10.755Z] [WARN] @polkadot/rpc-core has multiple versions, ensure that there is only one installed.
Either remove and explicitly install matching versions or dedupe using your package manager.
The following conflicting packages were found:
	esm 12.4.2	node_modules/@polkadot/rpc-core/
	esm 16.4.6	node_modules/@acala-network/chopsticks/node_modules/@polkadot/rpc-core/
[2025-09-09T17:53:10.756Z] [WARN] @polkadot/types has multiple versions, ensure that there is only one installed.
Either remove and explicitly install matching versions or dedupe using your package manager.
The following conflicting packages were found:
	esm 12.4.2	node_modules/@polkadot/types/
	esm 16.4.6	node_modules/@acala-network/chopsticks-core/node_modules/@polkadot/types/
	esm 16.4.6	node_modules/@acala-network/chopsticks/node_modules/@polkadot/types/
[2025-09-09T17:53:10.756Z] [WARN] @polkadot/types-create has multiple versions, ensure that there is only one installed.
Either remove and explicitly install matching versions or dedupe using your package manager.
The following conflicting packages were found:
	esm 12.4.2	node_modules/@polkadot/types-create/
	esm 16.4.6	node_modules/@acala-network/chopsticks-core/node_modules/@polkadot/types-create/
	esm 16.4.6	node_modules/@acala-network/chopsticks/node_modules/@polkadot/types-create/
[2025-09-09T17:53:10.756Z] [WARN] @polkadot/types-codec has multiple versions, ensure that there is only one installed.
Either remove and explicitly install matching versions or dedupe using your package manager.
The following conflicting packages were found:
	esm 12.4.2	node_modules/@polkadot/types-codec/
	esm 16.4.6	node_modules/@acala-network/chopsticks-core/node_modules/@polkadot/types-codec/
	esm 16.4.6	node_modules/@acala-network/chopsticks/node_modules/@polkadot/types-codec/
[2025-09-09T17:53:10.758Z] [WARN] @polkadot/types-known has multiple versions, ensure that there is only one installed.
Either remove and explicitly install matching versions or dedupe using your package manager.
The following conflicting packages were found:
	esm 12.4.2	node_modules/@polkadot/types-known/
	esm 16.4.6	node_modules/@acala-network/chopsticks/node_modules/@polkadot/types-known/
[2025-09-09T17:53:10.760Z] [WARN] @polkadot/api has multiple versions, ensure that there is only one installed.
Either remove and explicitly install matching versions or dedupe using your package manager.
The following conflicting packages were found:
	esm 12.4.2	node_modules/@polkadot/api/
	esm 16.4.6	node_modules/@acala-network/chopsticks/node_modules/@polkadot/api/
	esm 16.4.6	node_modules/@acala-network/chopsticks-utils/node_modules/@polkadot/api/
[2025-09-09T17:53:10.760Z] [WARN] @polkadot/rpc-augment has multiple versions, ensure that there is only one installed.
Either remove and explicitly install matching versions or dedupe using your package manager.
The following conflicting packages were found:
	esm 12.4.2	node_modules/@polkadot/rpc-augment/
	esm 16.4.6	node_modules/@acala-network/chopsticks/node_modules/@polkadot/rpc-augment/
	esm 16.4.6	node_modules/@acala-network/chopsticks-utils/node_modules/@polkadot/rpc-augment/
[2025-09-09T17:53:10.760Z] [WARN] @polkadot/rpc-provider has multiple versions, ensure that there is only one installed.
Either remove and explicitly install matching versions or dedupe using your package manager.
The following conflicting packages were found:
	esm 12.4.2	node_modules/@polkadot/rpc-provider/
	esm 16.4.6	node_modules/@acala-network/chopsticks-core/node_modules/@polkadot/rpc-provider/
	esm 16.4.6	node_modules/@acala-network/chopsticks/node_modules/@polkadot/rpc-provider/
	esm 16.4.6	node_modules/@acala-network/chopsticks-utils/node_modules/@polkadot/rpc-provider/
[2025-09-09T17:53:10.760Z] [WARN] @polkadot/api-derive has multiple versions, ensure that there is only one installed.
Either remove and explicitly install matching versions or dedupe using your package manager.
The following conflicting packages were found:
	esm 12.4.2	node_modules/@polkadot/api-derive/
	esm 16.4.6	node_modules/@acala-network/chopsticks/node_modules/@polkadot/api-derive/
	esm 16.4.6	node_modules/@acala-network/chopsticks-utils/node_modules/@polkadot/api-derive/
[2025-09-09T17:53:10.760Z] [WARN] @polkadot/rpc-core has multiple versions, ensure that there is only one installed.
Either remove and explicitly install matching versions or dedupe using your package manager.
The following conflicting packages were found:
	esm 12.4.2	node_modules/@polkadot/rpc-core/
	esm 16.4.6	node_modules/@acala-network/chopsticks/node_modules/@polkadot/rpc-core/
	esm 16.4.6	node_modules/@acala-network/chopsticks-utils/node_modules/@polkadot/rpc-core/
[2025-09-09T17:53:10.760Z] [WARN] @polkadot/types has multiple versions, ensure that there is only one installed.
Either remove and explicitly install matching versions or dedupe using your package manager.
The following conflicting packages were found:
	esm 12.4.2	node_modules/@polkadot/types/
	esm 16.4.6	node_modules/@acala-network/chopsticks-core/node_modules/@polkadot/types/
	esm 16.4.6	node_modules/@acala-network/chopsticks/node_modules/@polkadot/types/
	esm 16.4.6	node_modules/@acala-network/chopsticks-utils/node_modules/@polkadot/types/
[2025-09-09T17:53:10.760Z] [WARN] @polkadot/types-create has multiple versions, ensure that there is only one installed.
Either remove and explicitly install matching versions or dedupe using your package manager.
The following conflicting packages were found:
	esm 12.4.2	node_modules/@polkadot/types-create/
	esm 16.4.6	node_modules/@acala-network/chopsticks-core/node_modules/@polkadot/types-create/
	esm 16.4.6	node_modules/@acala-network/chopsticks/node_modules/@polkadot/types-create/
	esm 16.4.6	node_modules/@acala-network/chopsticks-utils/node_modules/@polkadot/types-create/
[2025-09-09T17:53:10.760Z] [WARN] @polkadot/types-codec has multiple versions, ensure that there is only one installed.
Either remove and explicitly install matching versions or dedupe using your package manager.
The following conflicting packages were found:
	esm 12.4.2	node_modules/@polkadot/types-codec/
	esm 16.4.6	node_modules/@acala-network/chopsticks-core/node_modules/@polkadot/types-codec/
	esm 16.4.6	node_modules/@acala-network/chopsticks/node_modules/@polkadot/types-codec/
	esm 16.4.6	node_modules/@acala-network/chopsticks-utils/node_modules/@polkadot/types-codec/
[2025-09-09T17:53:10.762Z] [WARN] @polkadot/types-known has multiple versions, ensure that there is only one installed.
Either remove and explicitly install matching versions or dedupe using your package manager.
The following conflicting packages were found:
	esm 12.4.2	node_modules/@polkadot/types-known/
	esm 16.4.6	node_modules/@acala-network/chopsticks/node_modules/@polkadot/types-known/
	esm 16.4.6	node_modules/@acala-network/chopsticks-utils/node_modules/@polkadot/types-known/
[2025-09-09T17:53:10.768Z] [LOG] [dotenv@17.2.1] injecting env (0) from .env -- tip: ⚙️  write to custom object with { processEnv: myObject }
[2025-09-09T17:53:12.780Z] [LOG] Setting up AssetHub network with options: {
  "runtimeLogLevel": 5,
  "blockNumber": 9651100,
  "port": 8001,
  "endpoint": [
    "wss://polkadot-asset-hub-rpc.polkadot.io"
  ],
  "db": "assethub-db.sqlite",
  "processQueuedMessages": true
}
[2025-09-09T17:53:14.998Z] [LOG] assetHub.url "ws://[::]:8001"
[2025-09-09T17:53:16.236Z] [LOG] start assetHub newblockNumber
[2025-09-09T17:53:19.148Z] [LOG] Transaction status: Ready
[2025-09-09T17:53:19.148Z] [LOG] ✅ Transaction is ready in pool
[2025-09-09T17:53:19.148Z] [LOG] Transaction status: Broadcast
[2025-09-09T17:53:20.111Z] [LOG] Transaction status: InBlock
[2025-09-09T17:53:20.111Z] [LOG] ✅ Transaction is in block
[2025-09-09T17:53:20.111Z] [LOG] ✅ Transaction successful, unsubscribing...
[2025-09-09T17:53:20.267Z] [LOG] === CHECKING ASSET HUB BLOCK ===
[2025-09-09T17:54:19.487Z] [LOG] Test setup initialized - logging to test-output.log
[2025-09-09T17:54:19.656Z] [WARN] @polkadot/types-codec has multiple versions, ensure that there is only one installed.
Either remove and explicitly install matching versions or dedupe using your package manager.
The following conflicting packages were found:
	esm 12.4.2	node_modules/@polkadot/types-codec/
	esm 16.4.6	node_modules/@acala-network/chopsticks-core/node_modules/@polkadot/types-codec/
[2025-09-09T17:54:19.657Z] [WARN] @polkadot/types has multiple versions, ensure that there is only one installed.
Either remove and explicitly install matching versions or dedupe using your package manager.
The following conflicting packages were found:
	esm 12.4.2	node_modules/@polkadot/types/
	esm 16.4.6	node_modules/@acala-network/chopsticks-core/node_modules/@polkadot/types/
[2025-09-09T17:54:19.658Z] [WARN] @polkadot/types-create has multiple versions, ensure that there is only one installed.
Either remove and explicitly install matching versions or dedupe using your package manager.
The following conflicting packages were found:
	esm 12.4.2	node_modules/@polkadot/types-create/
	esm 16.4.6	node_modules/@acala-network/chopsticks-core/node_modules/@polkadot/types-create/
[2025-09-09T17:54:19.660Z] [WARN] @polkadot/rpc-provider has multiple versions, ensure that there is only one installed.
Either remove and explicitly install matching versions or dedupe using your package manager.
The following conflicting packages were found:
	esm 12.4.2	node_modules/@polkadot/rpc-provider/
	esm 16.4.6	node_modules/@acala-network/chopsticks-core/node_modules/@polkadot/rpc-provider/
[2025-09-09T17:54:20.102Z] [WARN] @polkadot/rpc-augment has multiple versions, ensure that there is only one installed.
Either remove and explicitly install matching versions or dedupe using your package manager.
The following conflicting packages were found:
	esm 12.4.2	node_modules/@polkadot/rpc-augment/
	esm 16.4.6	node_modules/@acala-network/chopsticks/node_modules/@polkadot/rpc-augment/
[2025-09-09T17:54:20.180Z] [WARN] @polkadot/api has multiple versions, ensure that there is only one installed.
Either remove and explicitly install matching versions or dedupe using your package manager.
The following conflicting packages were found:
	esm 12.4.2	node_modules/@polkadot/api/
	esm 16.4.6	node_modules/@acala-network/chopsticks/node_modules/@polkadot/api/
[2025-09-09T17:54:20.180Z] [WARN] @polkadot/rpc-provider has multiple versions, ensure that there is only one installed.
Either remove and explicitly install matching versions or dedupe using your package manager.
The following conflicting packages were found:
	esm 12.4.2	node_modules/@polkadot/rpc-provider/
	esm 16.4.6	node_modules/@acala-network/chopsticks-core/node_modules/@polkadot/rpc-provider/
	esm 16.4.6	node_modules/@acala-network/chopsticks/node_modules/@polkadot/rpc-provider/
[2025-09-09T17:54:20.180Z] [WARN] @polkadot/api-derive has multiple versions, ensure that there is only one installed.
Either remove and explicitly install matching versions or dedupe using your package manager.
The following conflicting packages were found:
	esm 12.4.2	node_modules/@polkadot/api-derive/
	esm 16.4.6	node_modules/@acala-network/chopsticks/node_modules/@polkadot/api-derive/
[2025-09-09T17:54:20.181Z] [WARN] @polkadot/rpc-core has multiple versions, ensure that there is only one installed.
Either remove and explicitly install matching versions or dedupe using your package manager.
The following conflicting packages were found:
	esm 12.4.2	node_modules/@polkadot/rpc-core/
	esm 16.4.6	node_modules/@acala-network/chopsticks/node_modules/@polkadot/rpc-core/
[2025-09-09T17:54:20.181Z] [WARN] @polkadot/types has multiple versions, ensure that there is only one installed.
Either remove and explicitly install matching versions or dedupe using your package manager.
The following conflicting packages were found:
	esm 12.4.2	node_modules/@polkadot/types/
	esm 16.4.6	node_modules/@acala-network/chopsticks-core/node_modules/@polkadot/types/
	esm 16.4.6	node_modules/@acala-network/chopsticks/node_modules/@polkadot/types/
[2025-09-09T17:54:20.181Z] [WARN] @polkadot/types-create has multiple versions, ensure that there is only one installed.
Either remove and explicitly install matching versions or dedupe using your package manager.
The following conflicting packages were found:
	esm 12.4.2	node_modules/@polkadot/types-create/
	esm 16.4.6	node_modules/@acala-network/chopsticks-core/node_modules/@polkadot/types-create/
	esm 16.4.6	node_modules/@acala-network/chopsticks/node_modules/@polkadot/types-create/
[2025-09-09T17:54:20.181Z] [WARN] @polkadot/types-codec has multiple versions, ensure that there is only one installed.
Either remove and explicitly install matching versions or dedupe using your package manager.
The following conflicting packages were found:
	esm 12.4.2	node_modules/@polkadot/types-codec/
	esm 16.4.6	node_modules/@acala-network/chopsticks-core/node_modules/@polkadot/types-codec/
	esm 16.4.6	node_modules/@acala-network/chopsticks/node_modules/@polkadot/types-codec/
[2025-09-09T17:54:20.183Z] [WARN] @polkadot/types-known has multiple versions, ensure that there is only one installed.
Either remove and explicitly install matching versions or dedupe using your package manager.
The following conflicting packages were found:
	esm 12.4.2	node_modules/@polkadot/types-known/
	esm 16.4.6	node_modules/@acala-network/chopsticks/node_modules/@polkadot/types-known/
[2025-09-09T17:54:20.185Z] [WARN] @polkadot/api has multiple versions, ensure that there is only one installed.
Either remove and explicitly install matching versions or dedupe using your package manager.
The following conflicting packages were found:
	esm 12.4.2	node_modules/@polkadot/api/
	esm 16.4.6	node_modules/@acala-network/chopsticks/node_modules/@polkadot/api/
	esm 16.4.6	node_modules/@acala-network/chopsticks-utils/node_modules/@polkadot/api/
[2025-09-09T17:54:20.185Z] [WARN] @polkadot/rpc-augment has multiple versions, ensure that there is only one installed.
Either remove and explicitly install matching versions or dedupe using your package manager.
The following conflicting packages were found:
	esm 12.4.2	node_modules/@polkadot/rpc-augment/
	esm 16.4.6	node_modules/@acala-network/chopsticks/node_modules/@polkadot/rpc-augment/
	esm 16.4.6	node_modules/@acala-network/chopsticks-utils/node_modules/@polkadot/rpc-augment/
[2025-09-09T17:54:20.185Z] [WARN] @polkadot/rpc-provider has multiple versions, ensure that there is only one installed.
Either remove and explicitly install matching versions or dedupe using your package manager.
The following conflicting packages were found:
	esm 12.4.2	node_modules/@polkadot/rpc-provider/
	esm 16.4.6	node_modules/@acala-network/chopsticks-core/node_modules/@polkadot/rpc-provider/
	esm 16.4.6	node_modules/@acala-network/chopsticks/node_modules/@polkadot/rpc-provider/
	esm 16.4.6	node_modules/@acala-network/chopsticks-utils/node_modules/@polkadot/rpc-provider/
[2025-09-09T17:54:20.185Z] [WARN] @polkadot/api-derive has multiple versions, ensure that there is only one installed.
Either remove and explicitly install matching versions or dedupe using your package manager.
The following conflicting packages were found:
	esm 12.4.2	node_modules/@polkadot/api-derive/
	esm 16.4.6	node_modules/@acala-network/chopsticks/node_modules/@polkadot/api-derive/
	esm 16.4.6	node_modules/@acala-network/chopsticks-utils/node_modules/@polkadot/api-derive/
[2025-09-09T17:54:20.185Z] [WARN] @polkadot/rpc-core has multiple versions, ensure that there is only one installed.
Either remove and explicitly install matching versions or dedupe using your package manager.
The following conflicting packages were found:
	esm 12.4.2	node_modules/@polkadot/rpc-core/
	esm 16.4.6	node_modules/@acala-network/chopsticks/node_modules/@polkadot/rpc-core/
	esm 16.4.6	node_modules/@acala-network/chopsticks-utils/node_modules/@polkadot/rpc-core/
[2025-09-09T17:54:20.185Z] [WARN] @polkadot/types has multiple versions, ensure that there is only one installed.
Either remove and explicitly install matching versions or dedupe using your package manager.
The following conflicting packages were found:
	esm 12.4.2	node_modules/@polkadot/types/
	esm 16.4.6	node_modules/@acala-network/chopsticks-core/node_modules/@polkadot/types/
	esm 16.4.6	node_modules/@acala-network/chopsticks/node_modules/@polkadot/types/
	esm 16.4.6	node_modules/@acala-network/chopsticks-utils/node_modules/@polkadot/types/
[2025-09-09T17:54:20.186Z] [WARN] @polkadot/types-create has multiple versions, ensure that there is only one installed.
Either remove and explicitly install matching versions or dedupe using your package manager.
The following conflicting packages were found:
	esm 12.4.2	node_modules/@polkadot/types-create/
	esm 16.4.6	node_modules/@acala-network/chopsticks-core/node_modules/@polkadot/types-create/
	esm 16.4.6	node_modules/@acala-network/chopsticks/node_modules/@polkadot/types-create/
	esm 16.4.6	node_modules/@acala-network/chopsticks-utils/node_modules/@polkadot/types-create/
[2025-09-09T17:54:20.186Z] [WARN] @polkadot/types-codec has multiple versions, ensure that there is only one installed.
Either remove and explicitly install matching versions or dedupe using your package manager.
The following conflicting packages were found:
	esm 12.4.2	node_modules/@polkadot/types-codec/
	esm 16.4.6	node_modules/@acala-network/chopsticks-core/node_modules/@polkadot/types-codec/
	esm 16.4.6	node_modules/@acala-network/chopsticks/node_modules/@polkadot/types-codec/
	esm 16.4.6	node_modules/@acala-network/chopsticks-utils/node_modules/@polkadot/types-codec/
[2025-09-09T17:54:20.188Z] [WARN] @polkadot/types-known has multiple versions, ensure that there is only one installed.
Either remove and explicitly install matching versions or dedupe using your package manager.
The following conflicting packages were found:
	esm 12.4.2	node_modules/@polkadot/types-known/
	esm 16.4.6	node_modules/@acala-network/chopsticks/node_modules/@polkadot/types-known/
	esm 16.4.6	node_modules/@acala-network/chopsticks-utils/node_modules/@polkadot/types-known/
[2025-09-09T17:54:20.195Z] [LOG] [dotenv@17.2.1] injecting env (0) from .env -- tip: ⚙️  override existing env vars with { override: true }
[2025-09-09T17:54:21.909Z] [LOG] Setting up AssetHub network with options: {
  "runtimeLogLevel": 5,
  "blockNumber": 9651100,
  "port": 8001,
  "endpoint": [
    "wss://polkadot-asset-hub-rpc.polkadot.io"
  ],
  "db": "assethub-db.sqlite",
  "processQueuedMessages": true
}
[2025-09-09T17:54:23.916Z] [LOG] assetHub.url "ws://[::]:8001"
[2025-09-09T17:54:25.112Z] [LOG] start assetHub newblockNumber
[2025-09-09T17:54:27.999Z] [LOG] Transaction status: Ready
[2025-09-09T17:54:28.000Z] [LOG] ✅ Transaction is ready in pool
[2025-09-09T17:54:28.000Z] [LOG] Transaction status: Broadcast
[2025-09-09T17:54:28.975Z] [LOG] Transaction status: InBlock
[2025-09-09T17:54:28.975Z] [LOG] ✅ Transaction is in block
[2025-09-09T17:54:28.975Z] [LOG] ✅ Transaction successful, unsubscribing...
[2025-09-09T17:54:29.086Z] [LOG] === CHECKING ASSET HUB BLOCK ===
[2025-09-09T17:54:36.941Z] [LOG] Test setup initialized - logging to test-output.log
[2025-09-09T17:54:37.107Z] [WARN] @polkadot/types-codec has multiple versions, ensure that there is only one installed.
Either remove and explicitly install matching versions or dedupe using your package manager.
The following conflicting packages were found:
	esm 12.4.2	node_modules/@polkadot/types-codec/
	esm 16.4.6	node_modules/@acala-network/chopsticks-core/node_modules/@polkadot/types-codec/
[2025-09-09T17:54:37.108Z] [WARN] @polkadot/types has multiple versions, ensure that there is only one installed.
Either remove and explicitly install matching versions or dedupe using your package manager.
The following conflicting packages were found:
	esm 12.4.2	node_modules/@polkadot/types/
	esm 16.4.6	node_modules/@acala-network/chopsticks-core/node_modules/@polkadot/types/
[2025-09-09T17:54:37.109Z] [WARN] @polkadot/types-create has multiple versions, ensure that there is only one installed.
Either remove and explicitly install matching versions or dedupe using your package manager.
The following conflicting packages were found:
	esm 12.4.2	node_modules/@polkadot/types-create/
	esm 16.4.6	node_modules/@acala-network/chopsticks-core/node_modules/@polkadot/types-create/
[2025-09-09T17:54:37.112Z] [WARN] @polkadot/rpc-provider has multiple versions, ensure that there is only one installed.
Either remove and explicitly install matching versions or dedupe using your package manager.
The following conflicting packages were found:
	esm 12.4.2	node_modules/@polkadot/rpc-provider/
	esm 16.4.6	node_modules/@acala-network/chopsticks-core/node_modules/@polkadot/rpc-provider/
[2025-09-09T17:54:37.565Z] [WARN] @polkadot/rpc-augment has multiple versions, ensure that there is only one installed.
Either remove and explicitly install matching versions or dedupe using your package manager.
The following conflicting packages were found:
	esm 12.4.2	node_modules/@polkadot/rpc-augment/
	esm 16.4.6	node_modules/@acala-network/chopsticks/node_modules/@polkadot/rpc-augment/
[2025-09-09T17:54:37.656Z] [WARN] @polkadot/api has multiple versions, ensure that there is only one installed.
Either remove and explicitly install matching versions or dedupe using your package manager.
The following conflicting packages were found:
	esm 12.4.2	node_modules/@polkadot/api/
	esm 16.4.6	node_modules/@acala-network/chopsticks/node_modules/@polkadot/api/
[2025-09-09T17:54:37.658Z] [WARN] @polkadot/rpc-provider has multiple versions, ensure that there is only one installed.
Either remove and explicitly install matching versions or dedupe using your package manager.
The following conflicting packages were found:
	esm 12.4.2	node_modules/@polkadot/rpc-provider/
	esm 16.4.6	node_modules/@acala-network/chopsticks-core/node_modules/@polkadot/rpc-provider/
	esm 16.4.6	node_modules/@acala-network/chopsticks/node_modules/@polkadot/rpc-provider/
[2025-09-09T17:54:37.658Z] [WARN] @polkadot/api-derive has multiple versions, ensure that there is only one installed.
Either remove and explicitly install matching versions or dedupe using your package manager.
The following conflicting packages were found:
	esm 12.4.2	node_modules/@polkadot/api-derive/
	esm 16.4.6	node_modules/@acala-network/chopsticks/node_modules/@polkadot/api-derive/
[2025-09-09T17:54:37.658Z] [WARN] @polkadot/rpc-core has multiple versions, ensure that there is only one installed.
Either remove and explicitly install matching versions or dedupe using your package manager.
The following conflicting packages were found:
	esm 12.4.2	node_modules/@polkadot/rpc-core/
	esm 16.4.6	node_modules/@acala-network/chopsticks/node_modules/@polkadot/rpc-core/
[2025-09-09T17:54:37.658Z] [WARN] @polkadot/types has multiple versions, ensure that there is only one installed.
Either remove and explicitly install matching versions or dedupe using your package manager.
The following conflicting packages were found:
	esm 12.4.2	node_modules/@polkadot/types/
	esm 16.4.6	node_modules/@acala-network/chopsticks-core/node_modules/@polkadot/types/
	esm 16.4.6	node_modules/@acala-network/chopsticks/node_modules/@polkadot/types/
[2025-09-09T17:54:37.659Z] [WARN] @polkadot/types-create has multiple versions, ensure that there is only one installed.
Either remove and explicitly install matching versions or dedupe using your package manager.
The following conflicting packages were found:
	esm 12.4.2	node_modules/@polkadot/types-create/
	esm 16.4.6	node_modules/@acala-network/chopsticks-core/node_modules/@polkadot/types-create/
	esm 16.4.6	node_modules/@acala-network/chopsticks/node_modules/@polkadot/types-create/
[2025-09-09T17:54:37.659Z] [WARN] @polkadot/types-codec has multiple versions, ensure that there is only one installed.
Either remove and explicitly install matching versions or dedupe using your package manager.
The following conflicting packages were found:
	esm 12.4.2	node_modules/@polkadot/types-codec/
	esm 16.4.6	node_modules/@acala-network/chopsticks-core/node_modules/@polkadot/types-codec/
	esm 16.4.6	node_modules/@acala-network/chopsticks/node_modules/@polkadot/types-codec/
[2025-09-09T17:54:37.661Z] [WARN] @polkadot/types-known has multiple versions, ensure that there is only one installed.
Either remove and explicitly install matching versions or dedupe using your package manager.
The following conflicting packages were found:
	esm 12.4.2	node_modules/@polkadot/types-known/
	esm 16.4.6	node_modules/@acala-network/chopsticks/node_modules/@polkadot/types-known/
[2025-09-09T17:54:37.663Z] [WARN] @polkadot/api has multiple versions, ensure that there is only one installed.
Either remove and explicitly install matching versions or dedupe using your package manager.
The following conflicting packages were found:
	esm 12.4.2	node_modules/@polkadot/api/
	esm 16.4.6	node_modules/@acala-network/chopsticks/node_modules/@polkadot/api/
	esm 16.4.6	node_modules/@acala-network/chopsticks-utils/node_modules/@polkadot/api/
[2025-09-09T17:54:37.663Z] [WARN] @polkadot/rpc-augment has multiple versions, ensure that there is only one installed.
Either remove and explicitly install matching versions or dedupe using your package manager.
The following conflicting packages were found:
	esm 12.4.2	node_modules/@polkadot/rpc-augment/
	esm 16.4.6	node_modules/@acala-network/chopsticks/node_modules/@polkadot/rpc-augment/
	esm 16.4.6	node_modules/@acala-network/chopsticks-utils/node_modules/@polkadot/rpc-augment/
[2025-09-09T17:54:37.663Z] [WARN] @polkadot/rpc-provider has multiple versions, ensure that there is only one installed.
Either remove and explicitly install matching versions or dedupe using your package manager.
The following conflicting packages were found:
	esm 12.4.2	node_modules/@polkadot/rpc-provider/
	esm 16.4.6	node_modules/@acala-network/chopsticks-core/node_modules/@polkadot/rpc-provider/
	esm 16.4.6	node_modules/@acala-network/chopsticks/node_modules/@polkadot/rpc-provider/
	esm 16.4.6	node_modules/@acala-network/chopsticks-utils/node_modules/@polkadot/rpc-provider/
[2025-09-09T17:54:37.663Z] [WARN] @polkadot/api-derive has multiple versions, ensure that there is only one installed.
Either remove and explicitly install matching versions or dedupe using your package manager.
The following conflicting packages were found:
	esm 12.4.2	node_modules/@polkadot/api-derive/
	esm 16.4.6	node_modules/@acala-network/chopsticks/node_modules/@polkadot/api-derive/
	esm 16.4.6	node_modules/@acala-network/chopsticks-utils/node_modules/@polkadot/api-derive/
[2025-09-09T17:54:37.663Z] [WARN] @polkadot/rpc-core has multiple versions, ensure that there is only one installed.
Either remove and explicitly install matching versions or dedupe using your package manager.
The following conflicting packages were found:
	esm 12.4.2	node_modules/@polkadot/rpc-core/
	esm 16.4.6	node_modules/@acala-network/chopsticks/node_modules/@polkadot/rpc-core/
	esm 16.4.6	node_modules/@acala-network/chopsticks-utils/node_modules/@polkadot/rpc-core/
[2025-09-09T17:54:37.663Z] [WARN] @polkadot/types has multiple versions, ensure that there is only one installed.
Either remove and explicitly install matching versions or dedupe using your package manager.
The following conflicting packages were found:
	esm 12.4.2	node_modules/@polkadot/types/
	esm 16.4.6	node_modules/@acala-network/chopsticks-core/node_modules/@polkadot/types/
	esm 16.4.6	node_modules/@acala-network/chopsticks/node_modules/@polkadot/types/
	esm 16.4.6	node_modules/@acala-network/chopsticks-utils/node_modules/@polkadot/types/
[2025-09-09T17:54:37.663Z] [WARN] @polkadot/types-create has multiple versions, ensure that there is only one installed.
Either remove and explicitly install matching versions or dedupe using your package manager.
The following conflicting packages were found:
	esm 12.4.2	node_modules/@polkadot/types-create/
	esm 16.4.6	node_modules/@acala-network/chopsticks-core/node_modules/@polkadot/types-create/
	esm 16.4.6	node_modules/@acala-network/chopsticks/node_modules/@polkadot/types-create/
	esm 16.4.6	node_modules/@acala-network/chopsticks-utils/node_modules/@polkadot/types-create/
[2025-09-09T17:54:37.663Z] [WARN] @polkadot/types-codec has multiple versions, ensure that there is only one installed.
Either remove and explicitly install matching versions or dedupe using your package manager.
The following conflicting packages were found:
	esm 12.4.2	node_modules/@polkadot/types-codec/
	esm 16.4.6	node_modules/@acala-network/chopsticks-core/node_modules/@polkadot/types-codec/
	esm 16.4.6	node_modules/@acala-network/chopsticks/node_modules/@polkadot/types-codec/
	esm 16.4.6	node_modules/@acala-network/chopsticks-utils/node_modules/@polkadot/types-codec/
[2025-09-09T17:54:37.665Z] [WARN] @polkadot/types-known has multiple versions, ensure that there is only one installed.
Either remove and explicitly install matching versions or dedupe using your package manager.
The following conflicting packages were found:
	esm 12.4.2	node_modules/@polkadot/types-known/
	esm 16.4.6	node_modules/@acala-network/chopsticks/node_modules/@polkadot/types-known/
	esm 16.4.6	node_modules/@acala-network/chopsticks-utils/node_modules/@polkadot/types-known/
[2025-09-09T17:54:37.671Z] [LOG] [dotenv@17.2.1] injecting env (0) from .env -- tip: 📡 observe env with Radar: https://dotenvx.com/radar
[2025-09-09T17:54:39.637Z] [LOG] Setting up AssetHub network with options: {
  "runtimeLogLevel": 5,
  "blockNumber": 9651100,
  "port": 8001,
  "endpoint": [
    "wss://polkadot-asset-hub-rpc.polkadot.io"
  ],
  "db": "assethub-db.sqlite",
  "processQueuedMessages": true
}
[2025-09-09T17:54:42.745Z] [LOG] assetHub.url "ws://[::]:8001"
[2025-09-09T17:54:43.830Z] [LOG] start assetHub newblockNumber
[2025-09-09T17:54:47.844Z] [LOG] Transaction status: Ready
[2025-09-09T17:54:47.845Z] [LOG] ✅ Transaction is ready in pool
[2025-09-09T17:54:47.845Z] [LOG] Transaction status: Broadcast
[2025-09-09T17:54:49.052Z] [LOG] Transaction status: InBlock
[2025-09-09T17:54:49.052Z] [LOG] ✅ Transaction is in block
[2025-09-09T17:54:49.052Z] [LOG] ✅ Transaction successful, unsubscribing...
[2025-09-09T17:54:49.164Z] [LOG] === CHECKING ASSET HUB BLOCK ===
[2025-09-09T17:55:15.046Z] [LOG] Test setup initialized - logging to test-output.log
[2025-09-09T17:55:15.320Z] [WARN] @polkadot/types-codec has multiple versions, ensure that there is only one installed.
Either remove and explicitly install matching versions or dedupe using your package manager.
The following conflicting packages were found:
	esm 12.4.2	node_modules/@polkadot/types-codec/
	esm 16.4.6	node_modules/@acala-network/chopsticks-core/node_modules/@polkadot/types-codec/
[2025-09-09T17:55:15.321Z] [WARN] @polkadot/types has multiple versions, ensure that there is only one installed.
Either remove and explicitly install matching versions or dedupe using your package manager.
The following conflicting packages were found:
	esm 12.4.2	node_modules/@polkadot/types/
	esm 16.4.6	node_modules/@acala-network/chopsticks-core/node_modules/@polkadot/types/
[2025-09-09T17:55:15.321Z] [WARN] @polkadot/types-create has multiple versions, ensure that there is only one installed.
Either remove and explicitly install matching versions or dedupe using your package manager.
The following conflicting packages were found:
	esm 12.4.2	node_modules/@polkadot/types-create/
	esm 16.4.6	node_modules/@acala-network/chopsticks-core/node_modules/@polkadot/types-create/
[2025-09-09T17:55:15.324Z] [WARN] @polkadot/rpc-provider has multiple versions, ensure that there is only one installed.
Either remove and explicitly install matching versions or dedupe using your package manager.
The following conflicting packages were found:
	esm 12.4.2	node_modules/@polkadot/rpc-provider/
	esm 16.4.6	node_modules/@acala-network/chopsticks-core/node_modules/@polkadot/rpc-provider/
[2025-09-09T17:55:15.792Z] [WARN] @polkadot/rpc-augment has multiple versions, ensure that there is only one installed.
Either remove and explicitly install matching versions or dedupe using your package manager.
The following conflicting packages were found:
	esm 12.4.2	node_modules/@polkadot/rpc-augment/
	esm 16.4.6	node_modules/@acala-network/chopsticks/node_modules/@polkadot/rpc-augment/
[2025-09-09T17:55:15.867Z] [WARN] @polkadot/api has multiple versions, ensure that there is only one installed.
Either remove and explicitly install matching versions or dedupe using your package manager.
The following conflicting packages were found:
	esm 12.4.2	node_modules/@polkadot/api/
	esm 16.4.6	node_modules/@acala-network/chopsticks/node_modules/@polkadot/api/
[2025-09-09T17:55:15.867Z] [WARN] @polkadot/rpc-provider has multiple versions, ensure that there is only one installed.
Either remove and explicitly install matching versions or dedupe using your package manager.
The following conflicting packages were found:
	esm 12.4.2	node_modules/@polkadot/rpc-provider/
	esm 16.4.6	node_modules/@acala-network/chopsticks-core/node_modules/@polkadot/rpc-provider/
	esm 16.4.6	node_modules/@acala-network/chopsticks/node_modules/@polkadot/rpc-provider/
[2025-09-09T17:55:15.867Z] [WARN] @polkadot/api-derive has multiple versions, ensure that there is only one installed.
Either remove and explicitly install matching versions or dedupe using your package manager.
The following conflicting packages were found:
	esm 12.4.2	node_modules/@polkadot/api-derive/
	esm 16.4.6	node_modules/@acala-network/chopsticks/node_modules/@polkadot/api-derive/
[2025-09-09T17:55:15.867Z] [WARN] @polkadot/rpc-core has multiple versions, ensure that there is only one installed.
Either remove and explicitly install matching versions or dedupe using your package manager.
The following conflicting packages were found:
	esm 12.4.2	node_modules/@polkadot/rpc-core/
	esm 16.4.6	node_modules/@acala-network/chopsticks/node_modules/@polkadot/rpc-core/
[2025-09-09T17:55:15.868Z] [WARN] @polkadot/types has multiple versions, ensure that there is only one installed.
Either remove and explicitly install matching versions or dedupe using your package manager.
The following conflicting packages were found:
	esm 12.4.2	node_modules/@polkadot/types/
	esm 16.4.6	node_modules/@acala-network/chopsticks-core/node_modules/@polkadot/types/
	esm 16.4.6	node_modules/@acala-network/chopsticks/node_modules/@polkadot/types/
[2025-09-09T17:55:15.868Z] [WARN] @polkadot/types-create has multiple versions, ensure that there is only one installed.
Either remove and explicitly install matching versions or dedupe using your package manager.
The following conflicting packages were found:
	esm 12.4.2	node_modules/@polkadot/types-create/
	esm 16.4.6	node_modules/@acala-network/chopsticks-core/node_modules/@polkadot/types-create/
	esm 16.4.6	node_modules/@acala-network/chopsticks/node_modules/@polkadot/types-create/
[2025-09-09T17:55:15.868Z] [WARN] @polkadot/types-codec has multiple versions, ensure that there is only one installed.
Either remove and explicitly install matching versions or dedupe using your package manager.
The following conflicting packages were found:
	esm 12.4.2	node_modules/@polkadot/types-codec/
	esm 16.4.6	node_modules/@acala-network/chopsticks-core/node_modules/@polkadot/types-codec/
	esm 16.4.6	node_modules/@acala-network/chopsticks/node_modules/@polkadot/types-codec/
[2025-09-09T17:55:15.870Z] [WARN] @polkadot/types-known has multiple versions, ensure that there is only one installed.
Either remove and explicitly install matching versions or dedupe using your package manager.
The following conflicting packages were found:
	esm 12.4.2	node_modules/@polkadot/types-known/
	esm 16.4.6	node_modules/@acala-network/chopsticks/node_modules/@polkadot/types-known/
[2025-09-09T17:55:15.871Z] [WARN] @polkadot/api has multiple versions, ensure that there is only one installed.
Either remove and explicitly install matching versions or dedupe using your package manager.
The following conflicting packages were found:
	esm 12.4.2	node_modules/@polkadot/api/
	esm 16.4.6	node_modules/@acala-network/chopsticks/node_modules/@polkadot/api/
	esm 16.4.6	node_modules/@acala-network/chopsticks-utils/node_modules/@polkadot/api/
[2025-09-09T17:55:15.871Z] [WARN] @polkadot/rpc-augment has multiple versions, ensure that there is only one installed.
Either remove and explicitly install matching versions or dedupe using your package manager.
The following conflicting packages were found:
	esm 12.4.2	node_modules/@polkadot/rpc-augment/
	esm 16.4.6	node_modules/@acala-network/chopsticks/node_modules/@polkadot/rpc-augment/
	esm 16.4.6	node_modules/@acala-network/chopsticks-utils/node_modules/@polkadot/rpc-augment/
[2025-09-09T17:55:15.871Z] [WARN] @polkadot/rpc-provider has multiple versions, ensure that there is only one installed.
Either remove and explicitly install matching versions or dedupe using your package manager.
The following conflicting packages were found:
	esm 12.4.2	node_modules/@polkadot/rpc-provider/
	esm 16.4.6	node_modules/@acala-network/chopsticks-core/node_modules/@polkadot/rpc-provider/
	esm 16.4.6	node_modules/@acala-network/chopsticks/node_modules/@polkadot/rpc-provider/
	esm 16.4.6	node_modules/@acala-network/chopsticks-utils/node_modules/@polkadot/rpc-provider/
[2025-09-09T17:55:15.872Z] [WARN] @polkadot/api-derive has multiple versions, ensure that there is only one installed.
Either remove and explicitly install matching versions or dedupe using your package manager.
The following conflicting packages were found:
	esm 12.4.2	node_modules/@polkadot/api-derive/
	esm 16.4.6	node_modules/@acala-network/chopsticks/node_modules/@polkadot/api-derive/
	esm 16.4.6	node_modules/@acala-network/chopsticks-utils/node_modules/@polkadot/api-derive/
[2025-09-09T17:55:15.872Z] [WARN] @polkadot/rpc-core has multiple versions, ensure that there is only one installed.
Either remove and explicitly install matching versions or dedupe using your package manager.
The following conflicting packages were found:
	esm 12.4.2	node_modules/@polkadot/rpc-core/
	esm 16.4.6	node_modules/@acala-network/chopsticks/node_modules/@polkadot/rpc-core/
	esm 16.4.6	node_modules/@acala-network/chopsticks-utils/node_modules/@polkadot/rpc-core/
[2025-09-09T17:55:15.872Z] [WARN] @polkadot/types has multiple versions, ensure that there is only one installed.
Either remove and explicitly install matching versions or dedupe using your package manager.
The following conflicting packages were found:
	esm 12.4.2	node_modules/@polkadot/types/
	esm 16.4.6	node_modules/@acala-network/chopsticks-core/node_modules/@polkadot/types/
	esm 16.4.6	node_modules/@acala-network/chopsticks/node_modules/@polkadot/types/
	esm 16.4.6	node_modules/@acala-network/chopsticks-utils/node_modules/@polkadot/types/
[2025-09-09T17:55:15.872Z] [WARN] @polkadot/types-create has multiple versions, ensure that there is only one installed.
Either remove and explicitly install matching versions or dedupe using your package manager.
The following conflicting packages were found:
	esm 12.4.2	node_modules/@polkadot/types-create/
	esm 16.4.6	node_modules/@acala-network/chopsticks-core/node_modules/@polkadot/types-create/
	esm 16.4.6	node_modules/@acala-network/chopsticks/node_modules/@polkadot/types-create/
	esm 16.4.6	node_modules/@acala-network/chopsticks-utils/node_modules/@polkadot/types-create/
[2025-09-09T17:55:15.872Z] [WARN] @polkadot/types-codec has multiple versions, ensure that there is only one installed.
Either remove and explicitly install matching versions or dedupe using your package manager.
The following conflicting packages were found:
	esm 12.4.2	node_modules/@polkadot/types-codec/
	esm 16.4.6	node_modules/@acala-network/chopsticks-core/node_modules/@polkadot/types-codec/
	esm 16.4.6	node_modules/@acala-network/chopsticks/node_modules/@polkadot/types-codec/
	esm 16.4.6	node_modules/@acala-network/chopsticks-utils/node_modules/@polkadot/types-codec/
[2025-09-09T17:55:15.875Z] [WARN] @polkadot/types-known has multiple versions, ensure that there is only one installed.
Either remove and explicitly install matching versions or dedupe using your package manager.
The following conflicting packages were found:
	esm 12.4.2	node_modules/@polkadot/types-known/
	esm 16.4.6	node_modules/@acala-network/chopsticks/node_modules/@polkadot/types-known/
	esm 16.4.6	node_modules/@acala-network/chopsticks-utils/node_modules/@polkadot/types-known/
[2025-09-09T17:55:15.880Z] [LOG] [dotenv@17.2.1] injecting env (0) from .env -- tip: 🔐 prevent committing .env to code: https://dotenvx.com/precommit
[2025-09-09T17:55:17.725Z] [LOG] Setting up AssetHub network with options: {
  "runtimeLogLevel": 5,
  "blockNumber": 9651100,
  "port": 8001,
  "endpoint": [
    "wss://polkadot-asset-hub-rpc.polkadot.io"
  ],
  "db": "assethub-db.sqlite",
  "processQueuedMessages": true
}
[2025-09-09T17:55:19.855Z] [LOG] assetHub.url "ws://[::]:8001"
[2025-09-09T17:55:20.982Z] [LOG] start assetHub newblockNumber
[2025-09-09T17:55:23.805Z] [LOG] Transaction status: Ready
[2025-09-09T17:55:23.805Z] [LOG] ✅ Transaction is ready in pool
[2025-09-09T17:55:23.806Z] [LOG] Transaction status: Broadcast
[2025-09-09T17:55:24.783Z] [LOG] Transaction status: InBlock
[2025-09-09T17:55:24.783Z] [LOG] ✅ Transaction is in block
[2025-09-09T17:55:24.783Z] [LOG] ✅ Transaction successful, unsubscribing...
[2025-09-09T17:55:24.894Z] [LOG] === CHECKING ASSET HUB BLOCK ===
[2025-09-09T17:55:32.053Z] [LOG] Frequency events: [
  {
    "phase": "Initialization",
    "event": {
      "method": "NewAccount",
      "section": "system",
      "index": "0x0003",
      "data": {
        "account": "f6cGVmusZ1zNcF9kZe67WFuAfcjzPiyCuemdfpDyhrEqGuaig"
      }
    },
    "topics": []
  },
  {
    "phase": "Initialization",
    "event": {
      "method": "Issued",
      "section": "foreignAssets",
      "index": "0x4b01",
      "data": {
        "assetId": {
          "parents": "1",
          "interior": "Here"
        },
        "owner": "f6cGVmusZ1zNcF9kZe67WFuAfcjzPiyCuemdfpDyhrEqGuaig",
        "amount": "499,951,030,402"
      }
    },
    "topics": []
  },
  {
    "phase": "Initialization",
    "event": {
      "method": "Processed",
      "section": "messageQueue",
      "index": "0x4a01",
      "data": {
        "id": "0x25af8fed3e025a040408842ae2b76094146bf9ab5b4d480424c9615d237f2a81",
        "origin": {
          "Sibling": "1,000"
        },
        "weightUsed": {
          "refTime": "480,047,000",
          "proofSize": "4,768"
        },
        "success": true
      }
    },
    "topics": []
  },
  {
    "phase": {
      "ApplyExtrinsic": "0"
    },
    "event": {
      "method": "ExtrinsicSuccess",
      "section": "system",
      "index": "0x0000",
      "data": {
        "dispatchInfo": {
          "weight": {
            "refTime": "275,594,000",
            "proofSize": "1,988"
          },
          "class": "Mandatory",
          "paysFee": "Yes"
        }
      }
    },
    "topics": []
  },
  {
    "phase": {
      "ApplyExtrinsic": "1"
    },
    "event": {
      "method": "ExtrinsicSuccess",
      "section": "system",
      "index": "0x0000",
      "data": {
        "dispatchInfo": {
          "weight": {
            "refTime": "98,029,000",
            "proofSize": "0"
          },
          "class": "Mandatory",
          "paysFee": "Yes"
        }
      }
    },
    "topics": []
  }
]
[2025-09-09T17:55:32.054Z] [LOG] XCM Results: []
[2025-09-09T17:55:32.493Z] [LOG] Test setup initialized - logging to test-output.log
[2025-09-09T17:55:32.658Z] [WARN] @polkadot/types-codec has multiple versions, ensure that there is only one installed.
Either remove and explicitly install matching versions or dedupe using your package manager.
The following conflicting packages were found:
	esm 12.4.2	node_modules/@polkadot/types-codec/
	esm 16.4.6	node_modules/@acala-network/chopsticks-core/node_modules/@polkadot/types-codec/
[2025-09-09T17:55:32.659Z] [WARN] @polkadot/types has multiple versions, ensure that there is only one installed.
Either remove and explicitly install matching versions or dedupe using your package manager.
The following conflicting packages were found:
	esm 12.4.2	node_modules/@polkadot/types/
	esm 16.4.6	node_modules/@acala-network/chopsticks-core/node_modules/@polkadot/types/
[2025-09-09T17:55:32.660Z] [WARN] @polkadot/types-create has multiple versions, ensure that there is only one installed.
Either remove and explicitly install matching versions or dedupe using your package manager.
The following conflicting packages were found:
	esm 12.4.2	node_modules/@polkadot/types-create/
	esm 16.4.6	node_modules/@acala-network/chopsticks-core/node_modules/@polkadot/types-create/
[2025-09-09T17:55:32.662Z] [WARN] @polkadot/rpc-provider has multiple versions, ensure that there is only one installed.
Either remove and explicitly install matching versions or dedupe using your package manager.
The following conflicting packages were found:
	esm 12.4.2	node_modules/@polkadot/rpc-provider/
	esm 16.4.6	node_modules/@acala-network/chopsticks-core/node_modules/@polkadot/rpc-provider/
[2025-09-09T17:55:33.096Z] [WARN] @polkadot/rpc-augment has multiple versions, ensure that there is only one installed.
Either remove and explicitly install matching versions or dedupe using your package manager.
The following conflicting packages were found:
	esm 12.4.2	node_modules/@polkadot/rpc-augment/
	esm 16.4.6	node_modules/@acala-network/chopsticks/node_modules/@polkadot/rpc-augment/
[2025-09-09T17:55:33.170Z] [WARN] @polkadot/api has multiple versions, ensure that there is only one installed.
Either remove and explicitly install matching versions or dedupe using your package manager.
The following conflicting packages were found:
	esm 12.4.2	node_modules/@polkadot/api/
	esm 16.4.6	node_modules/@acala-network/chopsticks/node_modules/@polkadot/api/
[2025-09-09T17:55:33.171Z] [WARN] @polkadot/rpc-provider has multiple versions, ensure that there is only one installed.
Either remove and explicitly install matching versions or dedupe using your package manager.
The following conflicting packages were found:
	esm 12.4.2	node_modules/@polkadot/rpc-provider/
	esm 16.4.6	node_modules/@acala-network/chopsticks-core/node_modules/@polkadot/rpc-provider/
	esm 16.4.6	node_modules/@acala-network/chopsticks/node_modules/@polkadot/rpc-provider/
[2025-09-09T17:55:33.171Z] [WARN] @polkadot/api-derive has multiple versions, ensure that there is only one installed.
Either remove and explicitly install matching versions or dedupe using your package manager.
The following conflicting packages were found:
	esm 12.4.2	node_modules/@polkadot/api-derive/
	esm 16.4.6	node_modules/@acala-network/chopsticks/node_modules/@polkadot/api-derive/
[2025-09-09T17:55:33.171Z] [WARN] @polkadot/rpc-core has multiple versions, ensure that there is only one installed.
Either remove and explicitly install matching versions or dedupe using your package manager.
The following conflicting packages were found:
	esm 12.4.2	node_modules/@polkadot/rpc-core/
	esm 16.4.6	node_modules/@acala-network/chopsticks/node_modules/@polkadot/rpc-core/
[2025-09-09T17:55:33.171Z] [WARN] @polkadot/types has multiple versions, ensure that there is only one installed.
Either remove and explicitly install matching versions or dedupe using your package manager.
The following conflicting packages were found:
	esm 12.4.2	node_modules/@polkadot/types/
	esm 16.4.6	node_modules/@acala-network/chopsticks-core/node_modules/@polkadot/types/
	esm 16.4.6	node_modules/@acala-network/chopsticks/node_modules/@polkadot/types/
[2025-09-09T17:55:33.172Z] [WARN] @polkadot/types-create has multiple versions, ensure that there is only one installed.
Either remove and explicitly install matching versions or dedupe using your package manager.
The following conflicting packages were found:
	esm 12.4.2	node_modules/@polkadot/types-create/
	esm 16.4.6	node_modules/@acala-network/chopsticks-core/node_modules/@polkadot/types-create/
	esm 16.4.6	node_modules/@acala-network/chopsticks/node_modules/@polkadot/types-create/
[2025-09-09T17:55:33.172Z] [WARN] @polkadot/types-codec has multiple versions, ensure that there is only one installed.
Either remove and explicitly install matching versions or dedupe using your package manager.
The following conflicting packages were found:
	esm 12.4.2	node_modules/@polkadot/types-codec/
	esm 16.4.6	node_modules/@acala-network/chopsticks-core/node_modules/@polkadot/types-codec/
	esm 16.4.6	node_modules/@acala-network/chopsticks/node_modules/@polkadot/types-codec/
[2025-09-09T17:55:33.174Z] [WARN] @polkadot/types-known has multiple versions, ensure that there is only one installed.
Either remove and explicitly install matching versions or dedupe using your package manager.
The following conflicting packages were found:
	esm 12.4.2	node_modules/@polkadot/types-known/
	esm 16.4.6	node_modules/@acala-network/chopsticks/node_modules/@polkadot/types-known/
[2025-09-09T17:55:33.175Z] [WARN] @polkadot/api has multiple versions, ensure that there is only one installed.
Either remove and explicitly install matching versions or dedupe using your package manager.
The following conflicting packages were found:
	esm 12.4.2	node_modules/@polkadot/api/
	esm 16.4.6	node_modules/@acala-network/chopsticks/node_modules/@polkadot/api/
	esm 16.4.6	node_modules/@acala-network/chopsticks-utils/node_modules/@polkadot/api/
[2025-09-09T17:55:33.175Z] [WARN] @polkadot/rpc-augment has multiple versions, ensure that there is only one installed.
Either remove and explicitly install matching versions or dedupe using your package manager.
The following conflicting packages were found:
	esm 12.4.2	node_modules/@polkadot/rpc-augment/
	esm 16.4.6	node_modules/@acala-network/chopsticks/node_modules/@polkadot/rpc-augment/
	esm 16.4.6	node_modules/@acala-network/chopsticks-utils/node_modules/@polkadot/rpc-augment/
[2025-09-09T17:55:33.175Z] [WARN] @polkadot/rpc-provider has multiple versions, ensure that there is only one installed.
Either remove and explicitly install matching versions or dedupe using your package manager.
The following conflicting packages were found:
	esm 12.4.2	node_modules/@polkadot/rpc-provider/
	esm 16.4.6	node_modules/@acala-network/chopsticks-core/node_modules/@polkadot/rpc-provider/
	esm 16.4.6	node_modules/@acala-network/chopsticks/node_modules/@polkadot/rpc-provider/
	esm 16.4.6	node_modules/@acala-network/chopsticks-utils/node_modules/@polkadot/rpc-provider/
[2025-09-09T17:55:33.175Z] [WARN] @polkadot/api-derive has multiple versions, ensure that there is only one installed.
Either remove and explicitly install matching versions or dedupe using your package manager.
The following conflicting packages were found:
	esm 12.4.2	node_modules/@polkadot/api-derive/
	esm 16.4.6	node_modules/@acala-network/chopsticks/node_modules/@polkadot/api-derive/
	esm 16.4.6	node_modules/@acala-network/chopsticks-utils/node_modules/@polkadot/api-derive/
[2025-09-09T17:55:33.175Z] [WARN] @polkadot/rpc-core has multiple versions, ensure that there is only one installed.
Either remove and explicitly install matching versions or dedupe using your package manager.
The following conflicting packages were found:
	esm 12.4.2	node_modules/@polkadot/rpc-core/
	esm 16.4.6	node_modules/@acala-network/chopsticks/node_modules/@polkadot/rpc-core/
	esm 16.4.6	node_modules/@acala-network/chopsticks-utils/node_modules/@polkadot/rpc-core/
[2025-09-09T17:55:33.175Z] [WARN] @polkadot/types has multiple versions, ensure that there is only one installed.
Either remove and explicitly install matching versions or dedupe using your package manager.
The following conflicting packages were found:
	esm 12.4.2	node_modules/@polkadot/types/
	esm 16.4.6	node_modules/@acala-network/chopsticks-core/node_modules/@polkadot/types/
	esm 16.4.6	node_modules/@acala-network/chopsticks/node_modules/@polkadot/types/
	esm 16.4.6	node_modules/@acala-network/chopsticks-utils/node_modules/@polkadot/types/
[2025-09-09T17:55:33.176Z] [WARN] @polkadot/types-create has multiple versions, ensure that there is only one installed.
Either remove and explicitly install matching versions or dedupe using your package manager.
The following conflicting packages were found:
	esm 12.4.2	node_modules/@polkadot/types-create/
	esm 16.4.6	node_modules/@acala-network/chopsticks-core/node_modules/@polkadot/types-create/
	esm 16.4.6	node_modules/@acala-network/chopsticks/node_modules/@polkadot/types-create/
	esm 16.4.6	node_modules/@acala-network/chopsticks-utils/node_modules/@polkadot/types-create/
[2025-09-09T17:55:33.176Z] [WARN] @polkadot/types-codec has multiple versions, ensure that there is only one installed.
Either remove and explicitly install matching versions or dedupe using your package manager.
The following conflicting packages were found:
	esm 12.4.2	node_modules/@polkadot/types-codec/
	esm 16.4.6	node_modules/@acala-network/chopsticks-core/node_modules/@polkadot/types-codec/
	esm 16.4.6	node_modules/@acala-network/chopsticks/node_modules/@polkadot/types-codec/
	esm 16.4.6	node_modules/@acala-network/chopsticks-utils/node_modules/@polkadot/types-codec/
[2025-09-09T17:55:33.179Z] [WARN] @polkadot/types-known has multiple versions, ensure that there is only one installed.
Either remove and explicitly install matching versions or dedupe using your package manager.
The following conflicting packages were found:
	esm 12.4.2	node_modules/@polkadot/types-known/
	esm 16.4.6	node_modules/@acala-network/chopsticks/node_modules/@polkadot/types-known/
	esm 16.4.6	node_modules/@acala-network/chopsticks-utils/node_modules/@polkadot/types-known/
[2025-09-09T17:55:33.184Z] [LOG] [dotenv@17.2.1] injecting env (0) from .env -- tip: 🔐 prevent committing .env to code: https://dotenvx.com/precommit
[2025-09-09T17:55:34.853Z] [LOG] Setting up AssetHub network with options: {
  "runtimeLogLevel": 5,
  "blockNumber": 9651100,
  "port": 8001,
  "endpoint": [
    "wss://polkadot-asset-hub-rpc.polkadot.io"
  ],
  "db": "assethub-db.sqlite",
  "processQueuedMessages": true
}
[2025-09-09T17:55:37.015Z] [LOG] assetHub.url "ws://[::]:8001"
[2025-09-09T17:55:38.238Z] [LOG] start assetHub newblockNumber
[2025-09-09T17:55:41.245Z] [LOG] Transaction status: Ready
[2025-09-09T17:55:41.246Z] [LOG] ✅ Transaction is ready in pool
[2025-09-09T17:55:41.246Z] [LOG] Transaction status: Broadcast
[2025-09-09T17:55:42.231Z] [LOG] Transaction status: InBlock
[2025-09-09T17:55:42.232Z] [LOG] ✅ Transaction is in block
[2025-09-09T17:55:42.232Z] [LOG] ✅ Transaction successful, unsubscribing...
[2025-09-09T17:55:42.347Z] [LOG] === CHECKING ASSET HUB BLOCK ===
[2025-09-09T17:55:49.528Z] [LOG] Frequency events: [
  {
    "phase": "Initialization",
    "event": {
      "method": "NewAccount",
      "section": "system",
      "index": "0x0003",
      "data": {
        "account": "f6cGVmusZ1zNcF9kZe67WFuAfcjzPiyCuemdfpDyhrEqGuaig"
      }
    },
    "topics": []
  },
  {
    "phase": "Initialization",
    "event": {
      "method": "Issued",
      "section": "foreignAssets",
      "index": "0x4b01",
      "data": {
        "assetId": {
          "parents": "1",
          "interior": "Here"
        },
        "owner": "f6cGVmusZ1zNcF9kZe67WFuAfcjzPiyCuemdfpDyhrEqGuaig",
        "amount": "499,951,030,402"
      }
    },
    "topics": []
  },
  {
    "phase": "Initialization",
    "event": {
      "method": "Processed",
      "section": "messageQueue",
      "index": "0x4a01",
      "data": {
        "id": "0x25af8fed3e025a040408842ae2b76094146bf9ab5b4d480424c9615d237f2a81",
        "origin": {
          "Sibling": "1,000"
        },
        "weightUsed": {
          "refTime": "480,047,000",
          "proofSize": "4,768"
        },
        "success": true
      }
    },
    "topics": []
  },
  {
    "phase": {
      "ApplyExtrinsic": "0"
    },
    "event": {
      "method": "ExtrinsicSuccess",
      "section": "system",
      "index": "0x0000",
      "data": {
        "dispatchInfo": {
          "weight": {
            "refTime": "275,594,000",
            "proofSize": "1,988"
          },
          "class": "Mandatory",
          "paysFee": "Yes"
        }
      }
    },
    "topics": []
  },
  {
    "phase": {
      "ApplyExtrinsic": "1"
    },
    "event": {
      "method": "ExtrinsicSuccess",
      "section": "system",
      "index": "0x0000",
      "data": {
        "dispatchInfo": {
          "weight": {
            "refTime": "98,029,000",
            "proofSize": "0"
          },
          "class": "Mandatory",
          "paysFee": "Yes"
        }
      }
    },
    "topics": []
  }
]
[2025-09-09T17:55:49.528Z] [LOG] XCM Results: []
[2025-09-09T19:16:57.933Z] [LOG] Test setup initialized - logging to test-output.log
[2025-09-09T19:16:58.187Z] [WARN] @polkadot/types-codec has multiple versions, ensure that there is only one installed.
Either remove and explicitly install matching versions or dedupe using your package manager.
The following conflicting packages were found:
	esm 12.4.2	node_modules/@polkadot/types-codec/
	esm 16.4.6	node_modules/@acala-network/chopsticks-core/node_modules/@polkadot/types-codec/
[2025-09-09T19:16:58.188Z] [WARN] @polkadot/types has multiple versions, ensure that there is only one installed.
Either remove and explicitly install matching versions or dedupe using your package manager.
The following conflicting packages were found:
	esm 12.4.2	node_modules/@polkadot/types/
	esm 16.4.6	node_modules/@acala-network/chopsticks-core/node_modules/@polkadot/types/
[2025-09-09T19:16:58.190Z] [WARN] @polkadot/types-create has multiple versions, ensure that there is only one installed.
Either remove and explicitly install matching versions or dedupe using your package manager.
The following conflicting packages were found:
	esm 12.4.2	node_modules/@polkadot/types-create/
	esm 16.4.6	node_modules/@acala-network/chopsticks-core/node_modules/@polkadot/types-create/
[2025-09-09T19:16:58.194Z] [WARN] @polkadot/rpc-provider has multiple versions, ensure that there is only one installed.
Either remove and explicitly install matching versions or dedupe using your package manager.
The following conflicting packages were found:
	esm 12.4.2	node_modules/@polkadot/rpc-provider/
	esm 16.4.6	node_modules/@acala-network/chopsticks-core/node_modules/@polkadot/rpc-provider/
[2025-09-09T19:16:58.946Z] [WARN] @polkadot/rpc-augment has multiple versions, ensure that there is only one installed.
Either remove and explicitly install matching versions or dedupe using your package manager.
The following conflicting packages were found:
	esm 12.4.2	node_modules/@polkadot/rpc-augment/
	esm 16.4.6	node_modules/@acala-network/chopsticks/node_modules/@polkadot/rpc-augment/
[2025-09-09T19:16:59.143Z] [WARN] @polkadot/api has multiple versions, ensure that there is only one installed.
Either remove and explicitly install matching versions or dedupe using your package manager.
The following conflicting packages were found:
	esm 12.4.2	node_modules/@polkadot/api/
	esm 16.4.6	node_modules/@acala-network/chopsticks/node_modules/@polkadot/api/
[2025-09-09T19:16:59.143Z] [WARN] @polkadot/rpc-provider has multiple versions, ensure that there is only one installed.
Either remove and explicitly install matching versions or dedupe using your package manager.
The following conflicting packages were found:
	esm 12.4.2	node_modules/@polkadot/rpc-provider/
	esm 16.4.6	node_modules/@acala-network/chopsticks-core/node_modules/@polkadot/rpc-provider/
	esm 16.4.6	node_modules/@acala-network/chopsticks/node_modules/@polkadot/rpc-provider/
[2025-09-09T19:16:59.143Z] [WARN] @polkadot/api-derive has multiple versions, ensure that there is only one installed.
Either remove and explicitly install matching versions or dedupe using your package manager.
The following conflicting packages were found:
	esm 12.4.2	node_modules/@polkadot/api-derive/
	esm 16.4.6	node_modules/@acala-network/chopsticks/node_modules/@polkadot/api-derive/
[2025-09-09T19:16:59.144Z] [WARN] @polkadot/rpc-core has multiple versions, ensure that there is only one installed.
Either remove and explicitly install matching versions or dedupe using your package manager.
The following conflicting packages were found:
	esm 12.4.2	node_modules/@polkadot/rpc-core/
	esm 16.4.6	node_modules/@acala-network/chopsticks/node_modules/@polkadot/rpc-core/
[2025-09-09T19:16:59.144Z] [WARN] @polkadot/types has multiple versions, ensure that there is only one installed.
Either remove and explicitly install matching versions or dedupe using your package manager.
The following conflicting packages were found:
	esm 12.4.2	node_modules/@polkadot/types/
	esm 16.4.6	node_modules/@acala-network/chopsticks-core/node_modules/@polkadot/types/
	esm 16.4.6	node_modules/@acala-network/chopsticks/node_modules/@polkadot/types/
[2025-09-09T19:16:59.145Z] [WARN] @polkadot/types-create has multiple versions, ensure that there is only one installed.
Either remove and explicitly install matching versions or dedupe using your package manager.
The following conflicting packages were found:
	esm 12.4.2	node_modules/@polkadot/types-create/
	esm 16.4.6	node_modules/@acala-network/chopsticks-core/node_modules/@polkadot/types-create/
	esm 16.4.6	node_modules/@acala-network/chopsticks/node_modules/@polkadot/types-create/
[2025-09-09T19:16:59.145Z] [WARN] @polkadot/types-codec has multiple versions, ensure that there is only one installed.
Either remove and explicitly install matching versions or dedupe using your package manager.
The following conflicting packages were found:
	esm 12.4.2	node_modules/@polkadot/types-codec/
	esm 16.4.6	node_modules/@acala-network/chopsticks-core/node_modules/@polkadot/types-codec/
	esm 16.4.6	node_modules/@acala-network/chopsticks/node_modules/@polkadot/types-codec/
[2025-09-09T19:16:59.147Z] [WARN] @polkadot/types-known has multiple versions, ensure that there is only one installed.
Either remove and explicitly install matching versions or dedupe using your package manager.
The following conflicting packages were found:
	esm 12.4.2	node_modules/@polkadot/types-known/
	esm 16.4.6	node_modules/@acala-network/chopsticks/node_modules/@polkadot/types-known/
[2025-09-09T19:16:59.149Z] [WARN] @polkadot/api has multiple versions, ensure that there is only one installed.
Either remove and explicitly install matching versions or dedupe using your package manager.
The following conflicting packages were found:
	esm 12.4.2	node_modules/@polkadot/api/
	esm 16.4.6	node_modules/@acala-network/chopsticks/node_modules/@polkadot/api/
	esm 16.4.6	node_modules/@acala-network/chopsticks-utils/node_modules/@polkadot/api/
[2025-09-09T19:16:59.149Z] [WARN] @polkadot/rpc-augment has multiple versions, ensure that there is only one installed.
Either remove and explicitly install matching versions or dedupe using your package manager.
The following conflicting packages were found:
	esm 12.4.2	node_modules/@polkadot/rpc-augment/
	esm 16.4.6	node_modules/@acala-network/chopsticks/node_modules/@polkadot/rpc-augment/
	esm 16.4.6	node_modules/@acala-network/chopsticks-utils/node_modules/@polkadot/rpc-augment/
[2025-09-09T19:16:59.149Z] [WARN] @polkadot/rpc-provider has multiple versions, ensure that there is only one installed.
Either remove and explicitly install matching versions or dedupe using your package manager.
The following conflicting packages were found:
	esm 12.4.2	node_modules/@polkadot/rpc-provider/
	esm 16.4.6	node_modules/@acala-network/chopsticks-core/node_modules/@polkadot/rpc-provider/
	esm 16.4.6	node_modules/@acala-network/chopsticks/node_modules/@polkadot/rpc-provider/
	esm 16.4.6	node_modules/@acala-network/chopsticks-utils/node_modules/@polkadot/rpc-provider/
[2025-09-09T19:16:59.150Z] [WARN] @polkadot/api-derive has multiple versions, ensure that there is only one installed.
Either remove and explicitly install matching versions or dedupe using your package manager.
The following conflicting packages were found:
	esm 12.4.2	node_modules/@polkadot/api-derive/
	esm 16.4.6	node_modules/@acala-network/chopsticks/node_modules/@polkadot/api-derive/
	esm 16.4.6	node_modules/@acala-network/chopsticks-utils/node_modules/@polkadot/api-derive/
[2025-09-09T19:16:59.150Z] [WARN] @polkadot/rpc-core has multiple versions, ensure that there is only one installed.
Either remove and explicitly install matching versions or dedupe using your package manager.
The following conflicting packages were found:
	esm 12.4.2	node_modules/@polkadot/rpc-core/
	esm 16.4.6	node_modules/@acala-network/chopsticks/node_modules/@polkadot/rpc-core/
	esm 16.4.6	node_modules/@acala-network/chopsticks-utils/node_modules/@polkadot/rpc-core/
[2025-09-09T19:16:59.150Z] [WARN] @polkadot/types has multiple versions, ensure that there is only one installed.
Either remove and explicitly install matching versions or dedupe using your package manager.
The following conflicting packages were found:
	esm 12.4.2	node_modules/@polkadot/types/
	esm 16.4.6	node_modules/@acala-network/chopsticks-core/node_modules/@polkadot/types/
	esm 16.4.6	node_modules/@acala-network/chopsticks/node_modules/@polkadot/types/
	esm 16.4.6	node_modules/@acala-network/chopsticks-utils/node_modules/@polkadot/types/
[2025-09-09T19:16:59.151Z] [WARN] @polkadot/types-create has multiple versions, ensure that there is only one installed.
Either remove and explicitly install matching versions or dedupe using your package manager.
The following conflicting packages were found:
	esm 12.4.2	node_modules/@polkadot/types-create/
	esm 16.4.6	node_modules/@acala-network/chopsticks-core/node_modules/@polkadot/types-create/
	esm 16.4.6	node_modules/@acala-network/chopsticks/node_modules/@polkadot/types-create/
	esm 16.4.6	node_modules/@acala-network/chopsticks-utils/node_modules/@polkadot/types-create/
[2025-09-09T19:16:59.151Z] [WARN] @polkadot/types-codec has multiple versions, ensure that there is only one installed.
Either remove and explicitly install matching versions or dedupe using your package manager.
The following conflicting packages were found:
	esm 12.4.2	node_modules/@polkadot/types-codec/
	esm 16.4.6	node_modules/@acala-network/chopsticks-core/node_modules/@polkadot/types-codec/
	esm 16.4.6	node_modules/@acala-network/chopsticks/node_modules/@polkadot/types-codec/
	esm 16.4.6	node_modules/@acala-network/chopsticks-utils/node_modules/@polkadot/types-codec/
[2025-09-09T19:16:59.153Z] [WARN] @polkadot/types-known has multiple versions, ensure that there is only one installed.
Either remove and explicitly install matching versions or dedupe using your package manager.
The following conflicting packages were found:
	esm 12.4.2	node_modules/@polkadot/types-known/
	esm 16.4.6	node_modules/@acala-network/chopsticks/node_modules/@polkadot/types-known/
	esm 16.4.6	node_modules/@acala-network/chopsticks-utils/node_modules/@polkadot/types-known/
[2025-09-09T19:16:59.164Z] [LOG] [dotenv@17.2.1] injecting env (0) from .env -- tip: 🔐 encrypt with Dotenvx: https://dotenvx.com
[2025-09-09T19:17:01.147Z] [LOG] Setting up AssetHub network with options: {
  "runtimeLogLevel": 5,
  "blockNumber": 9651100,
  "port": 8001,
  "endpoint": [
    "wss://polkadot-asset-hub-rpc.polkadot.io"
  ],
  "db": "assethub-db.sqlite",
  "processQueuedMessages": true
}
[2025-09-09T19:17:02.940Z] [LOG] assetHub.url "ws://[::]:8001"
[2025-09-09T19:17:06.304Z] [LOG] Transaction status: Ready
[2025-09-09T19:17:06.305Z] [LOG] ✅ Transaction is ready in pool
[2025-09-09T19:17:06.306Z] [LOG] Transaction status: Broadcast
[2025-09-09T19:17:07.311Z] [LOG] Transaction status: InBlock
[2025-09-09T19:17:07.311Z] [LOG] ✅ Transaction is in block
[2025-09-09T19:17:07.311Z] [LOG] ✅ Transaction successful, unsubscribing...
[2025-09-09T19:17:07.511Z] [LOG] === CHECKING ASSET HUB BLOCK ===
[2025-09-09T19:17:11.757Z] [LOG] Frequency events: [
  {
    "phase": "Initialization",
    "event": {
      "method": "NewAccount",
      "section": "system",
      "index": "0x0003",
      "data": {
        "account": "f6cGVmusZ1zNcF9kZe67WFuAfcjzPiyCuemdfpDyhrEqGuaig"
      }
    },
    "topics": []
  },
  {
    "phase": "Initialization",
    "event": {
      "method": "Issued",
      "section": "foreignAssets",
      "index": "0x4b01",
      "data": {
        "assetId": {
          "parents": "1",
          "interior": "Here"
        },
        "owner": "f6cGVmusZ1zNcF9kZe67WFuAfcjzPiyCuemdfpDyhrEqGuaig",
        "amount": "499,951,030,402"
      }
    },
    "topics": []
  },
  {
    "phase": "Initialization",
    "event": {
      "method": "Processed",
      "section": "messageQueue",
      "index": "0x4a01",
      "data": {
        "id": "0x25af8fed3e025a040408842ae2b76094146bf9ab5b4d480424c9615d237f2a81",
        "origin": {
          "Sibling": "1,000"
        },
        "weightUsed": {
          "refTime": "480,047,000",
          "proofSize": "4,768"
        },
        "success": true
      }
    },
    "topics": []
  },
  {
    "phase": {
      "ApplyExtrinsic": "0"
    },
    "event": {
      "method": "ExtrinsicSuccess",
      "section": "system",
      "index": "0x0000",
      "data": {
        "dispatchInfo": {
          "weight": {
            "refTime": "275,594,000",
            "proofSize": "1,988"
          },
          "class": "Mandatory",
          "paysFee": "Yes"
        }
      }
    },
    "topics": []
  },
  {
    "phase": {
      "ApplyExtrinsic": "1"
    },
    "event": {
      "method": "ExtrinsicSuccess",
      "section": "system",
      "index": "0x0000",
      "data": {
        "dispatchInfo": {
          "weight": {
            "refTime": "98,029,000",
            "proofSize": "0"
          },
          "class": "Mandatory",
          "paysFee": "Yes"
        }
      }
    },
    "topics": []
  }
]
[2025-09-09T19:17:11.757Z] [LOG] XCM Results: []
[2025-09-09T19:17:26.297Z] [LOG] Test setup initialized - logging to test-output.log
[2025-09-09T19:17:26.656Z] [WARN] @polkadot/types-codec has multiple versions, ensure that there is only one installed.
Either remove and explicitly install matching versions or dedupe using your package manager.
The following conflicting packages were found:
	esm 12.4.2	node_modules/@polkadot/types-codec/
	esm 16.4.6	node_modules/@acala-network/chopsticks-core/node_modules/@polkadot/types-codec/
[2025-09-09T19:17:26.658Z] [WARN] @polkadot/types has multiple versions, ensure that there is only one installed.
Either remove and explicitly install matching versions or dedupe using your package manager.
The following conflicting packages were found:
	esm 12.4.2	node_modules/@polkadot/types/
	esm 16.4.6	node_modules/@acala-network/chopsticks-core/node_modules/@polkadot/types/
[2025-09-09T19:17:26.660Z] [WARN] @polkadot/types-create has multiple versions, ensure that there is only one installed.
Either remove and explicitly install matching versions or dedupe using your package manager.
The following conflicting packages were found:
	esm 12.4.2	node_modules/@polkadot/types-create/
	esm 16.4.6	node_modules/@acala-network/chopsticks-core/node_modules/@polkadot/types-create/
[2025-09-09T19:17:26.663Z] [WARN] @polkadot/rpc-provider has multiple versions, ensure that there is only one installed.
Either remove and explicitly install matching versions or dedupe using your package manager.
The following conflicting packages were found:
	esm 12.4.2	node_modules/@polkadot/rpc-provider/
	esm 16.4.6	node_modules/@acala-network/chopsticks-core/node_modules/@polkadot/rpc-provider/
[2025-09-09T19:17:27.312Z] [WARN] @polkadot/rpc-augment has multiple versions, ensure that there is only one installed.
Either remove and explicitly install matching versions or dedupe using your package manager.
The following conflicting packages were found:
	esm 12.4.2	node_modules/@polkadot/rpc-augment/
	esm 16.4.6	node_modules/@acala-network/chopsticks/node_modules/@polkadot/rpc-augment/
[2025-09-09T19:17:27.432Z] [WARN] @polkadot/api has multiple versions, ensure that there is only one installed.
Either remove and explicitly install matching versions or dedupe using your package manager.
The following conflicting packages were found:
	esm 12.4.2	node_modules/@polkadot/api/
	esm 16.4.6	node_modules/@acala-network/chopsticks/node_modules/@polkadot/api/
[2025-09-09T19:17:27.432Z] [WARN] @polkadot/rpc-provider has multiple versions, ensure that there is only one installed.
Either remove and explicitly install matching versions or dedupe using your package manager.
The following conflicting packages were found:
	esm 12.4.2	node_modules/@polkadot/rpc-provider/
	esm 16.4.6	node_modules/@acala-network/chopsticks-core/node_modules/@polkadot/rpc-provider/
	esm 16.4.6	node_modules/@acala-network/chopsticks/node_modules/@polkadot/rpc-provider/
[2025-09-09T19:17:27.432Z] [WARN] @polkadot/api-derive has multiple versions, ensure that there is only one installed.
Either remove and explicitly install matching versions or dedupe using your package manager.
The following conflicting packages were found:
	esm 12.4.2	node_modules/@polkadot/api-derive/
	esm 16.4.6	node_modules/@acala-network/chopsticks/node_modules/@polkadot/api-derive/
[2025-09-09T19:17:27.433Z] [WARN] @polkadot/rpc-core has multiple versions, ensure that there is only one installed.
Either remove and explicitly install matching versions or dedupe using your package manager.
The following conflicting packages were found:
	esm 12.4.2	node_modules/@polkadot/rpc-core/
	esm 16.4.6	node_modules/@acala-network/chopsticks/node_modules/@polkadot/rpc-core/
[2025-09-09T19:17:27.433Z] [WARN] @polkadot/types has multiple versions, ensure that there is only one installed.
Either remove and explicitly install matching versions or dedupe using your package manager.
The following conflicting packages were found:
	esm 12.4.2	node_modules/@polkadot/types/
	esm 16.4.6	node_modules/@acala-network/chopsticks-core/node_modules/@polkadot/types/
	esm 16.4.6	node_modules/@acala-network/chopsticks/node_modules/@polkadot/types/
[2025-09-09T19:17:27.434Z] [WARN] @polkadot/types-create has multiple versions, ensure that there is only one installed.
Either remove and explicitly install matching versions or dedupe using your package manager.
The following conflicting packages were found:
	esm 12.4.2	node_modules/@polkadot/types-create/
	esm 16.4.6	node_modules/@acala-network/chopsticks-core/node_modules/@polkadot/types-create/
	esm 16.4.6	node_modules/@acala-network/chopsticks/node_modules/@polkadot/types-create/
[2025-09-09T19:17:27.434Z] [WARN] @polkadot/types-codec has multiple versions, ensure that there is only one installed.
Either remove and explicitly install matching versions or dedupe using your package manager.
The following conflicting packages were found:
	esm 12.4.2	node_modules/@polkadot/types-codec/
	esm 16.4.6	node_modules/@acala-network/chopsticks-core/node_modules/@polkadot/types-codec/
	esm 16.4.6	node_modules/@acala-network/chopsticks/node_modules/@polkadot/types-codec/
[2025-09-09T19:17:27.437Z] [WARN] @polkadot/types-known has multiple versions, ensure that there is only one installed.
Either remove and explicitly install matching versions or dedupe using your package manager.
The following conflicting packages were found:
	esm 12.4.2	node_modules/@polkadot/types-known/
	esm 16.4.6	node_modules/@acala-network/chopsticks/node_modules/@polkadot/types-known/
[2025-09-09T19:17:27.439Z] [WARN] @polkadot/api has multiple versions, ensure that there is only one installed.
Either remove and explicitly install matching versions or dedupe using your package manager.
The following conflicting packages were found:
	esm 12.4.2	node_modules/@polkadot/api/
	esm 16.4.6	node_modules/@acala-network/chopsticks/node_modules/@polkadot/api/
	esm 16.4.6	node_modules/@acala-network/chopsticks-utils/node_modules/@polkadot/api/
[2025-09-09T19:17:27.439Z] [WARN] @polkadot/rpc-augment has multiple versions, ensure that there is only one installed.
Either remove and explicitly install matching versions or dedupe using your package manager.
The following conflicting packages were found:
	esm 12.4.2	node_modules/@polkadot/rpc-augment/
	esm 16.4.6	node_modules/@acala-network/chopsticks/node_modules/@polkadot/rpc-augment/
	esm 16.4.6	node_modules/@acala-network/chopsticks-utils/node_modules/@polkadot/rpc-augment/
[2025-09-09T19:17:27.439Z] [WARN] @polkadot/rpc-provider has multiple versions, ensure that there is only one installed.
Either remove and explicitly install matching versions or dedupe using your package manager.
The following conflicting packages were found:
	esm 12.4.2	node_modules/@polkadot/rpc-provider/
	esm 16.4.6	node_modules/@acala-network/chopsticks-core/node_modules/@polkadot/rpc-provider/
	esm 16.4.6	node_modules/@acala-network/chopsticks/node_modules/@polkadot/rpc-provider/
	esm 16.4.6	node_modules/@acala-network/chopsticks-utils/node_modules/@polkadot/rpc-provider/
[2025-09-09T19:17:27.440Z] [WARN] @polkadot/api-derive has multiple versions, ensure that there is only one installed.
Either remove and explicitly install matching versions or dedupe using your package manager.
The following conflicting packages were found:
	esm 12.4.2	node_modules/@polkadot/api-derive/
	esm 16.4.6	node_modules/@acala-network/chopsticks/node_modules/@polkadot/api-derive/
	esm 16.4.6	node_modules/@acala-network/chopsticks-utils/node_modules/@polkadot/api-derive/
[2025-09-09T19:17:27.440Z] [WARN] @polkadot/rpc-core has multiple versions, ensure that there is only one installed.
Either remove and explicitly install matching versions or dedupe using your package manager.
The following conflicting packages were found:
	esm 12.4.2	node_modules/@polkadot/rpc-core/
	esm 16.4.6	node_modules/@acala-network/chopsticks/node_modules/@polkadot/rpc-core/
	esm 16.4.6	node_modules/@acala-network/chopsticks-utils/node_modules/@polkadot/rpc-core/
[2025-09-09T19:17:27.440Z] [WARN] @polkadot/types has multiple versions, ensure that there is only one installed.
Either remove and explicitly install matching versions or dedupe using your package manager.
The following conflicting packages were found:
	esm 12.4.2	node_modules/@polkadot/types/
	esm 16.4.6	node_modules/@acala-network/chopsticks-core/node_modules/@polkadot/types/
	esm 16.4.6	node_modules/@acala-network/chopsticks/node_modules/@polkadot/types/
	esm 16.4.6	node_modules/@acala-network/chopsticks-utils/node_modules/@polkadot/types/
[2025-09-09T19:17:27.441Z] [WARN] @polkadot/types-create has multiple versions, ensure that there is only one installed.
Either remove and explicitly install matching versions or dedupe using your package manager.
The following conflicting packages were found:
	esm 12.4.2	node_modules/@polkadot/types-create/
	esm 16.4.6	node_modules/@acala-network/chopsticks-core/node_modules/@polkadot/types-create/
	esm 16.4.6	node_modules/@acala-network/chopsticks/node_modules/@polkadot/types-create/
	esm 16.4.6	node_modules/@acala-network/chopsticks-utils/node_modules/@polkadot/types-create/
[2025-09-09T19:17:27.441Z] [WARN] @polkadot/types-codec has multiple versions, ensure that there is only one installed.
Either remove and explicitly install matching versions or dedupe using your package manager.
The following conflicting packages were found:
	esm 12.4.2	node_modules/@polkadot/types-codec/
	esm 16.4.6	node_modules/@acala-network/chopsticks-core/node_modules/@polkadot/types-codec/
	esm 16.4.6	node_modules/@acala-network/chopsticks/node_modules/@polkadot/types-codec/
	esm 16.4.6	node_modules/@acala-network/chopsticks-utils/node_modules/@polkadot/types-codec/
[2025-09-09T19:17:27.444Z] [WARN] @polkadot/types-known has multiple versions, ensure that there is only one installed.
Either remove and explicitly install matching versions or dedupe using your package manager.
The following conflicting packages were found:
	esm 12.4.2	node_modules/@polkadot/types-known/
	esm 16.4.6	node_modules/@acala-network/chopsticks/node_modules/@polkadot/types-known/
	esm 16.4.6	node_modules/@acala-network/chopsticks-utils/node_modules/@polkadot/types-known/
[2025-09-09T19:17:27.455Z] [LOG] [dotenv@17.2.1] injecting env (0) from .env -- tip: 🔐 prevent building .env in docker: https://dotenvx.com/prebuild
[2025-09-09T19:17:29.029Z] [LOG] Setting up AssetHub network with options: {
  "runtimeLogLevel": 5,
  "blockNumber": 9651100,
  "port": 8001,
  "endpoint": [
    "wss://polkadot-asset-hub-rpc.polkadot.io"
  ],
  "db": "assethub-db.sqlite",
  "processQueuedMessages": true
}
[2025-09-09T19:17:30.968Z] [LOG] assetHub.url "ws://[::]:8001"
[2025-09-09T19:17:35.067Z] [LOG] Transaction status: Ready
[2025-09-09T19:17:35.067Z] [LOG] ✅ Transaction is ready in pool
[2025-09-09T19:17:35.068Z] [LOG] Transaction status: Broadcast
[2025-09-09T19:17:36.178Z] [LOG] Transaction status: InBlock
[2025-09-09T19:17:36.178Z] [LOG] ✅ Transaction is in block
[2025-09-09T19:17:36.178Z] [LOG] ✅ Transaction successful, unsubscribing...
[2025-09-09T19:17:40.790Z] [LOG] Frequency events: [
  {
    "phase": "Initialization",
    "event": {
      "method": "NewAccount",
      "section": "system",
      "index": "0x0003",
      "data": {
        "account": "f6cGVmusZ1zNcF9kZe67WFuAfcjzPiyCuemdfpDyhrEqGuaig"
      }
    },
    "topics": []
  },
  {
    "phase": "Initialization",
    "event": {
      "method": "Issued",
      "section": "foreignAssets",
      "index": "0x4b01",
      "data": {
        "assetId": {
          "parents": "1",
          "interior": "Here"
        },
        "owner": "f6cGVmusZ1zNcF9kZe67WFuAfcjzPiyCuemdfpDyhrEqGuaig",
        "amount": "499,951,030,402"
      }
    },
    "topics": []
  },
  {
    "phase": "Initialization",
    "event": {
      "method": "Processed",
      "section": "messageQueue",
      "index": "0x4a01",
      "data": {
        "id": "0x25af8fed3e025a040408842ae2b76094146bf9ab5b4d480424c9615d237f2a81",
        "origin": {
          "Sibling": "1,000"
        },
        "weightUsed": {
          "refTime": "480,047,000",
          "proofSize": "4,768"
        },
        "success": true
      }
    },
    "topics": []
  },
  {
    "phase": {
      "ApplyExtrinsic": "0"
    },
    "event": {
      "method": "ExtrinsicSuccess",
      "section": "system",
      "index": "0x0000",
      "data": {
        "dispatchInfo": {
          "weight": {
            "refTime": "275,594,000",
            "proofSize": "1,988"
          },
          "class": "Mandatory",
          "paysFee": "Yes"
        }
      }
    },
    "topics": []
  },
  {
    "phase": {
      "ApplyExtrinsic": "1"
    },
    "event": {
      "method": "ExtrinsicSuccess",
      "section": "system",
      "index": "0x0000",
      "data": {
        "dispatchInfo": {
          "weight": {
            "refTime": "98,029,000",
            "proofSize": "0"
          },
          "class": "Mandatory",
          "paysFee": "Yes"
        }
      }
    },
    "topics": []
  }
]
[2025-09-09T19:17:40.790Z] [LOG] XCM Results: []
[2025-09-09T19:18:41.770Z] [LOG] Test setup initialized - logging to test-output.log
[2025-09-09T19:18:42.033Z] [WARN] @polkadot/types-codec has multiple versions, ensure that there is only one installed.
Either remove and explicitly install matching versions or dedupe using your package manager.
The following conflicting packages were found:
	esm 12.4.2	node_modules/@polkadot/types-codec/
	esm 16.4.6	node_modules/@acala-network/chopsticks-core/node_modules/@polkadot/types-codec/
[2025-09-09T19:18:42.034Z] [WARN] @polkadot/types has multiple versions, ensure that there is only one installed.
Either remove and explicitly install matching versions or dedupe using your package manager.
The following conflicting packages were found:
	esm 12.4.2	node_modules/@polkadot/types/
	esm 16.4.6	node_modules/@acala-network/chopsticks-core/node_modules/@polkadot/types/
[2025-09-09T19:18:42.035Z] [WARN] @polkadot/types-create has multiple versions, ensure that there is only one installed.
Either remove and explicitly install matching versions or dedupe using your package manager.
The following conflicting packages were found:
	esm 12.4.2	node_modules/@polkadot/types-create/
	esm 16.4.6	node_modules/@acala-network/chopsticks-core/node_modules/@polkadot/types-create/
[2025-09-09T19:18:42.038Z] [WARN] @polkadot/rpc-provider has multiple versions, ensure that there is only one installed.
Either remove and explicitly install matching versions or dedupe using your package manager.
The following conflicting packages were found:
	esm 12.4.2	node_modules/@polkadot/rpc-provider/
	esm 16.4.6	node_modules/@acala-network/chopsticks-core/node_modules/@polkadot/rpc-provider/
[2025-09-09T19:18:42.722Z] [WARN] @polkadot/rpc-augment has multiple versions, ensure that there is only one installed.
Either remove and explicitly install matching versions or dedupe using your package manager.
The following conflicting packages were found:
	esm 12.4.2	node_modules/@polkadot/rpc-augment/
	esm 16.4.6	node_modules/@acala-network/chopsticks/node_modules/@polkadot/rpc-augment/
[2025-09-09T19:18:42.905Z] [WARN] @polkadot/api has multiple versions, ensure that there is only one installed.
Either remove and explicitly install matching versions or dedupe using your package manager.
The following conflicting packages were found:
	esm 12.4.2	node_modules/@polkadot/api/
	esm 16.4.6	node_modules/@acala-network/chopsticks/node_modules/@polkadot/api/
[2025-09-09T19:18:42.906Z] [WARN] @polkadot/rpc-provider has multiple versions, ensure that there is only one installed.
Either remove and explicitly install matching versions or dedupe using your package manager.
The following conflicting packages were found:
	esm 12.4.2	node_modules/@polkadot/rpc-provider/
	esm 16.4.6	node_modules/@acala-network/chopsticks-core/node_modules/@polkadot/rpc-provider/
	esm 16.4.6	node_modules/@acala-network/chopsticks/node_modules/@polkadot/rpc-provider/
[2025-09-09T19:18:42.906Z] [WARN] @polkadot/api-derive has multiple versions, ensure that there is only one installed.
Either remove and explicitly install matching versions or dedupe using your package manager.
The following conflicting packages were found:
	esm 12.4.2	node_modules/@polkadot/api-derive/
	esm 16.4.6	node_modules/@acala-network/chopsticks/node_modules/@polkadot/api-derive/
[2025-09-09T19:18:42.906Z] [WARN] @polkadot/rpc-core has multiple versions, ensure that there is only one installed.
Either remove and explicitly install matching versions or dedupe using your package manager.
The following conflicting packages were found:
	esm 12.4.2	node_modules/@polkadot/rpc-core/
	esm 16.4.6	node_modules/@acala-network/chopsticks/node_modules/@polkadot/rpc-core/
[2025-09-09T19:18:42.906Z] [WARN] @polkadot/types has multiple versions, ensure that there is only one installed.
Either remove and explicitly install matching versions or dedupe using your package manager.
The following conflicting packages were found:
	esm 12.4.2	node_modules/@polkadot/types/
	esm 16.4.6	node_modules/@acala-network/chopsticks-core/node_modules/@polkadot/types/
	esm 16.4.6	node_modules/@acala-network/chopsticks/node_modules/@polkadot/types/
[2025-09-09T19:18:42.907Z] [WARN] @polkadot/types-create has multiple versions, ensure that there is only one installed.
Either remove and explicitly install matching versions or dedupe using your package manager.
The following conflicting packages were found:
	esm 12.4.2	node_modules/@polkadot/types-create/
	esm 16.4.6	node_modules/@acala-network/chopsticks-core/node_modules/@polkadot/types-create/
	esm 16.4.6	node_modules/@acala-network/chopsticks/node_modules/@polkadot/types-create/
[2025-09-09T19:18:42.907Z] [WARN] @polkadot/types-codec has multiple versions, ensure that there is only one installed.
Either remove and explicitly install matching versions or dedupe using your package manager.
The following conflicting packages were found:
	esm 12.4.2	node_modules/@polkadot/types-codec/
	esm 16.4.6	node_modules/@acala-network/chopsticks-core/node_modules/@polkadot/types-codec/
	esm 16.4.6	node_modules/@acala-network/chopsticks/node_modules/@polkadot/types-codec/
[2025-09-09T19:18:42.910Z] [WARN] @polkadot/types-known has multiple versions, ensure that there is only one installed.
Either remove and explicitly install matching versions or dedupe using your package manager.
The following conflicting packages were found:
	esm 12.4.2	node_modules/@polkadot/types-known/
	esm 16.4.6	node_modules/@acala-network/chopsticks/node_modules/@polkadot/types-known/
[2025-09-09T19:18:42.912Z] [WARN] @polkadot/api has multiple versions, ensure that there is only one installed.
Either remove and explicitly install matching versions or dedupe using your package manager.
The following conflicting packages were found:
	esm 12.4.2	node_modules/@polkadot/api/
	esm 16.4.6	node_modules/@acala-network/chopsticks/node_modules/@polkadot/api/
	esm 16.4.6	node_modules/@acala-network/chopsticks-utils/node_modules/@polkadot/api/
[2025-09-09T19:18:42.912Z] [WARN] @polkadot/rpc-augment has multiple versions, ensure that there is only one installed.
Either remove and explicitly install matching versions or dedupe using your package manager.
The following conflicting packages were found:
	esm 12.4.2	node_modules/@polkadot/rpc-augment/
	esm 16.4.6	node_modules/@acala-network/chopsticks/node_modules/@polkadot/rpc-augment/
	esm 16.4.6	node_modules/@acala-network/chopsticks-utils/node_modules/@polkadot/rpc-augment/
[2025-09-09T19:18:42.912Z] [WARN] @polkadot/rpc-provider has multiple versions, ensure that there is only one installed.
Either remove and explicitly install matching versions or dedupe using your package manager.
The following conflicting packages were found:
	esm 12.4.2	node_modules/@polkadot/rpc-provider/
	esm 16.4.6	node_modules/@acala-network/chopsticks-core/node_modules/@polkadot/rpc-provider/
	esm 16.4.6	node_modules/@acala-network/chopsticks/node_modules/@polkadot/rpc-provider/
	esm 16.4.6	node_modules/@acala-network/chopsticks-utils/node_modules/@polkadot/rpc-provider/
[2025-09-09T19:18:42.912Z] [WARN] @polkadot/api-derive has multiple versions, ensure that there is only one installed.
Either remove and explicitly install matching versions or dedupe using your package manager.
The following conflicting packages were found:
	esm 12.4.2	node_modules/@polkadot/api-derive/
	esm 16.4.6	node_modules/@acala-network/chopsticks/node_modules/@polkadot/api-derive/
	esm 16.4.6	node_modules/@acala-network/chopsticks-utils/node_modules/@polkadot/api-derive/
[2025-09-09T19:18:42.912Z] [WARN] @polkadot/rpc-core has multiple versions, ensure that there is only one installed.
Either remove and explicitly install matching versions or dedupe using your package manager.
The following conflicting packages were found:
	esm 12.4.2	node_modules/@polkadot/rpc-core/
	esm 16.4.6	node_modules/@acala-network/chopsticks/node_modules/@polkadot/rpc-core/
	esm 16.4.6	node_modules/@acala-network/chopsticks-utils/node_modules/@polkadot/rpc-core/
[2025-09-09T19:18:42.912Z] [WARN] @polkadot/types has multiple versions, ensure that there is only one installed.
Either remove and explicitly install matching versions or dedupe using your package manager.
The following conflicting packages were found:
	esm 12.4.2	node_modules/@polkadot/types/
	esm 16.4.6	node_modules/@acala-network/chopsticks-core/node_modules/@polkadot/types/
	esm 16.4.6	node_modules/@acala-network/chopsticks/node_modules/@polkadot/types/
	esm 16.4.6	node_modules/@acala-network/chopsticks-utils/node_modules/@polkadot/types/
[2025-09-09T19:18:42.917Z] [WARN] @polkadot/types-create has multiple versions, ensure that there is only one installed.
Either remove and explicitly install matching versions or dedupe using your package manager.
The following conflicting packages were found:
	esm 12.4.2	node_modules/@polkadot/types-create/
	esm 16.4.6	node_modules/@acala-network/chopsticks-core/node_modules/@polkadot/types-create/
	esm 16.4.6	node_modules/@acala-network/chopsticks/node_modules/@polkadot/types-create/
	esm 16.4.6	node_modules/@acala-network/chopsticks-utils/node_modules/@polkadot/types-create/
[2025-09-09T19:18:42.917Z] [WARN] @polkadot/types-codec has multiple versions, ensure that there is only one installed.
Either remove and explicitly install matching versions or dedupe using your package manager.
The following conflicting packages were found:
	esm 12.4.2	node_modules/@polkadot/types-codec/
	esm 16.4.6	node_modules/@acala-network/chopsticks-core/node_modules/@polkadot/types-codec/
	esm 16.4.6	node_modules/@acala-network/chopsticks/node_modules/@polkadot/types-codec/
	esm 16.4.6	node_modules/@acala-network/chopsticks-utils/node_modules/@polkadot/types-codec/
[2025-09-09T19:18:42.919Z] [WARN] @polkadot/types-known has multiple versions, ensure that there is only one installed.
Either remove and explicitly install matching versions or dedupe using your package manager.
The following conflicting packages were found:
	esm 12.4.2	node_modules/@polkadot/types-known/
	esm 16.4.6	node_modules/@acala-network/chopsticks/node_modules/@polkadot/types-known/
	esm 16.4.6	node_modules/@acala-network/chopsticks-utils/node_modules/@polkadot/types-known/
[2025-09-09T19:18:42.932Z] [LOG] [dotenv@17.2.1] injecting env (0) from .env -- tip: ⚙️  load multiple .env files with { path: ['.env.local', '.env'] }
[2025-09-09T19:18:44.634Z] [LOG] Setting up AssetHub network with options: {
  "runtimeLogLevel": 5,
  "blockNumber": 9651100,
  "port": 8001,
  "endpoint": [
    "wss://polkadot-asset-hub-rpc.polkadot.io"
  ],
  "db": "assethub-db.sqlite",
  "processQueuedMessages": true
}
[2025-09-09T19:18:46.190Z] [LOG] assetHub.url "ws://[::]:8001"
[2025-09-09T19:18:49.867Z] [LOG] Transaction status: Ready
[2025-09-09T19:18:49.868Z] [LOG] ✅ Transaction is ready in pool
[2025-09-09T19:18:49.868Z] [LOG] Transaction status: Broadcast
[2025-09-09T19:18:50.860Z] [LOG] Transaction status: InBlock
[2025-09-09T19:18:50.861Z] [LOG] ✅ Transaction is in block
[2025-09-09T19:18:50.861Z] [LOG] ✅ Transaction successful, unsubscribing...
[2025-09-09T19:18:55.466Z] [LOG] Frequency events: [
  {
    "phase": "Initialization",
    "event": {
      "method": "NewAccount",
      "section": "system",
      "index": "0x0003",
      "data": {
        "account": "f6cGVmusZ1zNcF9kZe67WFuAfcjzPiyCuemdfpDyhrEqGuaig"
      }
    },
    "topics": []
  },
  {
    "phase": "Initialization",
    "event": {
      "method": "Issued",
      "section": "foreignAssets",
      "index": "0x4b01",
      "data": {
        "assetId": {
          "parents": "1",
          "interior": "Here"
        },
        "owner": "f6cGVmusZ1zNcF9kZe67WFuAfcjzPiyCuemdfpDyhrEqGuaig",
        "amount": "499,951,030,402"
      }
    },
    "topics": []
  },
  {
    "phase": "Initialization",
    "event": {
      "method": "Processed",
      "section": "messageQueue",
      "index": "0x4a01",
      "data": {
        "id": "0x25af8fed3e025a040408842ae2b76094146bf9ab5b4d480424c9615d237f2a81",
        "origin": {
          "Sibling": "1,000"
        },
        "weightUsed": {
          "refTime": "480,047,000",
          "proofSize": "4,768"
        },
        "success": true
      }
    },
    "topics": []
  },
  {
    "phase": {
      "ApplyExtrinsic": "0"
    },
    "event": {
      "method": "ExtrinsicSuccess",
      "section": "system",
      "index": "0x0000",
      "data": {
        "dispatchInfo": {
          "weight": {
            "refTime": "275,594,000",
            "proofSize": "1,988"
          },
          "class": "Mandatory",
          "paysFee": "Yes"
        }
      }
    },
    "topics": []
  },
  {
    "phase": {
      "ApplyExtrinsic": "1"
    },
    "event": {
      "method": "ExtrinsicSuccess",
      "section": "system",
      "index": "0x0000",
      "data": {
        "dispatchInfo": {
          "weight": {
            "refTime": "98,029,000",
            "proofSize": "0"
          },
          "class": "Mandatory",
          "paysFee": "Yes"
        }
      }
    },
    "topics": []
  }
]
[2025-09-09T19:18:55.466Z] [LOG] XCM Results: []
[2025-09-09T19:21:37.269Z] [LOG] Test setup initialized - logging to test-output.log
[2025-09-09T19:21:37.270Z] [LOG] Test setup initialized - logging to test-output.log
[2025-09-09T19:21:37.545Z] [WARN] @polkadot/types-codec has multiple versions, ensure that there is only one installed.
Either remove and explicitly install matching versions or dedupe using your package manager.
The following conflicting packages were found:
	esm 12.4.2	node_modules/@polkadot/types-codec/
	esm 16.4.6	node_modules/@acala-network/chopsticks-core/node_modules/@polkadot/types-codec/
[2025-09-09T19:21:37.546Z] [WARN] @polkadot/types has multiple versions, ensure that there is only one installed.
Either remove and explicitly install matching versions or dedupe using your package manager.
The following conflicting packages were found:
	esm 12.4.2	node_modules/@polkadot/types/
	esm 16.4.6	node_modules/@acala-network/chopsticks-core/node_modules/@polkadot/types/
[2025-09-09T19:21:37.547Z] [WARN] @polkadot/types-create has multiple versions, ensure that there is only one installed.
Either remove and explicitly install matching versions or dedupe using your package manager.
The following conflicting packages were found:
	esm 12.4.2	node_modules/@polkadot/types-create/
	esm 16.4.6	node_modules/@acala-network/chopsticks-core/node_modules/@polkadot/types-create/
[2025-09-09T19:21:37.551Z] [WARN] @polkadot/rpc-provider has multiple versions, ensure that there is only one installed.
Either remove and explicitly install matching versions or dedupe using your package manager.
The following conflicting packages were found:
	esm 12.4.2	node_modules/@polkadot/rpc-provider/
	esm 16.4.6	node_modules/@acala-network/chopsticks-core/node_modules/@polkadot/rpc-provider/
[2025-09-09T19:21:38.241Z] [WARN] @polkadot/rpc-augment has multiple versions, ensure that there is only one installed.
Either remove and explicitly install matching versions or dedupe using your package manager.
The following conflicting packages were found:
	esm 12.4.2	node_modules/@polkadot/rpc-augment/
	esm 16.4.6	node_modules/@acala-network/chopsticks/node_modules/@polkadot/rpc-augment/
[2025-09-09T19:21:38.437Z] [WARN] @polkadot/api has multiple versions, ensure that there is only one installed.
Either remove and explicitly install matching versions or dedupe using your package manager.
The following conflicting packages were found:
	esm 12.4.2	node_modules/@polkadot/api/
	esm 16.4.6	node_modules/@acala-network/chopsticks/node_modules/@polkadot/api/
[2025-09-09T19:21:38.437Z] [WARN] @polkadot/rpc-provider has multiple versions, ensure that there is only one installed.
Either remove and explicitly install matching versions or dedupe using your package manager.
The following conflicting packages were found:
	esm 12.4.2	node_modules/@polkadot/rpc-provider/
	esm 16.4.6	node_modules/@acala-network/chopsticks-core/node_modules/@polkadot/rpc-provider/
	esm 16.4.6	node_modules/@acala-network/chopsticks/node_modules/@polkadot/rpc-provider/
[2025-09-09T19:21:38.437Z] [WARN] @polkadot/api-derive has multiple versions, ensure that there is only one installed.
Either remove and explicitly install matching versions or dedupe using your package manager.
The following conflicting packages were found:
	esm 12.4.2	node_modules/@polkadot/api-derive/
	esm 16.4.6	node_modules/@acala-network/chopsticks/node_modules/@polkadot/api-derive/
[2025-09-09T19:21:38.437Z] [WARN] @polkadot/rpc-core has multiple versions, ensure that there is only one installed.
Either remove and explicitly install matching versions or dedupe using your package manager.
The following conflicting packages were found:
	esm 12.4.2	node_modules/@polkadot/rpc-core/
	esm 16.4.6	node_modules/@acala-network/chopsticks/node_modules/@polkadot/rpc-core/
[2025-09-09T19:21:38.437Z] [WARN] @polkadot/types has multiple versions, ensure that there is only one installed.
Either remove and explicitly install matching versions or dedupe using your package manager.
The following conflicting packages were found:
	esm 12.4.2	node_modules/@polkadot/types/
	esm 16.4.6	node_modules/@acala-network/chopsticks-core/node_modules/@polkadot/types/
	esm 16.4.6	node_modules/@acala-network/chopsticks/node_modules/@polkadot/types/
[2025-09-09T19:21:38.438Z] [WARN] @polkadot/types-create has multiple versions, ensure that there is only one installed.
Either remove and explicitly install matching versions or dedupe using your package manager.
The following conflicting packages were found:
	esm 12.4.2	node_modules/@polkadot/types-create/
	esm 16.4.6	node_modules/@acala-network/chopsticks-core/node_modules/@polkadot/types-create/
	esm 16.4.6	node_modules/@acala-network/chopsticks/node_modules/@polkadot/types-create/
[2025-09-09T19:21:38.438Z] [WARN] @polkadot/types-codec has multiple versions, ensure that there is only one installed.
Either remove and explicitly install matching versions or dedupe using your package manager.
The following conflicting packages were found:
	esm 12.4.2	node_modules/@polkadot/types-codec/
	esm 16.4.6	node_modules/@acala-network/chopsticks-core/node_modules/@polkadot/types-codec/
	esm 16.4.6	node_modules/@acala-network/chopsticks/node_modules/@polkadot/types-codec/
[2025-09-09T19:21:38.441Z] [WARN] @polkadot/types-known has multiple versions, ensure that there is only one installed.
Either remove and explicitly install matching versions or dedupe using your package manager.
The following conflicting packages were found:
	esm 12.4.2	node_modules/@polkadot/types-known/
	esm 16.4.6	node_modules/@acala-network/chopsticks/node_modules/@polkadot/types-known/
[2025-09-09T19:21:38.444Z] [WARN] @polkadot/api has multiple versions, ensure that there is only one installed.
Either remove and explicitly install matching versions or dedupe using your package manager.
The following conflicting packages were found:
	esm 12.4.2	node_modules/@polkadot/api/
	esm 16.4.6	node_modules/@acala-network/chopsticks/node_modules/@polkadot/api/
	esm 16.4.6	node_modules/@acala-network/chopsticks-utils/node_modules/@polkadot/api/
[2025-09-09T19:21:38.444Z] [WARN] @polkadot/rpc-augment has multiple versions, ensure that there is only one installed.
Either remove and explicitly install matching versions or dedupe using your package manager.
The following conflicting packages were found:
	esm 12.4.2	node_modules/@polkadot/rpc-augment/
	esm 16.4.6	node_modules/@acala-network/chopsticks/node_modules/@polkadot/rpc-augment/
	esm 16.4.6	node_modules/@acala-network/chopsticks-utils/node_modules/@polkadot/rpc-augment/
[2025-09-09T19:21:38.444Z] [WARN] @polkadot/rpc-provider has multiple versions, ensure that there is only one installed.
Either remove and explicitly install matching versions or dedupe using your package manager.
The following conflicting packages were found:
	esm 12.4.2	node_modules/@polkadot/rpc-provider/
	esm 16.4.6	node_modules/@acala-network/chopsticks-core/node_modules/@polkadot/rpc-provider/
	esm 16.4.6	node_modules/@acala-network/chopsticks/node_modules/@polkadot/rpc-provider/
	esm 16.4.6	node_modules/@acala-network/chopsticks-utils/node_modules/@polkadot/rpc-provider/
[2025-09-09T19:21:38.445Z] [WARN] @polkadot/api-derive has multiple versions, ensure that there is only one installed.
Either remove and explicitly install matching versions or dedupe using your package manager.
The following conflicting packages were found:
	esm 12.4.2	node_modules/@polkadot/api-derive/
	esm 16.4.6	node_modules/@acala-network/chopsticks/node_modules/@polkadot/api-derive/
	esm 16.4.6	node_modules/@acala-network/chopsticks-utils/node_modules/@polkadot/api-derive/
[2025-09-09T19:21:38.445Z] [WARN] @polkadot/rpc-core has multiple versions, ensure that there is only one installed.
Either remove and explicitly install matching versions or dedupe using your package manager.
The following conflicting packages were found:
	esm 12.4.2	node_modules/@polkadot/rpc-core/
	esm 16.4.6	node_modules/@acala-network/chopsticks/node_modules/@polkadot/rpc-core/
	esm 16.4.6	node_modules/@acala-network/chopsticks-utils/node_modules/@polkadot/rpc-core/
[2025-09-09T19:21:38.445Z] [WARN] @polkadot/types has multiple versions, ensure that there is only one installed.
Either remove and explicitly install matching versions or dedupe using your package manager.
The following conflicting packages were found:
	esm 12.4.2	node_modules/@polkadot/types/
	esm 16.4.6	node_modules/@acala-network/chopsticks-core/node_modules/@polkadot/types/
	esm 16.4.6	node_modules/@acala-network/chopsticks/node_modules/@polkadot/types/
	esm 16.4.6	node_modules/@acala-network/chopsticks-utils/node_modules/@polkadot/types/
[2025-09-09T19:21:38.446Z] [WARN] @polkadot/types-create has multiple versions, ensure that there is only one installed.
Either remove and explicitly install matching versions or dedupe using your package manager.
The following conflicting packages were found:
	esm 12.4.2	node_modules/@polkadot/types-create/
	esm 16.4.6	node_modules/@acala-network/chopsticks-core/node_modules/@polkadot/types-create/
	esm 16.4.6	node_modules/@acala-network/chopsticks/node_modules/@polkadot/types-create/
	esm 16.4.6	node_modules/@acala-network/chopsticks-utils/node_modules/@polkadot/types-create/
[2025-09-09T19:21:38.446Z] [WARN] @polkadot/types-codec has multiple versions, ensure that there is only one installed.
Either remove and explicitly install matching versions or dedupe using your package manager.
The following conflicting packages were found:
	esm 12.4.2	node_modules/@polkadot/types-codec/
	esm 16.4.6	node_modules/@acala-network/chopsticks-core/node_modules/@polkadot/types-codec/
	esm 16.4.6	node_modules/@acala-network/chopsticks/node_modules/@polkadot/types-codec/
	esm 16.4.6	node_modules/@acala-network/chopsticks-utils/node_modules/@polkadot/types-codec/
[2025-09-09T19:21:38.448Z] [WARN] @polkadot/types-known has multiple versions, ensure that there is only one installed.
Either remove and explicitly install matching versions or dedupe using your package manager.
The following conflicting packages were found:
	esm 12.4.2	node_modules/@polkadot/types-known/
	esm 16.4.6	node_modules/@acala-network/chopsticks/node_modules/@polkadot/types-known/
	esm 16.4.6	node_modules/@acala-network/chopsticks-utils/node_modules/@polkadot/types-known/
[2025-09-09T19:21:38.462Z] [LOG] [dotenv@17.2.1] injecting env (0) from .env -- tip: 🔐 encrypt with Dotenvx: https://dotenvx.com
[2025-09-09T19:21:40.367Z] [LOG] Setting up AssetHub network with options: {
  "runtimeLogLevel": 5,
  "blockNumber": 9651100,
  "port": 8001,
  "endpoint": [
    "wss://polkadot-asset-hub-rpc.polkadot.io"
  ],
  "db": "assethub-db.sqlite",
  "processQueuedMessages": true
}
[2025-09-09T19:21:42.410Z] [LOG] assetHub.url "ws://[::]:8001"
[2025-09-09T19:21:46.770Z] [LOG] Transaction status: Ready
[2025-09-09T19:21:46.770Z] [LOG] ✅ Transaction is ready in pool
[2025-09-09T19:21:46.771Z] [LOG] Transaction status: Broadcast
[2025-09-09T19:21:47.911Z] [LOG] Transaction status: InBlock
[2025-09-09T19:21:47.912Z] [LOG] ✅ Transaction is in block
[2025-09-09T19:21:47.912Z] [LOG] ✅ Transaction successful, unsubscribing...
[2025-09-09T19:21:52.506Z] [LOG] Frequency events: [
  {
    "phase": "Initialization",
    "event": {
      "method": "NewAccount",
      "section": "system",
      "index": "0x0003",
      "data": {
        "account": "f6cGVmusZ1zNcF9kZe67WFuAfcjzPiyCuemdfpDyhrEqGuaig"
      }
    },
    "topics": []
  },
  {
    "phase": "Initialization",
    "event": {
      "method": "Issued",
      "section": "foreignAssets",
      "index": "0x4b01",
      "data": {
        "assetId": {
          "parents": "1",
          "interior": "Here"
        },
        "owner": "f6cGVmusZ1zNcF9kZe67WFuAfcjzPiyCuemdfpDyhrEqGuaig",
        "amount": "499,951,030,402"
      }
    },
    "topics": []
  },
  {
    "phase": "Initialization",
    "event": {
      "method": "Processed",
      "section": "messageQueue",
      "index": "0x4a01",
      "data": {
        "id": "0x25af8fed3e025a040408842ae2b76094146bf9ab5b4d480424c9615d237f2a81",
        "origin": {
          "Sibling": "1,000"
        },
        "weightUsed": {
          "refTime": "480,047,000",
          "proofSize": "4,768"
        },
        "success": true
      }
    },
    "topics": []
  },
  {
    "phase": {
      "ApplyExtrinsic": "0"
    },
    "event": {
      "method": "ExtrinsicSuccess",
      "section": "system",
      "index": "0x0000",
      "data": {
        "dispatchInfo": {
          "weight": {
            "refTime": "275,594,000",
            "proofSize": "1,988"
          },
          "class": "Mandatory",
          "paysFee": "Yes"
        }
      }
    },
    "topics": []
  },
  {
    "phase": {
      "ApplyExtrinsic": "1"
    },
    "event": {
      "method": "ExtrinsicSuccess",
      "section": "system",
      "index": "0x0000",
      "data": {
        "dispatchInfo": {
          "weight": {
            "refTime": "98,029,000",
            "proofSize": "0"
          },
          "class": "Mandatory",
          "paysFee": "Yes"
        }
      }
    },
    "topics": []
  }
]
[2025-09-09T19:21:52.506Z] [LOG] XCM Results: []
[2025-09-09T19:22:08.722Z] [LOG] Test setup initialized - logging to test-output.log
[2025-09-09T19:22:08.994Z] [WARN] @polkadot/types-codec has multiple versions, ensure that there is only one installed.
Either remove and explicitly install matching versions or dedupe using your package manager.
The following conflicting packages were found:
	esm 12.4.2	node_modules/@polkadot/types-codec/
	esm 16.4.6	node_modules/@acala-network/chopsticks-core/node_modules/@polkadot/types-codec/
[2025-09-09T19:22:08.995Z] [WARN] @polkadot/types has multiple versions, ensure that there is only one installed.
Either remove and explicitly install matching versions or dedupe using your package manager.
The following conflicting packages were found:
	esm 12.4.2	node_modules/@polkadot/types/
	esm 16.4.6	node_modules/@acala-network/chopsticks-core/node_modules/@polkadot/types/
[2025-09-09T19:22:08.996Z] [WARN] @polkadot/types-create has multiple versions, ensure that there is only one installed.
Either remove and explicitly install matching versions or dedupe using your package manager.
The following conflicting packages were found:
	esm 12.4.2	node_modules/@polkadot/types-create/
	esm 16.4.6	node_modules/@acala-network/chopsticks-core/node_modules/@polkadot/types-create/
[2025-09-09T19:22:08.999Z] [WARN] @polkadot/rpc-provider has multiple versions, ensure that there is only one installed.
Either remove and explicitly install matching versions or dedupe using your package manager.
The following conflicting packages were found:
	esm 12.4.2	node_modules/@polkadot/rpc-provider/
	esm 16.4.6	node_modules/@acala-network/chopsticks-core/node_modules/@polkadot/rpc-provider/
[2025-09-09T19:22:09.714Z] [WARN] @polkadot/rpc-augment has multiple versions, ensure that there is only one installed.
Either remove and explicitly install matching versions or dedupe using your package manager.
The following conflicting packages were found:
	esm 12.4.2	node_modules/@polkadot/rpc-augment/
	esm 16.4.6	node_modules/@acala-network/chopsticks/node_modules/@polkadot/rpc-augment/
[2025-09-09T19:22:09.894Z] [WARN] @polkadot/api has multiple versions, ensure that there is only one installed.
Either remove and explicitly install matching versions or dedupe using your package manager.
The following conflicting packages were found:
	esm 12.4.2	node_modules/@polkadot/api/
	esm 16.4.6	node_modules/@acala-network/chopsticks/node_modules/@polkadot/api/
[2025-09-09T19:22:09.894Z] [WARN] @polkadot/rpc-provider has multiple versions, ensure that there is only one installed.
Either remove and explicitly install matching versions or dedupe using your package manager.
The following conflicting packages were found:
	esm 12.4.2	node_modules/@polkadot/rpc-provider/
	esm 16.4.6	node_modules/@acala-network/chopsticks-core/node_modules/@polkadot/rpc-provider/
	esm 16.4.6	node_modules/@acala-network/chopsticks/node_modules/@polkadot/rpc-provider/
[2025-09-09T19:22:09.895Z] [WARN] @polkadot/api-derive has multiple versions, ensure that there is only one installed.
Either remove and explicitly install matching versions or dedupe using your package manager.
The following conflicting packages were found:
	esm 12.4.2	node_modules/@polkadot/api-derive/
	esm 16.4.6	node_modules/@acala-network/chopsticks/node_modules/@polkadot/api-derive/
[2025-09-09T19:22:09.895Z] [WARN] @polkadot/rpc-core has multiple versions, ensure that there is only one installed.
Either remove and explicitly install matching versions or dedupe using your package manager.
The following conflicting packages were found:
	esm 12.4.2	node_modules/@polkadot/rpc-core/
	esm 16.4.6	node_modules/@acala-network/chopsticks/node_modules/@polkadot/rpc-core/
[2025-09-09T19:22:09.895Z] [WARN] @polkadot/types has multiple versions, ensure that there is only one installed.
Either remove and explicitly install matching versions or dedupe using your package manager.
The following conflicting packages were found:
	esm 12.4.2	node_modules/@polkadot/types/
	esm 16.4.6	node_modules/@acala-network/chopsticks-core/node_modules/@polkadot/types/
	esm 16.4.6	node_modules/@acala-network/chopsticks/node_modules/@polkadot/types/
[2025-09-09T19:22:09.896Z] [WARN] @polkadot/types-create has multiple versions, ensure that there is only one installed.
Either remove and explicitly install matching versions or dedupe using your package manager.
The following conflicting packages were found:
	esm 12.4.2	node_modules/@polkadot/types-create/
	esm 16.4.6	node_modules/@acala-network/chopsticks-core/node_modules/@polkadot/types-create/
	esm 16.4.6	node_modules/@acala-network/chopsticks/node_modules/@polkadot/types-create/
[2025-09-09T19:22:09.896Z] [WARN] @polkadot/types-codec has multiple versions, ensure that there is only one installed.
Either remove and explicitly install matching versions or dedupe using your package manager.
The following conflicting packages were found:
	esm 12.4.2	node_modules/@polkadot/types-codec/
	esm 16.4.6	node_modules/@acala-network/chopsticks-core/node_modules/@polkadot/types-codec/
	esm 16.4.6	node_modules/@acala-network/chopsticks/node_modules/@polkadot/types-codec/
[2025-09-09T19:22:09.898Z] [WARN] @polkadot/types-known has multiple versions, ensure that there is only one installed.
Either remove and explicitly install matching versions or dedupe using your package manager.
The following conflicting packages were found:
	esm 12.4.2	node_modules/@polkadot/types-known/
	esm 16.4.6	node_modules/@acala-network/chopsticks/node_modules/@polkadot/types-known/
[2025-09-09T19:22:09.900Z] [WARN] @polkadot/api has multiple versions, ensure that there is only one installed.
Either remove and explicitly install matching versions or dedupe using your package manager.
The following conflicting packages were found:
	esm 12.4.2	node_modules/@polkadot/api/
	esm 16.4.6	node_modules/@acala-network/chopsticks/node_modules/@polkadot/api/
	esm 16.4.6	node_modules/@acala-network/chopsticks-utils/node_modules/@polkadot/api/
[2025-09-09T19:22:09.900Z] [WARN] @polkadot/rpc-augment has multiple versions, ensure that there is only one installed.
Either remove and explicitly install matching versions or dedupe using your package manager.
The following conflicting packages were found:
	esm 12.4.2	node_modules/@polkadot/rpc-augment/
	esm 16.4.6	node_modules/@acala-network/chopsticks/node_modules/@polkadot/rpc-augment/
	esm 16.4.6	node_modules/@acala-network/chopsticks-utils/node_modules/@polkadot/rpc-augment/
[2025-09-09T19:22:09.900Z] [WARN] @polkadot/rpc-provider has multiple versions, ensure that there is only one installed.
Either remove and explicitly install matching versions or dedupe using your package manager.
The following conflicting packages were found:
	esm 12.4.2	node_modules/@polkadot/rpc-provider/
	esm 16.4.6	node_modules/@acala-network/chopsticks-core/node_modules/@polkadot/rpc-provider/
	esm 16.4.6	node_modules/@acala-network/chopsticks/node_modules/@polkadot/rpc-provider/
	esm 16.4.6	node_modules/@acala-network/chopsticks-utils/node_modules/@polkadot/rpc-provider/
[2025-09-09T19:22:09.900Z] [WARN] @polkadot/api-derive has multiple versions, ensure that there is only one installed.
Either remove and explicitly install matching versions or dedupe using your package manager.
The following conflicting packages were found:
	esm 12.4.2	node_modules/@polkadot/api-derive/
	esm 16.4.6	node_modules/@acala-network/chopsticks/node_modules/@polkadot/api-derive/
	esm 16.4.6	node_modules/@acala-network/chopsticks-utils/node_modules/@polkadot/api-derive/
[2025-09-09T19:22:09.900Z] [WARN] @polkadot/rpc-core has multiple versions, ensure that there is only one installed.
Either remove and explicitly install matching versions or dedupe using your package manager.
The following conflicting packages were found:
	esm 12.4.2	node_modules/@polkadot/rpc-core/
	esm 16.4.6	node_modules/@acala-network/chopsticks/node_modules/@polkadot/rpc-core/
	esm 16.4.6	node_modules/@acala-network/chopsticks-utils/node_modules/@polkadot/rpc-core/
[2025-09-09T19:22:09.900Z] [WARN] @polkadot/types has multiple versions, ensure that there is only one installed.
Either remove and explicitly install matching versions or dedupe using your package manager.
The following conflicting packages were found:
	esm 12.4.2	node_modules/@polkadot/types/
	esm 16.4.6	node_modules/@acala-network/chopsticks-core/node_modules/@polkadot/types/
	esm 16.4.6	node_modules/@acala-network/chopsticks/node_modules/@polkadot/types/
	esm 16.4.6	node_modules/@acala-network/chopsticks-utils/node_modules/@polkadot/types/
[2025-09-09T19:22:09.901Z] [WARN] @polkadot/types-create has multiple versions, ensure that there is only one installed.
Either remove and explicitly install matching versions or dedupe using your package manager.
The following conflicting packages were found:
	esm 12.4.2	node_modules/@polkadot/types-create/
	esm 16.4.6	node_modules/@acala-network/chopsticks-core/node_modules/@polkadot/types-create/
	esm 16.4.6	node_modules/@acala-network/chopsticks/node_modules/@polkadot/types-create/
	esm 16.4.6	node_modules/@acala-network/chopsticks-utils/node_modules/@polkadot/types-create/
[2025-09-09T19:22:09.901Z] [WARN] @polkadot/types-codec has multiple versions, ensure that there is only one installed.
Either remove and explicitly install matching versions or dedupe using your package manager.
The following conflicting packages were found:
	esm 12.4.2	node_modules/@polkadot/types-codec/
	esm 16.4.6	node_modules/@acala-network/chopsticks-core/node_modules/@polkadot/types-codec/
	esm 16.4.6	node_modules/@acala-network/chopsticks/node_modules/@polkadot/types-codec/
	esm 16.4.6	node_modules/@acala-network/chopsticks-utils/node_modules/@polkadot/types-codec/
[2025-09-09T19:22:09.903Z] [WARN] @polkadot/types-known has multiple versions, ensure that there is only one installed.
Either remove and explicitly install matching versions or dedupe using your package manager.
The following conflicting packages were found:
	esm 12.4.2	node_modules/@polkadot/types-known/
	esm 16.4.6	node_modules/@acala-network/chopsticks/node_modules/@polkadot/types-known/
	esm 16.4.6	node_modules/@acala-network/chopsticks-utils/node_modules/@polkadot/types-known/
[2025-09-09T19:22:09.916Z] [LOG] [dotenv@17.2.1] injecting env (0) from .env -- tip: 🛠️  run anywhere with `dotenvx run -- yourcommand`
[2025-09-09T19:22:11.428Z] [LOG] Setting up AssetHub network with options: {
  "runtimeLogLevel": 5,
  "blockNumber": 9651100,
  "port": 8001,
  "endpoint": [
    "wss://polkadot-asset-hub-rpc.polkadot.io"
  ],
  "db": "assethub-db.sqlite",
  "processQueuedMessages": true
}
[2025-09-09T19:22:13.012Z] [LOG] assetHub.url "ws://[::]:8001"
[2025-09-09T19:22:15.885Z] [LOG] Transaction status: Ready
[2025-09-09T19:22:15.885Z] [LOG] ✅ Transaction is ready in pool
[2025-09-09T19:22:15.886Z] [LOG] Transaction status: Broadcast
[2025-09-09T19:22:16.899Z] [LOG] Transaction status: InBlock
[2025-09-09T19:22:16.900Z] [LOG] ✅ Transaction is in block
[2025-09-09T19:22:16.900Z] [LOG] ✅ Transaction successful, unsubscribing...
[2025-09-09T19:22:21.379Z] [LOG] Frequency events: [
  {
    "phase": "Initialization",
    "event": {
      "method": "NewAccount",
      "section": "system",
      "index": "0x0003",
      "data": {
        "account": "f6cGVmusZ1zNcF9kZe67WFuAfcjzPiyCuemdfpDyhrEqGuaig"
      }
    },
    "topics": []
  },
  {
    "phase": "Initialization",
    "event": {
      "method": "Issued",
      "section": "foreignAssets",
      "index": "0x4b01",
      "data": {
        "assetId": {
          "parents": "1",
          "interior": "Here"
        },
        "owner": "f6cGVmusZ1zNcF9kZe67WFuAfcjzPiyCuemdfpDyhrEqGuaig",
        "amount": "499,951,030,402"
      }
    },
    "topics": []
  },
  {
    "phase": "Initialization",
    "event": {
      "method": "Processed",
      "section": "messageQueue",
      "index": "0x4a01",
      "data": {
        "id": "0x25af8fed3e025a040408842ae2b76094146bf9ab5b4d480424c9615d237f2a81",
        "origin": {
          "Sibling": "1,000"
        },
        "weightUsed": {
          "refTime": "480,047,000",
          "proofSize": "4,768"
        },
        "success": true
      }
    },
    "topics": []
  },
  {
    "phase": {
      "ApplyExtrinsic": "0"
    },
    "event": {
      "method": "ExtrinsicSuccess",
      "section": "system",
      "index": "0x0000",
      "data": {
        "dispatchInfo": {
          "weight": {
            "refTime": "275,594,000",
            "proofSize": "1,988"
          },
          "class": "Mandatory",
          "paysFee": "Yes"
        }
      }
    },
    "topics": []
  },
  {
    "phase": {
      "ApplyExtrinsic": "1"
    },
    "event": {
      "method": "ExtrinsicSuccess",
      "section": "system",
      "index": "0x0000",
      "data": {
        "dispatchInfo": {
          "weight": {
            "refTime": "98,029,000",
            "proofSize": "0"
          },
          "class": "Mandatory",
          "paysFee": "Yes"
        }
      }
    },
    "topics": []
  }
]
[2025-09-09T19:22:21.379Z] [LOG] XCM Results: []
[2025-09-09T19:22:38.200Z] [LOG] Test setup initialized - logging to test-output.log
[2025-09-09T19:22:38.476Z] [WARN] @polkadot/types-codec has multiple versions, ensure that there is only one installed.
Either remove and explicitly install matching versions or dedupe using your package manager.
The following conflicting packages were found:
	esm 12.4.2	node_modules/@polkadot/types-codec/
	esm 16.4.6	node_modules/@acala-network/chopsticks-core/node_modules/@polkadot/types-codec/
[2025-09-09T19:22:38.477Z] [WARN] @polkadot/types has multiple versions, ensure that there is only one installed.
Either remove and explicitly install matching versions or dedupe using your package manager.
The following conflicting packages were found:
	esm 12.4.2	node_modules/@polkadot/types/
	esm 16.4.6	node_modules/@acala-network/chopsticks-core/node_modules/@polkadot/types/
[2025-09-09T19:22:38.478Z] [WARN] @polkadot/types-create has multiple versions, ensure that there is only one installed.
Either remove and explicitly install matching versions or dedupe using your package manager.
The following conflicting packages were found:
	esm 12.4.2	node_modules/@polkadot/types-create/
	esm 16.4.6	node_modules/@acala-network/chopsticks-core/node_modules/@polkadot/types-create/
[2025-09-09T19:22:38.482Z] [WARN] @polkadot/rpc-provider has multiple versions, ensure that there is only one installed.
Either remove and explicitly install matching versions or dedupe using your package manager.
The following conflicting packages were found:
	esm 12.4.2	node_modules/@polkadot/rpc-provider/
	esm 16.4.6	node_modules/@acala-network/chopsticks-core/node_modules/@polkadot/rpc-provider/
[2025-09-09T19:22:39.194Z] [WARN] @polkadot/rpc-augment has multiple versions, ensure that there is only one installed.
Either remove and explicitly install matching versions or dedupe using your package manager.
The following conflicting packages were found:
	esm 12.4.2	node_modules/@polkadot/rpc-augment/
	esm 16.4.6	node_modules/@acala-network/chopsticks/node_modules/@polkadot/rpc-augment/
[2025-09-09T19:22:39.380Z] [WARN] @polkadot/api has multiple versions, ensure that there is only one installed.
Either remove and explicitly install matching versions or dedupe using your package manager.
The following conflicting packages were found:
	esm 12.4.2	node_modules/@polkadot/api/
	esm 16.4.6	node_modules/@acala-network/chopsticks/node_modules/@polkadot/api/
[2025-09-09T19:22:39.380Z] [WARN] @polkadot/rpc-provider has multiple versions, ensure that there is only one installed.
Either remove and explicitly install matching versions or dedupe using your package manager.
The following conflicting packages were found:
	esm 12.4.2	node_modules/@polkadot/rpc-provider/
	esm 16.4.6	node_modules/@acala-network/chopsticks-core/node_modules/@polkadot/rpc-provider/
	esm 16.4.6	node_modules/@acala-network/chopsticks/node_modules/@polkadot/rpc-provider/
[2025-09-09T19:22:39.380Z] [WARN] @polkadot/api-derive has multiple versions, ensure that there is only one installed.
Either remove and explicitly install matching versions or dedupe using your package manager.
The following conflicting packages were found:
	esm 12.4.2	node_modules/@polkadot/api-derive/
	esm 16.4.6	node_modules/@acala-network/chopsticks/node_modules/@polkadot/api-derive/
[2025-09-09T19:22:39.380Z] [WARN] @polkadot/rpc-core has multiple versions, ensure that there is only one installed.
Either remove and explicitly install matching versions or dedupe using your package manager.
The following conflicting packages were found:
	esm 12.4.2	node_modules/@polkadot/rpc-core/
	esm 16.4.6	node_modules/@acala-network/chopsticks/node_modules/@polkadot/rpc-core/
[2025-09-09T19:22:39.381Z] [WARN] @polkadot/types has multiple versions, ensure that there is only one installed.
Either remove and explicitly install matching versions or dedupe using your package manager.
The following conflicting packages were found:
	esm 12.4.2	node_modules/@polkadot/types/
	esm 16.4.6	node_modules/@acala-network/chopsticks-core/node_modules/@polkadot/types/
	esm 16.4.6	node_modules/@acala-network/chopsticks/node_modules/@polkadot/types/
[2025-09-09T19:22:39.381Z] [WARN] @polkadot/types-create has multiple versions, ensure that there is only one installed.
Either remove and explicitly install matching versions or dedupe using your package manager.
The following conflicting packages were found:
	esm 12.4.2	node_modules/@polkadot/types-create/
	esm 16.4.6	node_modules/@acala-network/chopsticks-core/node_modules/@polkadot/types-create/
	esm 16.4.6	node_modules/@acala-network/chopsticks/node_modules/@polkadot/types-create/
[2025-09-09T19:22:39.381Z] [WARN] @polkadot/types-codec has multiple versions, ensure that there is only one installed.
Either remove and explicitly install matching versions or dedupe using your package manager.
The following conflicting packages were found:
	esm 12.4.2	node_modules/@polkadot/types-codec/
	esm 16.4.6	node_modules/@acala-network/chopsticks-core/node_modules/@polkadot/types-codec/
	esm 16.4.6	node_modules/@acala-network/chopsticks/node_modules/@polkadot/types-codec/
[2025-09-09T19:22:39.384Z] [WARN] @polkadot/types-known has multiple versions, ensure that there is only one installed.
Either remove and explicitly install matching versions or dedupe using your package manager.
The following conflicting packages were found:
	esm 12.4.2	node_modules/@polkadot/types-known/
	esm 16.4.6	node_modules/@acala-network/chopsticks/node_modules/@polkadot/types-known/
[2025-09-09T19:22:39.386Z] [WARN] @polkadot/api has multiple versions, ensure that there is only one installed.
Either remove and explicitly install matching versions or dedupe using your package manager.
The following conflicting packages were found:
	esm 12.4.2	node_modules/@polkadot/api/
	esm 16.4.6	node_modules/@acala-network/chopsticks/node_modules/@polkadot/api/
	esm 16.4.6	node_modules/@acala-network/chopsticks-utils/node_modules/@polkadot/api/
[2025-09-09T19:22:39.386Z] [WARN] @polkadot/rpc-augment has multiple versions, ensure that there is only one installed.
Either remove and explicitly install matching versions or dedupe using your package manager.
The following conflicting packages were found:
	esm 12.4.2	node_modules/@polkadot/rpc-augment/
	esm 16.4.6	node_modules/@acala-network/chopsticks/node_modules/@polkadot/rpc-augment/
	esm 16.4.6	node_modules/@acala-network/chopsticks-utils/node_modules/@polkadot/rpc-augment/
[2025-09-09T19:22:39.386Z] [WARN] @polkadot/rpc-provider has multiple versions, ensure that there is only one installed.
Either remove and explicitly install matching versions or dedupe using your package manager.
The following conflicting packages were found:
	esm 12.4.2	node_modules/@polkadot/rpc-provider/
	esm 16.4.6	node_modules/@acala-network/chopsticks-core/node_modules/@polkadot/rpc-provider/
	esm 16.4.6	node_modules/@acala-network/chopsticks/node_modules/@polkadot/rpc-provider/
	esm 16.4.6	node_modules/@acala-network/chopsticks-utils/node_modules/@polkadot/rpc-provider/
[2025-09-09T19:22:39.386Z] [WARN] @polkadot/api-derive has multiple versions, ensure that there is only one installed.
Either remove and explicitly install matching versions or dedupe using your package manager.
The following conflicting packages were found:
	esm 12.4.2	node_modules/@polkadot/api-derive/
	esm 16.4.6	node_modules/@acala-network/chopsticks/node_modules/@polkadot/api-derive/
	esm 16.4.6	node_modules/@acala-network/chopsticks-utils/node_modules/@polkadot/api-derive/
[2025-09-09T19:22:39.386Z] [WARN] @polkadot/rpc-core has multiple versions, ensure that there is only one installed.
Either remove and explicitly install matching versions or dedupe using your package manager.
The following conflicting packages were found:
	esm 12.4.2	node_modules/@polkadot/rpc-core/
	esm 16.4.6	node_modules/@acala-network/chopsticks/node_modules/@polkadot/rpc-core/
	esm 16.4.6	node_modules/@acala-network/chopsticks-utils/node_modules/@polkadot/rpc-core/
[2025-09-09T19:22:39.386Z] [WARN] @polkadot/types has multiple versions, ensure that there is only one installed.
Either remove and explicitly install matching versions or dedupe using your package manager.
The following conflicting packages were found:
	esm 12.4.2	node_modules/@polkadot/types/
	esm 16.4.6	node_modules/@acala-network/chopsticks-core/node_modules/@polkadot/types/
	esm 16.4.6	node_modules/@acala-network/chopsticks/node_modules/@polkadot/types/
	esm 16.4.6	node_modules/@acala-network/chopsticks-utils/node_modules/@polkadot/types/
[2025-09-09T19:22:39.387Z] [WARN] @polkadot/types-create has multiple versions, ensure that there is only one installed.
Either remove and explicitly install matching versions or dedupe using your package manager.
The following conflicting packages were found:
	esm 12.4.2	node_modules/@polkadot/types-create/
	esm 16.4.6	node_modules/@acala-network/chopsticks-core/node_modules/@polkadot/types-create/
	esm 16.4.6	node_modules/@acala-network/chopsticks/node_modules/@polkadot/types-create/
	esm 16.4.6	node_modules/@acala-network/chopsticks-utils/node_modules/@polkadot/types-create/
[2025-09-09T19:22:39.387Z] [WARN] @polkadot/types-codec has multiple versions, ensure that there is only one installed.
Either remove and explicitly install matching versions or dedupe using your package manager.
The following conflicting packages were found:
	esm 12.4.2	node_modules/@polkadot/types-codec/
	esm 16.4.6	node_modules/@acala-network/chopsticks-core/node_modules/@polkadot/types-codec/
	esm 16.4.6	node_modules/@acala-network/chopsticks/node_modules/@polkadot/types-codec/
	esm 16.4.6	node_modules/@acala-network/chopsticks-utils/node_modules/@polkadot/types-codec/
[2025-09-09T19:22:39.389Z] [WARN] @polkadot/types-known has multiple versions, ensure that there is only one installed.
Either remove and explicitly install matching versions or dedupe using your package manager.
The following conflicting packages were found:
	esm 12.4.2	node_modules/@polkadot/types-known/
	esm 16.4.6	node_modules/@acala-network/chopsticks/node_modules/@polkadot/types-known/
	esm 16.4.6	node_modules/@acala-network/chopsticks-utils/node_modules/@polkadot/types-known/
[2025-09-09T19:22:39.397Z] [LOG] [dotenv@17.2.1] injecting env (0) from .env -- tip: 📡 auto-backup env with Radar: https://dotenvx.com/radar
[2025-09-09T19:22:40.909Z] [LOG] Setting up AssetHub network with options: {
  "runtimeLogLevel": 5,
  "blockNumber": 9651100,
  "port": 8001,
  "endpoint": [
    "wss://polkadot-asset-hub-rpc.polkadot.io"
  ],
  "db": "assethub-db.sqlite",
  "processQueuedMessages": true
}
[2025-09-09T19:22:42.803Z] [LOG] assetHub.url "ws://[::]:8001"
[2025-09-09T19:22:45.956Z] [LOG] Transaction status: Ready
[2025-09-09T19:22:45.956Z] [LOG] ✅ Transaction is ready in pool
[2025-09-09T19:22:45.957Z] [LOG] Transaction status: Broadcast
[2025-09-09T19:22:47.018Z] [LOG] Transaction status: InBlock
[2025-09-09T19:22:47.019Z] [LOG] ✅ Transaction is in block
[2025-09-09T19:22:47.019Z] [LOG] ✅ Transaction successful, unsubscribing...
[2025-09-09T19:22:51.453Z] [LOG] Frequency events: [
  {
    "phase": "Initialization",
    "event": {
      "method": "NewAccount",
      "section": "system",
      "index": "0x0003",
      "data": {
        "account": "f6cGVmusZ1zNcF9kZe67WFuAfcjzPiyCuemdfpDyhrEqGuaig"
      }
    },
    "topics": []
  },
  {
    "phase": "Initialization",
    "event": {
      "method": "Issued",
      "section": "foreignAssets",
      "index": "0x4b01",
      "data": {
        "assetId": {
          "parents": "1",
          "interior": "Here"
        },
        "owner": "f6cGVmusZ1zNcF9kZe67WFuAfcjzPiyCuemdfpDyhrEqGuaig",
        "amount": "499,951,030,402"
      }
    },
    "topics": []
  },
  {
    "phase": "Initialization",
    "event": {
      "method": "Processed",
      "section": "messageQueue",
      "index": "0x4a01",
      "data": {
        "id": "0x25af8fed3e025a040408842ae2b76094146bf9ab5b4d480424c9615d237f2a81",
        "origin": {
          "Sibling": "1,000"
        },
        "weightUsed": {
          "refTime": "480,047,000",
          "proofSize": "4,768"
        },
        "success": true
      }
    },
    "topics": []
  },
  {
    "phase": {
      "ApplyExtrinsic": "0"
    },
    "event": {
      "method": "ExtrinsicSuccess",
      "section": "system",
      "index": "0x0000",
      "data": {
        "dispatchInfo": {
          "weight": {
            "refTime": "275,594,000",
            "proofSize": "1,988"
          },
          "class": "Mandatory",
          "paysFee": "Yes"
        }
      }
    },
    "topics": []
  },
  {
    "phase": {
      "ApplyExtrinsic": "1"
    },
    "event": {
      "method": "ExtrinsicSuccess",
      "section": "system",
      "index": "0x0000",
      "data": {
        "dispatchInfo": {
          "weight": {
            "refTime": "98,029,000",
            "proofSize": "0"
          },
          "class": "Mandatory",
          "paysFee": "Yes"
        }
      }
    },
    "topics": []
  }
]
[2025-09-09T19:22:51.454Z] [LOG] XCM Results: []
[2025-09-09T19:24:57.474Z] [LOG] Test setup initialized - logging to test-output.log
[2025-09-09T19:24:58.033Z] [LOG] Test setup initialized - logging to test-output.log
[2025-09-09T19:25:10.223Z] [LOG] Test setup initialized - logging to test-output.log
[2025-09-09T19:26:04.720Z] [LOG] Test setup initialized - logging to test-output.log
[2025-09-09T19:26:04.946Z] [WARN] @polkadot/types-codec has multiple versions, ensure that there is only one installed.
Either remove and explicitly install matching versions or dedupe using your package manager.
The following conflicting packages were found:
	esm 12.4.2	node_modules/@polkadot/types-codec/
	esm 16.4.6	node_modules/@acala-network/chopsticks-core/node_modules/@polkadot/types-codec/
[2025-09-09T19:26:04.947Z] [WARN] @polkadot/types has multiple versions, ensure that there is only one installed.
Either remove and explicitly install matching versions or dedupe using your package manager.
The following conflicting packages were found:
	esm 12.4.2	node_modules/@polkadot/types/
	esm 16.4.6	node_modules/@acala-network/chopsticks-core/node_modules/@polkadot/types/
[2025-09-09T19:26:04.948Z] [WARN] @polkadot/types-create has multiple versions, ensure that there is only one installed.
Either remove and explicitly install matching versions or dedupe using your package manager.
The following conflicting packages were found:
	esm 12.4.2	node_modules/@polkadot/types-create/
	esm 16.4.6	node_modules/@acala-network/chopsticks-core/node_modules/@polkadot/types-create/
[2025-09-09T19:26:04.951Z] [WARN] @polkadot/rpc-provider has multiple versions, ensure that there is only one installed.
Either remove and explicitly install matching versions or dedupe using your package manager.
The following conflicting packages were found:
	esm 12.4.2	node_modules/@polkadot/rpc-provider/
	esm 16.4.6	node_modules/@acala-network/chopsticks-core/node_modules/@polkadot/rpc-provider/
[2025-09-09T19:26:05.726Z] [WARN] @polkadot/rpc-augment has multiple versions, ensure that there is only one installed.
Either remove and explicitly install matching versions or dedupe using your package manager.
The following conflicting packages were found:
	esm 12.4.2	node_modules/@polkadot/rpc-augment/
	esm 16.4.6	node_modules/@acala-network/chopsticks/node_modules/@polkadot/rpc-augment/
[2025-09-09T19:26:05.906Z] [WARN] @polkadot/api has multiple versions, ensure that there is only one installed.
Either remove and explicitly install matching versions or dedupe using your package manager.
The following conflicting packages were found:
	esm 12.4.2	node_modules/@polkadot/api/
	esm 16.4.6	node_modules/@acala-network/chopsticks/node_modules/@polkadot/api/
[2025-09-09T19:26:05.907Z] [WARN] @polkadot/rpc-provider has multiple versions, ensure that there is only one installed.
Either remove and explicitly install matching versions or dedupe using your package manager.
The following conflicting packages were found:
	esm 12.4.2	node_modules/@polkadot/rpc-provider/
	esm 16.4.6	node_modules/@acala-network/chopsticks-core/node_modules/@polkadot/rpc-provider/
	esm 16.4.6	node_modules/@acala-network/chopsticks/node_modules/@polkadot/rpc-provider/
[2025-09-09T19:26:05.907Z] [WARN] @polkadot/api-derive has multiple versions, ensure that there is only one installed.
Either remove and explicitly install matching versions or dedupe using your package manager.
The following conflicting packages were found:
	esm 12.4.2	node_modules/@polkadot/api-derive/
	esm 16.4.6	node_modules/@acala-network/chopsticks/node_modules/@polkadot/api-derive/
[2025-09-09T19:26:05.907Z] [WARN] @polkadot/rpc-core has multiple versions, ensure that there is only one installed.
Either remove and explicitly install matching versions or dedupe using your package manager.
The following conflicting packages were found:
	esm 12.4.2	node_modules/@polkadot/rpc-core/
	esm 16.4.6	node_modules/@acala-network/chopsticks/node_modules/@polkadot/rpc-core/
[2025-09-09T19:26:05.907Z] [WARN] @polkadot/types has multiple versions, ensure that there is only one installed.
Either remove and explicitly install matching versions or dedupe using your package manager.
The following conflicting packages were found:
	esm 12.4.2	node_modules/@polkadot/types/
	esm 16.4.6	node_modules/@acala-network/chopsticks-core/node_modules/@polkadot/types/
	esm 16.4.6	node_modules/@acala-network/chopsticks/node_modules/@polkadot/types/
[2025-09-09T19:26:05.908Z] [WARN] @polkadot/types-create has multiple versions, ensure that there is only one installed.
Either remove and explicitly install matching versions or dedupe using your package manager.
The following conflicting packages were found:
	esm 12.4.2	node_modules/@polkadot/types-create/
	esm 16.4.6	node_modules/@acala-network/chopsticks-core/node_modules/@polkadot/types-create/
	esm 16.4.6	node_modules/@acala-network/chopsticks/node_modules/@polkadot/types-create/
[2025-09-09T19:26:05.908Z] [WARN] @polkadot/types-codec has multiple versions, ensure that there is only one installed.
Either remove and explicitly install matching versions or dedupe using your package manager.
The following conflicting packages were found:
	esm 12.4.2	node_modules/@polkadot/types-codec/
	esm 16.4.6	node_modules/@acala-network/chopsticks-core/node_modules/@polkadot/types-codec/
	esm 16.4.6	node_modules/@acala-network/chopsticks/node_modules/@polkadot/types-codec/
[2025-09-09T19:26:05.910Z] [WARN] @polkadot/types-known has multiple versions, ensure that there is only one installed.
Either remove and explicitly install matching versions or dedupe using your package manager.
The following conflicting packages were found:
	esm 12.4.2	node_modules/@polkadot/types-known/
	esm 16.4.6	node_modules/@acala-network/chopsticks/node_modules/@polkadot/types-known/
[2025-09-09T19:26:05.913Z] [WARN] @polkadot/api has multiple versions, ensure that there is only one installed.
Either remove and explicitly install matching versions or dedupe using your package manager.
The following conflicting packages were found:
	esm 12.4.2	node_modules/@polkadot/api/
	esm 16.4.6	node_modules/@acala-network/chopsticks/node_modules/@polkadot/api/
	esm 16.4.6	node_modules/@acala-network/chopsticks-utils/node_modules/@polkadot/api/
[2025-09-09T19:26:05.913Z] [WARN] @polkadot/rpc-augment has multiple versions, ensure that there is only one installed.
Either remove and explicitly install matching versions or dedupe using your package manager.
The following conflicting packages were found:
	esm 12.4.2	node_modules/@polkadot/rpc-augment/
	esm 16.4.6	node_modules/@acala-network/chopsticks/node_modules/@polkadot/rpc-augment/
	esm 16.4.6	node_modules/@acala-network/chopsticks-utils/node_modules/@polkadot/rpc-augment/
[2025-09-09T19:26:05.913Z] [WARN] @polkadot/rpc-provider has multiple versions, ensure that there is only one installed.
Either remove and explicitly install matching versions or dedupe using your package manager.
The following conflicting packages were found:
	esm 12.4.2	node_modules/@polkadot/rpc-provider/
	esm 16.4.6	node_modules/@acala-network/chopsticks-core/node_modules/@polkadot/rpc-provider/
	esm 16.4.6	node_modules/@acala-network/chopsticks/node_modules/@polkadot/rpc-provider/
	esm 16.4.6	node_modules/@acala-network/chopsticks-utils/node_modules/@polkadot/rpc-provider/
[2025-09-09T19:26:05.914Z] [WARN] @polkadot/api-derive has multiple versions, ensure that there is only one installed.
Either remove and explicitly install matching versions or dedupe using your package manager.
The following conflicting packages were found:
	esm 12.4.2	node_modules/@polkadot/api-derive/
	esm 16.4.6	node_modules/@acala-network/chopsticks/node_modules/@polkadot/api-derive/
	esm 16.4.6	node_modules/@acala-network/chopsticks-utils/node_modules/@polkadot/api-derive/
[2025-09-09T19:26:05.914Z] [WARN] @polkadot/rpc-core has multiple versions, ensure that there is only one installed.
Either remove and explicitly install matching versions or dedupe using your package manager.
The following conflicting packages were found:
	esm 12.4.2	node_modules/@polkadot/rpc-core/
	esm 16.4.6	node_modules/@acala-network/chopsticks/node_modules/@polkadot/rpc-core/
	esm 16.4.6	node_modules/@acala-network/chopsticks-utils/node_modules/@polkadot/rpc-core/
[2025-09-09T19:26:05.914Z] [WARN] @polkadot/types has multiple versions, ensure that there is only one installed.
Either remove and explicitly install matching versions or dedupe using your package manager.
The following conflicting packages were found:
	esm 12.4.2	node_modules/@polkadot/types/
	esm 16.4.6	node_modules/@acala-network/chopsticks-core/node_modules/@polkadot/types/
	esm 16.4.6	node_modules/@acala-network/chopsticks/node_modules/@polkadot/types/
	esm 16.4.6	node_modules/@acala-network/chopsticks-utils/node_modules/@polkadot/types/
[2025-09-09T19:26:05.915Z] [WARN] @polkadot/types-create has multiple versions, ensure that there is only one installed.
Either remove and explicitly install matching versions or dedupe using your package manager.
The following conflicting packages were found:
	esm 12.4.2	node_modules/@polkadot/types-create/
	esm 16.4.6	node_modules/@acala-network/chopsticks-core/node_modules/@polkadot/types-create/
	esm 16.4.6	node_modules/@acala-network/chopsticks/node_modules/@polkadot/types-create/
	esm 16.4.6	node_modules/@acala-network/chopsticks-utils/node_modules/@polkadot/types-create/
[2025-09-09T19:26:05.915Z] [WARN] @polkadot/types-codec has multiple versions, ensure that there is only one installed.
Either remove and explicitly install matching versions or dedupe using your package manager.
The following conflicting packages were found:
	esm 12.4.2	node_modules/@polkadot/types-codec/
	esm 16.4.6	node_modules/@acala-network/chopsticks-core/node_modules/@polkadot/types-codec/
	esm 16.4.6	node_modules/@acala-network/chopsticks/node_modules/@polkadot/types-codec/
	esm 16.4.6	node_modules/@acala-network/chopsticks-utils/node_modules/@polkadot/types-codec/
[2025-09-09T19:26:05.917Z] [WARN] @polkadot/types-known has multiple versions, ensure that there is only one installed.
Either remove and explicitly install matching versions or dedupe using your package manager.
The following conflicting packages were found:
	esm 12.4.2	node_modules/@polkadot/types-known/
	esm 16.4.6	node_modules/@acala-network/chopsticks/node_modules/@polkadot/types-known/
	esm 16.4.6	node_modules/@acala-network/chopsticks-utils/node_modules/@polkadot/types-known/
[2025-09-09T19:26:05.925Z] [LOG] [dotenv@17.2.1] injecting env (0) from .env -- tip: 🔐 prevent building .env in docker: https://dotenvx.com/prebuild
[2025-09-09T19:26:07.621Z] [LOG] Setting up AssetHub network with options: {
  "runtimeLogLevel": 5,
  "blockNumber": 9651100,
  "port": 8001,
  "endpoint": [
    "wss://polkadot-asset-hub-rpc.polkadot.io"
  ],
  "db": "assethub-db.sqlite",
  "processQueuedMessages": true
}
[2025-09-09T19:26:43.489Z] [LOG] Test setup initialized - logging to test-output.log
[2025-09-09T19:26:43.778Z] [WARN] @polkadot/types-codec has multiple versions, ensure that there is only one installed.
Either remove and explicitly install matching versions or dedupe using your package manager.
The following conflicting packages were found:
	esm 12.4.2	node_modules/@polkadot/types-codec/
	esm 16.4.6	node_modules/@acala-network/chopsticks-core/node_modules/@polkadot/types-codec/
[2025-09-09T19:26:43.779Z] [WARN] @polkadot/types has multiple versions, ensure that there is only one installed.
Either remove and explicitly install matching versions or dedupe using your package manager.
The following conflicting packages were found:
	esm 12.4.2	node_modules/@polkadot/types/
	esm 16.4.6	node_modules/@acala-network/chopsticks-core/node_modules/@polkadot/types/
[2025-09-09T19:26:43.780Z] [WARN] @polkadot/types-create has multiple versions, ensure that there is only one installed.
Either remove and explicitly install matching versions or dedupe using your package manager.
The following conflicting packages were found:
	esm 12.4.2	node_modules/@polkadot/types-create/
	esm 16.4.6	node_modules/@acala-network/chopsticks-core/node_modules/@polkadot/types-create/
[2025-09-09T19:26:43.783Z] [WARN] @polkadot/rpc-provider has multiple versions, ensure that there is only one installed.
Either remove and explicitly install matching versions or dedupe using your package manager.
The following conflicting packages were found:
	esm 12.4.2	node_modules/@polkadot/rpc-provider/
	esm 16.4.6	node_modules/@acala-network/chopsticks-core/node_modules/@polkadot/rpc-provider/
[2025-09-09T19:26:44.387Z] [WARN] @polkadot/rpc-augment has multiple versions, ensure that there is only one installed.
Either remove and explicitly install matching versions or dedupe using your package manager.
The following conflicting packages were found:
	esm 12.4.2	node_modules/@polkadot/rpc-augment/
	esm 16.4.6	node_modules/@acala-network/chopsticks/node_modules/@polkadot/rpc-augment/
[2025-09-09T19:26:44.549Z] [WARN] @polkadot/api has multiple versions, ensure that there is only one installed.
Either remove and explicitly install matching versions or dedupe using your package manager.
The following conflicting packages were found:
	esm 12.4.2	node_modules/@polkadot/api/
	esm 16.4.6	node_modules/@acala-network/chopsticks/node_modules/@polkadot/api/
[2025-09-09T19:26:44.549Z] [WARN] @polkadot/rpc-provider has multiple versions, ensure that there is only one installed.
Either remove and explicitly install matching versions or dedupe using your package manager.
The following conflicting packages were found:
	esm 12.4.2	node_modules/@polkadot/rpc-provider/
	esm 16.4.6	node_modules/@acala-network/chopsticks-core/node_modules/@polkadot/rpc-provider/
	esm 16.4.6	node_modules/@acala-network/chopsticks/node_modules/@polkadot/rpc-provider/
[2025-09-09T19:26:44.549Z] [WARN] @polkadot/api-derive has multiple versions, ensure that there is only one installed.
Either remove and explicitly install matching versions or dedupe using your package manager.
The following conflicting packages were found:
	esm 12.4.2	node_modules/@polkadot/api-derive/
	esm 16.4.6	node_modules/@acala-network/chopsticks/node_modules/@polkadot/api-derive/
[2025-09-09T19:26:44.550Z] [WARN] @polkadot/rpc-core has multiple versions, ensure that there is only one installed.
Either remove and explicitly install matching versions or dedupe using your package manager.
The following conflicting packages were found:
	esm 12.4.2	node_modules/@polkadot/rpc-core/
	esm 16.4.6	node_modules/@acala-network/chopsticks/node_modules/@polkadot/rpc-core/
[2025-09-09T19:26:44.550Z] [WARN] @polkadot/types has multiple versions, ensure that there is only one installed.
Either remove and explicitly install matching versions or dedupe using your package manager.
The following conflicting packages were found:
	esm 12.4.2	node_modules/@polkadot/types/
	esm 16.4.6	node_modules/@acala-network/chopsticks-core/node_modules/@polkadot/types/
	esm 16.4.6	node_modules/@acala-network/chopsticks/node_modules/@polkadot/types/
[2025-09-09T19:26:44.551Z] [WARN] @polkadot/types-create has multiple versions, ensure that there is only one installed.
Either remove and explicitly install matching versions or dedupe using your package manager.
The following conflicting packages were found:
	esm 12.4.2	node_modules/@polkadot/types-create/
	esm 16.4.6	node_modules/@acala-network/chopsticks-core/node_modules/@polkadot/types-create/
	esm 16.4.6	node_modules/@acala-network/chopsticks/node_modules/@polkadot/types-create/
[2025-09-09T19:26:44.551Z] [WARN] @polkadot/types-codec has multiple versions, ensure that there is only one installed.
Either remove and explicitly install matching versions or dedupe using your package manager.
The following conflicting packages were found:
	esm 12.4.2	node_modules/@polkadot/types-codec/
	esm 16.4.6	node_modules/@acala-network/chopsticks-core/node_modules/@polkadot/types-codec/
	esm 16.4.6	node_modules/@acala-network/chopsticks/node_modules/@polkadot/types-codec/
[2025-09-09T19:26:44.553Z] [WARN] @polkadot/types-known has multiple versions, ensure that there is only one installed.
Either remove and explicitly install matching versions or dedupe using your package manager.
The following conflicting packages were found:
	esm 12.4.2	node_modules/@polkadot/types-known/
	esm 16.4.6	node_modules/@acala-network/chopsticks/node_modules/@polkadot/types-known/
[2025-09-09T19:26:44.555Z] [WARN] @polkadot/api has multiple versions, ensure that there is only one installed.
Either remove and explicitly install matching versions or dedupe using your package manager.
The following conflicting packages were found:
	esm 12.4.2	node_modules/@polkadot/api/
	esm 16.4.6	node_modules/@acala-network/chopsticks/node_modules/@polkadot/api/
	esm 16.4.6	node_modules/@acala-network/chopsticks-utils/node_modules/@polkadot/api/
[2025-09-09T19:26:44.555Z] [WARN] @polkadot/rpc-augment has multiple versions, ensure that there is only one installed.
Either remove and explicitly install matching versions or dedupe using your package manager.
The following conflicting packages were found:
	esm 12.4.2	node_modules/@polkadot/rpc-augment/
	esm 16.4.6	node_modules/@acala-network/chopsticks/node_modules/@polkadot/rpc-augment/
	esm 16.4.6	node_modules/@acala-network/chopsticks-utils/node_modules/@polkadot/rpc-augment/
[2025-09-09T19:26:44.555Z] [WARN] @polkadot/rpc-provider has multiple versions, ensure that there is only one installed.
Either remove and explicitly install matching versions or dedupe using your package manager.
The following conflicting packages were found:
	esm 12.4.2	node_modules/@polkadot/rpc-provider/
	esm 16.4.6	node_modules/@acala-network/chopsticks-core/node_modules/@polkadot/rpc-provider/
	esm 16.4.6	node_modules/@acala-network/chopsticks/node_modules/@polkadot/rpc-provider/
	esm 16.4.6	node_modules/@acala-network/chopsticks-utils/node_modules/@polkadot/rpc-provider/
[2025-09-09T19:26:44.555Z] [WARN] @polkadot/api-derive has multiple versions, ensure that there is only one installed.
Either remove and explicitly install matching versions or dedupe using your package manager.
The following conflicting packages were found:
	esm 12.4.2	node_modules/@polkadot/api-derive/
	esm 16.4.6	node_modules/@acala-network/chopsticks/node_modules/@polkadot/api-derive/
	esm 16.4.6	node_modules/@acala-network/chopsticks-utils/node_modules/@polkadot/api-derive/
[2025-09-09T19:26:44.555Z] [WARN] @polkadot/rpc-core has multiple versions, ensure that there is only one installed.
Either remove and explicitly install matching versions or dedupe using your package manager.
The following conflicting packages were found:
	esm 12.4.2	node_modules/@polkadot/rpc-core/
	esm 16.4.6	node_modules/@acala-network/chopsticks/node_modules/@polkadot/rpc-core/
	esm 16.4.6	node_modules/@acala-network/chopsticks-utils/node_modules/@polkadot/rpc-core/
[2025-09-09T19:26:44.555Z] [WARN] @polkadot/types has multiple versions, ensure that there is only one installed.
Either remove and explicitly install matching versions or dedupe using your package manager.
The following conflicting packages were found:
	esm 12.4.2	node_modules/@polkadot/types/
	esm 16.4.6	node_modules/@acala-network/chopsticks-core/node_modules/@polkadot/types/
	esm 16.4.6	node_modules/@acala-network/chopsticks/node_modules/@polkadot/types/
	esm 16.4.6	node_modules/@acala-network/chopsticks-utils/node_modules/@polkadot/types/
[2025-09-09T19:26:44.556Z] [WARN] @polkadot/types-create has multiple versions, ensure that there is only one installed.
Either remove and explicitly install matching versions or dedupe using your package manager.
The following conflicting packages were found:
	esm 12.4.2	node_modules/@polkadot/types-create/
	esm 16.4.6	node_modules/@acala-network/chopsticks-core/node_modules/@polkadot/types-create/
	esm 16.4.6	node_modules/@acala-network/chopsticks/node_modules/@polkadot/types-create/
	esm 16.4.6	node_modules/@acala-network/chopsticks-utils/node_modules/@polkadot/types-create/
[2025-09-09T19:26:44.556Z] [WARN] @polkadot/types-codec has multiple versions, ensure that there is only one installed.
Either remove and explicitly install matching versions or dedupe using your package manager.
The following conflicting packages were found:
	esm 12.4.2	node_modules/@polkadot/types-codec/
	esm 16.4.6	node_modules/@acala-network/chopsticks-core/node_modules/@polkadot/types-codec/
	esm 16.4.6	node_modules/@acala-network/chopsticks/node_modules/@polkadot/types-codec/
	esm 16.4.6	node_modules/@acala-network/chopsticks-utils/node_modules/@polkadot/types-codec/
[2025-09-09T19:26:44.557Z] [WARN] @polkadot/types-known has multiple versions, ensure that there is only one installed.
Either remove and explicitly install matching versions or dedupe using your package manager.
The following conflicting packages were found:
	esm 12.4.2	node_modules/@polkadot/types-known/
	esm 16.4.6	node_modules/@acala-network/chopsticks/node_modules/@polkadot/types-known/
	esm 16.4.6	node_modules/@acala-network/chopsticks-utils/node_modules/@polkadot/types-known/
[2025-09-09T19:26:44.565Z] [LOG] [dotenv@17.2.1] injecting env (0) from .env -- tip: ⚙️  write to custom object with { processEnv: myObject }
[2025-09-09T19:26:46.086Z] [LOG] Setting up AssetHub network with options: {
  "runtimeLogLevel": 5,
  "blockNumber": 9651100,
  "port": 8001,
  "endpoint": [
    "wss://polkadot-asset-hub-rpc.polkadot.io"
  ],
  "db": "assethub-db.sqlite",
  "processQueuedMessages": true
}
[2025-09-09T19:28:21.768Z] [LOG] Test setup initialized - logging to test-output.log
[2025-09-09T19:28:22.043Z] [WARN] @polkadot/types-codec has multiple versions, ensure that there is only one installed.
Either remove and explicitly install matching versions or dedupe using your package manager.
The following conflicting packages were found:
	esm 12.4.2	node_modules/@polkadot/types-codec/
	esm 16.4.6	node_modules/@acala-network/chopsticks-core/node_modules/@polkadot/types-codec/
[2025-09-09T19:28:22.044Z] [WARN] @polkadot/types has multiple versions, ensure that there is only one installed.
Either remove and explicitly install matching versions or dedupe using your package manager.
The following conflicting packages were found:
	esm 12.4.2	node_modules/@polkadot/types/
	esm 16.4.6	node_modules/@acala-network/chopsticks-core/node_modules/@polkadot/types/
[2025-09-09T19:28:22.046Z] [WARN] @polkadot/types-create has multiple versions, ensure that there is only one installed.
Either remove and explicitly install matching versions or dedupe using your package manager.
The following conflicting packages were found:
	esm 12.4.2	node_modules/@polkadot/types-create/
	esm 16.4.6	node_modules/@acala-network/chopsticks-core/node_modules/@polkadot/types-create/
[2025-09-09T19:28:22.050Z] [WARN] @polkadot/rpc-provider has multiple versions, ensure that there is only one installed.
Either remove and explicitly install matching versions or dedupe using your package manager.
The following conflicting packages were found:
	esm 12.4.2	node_modules/@polkadot/rpc-provider/
	esm 16.4.6	node_modules/@acala-network/chopsticks-core/node_modules/@polkadot/rpc-provider/
[2025-09-09T19:28:22.930Z] [WARN] @polkadot/rpc-augment has multiple versions, ensure that there is only one installed.
Either remove and explicitly install matching versions or dedupe using your package manager.
The following conflicting packages were found:
	esm 12.4.2	node_modules/@polkadot/rpc-augment/
	esm 16.4.6	node_modules/@acala-network/chopsticks/node_modules/@polkadot/rpc-augment/
[2025-09-09T19:28:23.127Z] [WARN] @polkadot/api has multiple versions, ensure that there is only one installed.
Either remove and explicitly install matching versions or dedupe using your package manager.
The following conflicting packages were found:
	esm 12.4.2	node_modules/@polkadot/api/
	esm 16.4.6	node_modules/@acala-network/chopsticks/node_modules/@polkadot/api/
[2025-09-09T19:28:23.127Z] [WARN] @polkadot/rpc-provider has multiple versions, ensure that there is only one installed.
Either remove and explicitly install matching versions or dedupe using your package manager.
The following conflicting packages were found:
	esm 12.4.2	node_modules/@polkadot/rpc-provider/
	esm 16.4.6	node_modules/@acala-network/chopsticks-core/node_modules/@polkadot/rpc-provider/
	esm 16.4.6	node_modules/@acala-network/chopsticks/node_modules/@polkadot/rpc-provider/
[2025-09-09T19:28:23.127Z] [WARN] @polkadot/api-derive has multiple versions, ensure that there is only one installed.
Either remove and explicitly install matching versions or dedupe using your package manager.
The following conflicting packages were found:
	esm 12.4.2	node_modules/@polkadot/api-derive/
	esm 16.4.6	node_modules/@acala-network/chopsticks/node_modules/@polkadot/api-derive/
[2025-09-09T19:28:23.128Z] [WARN] @polkadot/rpc-core has multiple versions, ensure that there is only one installed.
Either remove and explicitly install matching versions or dedupe using your package manager.
The following conflicting packages were found:
	esm 12.4.2	node_modules/@polkadot/rpc-core/
	esm 16.4.6	node_modules/@acala-network/chopsticks/node_modules/@polkadot/rpc-core/
[2025-09-09T19:28:23.128Z] [WARN] @polkadot/types has multiple versions, ensure that there is only one installed.
Either remove and explicitly install matching versions or dedupe using your package manager.
The following conflicting packages were found:
	esm 12.4.2	node_modules/@polkadot/types/
	esm 16.4.6	node_modules/@acala-network/chopsticks-core/node_modules/@polkadot/types/
	esm 16.4.6	node_modules/@acala-network/chopsticks/node_modules/@polkadot/types/
[2025-09-09T19:28:23.129Z] [WARN] @polkadot/types-create has multiple versions, ensure that there is only one installed.
Either remove and explicitly install matching versions or dedupe using your package manager.
The following conflicting packages were found:
	esm 12.4.2	node_modules/@polkadot/types-create/
	esm 16.4.6	node_modules/@acala-network/chopsticks-core/node_modules/@polkadot/types-create/
	esm 16.4.6	node_modules/@acala-network/chopsticks/node_modules/@polkadot/types-create/
[2025-09-09T19:28:23.130Z] [WARN] @polkadot/types-codec has multiple versions, ensure that there is only one installed.
Either remove and explicitly install matching versions or dedupe using your package manager.
The following conflicting packages were found:
	esm 12.4.2	node_modules/@polkadot/types-codec/
	esm 16.4.6	node_modules/@acala-network/chopsticks-core/node_modules/@polkadot/types-codec/
	esm 16.4.6	node_modules/@acala-network/chopsticks/node_modules/@polkadot/types-codec/
[2025-09-09T19:28:23.133Z] [WARN] @polkadot/types-known has multiple versions, ensure that there is only one installed.
Either remove and explicitly install matching versions or dedupe using your package manager.
The following conflicting packages were found:
	esm 12.4.2	node_modules/@polkadot/types-known/
	esm 16.4.6	node_modules/@acala-network/chopsticks/node_modules/@polkadot/types-known/
[2025-09-09T19:28:23.135Z] [WARN] @polkadot/api has multiple versions, ensure that there is only one installed.
Either remove and explicitly install matching versions or dedupe using your package manager.
The following conflicting packages were found:
	esm 12.4.2	node_modules/@polkadot/api/
	esm 16.4.6	node_modules/@acala-network/chopsticks/node_modules/@polkadot/api/
	esm 16.4.6	node_modules/@acala-network/chopsticks-utils/node_modules/@polkadot/api/
[2025-09-09T19:28:23.135Z] [WARN] @polkadot/rpc-augment has multiple versions, ensure that there is only one installed.
Either remove and explicitly install matching versions or dedupe using your package manager.
The following conflicting packages were found:
	esm 12.4.2	node_modules/@polkadot/rpc-augment/
	esm 16.4.6	node_modules/@acala-network/chopsticks/node_modules/@polkadot/rpc-augment/
	esm 16.4.6	node_modules/@acala-network/chopsticks-utils/node_modules/@polkadot/rpc-augment/
[2025-09-09T19:28:23.135Z] [WARN] @polkadot/rpc-provider has multiple versions, ensure that there is only one installed.
Either remove and explicitly install matching versions or dedupe using your package manager.
The following conflicting packages were found:
	esm 12.4.2	node_modules/@polkadot/rpc-provider/
	esm 16.4.6	node_modules/@acala-network/chopsticks-core/node_modules/@polkadot/rpc-provider/
	esm 16.4.6	node_modules/@acala-network/chopsticks/node_modules/@polkadot/rpc-provider/
	esm 16.4.6	node_modules/@acala-network/chopsticks-utils/node_modules/@polkadot/rpc-provider/
[2025-09-09T19:28:23.135Z] [WARN] @polkadot/api-derive has multiple versions, ensure that there is only one installed.
Either remove and explicitly install matching versions or dedupe using your package manager.
The following conflicting packages were found:
	esm 12.4.2	node_modules/@polkadot/api-derive/
	esm 16.4.6	node_modules/@acala-network/chopsticks/node_modules/@polkadot/api-derive/
	esm 16.4.6	node_modules/@acala-network/chopsticks-utils/node_modules/@polkadot/api-derive/
[2025-09-09T19:28:23.135Z] [WARN] @polkadot/rpc-core has multiple versions, ensure that there is only one installed.
Either remove and explicitly install matching versions or dedupe using your package manager.
The following conflicting packages were found:
	esm 12.4.2	node_modules/@polkadot/rpc-core/
	esm 16.4.6	node_modules/@acala-network/chopsticks/node_modules/@polkadot/rpc-core/
	esm 16.4.6	node_modules/@acala-network/chopsticks-utils/node_modules/@polkadot/rpc-core/
[2025-09-09T19:28:23.135Z] [WARN] @polkadot/types has multiple versions, ensure that there is only one installed.
Either remove and explicitly install matching versions or dedupe using your package manager.
The following conflicting packages were found:
	esm 12.4.2	node_modules/@polkadot/types/
	esm 16.4.6	node_modules/@acala-network/chopsticks-core/node_modules/@polkadot/types/
	esm 16.4.6	node_modules/@acala-network/chopsticks/node_modules/@polkadot/types/
	esm 16.4.6	node_modules/@acala-network/chopsticks-utils/node_modules/@polkadot/types/
[2025-09-09T19:28:23.136Z] [WARN] @polkadot/types-create has multiple versions, ensure that there is only one installed.
Either remove and explicitly install matching versions or dedupe using your package manager.
The following conflicting packages were found:
	esm 12.4.2	node_modules/@polkadot/types-create/
	esm 16.4.6	node_modules/@acala-network/chopsticks-core/node_modules/@polkadot/types-create/
	esm 16.4.6	node_modules/@acala-network/chopsticks/node_modules/@polkadot/types-create/
	esm 16.4.6	node_modules/@acala-network/chopsticks-utils/node_modules/@polkadot/types-create/
[2025-09-09T19:28:23.136Z] [WARN] @polkadot/types-codec has multiple versions, ensure that there is only one installed.
Either remove and explicitly install matching versions or dedupe using your package manager.
The following conflicting packages were found:
	esm 12.4.2	node_modules/@polkadot/types-codec/
	esm 16.4.6	node_modules/@acala-network/chopsticks-core/node_modules/@polkadot/types-codec/
	esm 16.4.6	node_modules/@acala-network/chopsticks/node_modules/@polkadot/types-codec/
	esm 16.4.6	node_modules/@acala-network/chopsticks-utils/node_modules/@polkadot/types-codec/
[2025-09-09T19:28:23.139Z] [WARN] @polkadot/types-known has multiple versions, ensure that there is only one installed.
Either remove and explicitly install matching versions or dedupe using your package manager.
The following conflicting packages were found:
	esm 12.4.2	node_modules/@polkadot/types-known/
	esm 16.4.6	node_modules/@acala-network/chopsticks/node_modules/@polkadot/types-known/
	esm 16.4.6	node_modules/@acala-network/chopsticks-utils/node_modules/@polkadot/types-known/
[2025-09-09T19:28:23.147Z] [LOG] [dotenv@17.2.1] injecting env (0) from .env -- tip: 🛠️  run anywhere with `dotenvx run -- yourcommand`
[2025-09-09T19:28:24.902Z] [LOG] Setting up AssetHub network with options: {
  "runtimeLogLevel": 5,
  "blockNumber": 9651100,
  "port": 8001,
  "endpoint": [
    "wss://polkadot-asset-hub-rpc.polkadot.io"
  ],
  "db": "assethub-db.sqlite",
  "processQueuedMessages": true
}
[2025-09-09T19:28:33.637Z] [LOG] Test setup initialized - logging to test-output.log
[2025-09-09T19:28:58.315Z] [LOG] Test setup initialized - logging to test-output.log
[2025-09-09T19:28:58.531Z] [WARN] @polkadot/types-codec has multiple versions, ensure that there is only one installed.
Either remove and explicitly install matching versions or dedupe using your package manager.
The following conflicting packages were found:
	esm 12.4.2	node_modules/@polkadot/types-codec/
	esm 16.4.6	node_modules/@acala-network/chopsticks-core/node_modules/@polkadot/types-codec/
[2025-09-09T19:28:58.532Z] [WARN] @polkadot/types has multiple versions, ensure that there is only one installed.
Either remove and explicitly install matching versions or dedupe using your package manager.
The following conflicting packages were found:
	esm 12.4.2	node_modules/@polkadot/types/
	esm 16.4.6	node_modules/@acala-network/chopsticks-core/node_modules/@polkadot/types/
[2025-09-09T19:28:58.533Z] [WARN] @polkadot/types-create has multiple versions, ensure that there is only one installed.
Either remove and explicitly install matching versions or dedupe using your package manager.
The following conflicting packages were found:
	esm 12.4.2	node_modules/@polkadot/types-create/
	esm 16.4.6	node_modules/@acala-network/chopsticks-core/node_modules/@polkadot/types-create/
[2025-09-09T19:28:58.537Z] [WARN] @polkadot/rpc-provider has multiple versions, ensure that there is only one installed.
Either remove and explicitly install matching versions or dedupe using your package manager.
The following conflicting packages were found:
	esm 12.4.2	node_modules/@polkadot/rpc-provider/
	esm 16.4.6	node_modules/@acala-network/chopsticks-core/node_modules/@polkadot/rpc-provider/
[2025-09-09T19:28:59.157Z] [WARN] @polkadot/rpc-augment has multiple versions, ensure that there is only one installed.
Either remove and explicitly install matching versions or dedupe using your package manager.
The following conflicting packages were found:
	esm 12.4.2	node_modules/@polkadot/rpc-augment/
	esm 16.4.6	node_modules/@acala-network/chopsticks/node_modules/@polkadot/rpc-augment/
[2025-09-09T19:28:59.256Z] [WARN] @polkadot/api has multiple versions, ensure that there is only one installed.
Either remove and explicitly install matching versions or dedupe using your package manager.
The following conflicting packages were found:
	esm 12.4.2	node_modules/@polkadot/api/
	esm 16.4.6	node_modules/@acala-network/chopsticks/node_modules/@polkadot/api/
[2025-09-09T19:28:59.257Z] [WARN] @polkadot/rpc-provider has multiple versions, ensure that there is only one installed.
Either remove and explicitly install matching versions or dedupe using your package manager.
The following conflicting packages were found:
	esm 12.4.2	node_modules/@polkadot/rpc-provider/
	esm 16.4.6	node_modules/@acala-network/chopsticks-core/node_modules/@polkadot/rpc-provider/
	esm 16.4.6	node_modules/@acala-network/chopsticks/node_modules/@polkadot/rpc-provider/
[2025-09-09T19:28:59.257Z] [WARN] @polkadot/api-derive has multiple versions, ensure that there is only one installed.
Either remove and explicitly install matching versions or dedupe using your package manager.
The following conflicting packages were found:
	esm 12.4.2	node_modules/@polkadot/api-derive/
	esm 16.4.6	node_modules/@acala-network/chopsticks/node_modules/@polkadot/api-derive/
[2025-09-09T19:28:59.257Z] [WARN] @polkadot/rpc-core has multiple versions, ensure that there is only one installed.
Either remove and explicitly install matching versions or dedupe using your package manager.
The following conflicting packages were found:
	esm 12.4.2	node_modules/@polkadot/rpc-core/
	esm 16.4.6	node_modules/@acala-network/chopsticks/node_modules/@polkadot/rpc-core/
[2025-09-09T19:28:59.257Z] [WARN] @polkadot/types has multiple versions, ensure that there is only one installed.
Either remove and explicitly install matching versions or dedupe using your package manager.
The following conflicting packages were found:
	esm 12.4.2	node_modules/@polkadot/types/
	esm 16.4.6	node_modules/@acala-network/chopsticks-core/node_modules/@polkadot/types/
	esm 16.4.6	node_modules/@acala-network/chopsticks/node_modules/@polkadot/types/
[2025-09-09T19:28:59.258Z] [WARN] @polkadot/types-create has multiple versions, ensure that there is only one installed.
Either remove and explicitly install matching versions or dedupe using your package manager.
The following conflicting packages were found:
	esm 12.4.2	node_modules/@polkadot/types-create/
	esm 16.4.6	node_modules/@acala-network/chopsticks-core/node_modules/@polkadot/types-create/
	esm 16.4.6	node_modules/@acala-network/chopsticks/node_modules/@polkadot/types-create/
[2025-09-09T19:28:59.258Z] [WARN] @polkadot/types-codec has multiple versions, ensure that there is only one installed.
Either remove and explicitly install matching versions or dedupe using your package manager.
The following conflicting packages were found:
	esm 12.4.2	node_modules/@polkadot/types-codec/
	esm 16.4.6	node_modules/@acala-network/chopsticks-core/node_modules/@polkadot/types-codec/
	esm 16.4.6	node_modules/@acala-network/chopsticks/node_modules/@polkadot/types-codec/
[2025-09-09T19:28:59.260Z] [WARN] @polkadot/types-known has multiple versions, ensure that there is only one installed.
Either remove and explicitly install matching versions or dedupe using your package manager.
The following conflicting packages were found:
	esm 12.4.2	node_modules/@polkadot/types-known/
	esm 16.4.6	node_modules/@acala-network/chopsticks/node_modules/@polkadot/types-known/
[2025-09-09T19:28:59.262Z] [WARN] @polkadot/api has multiple versions, ensure that there is only one installed.
Either remove and explicitly install matching versions or dedupe using your package manager.
The following conflicting packages were found:
	esm 12.4.2	node_modules/@polkadot/api/
	esm 16.4.6	node_modules/@acala-network/chopsticks/node_modules/@polkadot/api/
	esm 16.4.6	node_modules/@acala-network/chopsticks-utils/node_modules/@polkadot/api/
[2025-09-09T19:28:59.262Z] [WARN] @polkadot/rpc-augment has multiple versions, ensure that there is only one installed.
Either remove and explicitly install matching versions or dedupe using your package manager.
The following conflicting packages were found:
	esm 12.4.2	node_modules/@polkadot/rpc-augment/
	esm 16.4.6	node_modules/@acala-network/chopsticks/node_modules/@polkadot/rpc-augment/
	esm 16.4.6	node_modules/@acala-network/chopsticks-utils/node_modules/@polkadot/rpc-augment/
[2025-09-09T19:28:59.262Z] [WARN] @polkadot/rpc-provider has multiple versions, ensure that there is only one installed.
Either remove and explicitly install matching versions or dedupe using your package manager.
The following conflicting packages were found:
	esm 12.4.2	node_modules/@polkadot/rpc-provider/
	esm 16.4.6	node_modules/@acala-network/chopsticks-core/node_modules/@polkadot/rpc-provider/
	esm 16.4.6	node_modules/@acala-network/chopsticks/node_modules/@polkadot/rpc-provider/
	esm 16.4.6	node_modules/@acala-network/chopsticks-utils/node_modules/@polkadot/rpc-provider/
[2025-09-09T19:28:59.262Z] [WARN] @polkadot/api-derive has multiple versions, ensure that there is only one installed.
Either remove and explicitly install matching versions or dedupe using your package manager.
The following conflicting packages were found:
	esm 12.4.2	node_modules/@polkadot/api-derive/
	esm 16.4.6	node_modules/@acala-network/chopsticks/node_modules/@polkadot/api-derive/
	esm 16.4.6	node_modules/@acala-network/chopsticks-utils/node_modules/@polkadot/api-derive/
[2025-09-09T19:28:59.262Z] [WARN] @polkadot/rpc-core has multiple versions, ensure that there is only one installed.
Either remove and explicitly install matching versions or dedupe using your package manager.
The following conflicting packages were found:
	esm 12.4.2	node_modules/@polkadot/rpc-core/
	esm 16.4.6	node_modules/@acala-network/chopsticks/node_modules/@polkadot/rpc-core/
	esm 16.4.6	node_modules/@acala-network/chopsticks-utils/node_modules/@polkadot/rpc-core/
[2025-09-09T19:28:59.262Z] [WARN] @polkadot/types has multiple versions, ensure that there is only one installed.
Either remove and explicitly install matching versions or dedupe using your package manager.
The following conflicting packages were found:
	esm 12.4.2	node_modules/@polkadot/types/
	esm 16.4.6	node_modules/@acala-network/chopsticks-core/node_modules/@polkadot/types/
	esm 16.4.6	node_modules/@acala-network/chopsticks/node_modules/@polkadot/types/
	esm 16.4.6	node_modules/@acala-network/chopsticks-utils/node_modules/@polkadot/types/
[2025-09-09T19:28:59.263Z] [WARN] @polkadot/types-create has multiple versions, ensure that there is only one installed.
Either remove and explicitly install matching versions or dedupe using your package manager.
The following conflicting packages were found:
	esm 12.4.2	node_modules/@polkadot/types-create/
	esm 16.4.6	node_modules/@acala-network/chopsticks-core/node_modules/@polkadot/types-create/
	esm 16.4.6	node_modules/@acala-network/chopsticks/node_modules/@polkadot/types-create/
	esm 16.4.6	node_modules/@acala-network/chopsticks-utils/node_modules/@polkadot/types-create/
[2025-09-09T19:28:59.263Z] [WARN] @polkadot/types-codec has multiple versions, ensure that there is only one installed.
Either remove and explicitly install matching versions or dedupe using your package manager.
The following conflicting packages were found:
	esm 12.4.2	node_modules/@polkadot/types-codec/
	esm 16.4.6	node_modules/@acala-network/chopsticks-core/node_modules/@polkadot/types-codec/
	esm 16.4.6	node_modules/@acala-network/chopsticks/node_modules/@polkadot/types-codec/
	esm 16.4.6	node_modules/@acala-network/chopsticks-utils/node_modules/@polkadot/types-codec/
[2025-09-09T19:28:59.265Z] [WARN] @polkadot/types-known has multiple versions, ensure that there is only one installed.
Either remove and explicitly install matching versions or dedupe using your package manager.
The following conflicting packages were found:
	esm 12.4.2	node_modules/@polkadot/types-known/
	esm 16.4.6	node_modules/@acala-network/chopsticks/node_modules/@polkadot/types-known/
	esm 16.4.6	node_modules/@acala-network/chopsticks-utils/node_modules/@polkadot/types-known/
[2025-09-09T19:28:59.274Z] [LOG] [dotenv@17.2.1] injecting env (0) from .env -- tip: ⚙️  load multiple .env files with { path: ['.env.local', '.env'] }
[2025-09-09T19:29:00.790Z] [LOG] Setting up AssetHub network with options: {
  "runtimeLogLevel": 5,
  "blockNumber": 9651100,
  "port": 8001,
  "endpoint": [
    "wss://polkadot-asset-hub-rpc.polkadot.io"
  ],
  "db": "assethub-db.sqlite",
  "processQueuedMessages": true
}
[2025-09-09T19:30:18.993Z] [LOG] Test setup initialized - logging to test-output.log
[2025-09-09T19:30:19.356Z] [WARN] @polkadot/types-codec has multiple versions, ensure that there is only one installed.
Either remove and explicitly install matching versions or dedupe using your package manager.
The following conflicting packages were found:
	esm 12.4.2	node_modules/@polkadot/types-codec/
	esm 16.4.6	node_modules/@acala-network/chopsticks-core/node_modules/@polkadot/types-codec/
[2025-09-09T19:30:19.357Z] [WARN] @polkadot/types has multiple versions, ensure that there is only one installed.
Either remove and explicitly install matching versions or dedupe using your package manager.
The following conflicting packages were found:
	esm 12.4.2	node_modules/@polkadot/types/
	esm 16.4.6	node_modules/@acala-network/chopsticks-core/node_modules/@polkadot/types/
[2025-09-09T19:30:19.358Z] [WARN] @polkadot/types-create has multiple versions, ensure that there is only one installed.
Either remove and explicitly install matching versions or dedupe using your package manager.
The following conflicting packages were found:
	esm 12.4.2	node_modules/@polkadot/types-create/
	esm 16.4.6	node_modules/@acala-network/chopsticks-core/node_modules/@polkadot/types-create/
[2025-09-09T19:30:19.362Z] [WARN] @polkadot/rpc-provider has multiple versions, ensure that there is only one installed.
Either remove and explicitly install matching versions or dedupe using your package manager.
The following conflicting packages were found:
	esm 12.4.2	node_modules/@polkadot/rpc-provider/
	esm 16.4.6	node_modules/@acala-network/chopsticks-core/node_modules/@polkadot/rpc-provider/
[2025-09-09T19:30:20.065Z] [WARN] @polkadot/rpc-augment has multiple versions, ensure that there is only one installed.
Either remove and explicitly install matching versions or dedupe using your package manager.
The following conflicting packages were found:
	esm 12.4.2	node_modules/@polkadot/rpc-augment/
	esm 16.4.6	node_modules/@acala-network/chopsticks/node_modules/@polkadot/rpc-augment/
[2025-09-09T19:30:20.302Z] [WARN] @polkadot/api has multiple versions, ensure that there is only one installed.
Either remove and explicitly install matching versions or dedupe using your package manager.
The following conflicting packages were found:
	esm 12.4.2	node_modules/@polkadot/api/
	esm 16.4.6	node_modules/@acala-network/chopsticks/node_modules/@polkadot/api/
[2025-09-09T19:30:20.302Z] [WARN] @polkadot/rpc-provider has multiple versions, ensure that there is only one installed.
Either remove and explicitly install matching versions or dedupe using your package manager.
The following conflicting packages were found:
	esm 12.4.2	node_modules/@polkadot/rpc-provider/
	esm 16.4.6	node_modules/@acala-network/chopsticks-core/node_modules/@polkadot/rpc-provider/
	esm 16.4.6	node_modules/@acala-network/chopsticks/node_modules/@polkadot/rpc-provider/
[2025-09-09T19:30:20.302Z] [WARN] @polkadot/api-derive has multiple versions, ensure that there is only one installed.
Either remove and explicitly install matching versions or dedupe using your package manager.
The following conflicting packages were found:
	esm 12.4.2	node_modules/@polkadot/api-derive/
	esm 16.4.6	node_modules/@acala-network/chopsticks/node_modules/@polkadot/api-derive/
[2025-09-09T19:30:20.303Z] [WARN] @polkadot/rpc-core has multiple versions, ensure that there is only one installed.
Either remove and explicitly install matching versions or dedupe using your package manager.
The following conflicting packages were found:
	esm 12.4.2	node_modules/@polkadot/rpc-core/
	esm 16.4.6	node_modules/@acala-network/chopsticks/node_modules/@polkadot/rpc-core/
[2025-09-09T19:30:20.303Z] [WARN] @polkadot/types has multiple versions, ensure that there is only one installed.
Either remove and explicitly install matching versions or dedupe using your package manager.
The following conflicting packages were found:
	esm 12.4.2	node_modules/@polkadot/types/
	esm 16.4.6	node_modules/@acala-network/chopsticks-core/node_modules/@polkadot/types/
	esm 16.4.6	node_modules/@acala-network/chopsticks/node_modules/@polkadot/types/
[2025-09-09T19:30:20.304Z] [WARN] @polkadot/types-create has multiple versions, ensure that there is only one installed.
Either remove and explicitly install matching versions or dedupe using your package manager.
The following conflicting packages were found:
	esm 12.4.2	node_modules/@polkadot/types-create/
	esm 16.4.6	node_modules/@acala-network/chopsticks-core/node_modules/@polkadot/types-create/
	esm 16.4.6	node_modules/@acala-network/chopsticks/node_modules/@polkadot/types-create/
[2025-09-09T19:30:20.304Z] [WARN] @polkadot/types-codec has multiple versions, ensure that there is only one installed.
Either remove and explicitly install matching versions or dedupe using your package manager.
The following conflicting packages were found:
	esm 12.4.2	node_modules/@polkadot/types-codec/
	esm 16.4.6	node_modules/@acala-network/chopsticks-core/node_modules/@polkadot/types-codec/
	esm 16.4.6	node_modules/@acala-network/chopsticks/node_modules/@polkadot/types-codec/
[2025-09-09T19:30:20.306Z] [WARN] @polkadot/types-known has multiple versions, ensure that there is only one installed.
Either remove and explicitly install matching versions or dedupe using your package manager.
The following conflicting packages were found:
	esm 12.4.2	node_modules/@polkadot/types-known/
	esm 16.4.6	node_modules/@acala-network/chopsticks/node_modules/@polkadot/types-known/
[2025-09-09T19:30:20.308Z] [WARN] @polkadot/api has multiple versions, ensure that there is only one installed.
Either remove and explicitly install matching versions or dedupe using your package manager.
The following conflicting packages were found:
	esm 12.4.2	node_modules/@polkadot/api/
	esm 16.4.6	node_modules/@acala-network/chopsticks/node_modules/@polkadot/api/
	esm 16.4.6	node_modules/@acala-network/chopsticks-utils/node_modules/@polkadot/api/
[2025-09-09T19:30:20.309Z] [WARN] @polkadot/rpc-augment has multiple versions, ensure that there is only one installed.
Either remove and explicitly install matching versions or dedupe using your package manager.
The following conflicting packages were found:
	esm 12.4.2	node_modules/@polkadot/rpc-augment/
	esm 16.4.6	node_modules/@acala-network/chopsticks/node_modules/@polkadot/rpc-augment/
	esm 16.4.6	node_modules/@acala-network/chopsticks-utils/node_modules/@polkadot/rpc-augment/
[2025-09-09T19:30:20.309Z] [WARN] @polkadot/rpc-provider has multiple versions, ensure that there is only one installed.
Either remove and explicitly install matching versions or dedupe using your package manager.
The following conflicting packages were found:
	esm 12.4.2	node_modules/@polkadot/rpc-provider/
	esm 16.4.6	node_modules/@acala-network/chopsticks-core/node_modules/@polkadot/rpc-provider/
	esm 16.4.6	node_modules/@acala-network/chopsticks/node_modules/@polkadot/rpc-provider/
	esm 16.4.6	node_modules/@acala-network/chopsticks-utils/node_modules/@polkadot/rpc-provider/
[2025-09-09T19:30:20.309Z] [WARN] @polkadot/api-derive has multiple versions, ensure that there is only one installed.
Either remove and explicitly install matching versions or dedupe using your package manager.
The following conflicting packages were found:
	esm 12.4.2	node_modules/@polkadot/api-derive/
	esm 16.4.6	node_modules/@acala-network/chopsticks/node_modules/@polkadot/api-derive/
	esm 16.4.6	node_modules/@acala-network/chopsticks-utils/node_modules/@polkadot/api-derive/
[2025-09-09T19:30:20.309Z] [WARN] @polkadot/rpc-core has multiple versions, ensure that there is only one installed.
Either remove and explicitly install matching versions or dedupe using your package manager.
The following conflicting packages were found:
	esm 12.4.2	node_modules/@polkadot/rpc-core/
	esm 16.4.6	node_modules/@acala-network/chopsticks/node_modules/@polkadot/rpc-core/
	esm 16.4.6	node_modules/@acala-network/chopsticks-utils/node_modules/@polkadot/rpc-core/
[2025-09-09T19:30:20.309Z] [WARN] @polkadot/types has multiple versions, ensure that there is only one installed.
Either remove and explicitly install matching versions or dedupe using your package manager.
The following conflicting packages were found:
	esm 12.4.2	node_modules/@polkadot/types/
	esm 16.4.6	node_modules/@acala-network/chopsticks-core/node_modules/@polkadot/types/
	esm 16.4.6	node_modules/@acala-network/chopsticks/node_modules/@polkadot/types/
	esm 16.4.6	node_modules/@acala-network/chopsticks-utils/node_modules/@polkadot/types/
[2025-09-09T19:30:20.310Z] [WARN] @polkadot/types-create has multiple versions, ensure that there is only one installed.
Either remove and explicitly install matching versions or dedupe using your package manager.
The following conflicting packages were found:
	esm 12.4.2	node_modules/@polkadot/types-create/
	esm 16.4.6	node_modules/@acala-network/chopsticks-core/node_modules/@polkadot/types-create/
	esm 16.4.6	node_modules/@acala-network/chopsticks/node_modules/@polkadot/types-create/
	esm 16.4.6	node_modules/@acala-network/chopsticks-utils/node_modules/@polkadot/types-create/
[2025-09-09T19:30:20.310Z] [WARN] @polkadot/types-codec has multiple versions, ensure that there is only one installed.
Either remove and explicitly install matching versions or dedupe using your package manager.
The following conflicting packages were found:
	esm 12.4.2	node_modules/@polkadot/types-codec/
	esm 16.4.6	node_modules/@acala-network/chopsticks-core/node_modules/@polkadot/types-codec/
	esm 16.4.6	node_modules/@acala-network/chopsticks/node_modules/@polkadot/types-codec/
	esm 16.4.6	node_modules/@acala-network/chopsticks-utils/node_modules/@polkadot/types-codec/
[2025-09-09T19:30:20.312Z] [WARN] @polkadot/types-known has multiple versions, ensure that there is only one installed.
Either remove and explicitly install matching versions or dedupe using your package manager.
The following conflicting packages were found:
	esm 12.4.2	node_modules/@polkadot/types-known/
	esm 16.4.6	node_modules/@acala-network/chopsticks/node_modules/@polkadot/types-known/
	esm 16.4.6	node_modules/@acala-network/chopsticks-utils/node_modules/@polkadot/types-known/
[2025-09-09T19:30:20.318Z] [LOG] [dotenv@17.2.1] injecting env (0) from .env -- tip: 📡 observe env with Radar: https://dotenvx.com/radar
[2025-09-09T19:30:22.087Z] [LOG] Setting up AssetHub network with options: {
  "runtimeLogLevel": 5,
  "blockNumber": 9651100,
  "port": 8001,
  "endpoint": [
    "wss://polkadot-asset-hub-rpc.polkadot.io"
  ],
  "db": "assethub-db.sqlite",
  "processQueuedMessages": true
}
[2025-09-09T19:30:51.687Z] [LOG] Test setup initialized - logging to test-output.log
[2025-09-09T19:30:51.928Z] [WARN] @polkadot/types-codec has multiple versions, ensure that there is only one installed.
Either remove and explicitly install matching versions or dedupe using your package manager.
The following conflicting packages were found:
	esm 12.4.2	node_modules/@polkadot/types-codec/
	esm 16.4.6	node_modules/@acala-network/chopsticks-core/node_modules/@polkadot/types-codec/
[2025-09-09T19:30:51.929Z] [WARN] @polkadot/types has multiple versions, ensure that there is only one installed.
Either remove and explicitly install matching versions or dedupe using your package manager.
The following conflicting packages were found:
	esm 12.4.2	node_modules/@polkadot/types/
	esm 16.4.6	node_modules/@acala-network/chopsticks-core/node_modules/@polkadot/types/
[2025-09-09T19:30:51.930Z] [WARN] @polkadot/types-create has multiple versions, ensure that there is only one installed.
Either remove and explicitly install matching versions or dedupe using your package manager.
The following conflicting packages were found:
	esm 12.4.2	node_modules/@polkadot/types-create/
	esm 16.4.6	node_modules/@acala-network/chopsticks-core/node_modules/@polkadot/types-create/
[2025-09-09T19:30:51.933Z] [WARN] @polkadot/rpc-provider has multiple versions, ensure that there is only one installed.
Either remove and explicitly install matching versions or dedupe using your package manager.
The following conflicting packages were found:
	esm 12.4.2	node_modules/@polkadot/rpc-provider/
	esm 16.4.6	node_modules/@acala-network/chopsticks-core/node_modules/@polkadot/rpc-provider/
[2025-09-09T19:30:52.578Z] [WARN] @polkadot/rpc-augment has multiple versions, ensure that there is only one installed.
Either remove and explicitly install matching versions or dedupe using your package manager.
The following conflicting packages were found:
	esm 12.4.2	node_modules/@polkadot/rpc-augment/
	esm 16.4.6	node_modules/@acala-network/chopsticks/node_modules/@polkadot/rpc-augment/
[2025-09-09T19:30:52.747Z] [WARN] @polkadot/api has multiple versions, ensure that there is only one installed.
Either remove and explicitly install matching versions or dedupe using your package manager.
The following conflicting packages were found:
	esm 12.4.2	node_modules/@polkadot/api/
	esm 16.4.6	node_modules/@acala-network/chopsticks/node_modules/@polkadot/api/
[2025-09-09T19:30:52.747Z] [WARN] @polkadot/rpc-provider has multiple versions, ensure that there is only one installed.
Either remove and explicitly install matching versions or dedupe using your package manager.
The following conflicting packages were found:
	esm 12.4.2	node_modules/@polkadot/rpc-provider/
	esm 16.4.6	node_modules/@acala-network/chopsticks-core/node_modules/@polkadot/rpc-provider/
	esm 16.4.6	node_modules/@acala-network/chopsticks/node_modules/@polkadot/rpc-provider/
[2025-09-09T19:30:52.748Z] [WARN] @polkadot/api-derive has multiple versions, ensure that there is only one installed.
Either remove and explicitly install matching versions or dedupe using your package manager.
The following conflicting packages were found:
	esm 12.4.2	node_modules/@polkadot/api-derive/
	esm 16.4.6	node_modules/@acala-network/chopsticks/node_modules/@polkadot/api-derive/
[2025-09-09T19:30:52.748Z] [WARN] @polkadot/rpc-core has multiple versions, ensure that there is only one installed.
Either remove and explicitly install matching versions or dedupe using your package manager.
The following conflicting packages were found:
	esm 12.4.2	node_modules/@polkadot/rpc-core/
	esm 16.4.6	node_modules/@acala-network/chopsticks/node_modules/@polkadot/rpc-core/
[2025-09-09T19:30:52.748Z] [WARN] @polkadot/types has multiple versions, ensure that there is only one installed.
Either remove and explicitly install matching versions or dedupe using your package manager.
The following conflicting packages were found:
	esm 12.4.2	node_modules/@polkadot/types/
	esm 16.4.6	node_modules/@acala-network/chopsticks-core/node_modules/@polkadot/types/
	esm 16.4.6	node_modules/@acala-network/chopsticks/node_modules/@polkadot/types/
[2025-09-09T19:30:52.749Z] [WARN] @polkadot/types-create has multiple versions, ensure that there is only one installed.
Either remove and explicitly install matching versions or dedupe using your package manager.
The following conflicting packages were found:
	esm 12.4.2	node_modules/@polkadot/types-create/
	esm 16.4.6	node_modules/@acala-network/chopsticks-core/node_modules/@polkadot/types-create/
	esm 16.4.6	node_modules/@acala-network/chopsticks/node_modules/@polkadot/types-create/
[2025-09-09T19:30:52.749Z] [WARN] @polkadot/types-codec has multiple versions, ensure that there is only one installed.
Either remove and explicitly install matching versions or dedupe using your package manager.
The following conflicting packages were found:
	esm 12.4.2	node_modules/@polkadot/types-codec/
	esm 16.4.6	node_modules/@acala-network/chopsticks-core/node_modules/@polkadot/types-codec/
	esm 16.4.6	node_modules/@acala-network/chopsticks/node_modules/@polkadot/types-codec/
[2025-09-09T19:30:52.751Z] [WARN] @polkadot/types-known has multiple versions, ensure that there is only one installed.
Either remove and explicitly install matching versions or dedupe using your package manager.
The following conflicting packages were found:
	esm 12.4.2	node_modules/@polkadot/types-known/
	esm 16.4.6	node_modules/@acala-network/chopsticks/node_modules/@polkadot/types-known/
[2025-09-09T19:30:52.755Z] [WARN] @polkadot/api has multiple versions, ensure that there is only one installed.
Either remove and explicitly install matching versions or dedupe using your package manager.
The following conflicting packages were found:
	esm 12.4.2	node_modules/@polkadot/api/
	esm 16.4.6	node_modules/@acala-network/chopsticks/node_modules/@polkadot/api/
	esm 16.4.6	node_modules/@acala-network/chopsticks-utils/node_modules/@polkadot/api/
[2025-09-09T19:30:52.755Z] [WARN] @polkadot/rpc-augment has multiple versions, ensure that there is only one installed.
Either remove and explicitly install matching versions or dedupe using your package manager.
The following conflicting packages were found:
	esm 12.4.2	node_modules/@polkadot/rpc-augment/
	esm 16.4.6	node_modules/@acala-network/chopsticks/node_modules/@polkadot/rpc-augment/
	esm 16.4.6	node_modules/@acala-network/chopsticks-utils/node_modules/@polkadot/rpc-augment/
[2025-09-09T19:30:52.755Z] [WARN] @polkadot/rpc-provider has multiple versions, ensure that there is only one installed.
Either remove and explicitly install matching versions or dedupe using your package manager.
The following conflicting packages were found:
	esm 12.4.2	node_modules/@polkadot/rpc-provider/
	esm 16.4.6	node_modules/@acala-network/chopsticks-core/node_modules/@polkadot/rpc-provider/
	esm 16.4.6	node_modules/@acala-network/chopsticks/node_modules/@polkadot/rpc-provider/
	esm 16.4.6	node_modules/@acala-network/chopsticks-utils/node_modules/@polkadot/rpc-provider/
[2025-09-09T19:30:52.755Z] [WARN] @polkadot/api-derive has multiple versions, ensure that there is only one installed.
Either remove and explicitly install matching versions or dedupe using your package manager.
The following conflicting packages were found:
	esm 12.4.2	node_modules/@polkadot/api-derive/
	esm 16.4.6	node_modules/@acala-network/chopsticks/node_modules/@polkadot/api-derive/
	esm 16.4.6	node_modules/@acala-network/chopsticks-utils/node_modules/@polkadot/api-derive/
[2025-09-09T19:30:52.755Z] [WARN] @polkadot/rpc-core has multiple versions, ensure that there is only one installed.
Either remove and explicitly install matching versions or dedupe using your package manager.
The following conflicting packages were found:
	esm 12.4.2	node_modules/@polkadot/rpc-core/
	esm 16.4.6	node_modules/@acala-network/chopsticks/node_modules/@polkadot/rpc-core/
	esm 16.4.6	node_modules/@acala-network/chopsticks-utils/node_modules/@polkadot/rpc-core/
[2025-09-09T19:30:52.755Z] [WARN] @polkadot/types has multiple versions, ensure that there is only one installed.
Either remove and explicitly install matching versions or dedupe using your package manager.
The following conflicting packages were found:
	esm 12.4.2	node_modules/@polkadot/types/
	esm 16.4.6	node_modules/@acala-network/chopsticks-core/node_modules/@polkadot/types/
	esm 16.4.6	node_modules/@acala-network/chopsticks/node_modules/@polkadot/types/
	esm 16.4.6	node_modules/@acala-network/chopsticks-utils/node_modules/@polkadot/types/
[2025-09-09T19:30:52.756Z] [WARN] @polkadot/types-create has multiple versions, ensure that there is only one installed.
Either remove and explicitly install matching versions or dedupe using your package manager.
The following conflicting packages were found:
	esm 12.4.2	node_modules/@polkadot/types-create/
	esm 16.4.6	node_modules/@acala-network/chopsticks-core/node_modules/@polkadot/types-create/
	esm 16.4.6	node_modules/@acala-network/chopsticks/node_modules/@polkadot/types-create/
	esm 16.4.6	node_modules/@acala-network/chopsticks-utils/node_modules/@polkadot/types-create/
[2025-09-09T19:30:52.756Z] [WARN] @polkadot/types-codec has multiple versions, ensure that there is only one installed.
Either remove and explicitly install matching versions or dedupe using your package manager.
The following conflicting packages were found:
	esm 12.4.2	node_modules/@polkadot/types-codec/
	esm 16.4.6	node_modules/@acala-network/chopsticks-core/node_modules/@polkadot/types-codec/
	esm 16.4.6	node_modules/@acala-network/chopsticks/node_modules/@polkadot/types-codec/
	esm 16.4.6	node_modules/@acala-network/chopsticks-utils/node_modules/@polkadot/types-codec/
[2025-09-09T19:30:52.758Z] [WARN] @polkadot/types-known has multiple versions, ensure that there is only one installed.
Either remove and explicitly install matching versions or dedupe using your package manager.
The following conflicting packages were found:
	esm 12.4.2	node_modules/@polkadot/types-known/
	esm 16.4.6	node_modules/@acala-network/chopsticks/node_modules/@polkadot/types-known/
	esm 16.4.6	node_modules/@acala-network/chopsticks-utils/node_modules/@polkadot/types-known/
[2025-09-09T19:30:52.763Z] [LOG] [dotenv@17.2.1] injecting env (0) from .env -- tip: 📡 auto-backup env with Radar: https://dotenvx.com/radar
[2025-09-09T19:30:54.279Z] [LOG] Setting up AssetHub network with options: {
  "runtimeLogLevel": 5,
  "blockNumber": 9651100,
  "port": 8001,
  "endpoint": [
    "wss://polkadot-asset-hub-rpc.polkadot.io"
  ],
  "db": "assethub-db.sqlite",
  "processQueuedMessages": true
}
[2025-09-09T19:31:39.324Z] [LOG] Test setup initialized - logging to test-output.log
[2025-09-09T19:31:39.542Z] [WARN] @polkadot/types-codec has multiple versions, ensure that there is only one installed.
Either remove and explicitly install matching versions or dedupe using your package manager.
The following conflicting packages were found:
	esm 12.4.2	node_modules/@polkadot/types-codec/
	esm 16.4.6	node_modules/@acala-network/chopsticks-core/node_modules/@polkadot/types-codec/
[2025-09-09T19:31:39.543Z] [WARN] @polkadot/types has multiple versions, ensure that there is only one installed.
Either remove and explicitly install matching versions or dedupe using your package manager.
The following conflicting packages were found:
	esm 12.4.2	node_modules/@polkadot/types/
	esm 16.4.6	node_modules/@acala-network/chopsticks-core/node_modules/@polkadot/types/
[2025-09-09T19:31:39.544Z] [WARN] @polkadot/types-create has multiple versions, ensure that there is only one installed.
Either remove and explicitly install matching versions or dedupe using your package manager.
The following conflicting packages were found:
	esm 12.4.2	node_modules/@polkadot/types-create/
	esm 16.4.6	node_modules/@acala-network/chopsticks-core/node_modules/@polkadot/types-create/
[2025-09-09T19:31:39.547Z] [WARN] @polkadot/rpc-provider has multiple versions, ensure that there is only one installed.
Either remove and explicitly install matching versions or dedupe using your package manager.
The following conflicting packages were found:
	esm 12.4.2	node_modules/@polkadot/rpc-provider/
	esm 16.4.6	node_modules/@acala-network/chopsticks-core/node_modules/@polkadot/rpc-provider/
[2025-09-09T19:31:40.124Z] [WARN] @polkadot/rpc-augment has multiple versions, ensure that there is only one installed.
Either remove and explicitly install matching versions or dedupe using your package manager.
The following conflicting packages were found:
	esm 12.4.2	node_modules/@polkadot/rpc-augment/
	esm 16.4.6	node_modules/@acala-network/chopsticks/node_modules/@polkadot/rpc-augment/
[2025-09-09T19:31:40.220Z] [WARN] @polkadot/api has multiple versions, ensure that there is only one installed.
Either remove and explicitly install matching versions or dedupe using your package manager.
The following conflicting packages were found:
	esm 12.4.2	node_modules/@polkadot/api/
	esm 16.4.6	node_modules/@acala-network/chopsticks/node_modules/@polkadot/api/
[2025-09-09T19:31:40.220Z] [WARN] @polkadot/rpc-provider has multiple versions, ensure that there is only one installed.
Either remove and explicitly install matching versions or dedupe using your package manager.
The following conflicting packages were found:
	esm 12.4.2	node_modules/@polkadot/rpc-provider/
	esm 16.4.6	node_modules/@acala-network/chopsticks-core/node_modules/@polkadot/rpc-provider/
	esm 16.4.6	node_modules/@acala-network/chopsticks/node_modules/@polkadot/rpc-provider/
[2025-09-09T19:31:40.220Z] [WARN] @polkadot/api-derive has multiple versions, ensure that there is only one installed.
Either remove and explicitly install matching versions or dedupe using your package manager.
The following conflicting packages were found:
	esm 12.4.2	node_modules/@polkadot/api-derive/
	esm 16.4.6	node_modules/@acala-network/chopsticks/node_modules/@polkadot/api-derive/
[2025-09-09T19:31:40.221Z] [WARN] @polkadot/rpc-core has multiple versions, ensure that there is only one installed.
Either remove and explicitly install matching versions or dedupe using your package manager.
The following conflicting packages were found:
	esm 12.4.2	node_modules/@polkadot/rpc-core/
	esm 16.4.6	node_modules/@acala-network/chopsticks/node_modules/@polkadot/rpc-core/
[2025-09-09T19:31:40.221Z] [WARN] @polkadot/types has multiple versions, ensure that there is only one installed.
Either remove and explicitly install matching versions or dedupe using your package manager.
The following conflicting packages were found:
	esm 12.4.2	node_modules/@polkadot/types/
	esm 16.4.6	node_modules/@acala-network/chopsticks-core/node_modules/@polkadot/types/
	esm 16.4.6	node_modules/@acala-network/chopsticks/node_modules/@polkadot/types/
[2025-09-09T19:31:40.222Z] [WARN] @polkadot/types-create has multiple versions, ensure that there is only one installed.
Either remove and explicitly install matching versions or dedupe using your package manager.
The following conflicting packages were found:
	esm 12.4.2	node_modules/@polkadot/types-create/
	esm 16.4.6	node_modules/@acala-network/chopsticks-core/node_modules/@polkadot/types-create/
	esm 16.4.6	node_modules/@acala-network/chopsticks/node_modules/@polkadot/types-create/
[2025-09-09T19:31:40.222Z] [WARN] @polkadot/types-codec has multiple versions, ensure that there is only one installed.
Either remove and explicitly install matching versions or dedupe using your package manager.
The following conflicting packages were found:
	esm 12.4.2	node_modules/@polkadot/types-codec/
	esm 16.4.6	node_modules/@acala-network/chopsticks-core/node_modules/@polkadot/types-codec/
	esm 16.4.6	node_modules/@acala-network/chopsticks/node_modules/@polkadot/types-codec/
[2025-09-09T19:31:40.224Z] [WARN] @polkadot/types-known has multiple versions, ensure that there is only one installed.
Either remove and explicitly install matching versions or dedupe using your package manager.
The following conflicting packages were found:
	esm 12.4.2	node_modules/@polkadot/types-known/
	esm 16.4.6	node_modules/@acala-network/chopsticks/node_modules/@polkadot/types-known/
[2025-09-09T19:31:40.228Z] [WARN] @polkadot/api has multiple versions, ensure that there is only one installed.
Either remove and explicitly install matching versions or dedupe using your package manager.
The following conflicting packages were found:
	esm 12.4.2	node_modules/@polkadot/api/
	esm 16.4.6	node_modules/@acala-network/chopsticks/node_modules/@polkadot/api/
	esm 16.4.6	node_modules/@acala-network/chopsticks-utils/node_modules/@polkadot/api/
[2025-09-09T19:31:40.228Z] [WARN] @polkadot/rpc-augment has multiple versions, ensure that there is only one installed.
Either remove and explicitly install matching versions or dedupe using your package manager.
The following conflicting packages were found:
	esm 12.4.2	node_modules/@polkadot/rpc-augment/
	esm 16.4.6	node_modules/@acala-network/chopsticks/node_modules/@polkadot/rpc-augment/
	esm 16.4.6	node_modules/@acala-network/chopsticks-utils/node_modules/@polkadot/rpc-augment/
[2025-09-09T19:31:40.228Z] [WARN] @polkadot/rpc-provider has multiple versions, ensure that there is only one installed.
Either remove and explicitly install matching versions or dedupe using your package manager.
The following conflicting packages were found:
	esm 12.4.2	node_modules/@polkadot/rpc-provider/
	esm 16.4.6	node_modules/@acala-network/chopsticks-core/node_modules/@polkadot/rpc-provider/
	esm 16.4.6	node_modules/@acala-network/chopsticks/node_modules/@polkadot/rpc-provider/
	esm 16.4.6	node_modules/@acala-network/chopsticks-utils/node_modules/@polkadot/rpc-provider/
[2025-09-09T19:31:40.228Z] [WARN] @polkadot/api-derive has multiple versions, ensure that there is only one installed.
Either remove and explicitly install matching versions or dedupe using your package manager.
The following conflicting packages were found:
	esm 12.4.2	node_modules/@polkadot/api-derive/
	esm 16.4.6	node_modules/@acala-network/chopsticks/node_modules/@polkadot/api-derive/
	esm 16.4.6	node_modules/@acala-network/chopsticks-utils/node_modules/@polkadot/api-derive/
[2025-09-09T19:31:40.228Z] [WARN] @polkadot/rpc-core has multiple versions, ensure that there is only one installed.
Either remove and explicitly install matching versions or dedupe using your package manager.
The following conflicting packages were found:
	esm 12.4.2	node_modules/@polkadot/rpc-core/
	esm 16.4.6	node_modules/@acala-network/chopsticks/node_modules/@polkadot/rpc-core/
	esm 16.4.6	node_modules/@acala-network/chopsticks-utils/node_modules/@polkadot/rpc-core/
[2025-09-09T19:31:40.228Z] [WARN] @polkadot/types has multiple versions, ensure that there is only one installed.
Either remove and explicitly install matching versions or dedupe using your package manager.
The following conflicting packages were found:
	esm 12.4.2	node_modules/@polkadot/types/
	esm 16.4.6	node_modules/@acala-network/chopsticks-core/node_modules/@polkadot/types/
	esm 16.4.6	node_modules/@acala-network/chopsticks/node_modules/@polkadot/types/
	esm 16.4.6	node_modules/@acala-network/chopsticks-utils/node_modules/@polkadot/types/
[2025-09-09T19:31:40.229Z] [WARN] @polkadot/types-create has multiple versions, ensure that there is only one installed.
Either remove and explicitly install matching versions or dedupe using your package manager.
The following conflicting packages were found:
	esm 12.4.2	node_modules/@polkadot/types-create/
	esm 16.4.6	node_modules/@acala-network/chopsticks-core/node_modules/@polkadot/types-create/
	esm 16.4.6	node_modules/@acala-network/chopsticks/node_modules/@polkadot/types-create/
	esm 16.4.6	node_modules/@acala-network/chopsticks-utils/node_modules/@polkadot/types-create/
[2025-09-09T19:31:40.229Z] [WARN] @polkadot/types-codec has multiple versions, ensure that there is only one installed.
Either remove and explicitly install matching versions or dedupe using your package manager.
The following conflicting packages were found:
	esm 12.4.2	node_modules/@polkadot/types-codec/
	esm 16.4.6	node_modules/@acala-network/chopsticks-core/node_modules/@polkadot/types-codec/
	esm 16.4.6	node_modules/@acala-network/chopsticks/node_modules/@polkadot/types-codec/
	esm 16.4.6	node_modules/@acala-network/chopsticks-utils/node_modules/@polkadot/types-codec/
[2025-09-09T19:31:40.231Z] [WARN] @polkadot/types-known has multiple versions, ensure that there is only one installed.
Either remove and explicitly install matching versions or dedupe using your package manager.
The following conflicting packages were found:
	esm 12.4.2	node_modules/@polkadot/types-known/
	esm 16.4.6	node_modules/@acala-network/chopsticks/node_modules/@polkadot/types-known/
	esm 16.4.6	node_modules/@acala-network/chopsticks-utils/node_modules/@polkadot/types-known/
[2025-09-09T19:31:40.237Z] [LOG] [dotenv@17.2.1] injecting env (0) from .env -- tip: ⚙️  suppress all logs with { quiet: true }
[2025-09-09T19:31:42.011Z] [LOG] Setting up AssetHub network with options: {
  "runtimeLogLevel": 5,
  "blockNumber": 9651100,
  "port": 8001,
  "endpoint": [
    "wss://polkadot-asset-hub-rpc.polkadot.io"
  ],
  "db": "assethub-db.sqlite",
  "processQueuedMessages": true
}
[2025-09-09T19:32:00.754Z] [LOG] Test setup initialized - logging to test-output.log
[2025-09-09T19:32:00.990Z] [WARN] @polkadot/types-codec has multiple versions, ensure that there is only one installed.
Either remove and explicitly install matching versions or dedupe using your package manager.
The following conflicting packages were found:
	esm 12.4.2	node_modules/@polkadot/types-codec/
	esm 16.4.6	node_modules/@acala-network/chopsticks-core/node_modules/@polkadot/types-codec/
[2025-09-09T19:32:00.991Z] [WARN] @polkadot/types has multiple versions, ensure that there is only one installed.
Either remove and explicitly install matching versions or dedupe using your package manager.
The following conflicting packages were found:
	esm 12.4.2	node_modules/@polkadot/types/
	esm 16.4.6	node_modules/@acala-network/chopsticks-core/node_modules/@polkadot/types/
[2025-09-09T19:32:00.992Z] [WARN] @polkadot/types-create has multiple versions, ensure that there is only one installed.
Either remove and explicitly install matching versions or dedupe using your package manager.
The following conflicting packages were found:
	esm 12.4.2	node_modules/@polkadot/types-create/
	esm 16.4.6	node_modules/@acala-network/chopsticks-core/node_modules/@polkadot/types-create/
[2025-09-09T19:32:00.995Z] [WARN] @polkadot/rpc-provider has multiple versions, ensure that there is only one installed.
Either remove and explicitly install matching versions or dedupe using your package manager.
The following conflicting packages were found:
	esm 12.4.2	node_modules/@polkadot/rpc-provider/
	esm 16.4.6	node_modules/@acala-network/chopsticks-core/node_modules/@polkadot/rpc-provider/
[2025-09-09T19:32:01.616Z] [WARN] @polkadot/rpc-augment has multiple versions, ensure that there is only one installed.
Either remove and explicitly install matching versions or dedupe using your package manager.
The following conflicting packages were found:
	esm 12.4.2	node_modules/@polkadot/rpc-augment/
	esm 16.4.6	node_modules/@acala-network/chopsticks/node_modules/@polkadot/rpc-augment/
[2025-09-09T19:32:01.721Z] [WARN] @polkadot/api has multiple versions, ensure that there is only one installed.
Either remove and explicitly install matching versions or dedupe using your package manager.
The following conflicting packages were found:
	esm 12.4.2	node_modules/@polkadot/api/
	esm 16.4.6	node_modules/@acala-network/chopsticks/node_modules/@polkadot/api/
[2025-09-09T19:32:01.721Z] [WARN] @polkadot/rpc-provider has multiple versions, ensure that there is only one installed.
Either remove and explicitly install matching versions or dedupe using your package manager.
The following conflicting packages were found:
	esm 12.4.2	node_modules/@polkadot/rpc-provider/
	esm 16.4.6	node_modules/@acala-network/chopsticks-core/node_modules/@polkadot/rpc-provider/
	esm 16.4.6	node_modules/@acala-network/chopsticks/node_modules/@polkadot/rpc-provider/
[2025-09-09T19:32:01.721Z] [WARN] @polkadot/api-derive has multiple versions, ensure that there is only one installed.
Either remove and explicitly install matching versions or dedupe using your package manager.
The following conflicting packages were found:
	esm 12.4.2	node_modules/@polkadot/api-derive/
	esm 16.4.6	node_modules/@acala-network/chopsticks/node_modules/@polkadot/api-derive/
[2025-09-09T19:32:01.722Z] [WARN] @polkadot/rpc-core has multiple versions, ensure that there is only one installed.
Either remove and explicitly install matching versions or dedupe using your package manager.
The following conflicting packages were found:
	esm 12.4.2	node_modules/@polkadot/rpc-core/
	esm 16.4.6	node_modules/@acala-network/chopsticks/node_modules/@polkadot/rpc-core/
[2025-09-09T19:32:01.722Z] [WARN] @polkadot/types has multiple versions, ensure that there is only one installed.
Either remove and explicitly install matching versions or dedupe using your package manager.
The following conflicting packages were found:
	esm 12.4.2	node_modules/@polkadot/types/
	esm 16.4.6	node_modules/@acala-network/chopsticks-core/node_modules/@polkadot/types/
	esm 16.4.6	node_modules/@acala-network/chopsticks/node_modules/@polkadot/types/
[2025-09-09T19:32:01.723Z] [WARN] @polkadot/types-create has multiple versions, ensure that there is only one installed.
Either remove and explicitly install matching versions or dedupe using your package manager.
The following conflicting packages were found:
	esm 12.4.2	node_modules/@polkadot/types-create/
	esm 16.4.6	node_modules/@acala-network/chopsticks-core/node_modules/@polkadot/types-create/
	esm 16.4.6	node_modules/@acala-network/chopsticks/node_modules/@polkadot/types-create/
[2025-09-09T19:32:01.723Z] [WARN] @polkadot/types-codec has multiple versions, ensure that there is only one installed.
Either remove and explicitly install matching versions or dedupe using your package manager.
The following conflicting packages were found:
	esm 12.4.2	node_modules/@polkadot/types-codec/
	esm 16.4.6	node_modules/@acala-network/chopsticks-core/node_modules/@polkadot/types-codec/
	esm 16.4.6	node_modules/@acala-network/chopsticks/node_modules/@polkadot/types-codec/
[2025-09-09T19:32:01.725Z] [WARN] @polkadot/types-known has multiple versions, ensure that there is only one installed.
Either remove and explicitly install matching versions or dedupe using your package manager.
The following conflicting packages were found:
	esm 12.4.2	node_modules/@polkadot/types-known/
	esm 16.4.6	node_modules/@acala-network/chopsticks/node_modules/@polkadot/types-known/
[2025-09-09T19:32:01.727Z] [WARN] @polkadot/api has multiple versions, ensure that there is only one installed.
Either remove and explicitly install matching versions or dedupe using your package manager.
The following conflicting packages were found:
	esm 12.4.2	node_modules/@polkadot/api/
	esm 16.4.6	node_modules/@acala-network/chopsticks/node_modules/@polkadot/api/
	esm 16.4.6	node_modules/@acala-network/chopsticks-utils/node_modules/@polkadot/api/
[2025-09-09T19:32:01.727Z] [WARN] @polkadot/rpc-augment has multiple versions, ensure that there is only one installed.
Either remove and explicitly install matching versions or dedupe using your package manager.
The following conflicting packages were found:
	esm 12.4.2	node_modules/@polkadot/rpc-augment/
	esm 16.4.6	node_modules/@acala-network/chopsticks/node_modules/@polkadot/rpc-augment/
	esm 16.4.6	node_modules/@acala-network/chopsticks-utils/node_modules/@polkadot/rpc-augment/
[2025-09-09T19:32:01.727Z] [WARN] @polkadot/rpc-provider has multiple versions, ensure that there is only one installed.
Either remove and explicitly install matching versions or dedupe using your package manager.
The following conflicting packages were found:
	esm 12.4.2	node_modules/@polkadot/rpc-provider/
	esm 16.4.6	node_modules/@acala-network/chopsticks-core/node_modules/@polkadot/rpc-provider/
	esm 16.4.6	node_modules/@acala-network/chopsticks/node_modules/@polkadot/rpc-provider/
	esm 16.4.6	node_modules/@acala-network/chopsticks-utils/node_modules/@polkadot/rpc-provider/
[2025-09-09T19:32:01.727Z] [WARN] @polkadot/api-derive has multiple versions, ensure that there is only one installed.
Either remove and explicitly install matching versions or dedupe using your package manager.
The following conflicting packages were found:
	esm 12.4.2	node_modules/@polkadot/api-derive/
	esm 16.4.6	node_modules/@acala-network/chopsticks/node_modules/@polkadot/api-derive/
	esm 16.4.6	node_modules/@acala-network/chopsticks-utils/node_modules/@polkadot/api-derive/
[2025-09-09T19:32:01.727Z] [WARN] @polkadot/rpc-core has multiple versions, ensure that there is only one installed.
Either remove and explicitly install matching versions or dedupe using your package manager.
The following conflicting packages were found:
	esm 12.4.2	node_modules/@polkadot/rpc-core/
	esm 16.4.6	node_modules/@acala-network/chopsticks/node_modules/@polkadot/rpc-core/
	esm 16.4.6	node_modules/@acala-network/chopsticks-utils/node_modules/@polkadot/rpc-core/
[2025-09-09T19:32:01.727Z] [WARN] @polkadot/types has multiple versions, ensure that there is only one installed.
Either remove and explicitly install matching versions or dedupe using your package manager.
The following conflicting packages were found:
	esm 12.4.2	node_modules/@polkadot/types/
	esm 16.4.6	node_modules/@acala-network/chopsticks-core/node_modules/@polkadot/types/
	esm 16.4.6	node_modules/@acala-network/chopsticks/node_modules/@polkadot/types/
	esm 16.4.6	node_modules/@acala-network/chopsticks-utils/node_modules/@polkadot/types/
[2025-09-09T19:32:01.728Z] [WARN] @polkadot/types-create has multiple versions, ensure that there is only one installed.
Either remove and explicitly install matching versions or dedupe using your package manager.
The following conflicting packages were found:
	esm 12.4.2	node_modules/@polkadot/types-create/
	esm 16.4.6	node_modules/@acala-network/chopsticks-core/node_modules/@polkadot/types-create/
	esm 16.4.6	node_modules/@acala-network/chopsticks/node_modules/@polkadot/types-create/
	esm 16.4.6	node_modules/@acala-network/chopsticks-utils/node_modules/@polkadot/types-create/
[2025-09-09T19:32:01.728Z] [WARN] @polkadot/types-codec has multiple versions, ensure that there is only one installed.
Either remove and explicitly install matching versions or dedupe using your package manager.
The following conflicting packages were found:
	esm 12.4.2	node_modules/@polkadot/types-codec/
	esm 16.4.6	node_modules/@acala-network/chopsticks-core/node_modules/@polkadot/types-codec/
	esm 16.4.6	node_modules/@acala-network/chopsticks/node_modules/@polkadot/types-codec/
	esm 16.4.6	node_modules/@acala-network/chopsticks-utils/node_modules/@polkadot/types-codec/
[2025-09-09T19:32:01.730Z] [WARN] @polkadot/types-known has multiple versions, ensure that there is only one installed.
Either remove and explicitly install matching versions or dedupe using your package manager.
The following conflicting packages were found:
	esm 12.4.2	node_modules/@polkadot/types-known/
	esm 16.4.6	node_modules/@acala-network/chopsticks/node_modules/@polkadot/types-known/
	esm 16.4.6	node_modules/@acala-network/chopsticks-utils/node_modules/@polkadot/types-known/
[2025-09-09T19:32:01.735Z] [LOG] [dotenv@17.2.1] injecting env (0) from .env -- tip: ⚙️  specify custom .env file path with { path: '/custom/path/.env' }
[2025-09-09T19:32:03.252Z] [LOG] Setting up AssetHub network with options: {
  "runtimeLogLevel": 5,
  "blockNumber": 9651100,
  "port": 8001,
  "endpoint": [
    "wss://polkadot-asset-hub-rpc.polkadot.io"
  ],
  "db": "assethub-db.sqlite",
  "processQueuedMessages": true
}
[2025-09-09T19:32:50.007Z] [LOG] Test setup initialized - logging to test-output.log
[2025-09-09T19:32:50.356Z] [WARN] @polkadot/types-codec has multiple versions, ensure that there is only one installed.
Either remove and explicitly install matching versions or dedupe using your package manager.
The following conflicting packages were found:
	esm 12.4.2	node_modules/@polkadot/types-codec/
	esm 16.4.6	node_modules/@acala-network/chopsticks-core/node_modules/@polkadot/types-codec/
[2025-09-09T19:32:50.357Z] [WARN] @polkadot/types has multiple versions, ensure that there is only one installed.
Either remove and explicitly install matching versions or dedupe using your package manager.
The following conflicting packages were found:
	esm 12.4.2	node_modules/@polkadot/types/
	esm 16.4.6	node_modules/@acala-network/chopsticks-core/node_modules/@polkadot/types/
[2025-09-09T19:32:50.358Z] [WARN] @polkadot/types-create has multiple versions, ensure that there is only one installed.
Either remove and explicitly install matching versions or dedupe using your package manager.
The following conflicting packages were found:
	esm 12.4.2	node_modules/@polkadot/types-create/
	esm 16.4.6	node_modules/@acala-network/chopsticks-core/node_modules/@polkadot/types-create/
[2025-09-09T19:32:50.361Z] [WARN] @polkadot/rpc-provider has multiple versions, ensure that there is only one installed.
Either remove and explicitly install matching versions or dedupe using your package manager.
The following conflicting packages were found:
	esm 12.4.2	node_modules/@polkadot/rpc-provider/
	esm 16.4.6	node_modules/@acala-network/chopsticks-core/node_modules/@polkadot/rpc-provider/
[2025-09-09T19:32:50.983Z] [WARN] @polkadot/rpc-augment has multiple versions, ensure that there is only one installed.
Either remove and explicitly install matching versions or dedupe using your package manager.
The following conflicting packages were found:
	esm 12.4.2	node_modules/@polkadot/rpc-augment/
	esm 16.4.6	node_modules/@acala-network/chopsticks/node_modules/@polkadot/rpc-augment/
[2025-09-09T19:32:51.094Z] [WARN] @polkadot/api has multiple versions, ensure that there is only one installed.
Either remove and explicitly install matching versions or dedupe using your package manager.
The following conflicting packages were found:
	esm 12.4.2	node_modules/@polkadot/api/
	esm 16.4.6	node_modules/@acala-network/chopsticks/node_modules/@polkadot/api/
[2025-09-09T19:32:51.094Z] [WARN] @polkadot/rpc-provider has multiple versions, ensure that there is only one installed.
Either remove and explicitly install matching versions or dedupe using your package manager.
The following conflicting packages were found:
	esm 12.4.2	node_modules/@polkadot/rpc-provider/
	esm 16.4.6	node_modules/@acala-network/chopsticks-core/node_modules/@polkadot/rpc-provider/
	esm 16.4.6	node_modules/@acala-network/chopsticks/node_modules/@polkadot/rpc-provider/
[2025-09-09T19:32:51.095Z] [WARN] @polkadot/api-derive has multiple versions, ensure that there is only one installed.
Either remove and explicitly install matching versions or dedupe using your package manager.
The following conflicting packages were found:
	esm 12.4.2	node_modules/@polkadot/api-derive/
	esm 16.4.6	node_modules/@acala-network/chopsticks/node_modules/@polkadot/api-derive/
[2025-09-09T19:32:51.095Z] [WARN] @polkadot/rpc-core has multiple versions, ensure that there is only one installed.
Either remove and explicitly install matching versions or dedupe using your package manager.
The following conflicting packages were found:
	esm 12.4.2	node_modules/@polkadot/rpc-core/
	esm 16.4.6	node_modules/@acala-network/chopsticks/node_modules/@polkadot/rpc-core/
[2025-09-09T19:32:51.095Z] [WARN] @polkadot/types has multiple versions, ensure that there is only one installed.
Either remove and explicitly install matching versions or dedupe using your package manager.
The following conflicting packages were found:
	esm 12.4.2	node_modules/@polkadot/types/
	esm 16.4.6	node_modules/@acala-network/chopsticks-core/node_modules/@polkadot/types/
	esm 16.4.6	node_modules/@acala-network/chopsticks/node_modules/@polkadot/types/
[2025-09-09T19:32:51.096Z] [WARN] @polkadot/types-create has multiple versions, ensure that there is only one installed.
Either remove and explicitly install matching versions or dedupe using your package manager.
The following conflicting packages were found:
	esm 12.4.2	node_modules/@polkadot/types-create/
	esm 16.4.6	node_modules/@acala-network/chopsticks-core/node_modules/@polkadot/types-create/
	esm 16.4.6	node_modules/@acala-network/chopsticks/node_modules/@polkadot/types-create/
[2025-09-09T19:32:51.096Z] [WARN] @polkadot/types-codec has multiple versions, ensure that there is only one installed.
Either remove and explicitly install matching versions or dedupe using your package manager.
The following conflicting packages were found:
	esm 12.4.2	node_modules/@polkadot/types-codec/
	esm 16.4.6	node_modules/@acala-network/chopsticks-core/node_modules/@polkadot/types-codec/
	esm 16.4.6	node_modules/@acala-network/chopsticks/node_modules/@polkadot/types-codec/
[2025-09-09T19:32:51.098Z] [WARN] @polkadot/types-known has multiple versions, ensure that there is only one installed.
Either remove and explicitly install matching versions or dedupe using your package manager.
The following conflicting packages were found:
	esm 12.4.2	node_modules/@polkadot/types-known/
	esm 16.4.6	node_modules/@acala-network/chopsticks/node_modules/@polkadot/types-known/
[2025-09-09T19:32:51.101Z] [WARN] @polkadot/api has multiple versions, ensure that there is only one installed.
Either remove and explicitly install matching versions or dedupe using your package manager.
The following conflicting packages were found:
	esm 12.4.2	node_modules/@polkadot/api/
	esm 16.4.6	node_modules/@acala-network/chopsticks/node_modules/@polkadot/api/
	esm 16.4.6	node_modules/@acala-network/chopsticks-utils/node_modules/@polkadot/api/
[2025-09-09T19:32:51.101Z] [WARN] @polkadot/rpc-augment has multiple versions, ensure that there is only one installed.
Either remove and explicitly install matching versions or dedupe using your package manager.
The following conflicting packages were found:
	esm 12.4.2	node_modules/@polkadot/rpc-augment/
	esm 16.4.6	node_modules/@acala-network/chopsticks/node_modules/@polkadot/rpc-augment/
	esm 16.4.6	node_modules/@acala-network/chopsticks-utils/node_modules/@polkadot/rpc-augment/
[2025-09-09T19:32:51.101Z] [WARN] @polkadot/rpc-provider has multiple versions, ensure that there is only one installed.
Either remove and explicitly install matching versions or dedupe using your package manager.
The following conflicting packages were found:
	esm 12.4.2	node_modules/@polkadot/rpc-provider/
	esm 16.4.6	node_modules/@acala-network/chopsticks-core/node_modules/@polkadot/rpc-provider/
	esm 16.4.6	node_modules/@acala-network/chopsticks/node_modules/@polkadot/rpc-provider/
	esm 16.4.6	node_modules/@acala-network/chopsticks-utils/node_modules/@polkadot/rpc-provider/
[2025-09-09T19:32:51.101Z] [WARN] @polkadot/api-derive has multiple versions, ensure that there is only one installed.
Either remove and explicitly install matching versions or dedupe using your package manager.
The following conflicting packages were found:
	esm 12.4.2	node_modules/@polkadot/api-derive/
	esm 16.4.6	node_modules/@acala-network/chopsticks/node_modules/@polkadot/api-derive/
	esm 16.4.6	node_modules/@acala-network/chopsticks-utils/node_modules/@polkadot/api-derive/
[2025-09-09T19:32:51.101Z] [WARN] @polkadot/rpc-core has multiple versions, ensure that there is only one installed.
Either remove and explicitly install matching versions or dedupe using your package manager.
The following conflicting packages were found:
	esm 12.4.2	node_modules/@polkadot/rpc-core/
	esm 16.4.6	node_modules/@acala-network/chopsticks/node_modules/@polkadot/rpc-core/
	esm 16.4.6	node_modules/@acala-network/chopsticks-utils/node_modules/@polkadot/rpc-core/
[2025-09-09T19:32:51.101Z] [WARN] @polkadot/types has multiple versions, ensure that there is only one installed.
Either remove and explicitly install matching versions or dedupe using your package manager.
The following conflicting packages were found:
	esm 12.4.2	node_modules/@polkadot/types/
	esm 16.4.6	node_modules/@acala-network/chopsticks-core/node_modules/@polkadot/types/
	esm 16.4.6	node_modules/@acala-network/chopsticks/node_modules/@polkadot/types/
	esm 16.4.6	node_modules/@acala-network/chopsticks-utils/node_modules/@polkadot/types/
[2025-09-09T19:32:51.102Z] [WARN] @polkadot/types-create has multiple versions, ensure that there is only one installed.
Either remove and explicitly install matching versions or dedupe using your package manager.
The following conflicting packages were found:
	esm 12.4.2	node_modules/@polkadot/types-create/
	esm 16.4.6	node_modules/@acala-network/chopsticks-core/node_modules/@polkadot/types-create/
	esm 16.4.6	node_modules/@acala-network/chopsticks/node_modules/@polkadot/types-create/
	esm 16.4.6	node_modules/@acala-network/chopsticks-utils/node_modules/@polkadot/types-create/
[2025-09-09T19:32:51.102Z] [WARN] @polkadot/types-codec has multiple versions, ensure that there is only one installed.
Either remove and explicitly install matching versions or dedupe using your package manager.
The following conflicting packages were found:
	esm 12.4.2	node_modules/@polkadot/types-codec/
	esm 16.4.6	node_modules/@acala-network/chopsticks-core/node_modules/@polkadot/types-codec/
	esm 16.4.6	node_modules/@acala-network/chopsticks/node_modules/@polkadot/types-codec/
	esm 16.4.6	node_modules/@acala-network/chopsticks-utils/node_modules/@polkadot/types-codec/
[2025-09-09T19:32:51.104Z] [WARN] @polkadot/types-known has multiple versions, ensure that there is only one installed.
Either remove and explicitly install matching versions or dedupe using your package manager.
The following conflicting packages were found:
	esm 12.4.2	node_modules/@polkadot/types-known/
	esm 16.4.6	node_modules/@acala-network/chopsticks/node_modules/@polkadot/types-known/
	esm 16.4.6	node_modules/@acala-network/chopsticks-utils/node_modules/@polkadot/types-known/
[2025-09-09T19:32:51.112Z] [LOG] [dotenv@17.2.1] injecting env (0) from .env -- tip: ⚙️  suppress all logs with { quiet: true }
[2025-09-09T19:32:52.804Z] [LOG] Setting up AssetHub network with options: {
  "runtimeLogLevel": 5,
  "blockNumber": 9651100,
  "port": 8001,
  "endpoint": [
    "wss://polkadot-asset-hub-rpc.polkadot.io"
  ],
  "db": "assethub-db.sqlite",
  "processQueuedMessages": true
}
[2025-09-09T19:33:04.436Z] [LOG] Test setup initialized - logging to test-output.log
[2025-09-09T19:33:04.658Z] [WARN] @polkadot/types-codec has multiple versions, ensure that there is only one installed.
Either remove and explicitly install matching versions or dedupe using your package manager.
The following conflicting packages were found:
	esm 12.4.2	node_modules/@polkadot/types-codec/
	esm 16.4.6	node_modules/@acala-network/chopsticks-core/node_modules/@polkadot/types-codec/
[2025-09-09T19:33:04.659Z] [WARN] @polkadot/types has multiple versions, ensure that there is only one installed.
Either remove and explicitly install matching versions or dedupe using your package manager.
The following conflicting packages were found:
	esm 12.4.2	node_modules/@polkadot/types/
	esm 16.4.6	node_modules/@acala-network/chopsticks-core/node_modules/@polkadot/types/
[2025-09-09T19:33:04.660Z] [WARN] @polkadot/types-create has multiple versions, ensure that there is only one installed.
Either remove and explicitly install matching versions or dedupe using your package manager.
The following conflicting packages were found:
	esm 12.4.2	node_modules/@polkadot/types-create/
	esm 16.4.6	node_modules/@acala-network/chopsticks-core/node_modules/@polkadot/types-create/
[2025-09-09T19:33:04.663Z] [WARN] @polkadot/rpc-provider has multiple versions, ensure that there is only one installed.
Either remove and explicitly install matching versions or dedupe using your package manager.
The following conflicting packages were found:
	esm 12.4.2	node_modules/@polkadot/rpc-provider/
	esm 16.4.6	node_modules/@acala-network/chopsticks-core/node_modules/@polkadot/rpc-provider/
[2025-09-09T19:33:05.272Z] [WARN] @polkadot/rpc-augment has multiple versions, ensure that there is only one installed.
Either remove and explicitly install matching versions or dedupe using your package manager.
The following conflicting packages were found:
	esm 12.4.2	node_modules/@polkadot/rpc-augment/
	esm 16.4.6	node_modules/@acala-network/chopsticks/node_modules/@polkadot/rpc-augment/
[2025-09-09T19:33:05.383Z] [WARN] @polkadot/api has multiple versions, ensure that there is only one installed.
Either remove and explicitly install matching versions or dedupe using your package manager.
The following conflicting packages were found:
	esm 12.4.2	node_modules/@polkadot/api/
	esm 16.4.6	node_modules/@acala-network/chopsticks/node_modules/@polkadot/api/
[2025-09-09T19:33:05.384Z] [WARN] @polkadot/rpc-provider has multiple versions, ensure that there is only one installed.
Either remove and explicitly install matching versions or dedupe using your package manager.
The following conflicting packages were found:
	esm 12.4.2	node_modules/@polkadot/rpc-provider/
	esm 16.4.6	node_modules/@acala-network/chopsticks-core/node_modules/@polkadot/rpc-provider/
	esm 16.4.6	node_modules/@acala-network/chopsticks/node_modules/@polkadot/rpc-provider/
[2025-09-09T19:33:05.384Z] [WARN] @polkadot/api-derive has multiple versions, ensure that there is only one installed.
Either remove and explicitly install matching versions or dedupe using your package manager.
The following conflicting packages were found:
	esm 12.4.2	node_modules/@polkadot/api-derive/
	esm 16.4.6	node_modules/@acala-network/chopsticks/node_modules/@polkadot/api-derive/
[2025-09-09T19:33:05.384Z] [WARN] @polkadot/rpc-core has multiple versions, ensure that there is only one installed.
Either remove and explicitly install matching versions or dedupe using your package manager.
The following conflicting packages were found:
	esm 12.4.2	node_modules/@polkadot/rpc-core/
	esm 16.4.6	node_modules/@acala-network/chopsticks/node_modules/@polkadot/rpc-core/
[2025-09-09T19:33:05.384Z] [WARN] @polkadot/types has multiple versions, ensure that there is only one installed.
Either remove and explicitly install matching versions or dedupe using your package manager.
The following conflicting packages were found:
	esm 12.4.2	node_modules/@polkadot/types/
	esm 16.4.6	node_modules/@acala-network/chopsticks-core/node_modules/@polkadot/types/
	esm 16.4.6	node_modules/@acala-network/chopsticks/node_modules/@polkadot/types/
[2025-09-09T19:33:05.385Z] [WARN] @polkadot/types-create has multiple versions, ensure that there is only one installed.
Either remove and explicitly install matching versions or dedupe using your package manager.
The following conflicting packages were found:
	esm 12.4.2	node_modules/@polkadot/types-create/
	esm 16.4.6	node_modules/@acala-network/chopsticks-core/node_modules/@polkadot/types-create/
	esm 16.4.6	node_modules/@acala-network/chopsticks/node_modules/@polkadot/types-create/
[2025-09-09T19:33:05.385Z] [WARN] @polkadot/types-codec has multiple versions, ensure that there is only one installed.
Either remove and explicitly install matching versions or dedupe using your package manager.
The following conflicting packages were found:
	esm 12.4.2	node_modules/@polkadot/types-codec/
	esm 16.4.6	node_modules/@acala-network/chopsticks-core/node_modules/@polkadot/types-codec/
	esm 16.4.6	node_modules/@acala-network/chopsticks/node_modules/@polkadot/types-codec/
[2025-09-09T19:33:05.388Z] [WARN] @polkadot/types-known has multiple versions, ensure that there is only one installed.
Either remove and explicitly install matching versions or dedupe using your package manager.
The following conflicting packages were found:
	esm 12.4.2	node_modules/@polkadot/types-known/
	esm 16.4.6	node_modules/@acala-network/chopsticks/node_modules/@polkadot/types-known/
[2025-09-09T19:33:05.392Z] [WARN] @polkadot/api has multiple versions, ensure that there is only one installed.
Either remove and explicitly install matching versions or dedupe using your package manager.
The following conflicting packages were found:
	esm 12.4.2	node_modules/@polkadot/api/
	esm 16.4.6	node_modules/@acala-network/chopsticks/node_modules/@polkadot/api/
	esm 16.4.6	node_modules/@acala-network/chopsticks-utils/node_modules/@polkadot/api/
[2025-09-09T19:33:05.392Z] [WARN] @polkadot/rpc-augment has multiple versions, ensure that there is only one installed.
Either remove and explicitly install matching versions or dedupe using your package manager.
The following conflicting packages were found:
	esm 12.4.2	node_modules/@polkadot/rpc-augment/
	esm 16.4.6	node_modules/@acala-network/chopsticks/node_modules/@polkadot/rpc-augment/
	esm 16.4.6	node_modules/@acala-network/chopsticks-utils/node_modules/@polkadot/rpc-augment/
[2025-09-09T19:33:05.392Z] [WARN] @polkadot/rpc-provider has multiple versions, ensure that there is only one installed.
Either remove and explicitly install matching versions or dedupe using your package manager.
The following conflicting packages were found:
	esm 12.4.2	node_modules/@polkadot/rpc-provider/
	esm 16.4.6	node_modules/@acala-network/chopsticks-core/node_modules/@polkadot/rpc-provider/
	esm 16.4.6	node_modules/@acala-network/chopsticks/node_modules/@polkadot/rpc-provider/
	esm 16.4.6	node_modules/@acala-network/chopsticks-utils/node_modules/@polkadot/rpc-provider/
[2025-09-09T19:33:05.393Z] [WARN] @polkadot/api-derive has multiple versions, ensure that there is only one installed.
Either remove and explicitly install matching versions or dedupe using your package manager.
The following conflicting packages were found:
	esm 12.4.2	node_modules/@polkadot/api-derive/
	esm 16.4.6	node_modules/@acala-network/chopsticks/node_modules/@polkadot/api-derive/
	esm 16.4.6	node_modules/@acala-network/chopsticks-utils/node_modules/@polkadot/api-derive/
[2025-09-09T19:33:05.393Z] [WARN] @polkadot/rpc-core has multiple versions, ensure that there is only one installed.
Either remove and explicitly install matching versions or dedupe using your package manager.
The following conflicting packages were found:
	esm 12.4.2	node_modules/@polkadot/rpc-core/
	esm 16.4.6	node_modules/@acala-network/chopsticks/node_modules/@polkadot/rpc-core/
	esm 16.4.6	node_modules/@acala-network/chopsticks-utils/node_modules/@polkadot/rpc-core/
[2025-09-09T19:33:05.393Z] [WARN] @polkadot/types has multiple versions, ensure that there is only one installed.
Either remove and explicitly install matching versions or dedupe using your package manager.
The following conflicting packages were found:
	esm 12.4.2	node_modules/@polkadot/types/
	esm 16.4.6	node_modules/@acala-network/chopsticks-core/node_modules/@polkadot/types/
	esm 16.4.6	node_modules/@acala-network/chopsticks/node_modules/@polkadot/types/
	esm 16.4.6	node_modules/@acala-network/chopsticks-utils/node_modules/@polkadot/types/
[2025-09-09T19:33:05.393Z] [WARN] @polkadot/types-create has multiple versions, ensure that there is only one installed.
Either remove and explicitly install matching versions or dedupe using your package manager.
The following conflicting packages were found:
	esm 12.4.2	node_modules/@polkadot/types-create/
	esm 16.4.6	node_modules/@acala-network/chopsticks-core/node_modules/@polkadot/types-create/
	esm 16.4.6	node_modules/@acala-network/chopsticks/node_modules/@polkadot/types-create/
	esm 16.4.6	node_modules/@acala-network/chopsticks-utils/node_modules/@polkadot/types-create/
[2025-09-09T19:33:05.394Z] [WARN] @polkadot/types-codec has multiple versions, ensure that there is only one installed.
Either remove and explicitly install matching versions or dedupe using your package manager.
The following conflicting packages were found:
	esm 12.4.2	node_modules/@polkadot/types-codec/
	esm 16.4.6	node_modules/@acala-network/chopsticks-core/node_modules/@polkadot/types-codec/
	esm 16.4.6	node_modules/@acala-network/chopsticks/node_modules/@polkadot/types-codec/
	esm 16.4.6	node_modules/@acala-network/chopsticks-utils/node_modules/@polkadot/types-codec/
[2025-09-09T19:33:05.396Z] [WARN] @polkadot/types-known has multiple versions, ensure that there is only one installed.
Either remove and explicitly install matching versions or dedupe using your package manager.
The following conflicting packages were found:
	esm 12.4.2	node_modules/@polkadot/types-known/
	esm 16.4.6	node_modules/@acala-network/chopsticks/node_modules/@polkadot/types-known/
	esm 16.4.6	node_modules/@acala-network/chopsticks-utils/node_modules/@polkadot/types-known/
[2025-09-09T19:33:05.402Z] [LOG] [dotenv@17.2.1] injecting env (0) from .env -- tip: 📡 auto-backup env with Radar: https://dotenvx.com/radar
[2025-09-09T19:33:07.022Z] [LOG] Setting up AssetHub network with options: {
  "runtimeLogLevel": 5,
  "blockNumber": 9651100,
  "port": 8001,
  "endpoint": [
    "wss://polkadot-asset-hub-rpc.polkadot.io"
  ],
  "db": "assethub-db.sqlite",
  "processQueuedMessages": true
}
[2025-09-09T19:33:17.242Z] [LOG] Test setup initialized - logging to test-output.log
[2025-09-09T19:33:17.475Z] [WARN] @polkadot/types-codec has multiple versions, ensure that there is only one installed.
Either remove and explicitly install matching versions or dedupe using your package manager.
The following conflicting packages were found:
	esm 12.4.2	node_modules/@polkadot/types-codec/
	esm 16.4.6	node_modules/@acala-network/chopsticks-core/node_modules/@polkadot/types-codec/
[2025-09-09T19:33:17.476Z] [WARN] @polkadot/types has multiple versions, ensure that there is only one installed.
Either remove and explicitly install matching versions or dedupe using your package manager.
The following conflicting packages were found:
	esm 12.4.2	node_modules/@polkadot/types/
	esm 16.4.6	node_modules/@acala-network/chopsticks-core/node_modules/@polkadot/types/
[2025-09-09T19:33:17.477Z] [WARN] @polkadot/types-create has multiple versions, ensure that there is only one installed.
Either remove and explicitly install matching versions or dedupe using your package manager.
The following conflicting packages were found:
	esm 12.4.2	node_modules/@polkadot/types-create/
	esm 16.4.6	node_modules/@acala-network/chopsticks-core/node_modules/@polkadot/types-create/
[2025-09-09T19:33:17.480Z] [WARN] @polkadot/rpc-provider has multiple versions, ensure that there is only one installed.
Either remove and explicitly install matching versions or dedupe using your package manager.
The following conflicting packages were found:
	esm 12.4.2	node_modules/@polkadot/rpc-provider/
	esm 16.4.6	node_modules/@acala-network/chopsticks-core/node_modules/@polkadot/rpc-provider/
[2025-09-09T19:33:18.073Z] [WARN] @polkadot/rpc-augment has multiple versions, ensure that there is only one installed.
Either remove and explicitly install matching versions or dedupe using your package manager.
The following conflicting packages were found:
	esm 12.4.2	node_modules/@polkadot/rpc-augment/
	esm 16.4.6	node_modules/@acala-network/chopsticks/node_modules/@polkadot/rpc-augment/
[2025-09-09T19:33:18.185Z] [WARN] @polkadot/api has multiple versions, ensure that there is only one installed.
Either remove and explicitly install matching versions or dedupe using your package manager.
The following conflicting packages were found:
	esm 12.4.2	node_modules/@polkadot/api/
	esm 16.4.6	node_modules/@acala-network/chopsticks/node_modules/@polkadot/api/
[2025-09-09T19:33:18.185Z] [WARN] @polkadot/rpc-provider has multiple versions, ensure that there is only one installed.
Either remove and explicitly install matching versions or dedupe using your package manager.
The following conflicting packages were found:
	esm 12.4.2	node_modules/@polkadot/rpc-provider/
	esm 16.4.6	node_modules/@acala-network/chopsticks-core/node_modules/@polkadot/rpc-provider/
	esm 16.4.6	node_modules/@acala-network/chopsticks/node_modules/@polkadot/rpc-provider/
[2025-09-09T19:33:18.186Z] [WARN] @polkadot/api-derive has multiple versions, ensure that there is only one installed.
Either remove and explicitly install matching versions or dedupe using your package manager.
The following conflicting packages were found:
	esm 12.4.2	node_modules/@polkadot/api-derive/
	esm 16.4.6	node_modules/@acala-network/chopsticks/node_modules/@polkadot/api-derive/
[2025-09-09T19:33:18.187Z] [WARN] @polkadot/rpc-core has multiple versions, ensure that there is only one installed.
Either remove and explicitly install matching versions or dedupe using your package manager.
The following conflicting packages were found:
	esm 12.4.2	node_modules/@polkadot/rpc-core/
	esm 16.4.6	node_modules/@acala-network/chopsticks/node_modules/@polkadot/rpc-core/
[2025-09-09T19:33:18.187Z] [WARN] @polkadot/types has multiple versions, ensure that there is only one installed.
Either remove and explicitly install matching versions or dedupe using your package manager.
The following conflicting packages were found:
	esm 12.4.2	node_modules/@polkadot/types/
	esm 16.4.6	node_modules/@acala-network/chopsticks-core/node_modules/@polkadot/types/
	esm 16.4.6	node_modules/@acala-network/chopsticks/node_modules/@polkadot/types/
[2025-09-09T19:33:18.190Z] [WARN] @polkadot/types-create has multiple versions, ensure that there is only one installed.
Either remove and explicitly install matching versions or dedupe using your package manager.
The following conflicting packages were found:
	esm 12.4.2	node_modules/@polkadot/types-create/
	esm 16.4.6	node_modules/@acala-network/chopsticks-core/node_modules/@polkadot/types-create/
	esm 16.4.6	node_modules/@acala-network/chopsticks/node_modules/@polkadot/types-create/
[2025-09-09T19:33:18.191Z] [WARN] @polkadot/types-codec has multiple versions, ensure that there is only one installed.
Either remove and explicitly install matching versions or dedupe using your package manager.
The following conflicting packages were found:
	esm 12.4.2	node_modules/@polkadot/types-codec/
	esm 16.4.6	node_modules/@acala-network/chopsticks-core/node_modules/@polkadot/types-codec/
	esm 16.4.6	node_modules/@acala-network/chopsticks/node_modules/@polkadot/types-codec/
[2025-09-09T19:33:18.199Z] [WARN] @polkadot/types-known has multiple versions, ensure that there is only one installed.
Either remove and explicitly install matching versions or dedupe using your package manager.
The following conflicting packages were found:
	esm 12.4.2	node_modules/@polkadot/types-known/
	esm 16.4.6	node_modules/@acala-network/chopsticks/node_modules/@polkadot/types-known/
[2025-09-09T19:33:18.204Z] [WARN] @polkadot/api has multiple versions, ensure that there is only one installed.
Either remove and explicitly install matching versions or dedupe using your package manager.
The following conflicting packages were found:
	esm 12.4.2	node_modules/@polkadot/api/
	esm 16.4.6	node_modules/@acala-network/chopsticks/node_modules/@polkadot/api/
	esm 16.4.6	node_modules/@acala-network/chopsticks-utils/node_modules/@polkadot/api/
[2025-09-09T19:33:18.205Z] [WARN] @polkadot/rpc-augment has multiple versions, ensure that there is only one installed.
Either remove and explicitly install matching versions or dedupe using your package manager.
The following conflicting packages were found:
	esm 12.4.2	node_modules/@polkadot/rpc-augment/
	esm 16.4.6	node_modules/@acala-network/chopsticks/node_modules/@polkadot/rpc-augment/
	esm 16.4.6	node_modules/@acala-network/chopsticks-utils/node_modules/@polkadot/rpc-augment/
[2025-09-09T19:33:18.205Z] [WARN] @polkadot/rpc-provider has multiple versions, ensure that there is only one installed.
Either remove and explicitly install matching versions or dedupe using your package manager.
The following conflicting packages were found:
	esm 12.4.2	node_modules/@polkadot/rpc-provider/
	esm 16.4.6	node_modules/@acala-network/chopsticks-core/node_modules/@polkadot/rpc-provider/
	esm 16.4.6	node_modules/@acala-network/chopsticks/node_modules/@polkadot/rpc-provider/
	esm 16.4.6	node_modules/@acala-network/chopsticks-utils/node_modules/@polkadot/rpc-provider/
[2025-09-09T19:33:18.205Z] [WARN] @polkadot/api-derive has multiple versions, ensure that there is only one installed.
Either remove and explicitly install matching versions or dedupe using your package manager.
The following conflicting packages were found:
	esm 12.4.2	node_modules/@polkadot/api-derive/
	esm 16.4.6	node_modules/@acala-network/chopsticks/node_modules/@polkadot/api-derive/
	esm 16.4.6	node_modules/@acala-network/chopsticks-utils/node_modules/@polkadot/api-derive/
[2025-09-09T19:33:18.205Z] [WARN] @polkadot/rpc-core has multiple versions, ensure that there is only one installed.
Either remove and explicitly install matching versions or dedupe using your package manager.
The following conflicting packages were found:
	esm 12.4.2	node_modules/@polkadot/rpc-core/
	esm 16.4.6	node_modules/@acala-network/chopsticks/node_modules/@polkadot/rpc-core/
	esm 16.4.6	node_modules/@acala-network/chopsticks-utils/node_modules/@polkadot/rpc-core/
[2025-09-09T19:33:18.206Z] [WARN] @polkadot/types has multiple versions, ensure that there is only one installed.
Either remove and explicitly install matching versions or dedupe using your package manager.
The following conflicting packages were found:
	esm 12.4.2	node_modules/@polkadot/types/
	esm 16.4.6	node_modules/@acala-network/chopsticks-core/node_modules/@polkadot/types/
	esm 16.4.6	node_modules/@acala-network/chopsticks/node_modules/@polkadot/types/
	esm 16.4.6	node_modules/@acala-network/chopsticks-utils/node_modules/@polkadot/types/
[2025-09-09T19:33:18.208Z] [WARN] @polkadot/types-create has multiple versions, ensure that there is only one installed.
Either remove and explicitly install matching versions or dedupe using your package manager.
The following conflicting packages were found:
	esm 12.4.2	node_modules/@polkadot/types-create/
	esm 16.4.6	node_modules/@acala-network/chopsticks-core/node_modules/@polkadot/types-create/
	esm 16.4.6	node_modules/@acala-network/chopsticks/node_modules/@polkadot/types-create/
	esm 16.4.6	node_modules/@acala-network/chopsticks-utils/node_modules/@polkadot/types-create/
[2025-09-09T19:33:18.209Z] [WARN] @polkadot/types-codec has multiple versions, ensure that there is only one installed.
Either remove and explicitly install matching versions or dedupe using your package manager.
The following conflicting packages were found:
	esm 12.4.2	node_modules/@polkadot/types-codec/
	esm 16.4.6	node_modules/@acala-network/chopsticks-core/node_modules/@polkadot/types-codec/
	esm 16.4.6	node_modules/@acala-network/chopsticks/node_modules/@polkadot/types-codec/
	esm 16.4.6	node_modules/@acala-network/chopsticks-utils/node_modules/@polkadot/types-codec/
[2025-09-09T19:33:18.214Z] [WARN] @polkadot/types-known has multiple versions, ensure that there is only one installed.
Either remove and explicitly install matching versions or dedupe using your package manager.
The following conflicting packages were found:
	esm 12.4.2	node_modules/@polkadot/types-known/
	esm 16.4.6	node_modules/@acala-network/chopsticks/node_modules/@polkadot/types-known/
	esm 16.4.6	node_modules/@acala-network/chopsticks-utils/node_modules/@polkadot/types-known/
[2025-09-09T19:33:18.233Z] [LOG] [dotenv@17.2.1] injecting env (0) from .env -- tip: 🔐 encrypt with Dotenvx: https://dotenvx.com
[2025-09-09T19:33:19.730Z] [LOG] Setting up AssetHub network with options: {
  "runtimeLogLevel": 5,
  "blockNumber": 9651100,
  "port": 8001,
  "endpoint": [
    "wss://polkadot-asset-hub-rpc.polkadot.io"
  ],
  "db": "assethub-db.sqlite",
  "processQueuedMessages": true
}
[2025-09-09T19:44:53.197Z] [LOG] Test setup initialized - logging to test-output.log
[2025-09-09T19:44:53.462Z] [WARN] @polkadot/types-codec has multiple versions, ensure that there is only one installed.
Either remove and explicitly install matching versions or dedupe using your package manager.
The following conflicting packages were found:
	esm 12.4.2	node_modules/@polkadot/types-codec/
	esm 16.4.6	node_modules/@acala-network/chopsticks-core/node_modules/@polkadot/types-codec/
[2025-09-09T19:44:53.463Z] [WARN] @polkadot/types has multiple versions, ensure that there is only one installed.
Either remove and explicitly install matching versions or dedupe using your package manager.
The following conflicting packages were found:
	esm 12.4.2	node_modules/@polkadot/types/
	esm 16.4.6	node_modules/@acala-network/chopsticks-core/node_modules/@polkadot/types/
[2025-09-09T19:44:53.465Z] [WARN] @polkadot/types-create has multiple versions, ensure that there is only one installed.
Either remove and explicitly install matching versions or dedupe using your package manager.
The following conflicting packages were found:
	esm 12.4.2	node_modules/@polkadot/types-create/
	esm 16.4.6	node_modules/@acala-network/chopsticks-core/node_modules/@polkadot/types-create/
[2025-09-09T19:44:53.469Z] [WARN] @polkadot/rpc-provider has multiple versions, ensure that there is only one installed.
Either remove and explicitly install matching versions or dedupe using your package manager.
The following conflicting packages were found:
	esm 12.4.2	node_modules/@polkadot/rpc-provider/
	esm 16.4.6	node_modules/@acala-network/chopsticks-core/node_modules/@polkadot/rpc-provider/
[2025-09-09T19:44:54.237Z] [WARN] @polkadot/rpc-augment has multiple versions, ensure that there is only one installed.
Either remove and explicitly install matching versions or dedupe using your package manager.
The following conflicting packages were found:
	esm 12.4.2	node_modules/@polkadot/rpc-augment/
	esm 16.4.6	node_modules/@acala-network/chopsticks/node_modules/@polkadot/rpc-augment/
[2025-09-09T19:44:54.457Z] [WARN] @polkadot/api has multiple versions, ensure that there is only one installed.
Either remove and explicitly install matching versions or dedupe using your package manager.
The following conflicting packages were found:
	esm 12.4.2	node_modules/@polkadot/api/
	esm 16.4.6	node_modules/@acala-network/chopsticks/node_modules/@polkadot/api/
[2025-09-09T19:44:54.457Z] [WARN] @polkadot/rpc-provider has multiple versions, ensure that there is only one installed.
Either remove and explicitly install matching versions or dedupe using your package manager.
The following conflicting packages were found:
	esm 12.4.2	node_modules/@polkadot/rpc-provider/
	esm 16.4.6	node_modules/@acala-network/chopsticks-core/node_modules/@polkadot/rpc-provider/
	esm 16.4.6	node_modules/@acala-network/chopsticks/node_modules/@polkadot/rpc-provider/
[2025-09-09T19:44:54.457Z] [WARN] @polkadot/api-derive has multiple versions, ensure that there is only one installed.
Either remove and explicitly install matching versions or dedupe using your package manager.
The following conflicting packages were found:
	esm 12.4.2	node_modules/@polkadot/api-derive/
	esm 16.4.6	node_modules/@acala-network/chopsticks/node_modules/@polkadot/api-derive/
[2025-09-09T19:44:54.458Z] [WARN] @polkadot/rpc-core has multiple versions, ensure that there is only one installed.
Either remove and explicitly install matching versions or dedupe using your package manager.
The following conflicting packages were found:
	esm 12.4.2	node_modules/@polkadot/rpc-core/
	esm 16.4.6	node_modules/@acala-network/chopsticks/node_modules/@polkadot/rpc-core/
[2025-09-09T19:44:54.458Z] [WARN] @polkadot/types has multiple versions, ensure that there is only one installed.
Either remove and explicitly install matching versions or dedupe using your package manager.
The following conflicting packages were found:
	esm 12.4.2	node_modules/@polkadot/types/
	esm 16.4.6	node_modules/@acala-network/chopsticks-core/node_modules/@polkadot/types/
	esm 16.4.6	node_modules/@acala-network/chopsticks/node_modules/@polkadot/types/
[2025-09-09T19:44:54.458Z] [WARN] @polkadot/types-create has multiple versions, ensure that there is only one installed.
Either remove and explicitly install matching versions or dedupe using your package manager.
The following conflicting packages were found:
	esm 12.4.2	node_modules/@polkadot/types-create/
	esm 16.4.6	node_modules/@acala-network/chopsticks-core/node_modules/@polkadot/types-create/
	esm 16.4.6	node_modules/@acala-network/chopsticks/node_modules/@polkadot/types-create/
[2025-09-09T19:44:54.459Z] [WARN] @polkadot/types-codec has multiple versions, ensure that there is only one installed.
Either remove and explicitly install matching versions or dedupe using your package manager.
The following conflicting packages were found:
	esm 12.4.2	node_modules/@polkadot/types-codec/
	esm 16.4.6	node_modules/@acala-network/chopsticks-core/node_modules/@polkadot/types-codec/
	esm 16.4.6	node_modules/@acala-network/chopsticks/node_modules/@polkadot/types-codec/
[2025-09-09T19:44:54.461Z] [WARN] @polkadot/types-known has multiple versions, ensure that there is only one installed.
Either remove and explicitly install matching versions or dedupe using your package manager.
The following conflicting packages were found:
	esm 12.4.2	node_modules/@polkadot/types-known/
	esm 16.4.6	node_modules/@acala-network/chopsticks/node_modules/@polkadot/types-known/
[2025-09-09T19:44:54.463Z] [WARN] @polkadot/api has multiple versions, ensure that there is only one installed.
Either remove and explicitly install matching versions or dedupe using your package manager.
The following conflicting packages were found:
	esm 12.4.2	node_modules/@polkadot/api/
	esm 16.4.6	node_modules/@acala-network/chopsticks/node_modules/@polkadot/api/
	esm 16.4.6	node_modules/@acala-network/chopsticks-utils/node_modules/@polkadot/api/
[2025-09-09T19:44:54.463Z] [WARN] @polkadot/rpc-augment has multiple versions, ensure that there is only one installed.
Either remove and explicitly install matching versions or dedupe using your package manager.
The following conflicting packages were found:
	esm 12.4.2	node_modules/@polkadot/rpc-augment/
	esm 16.4.6	node_modules/@acala-network/chopsticks/node_modules/@polkadot/rpc-augment/
	esm 16.4.6	node_modules/@acala-network/chopsticks-utils/node_modules/@polkadot/rpc-augment/
[2025-09-09T19:44:54.463Z] [WARN] @polkadot/rpc-provider has multiple versions, ensure that there is only one installed.
Either remove and explicitly install matching versions or dedupe using your package manager.
The following conflicting packages were found:
	esm 12.4.2	node_modules/@polkadot/rpc-provider/
	esm 16.4.6	node_modules/@acala-network/chopsticks-core/node_modules/@polkadot/rpc-provider/
	esm 16.4.6	node_modules/@acala-network/chopsticks/node_modules/@polkadot/rpc-provider/
	esm 16.4.6	node_modules/@acala-network/chopsticks-utils/node_modules/@polkadot/rpc-provider/
[2025-09-09T19:44:54.463Z] [WARN] @polkadot/api-derive has multiple versions, ensure that there is only one installed.
Either remove and explicitly install matching versions or dedupe using your package manager.
The following conflicting packages were found:
	esm 12.4.2	node_modules/@polkadot/api-derive/
	esm 16.4.6	node_modules/@acala-network/chopsticks/node_modules/@polkadot/api-derive/
	esm 16.4.6	node_modules/@acala-network/chopsticks-utils/node_modules/@polkadot/api-derive/
[2025-09-09T19:44:54.463Z] [WARN] @polkadot/rpc-core has multiple versions, ensure that there is only one installed.
Either remove and explicitly install matching versions or dedupe using your package manager.
The following conflicting packages were found:
	esm 12.4.2	node_modules/@polkadot/rpc-core/
	esm 16.4.6	node_modules/@acala-network/chopsticks/node_modules/@polkadot/rpc-core/
	esm 16.4.6	node_modules/@acala-network/chopsticks-utils/node_modules/@polkadot/rpc-core/
[2025-09-09T19:44:54.463Z] [WARN] @polkadot/types has multiple versions, ensure that there is only one installed.
Either remove and explicitly install matching versions or dedupe using your package manager.
The following conflicting packages were found:
	esm 12.4.2	node_modules/@polkadot/types/
	esm 16.4.6	node_modules/@acala-network/chopsticks-core/node_modules/@polkadot/types/
	esm 16.4.6	node_modules/@acala-network/chopsticks/node_modules/@polkadot/types/
	esm 16.4.6	node_modules/@acala-network/chopsticks-utils/node_modules/@polkadot/types/
[2025-09-09T19:44:54.464Z] [WARN] @polkadot/types-create has multiple versions, ensure that there is only one installed.
Either remove and explicitly install matching versions or dedupe using your package manager.
The following conflicting packages were found:
	esm 12.4.2	node_modules/@polkadot/types-create/
	esm 16.4.6	node_modules/@acala-network/chopsticks-core/node_modules/@polkadot/types-create/
	esm 16.4.6	node_modules/@acala-network/chopsticks/node_modules/@polkadot/types-create/
	esm 16.4.6	node_modules/@acala-network/chopsticks-utils/node_modules/@polkadot/types-create/
[2025-09-09T19:44:54.464Z] [WARN] @polkadot/types-codec has multiple versions, ensure that there is only one installed.
Either remove and explicitly install matching versions or dedupe using your package manager.
The following conflicting packages were found:
	esm 12.4.2	node_modules/@polkadot/types-codec/
	esm 16.4.6	node_modules/@acala-network/chopsticks-core/node_modules/@polkadot/types-codec/
	esm 16.4.6	node_modules/@acala-network/chopsticks/node_modules/@polkadot/types-codec/
	esm 16.4.6	node_modules/@acala-network/chopsticks-utils/node_modules/@polkadot/types-codec/
[2025-09-09T19:44:54.466Z] [WARN] @polkadot/types-known has multiple versions, ensure that there is only one installed.
Either remove and explicitly install matching versions or dedupe using your package manager.
The following conflicting packages were found:
	esm 12.4.2	node_modules/@polkadot/types-known/
	esm 16.4.6	node_modules/@acala-network/chopsticks/node_modules/@polkadot/types-known/
	esm 16.4.6	node_modules/@acala-network/chopsticks-utils/node_modules/@polkadot/types-known/
[2025-09-09T19:44:54.472Z] [LOG] [dotenv@17.2.1] injecting env (0) from .env -- tip: ⚙️  load multiple .env files with { path: ['.env.local', '.env'] }
[2025-09-09T19:44:56.309Z] [LOG] Setting up AssetHub network with options: {
  "runtimeLogLevel": 5,
  "blockNumber": 9651100,
  "port": 8001,
  "endpoint": [
    "wss://polkadot-asset-hub-rpc.polkadot.io"
  ],
  "db": "assethub-db.sqlite",
  "processQueuedMessages": true
}
[2025-09-09T19:50:28.761Z] [LOG] Test setup initialized - logging to test-output.log
[2025-09-09T19:50:29.062Z] [WARN] @polkadot/types-codec has multiple versions, ensure that there is only one installed.
Either remove and explicitly install matching versions or dedupe using your package manager.
The following conflicting packages were found:
	esm 12.4.2	node_modules/@polkadot/types-codec/
	esm 16.4.6	node_modules/@acala-network/chopsticks-core/node_modules/@polkadot/types-codec/
[2025-09-09T19:50:29.074Z] [WARN] @polkadot/types has multiple versions, ensure that there is only one installed.
Either remove and explicitly install matching versions or dedupe using your package manager.
The following conflicting packages were found:
	esm 12.4.2	node_modules/@polkadot/types/
	esm 16.4.6	node_modules/@acala-network/chopsticks-core/node_modules/@polkadot/types/
[2025-09-09T19:50:29.077Z] [WARN] @polkadot/types-create has multiple versions, ensure that there is only one installed.
Either remove and explicitly install matching versions or dedupe using your package manager.
The following conflicting packages were found:
	esm 12.4.2	node_modules/@polkadot/types-create/
	esm 16.4.6	node_modules/@acala-network/chopsticks-core/node_modules/@polkadot/types-create/
[2025-09-09T19:50:29.081Z] [WARN] @polkadot/rpc-provider has multiple versions, ensure that there is only one installed.
Either remove and explicitly install matching versions or dedupe using your package manager.
The following conflicting packages were found:
	esm 12.4.2	node_modules/@polkadot/rpc-provider/
	esm 16.4.6	node_modules/@acala-network/chopsticks-core/node_modules/@polkadot/rpc-provider/
[2025-09-09T19:50:29.903Z] [WARN] @polkadot/rpc-augment has multiple versions, ensure that there is only one installed.
Either remove and explicitly install matching versions or dedupe using your package manager.
The following conflicting packages were found:
	esm 12.4.2	node_modules/@polkadot/rpc-augment/
	esm 16.4.6	node_modules/@acala-network/chopsticks/node_modules/@polkadot/rpc-augment/
[2025-09-09T19:50:30.118Z] [WARN] @polkadot/api has multiple versions, ensure that there is only one installed.
Either remove and explicitly install matching versions or dedupe using your package manager.
The following conflicting packages were found:
	esm 12.4.2	node_modules/@polkadot/api/
	esm 16.4.6	node_modules/@acala-network/chopsticks/node_modules/@polkadot/api/
[2025-09-09T19:50:30.118Z] [WARN] @polkadot/rpc-provider has multiple versions, ensure that there is only one installed.
Either remove and explicitly install matching versions or dedupe using your package manager.
The following conflicting packages were found:
	esm 12.4.2	node_modules/@polkadot/rpc-provider/
	esm 16.4.6	node_modules/@acala-network/chopsticks-core/node_modules/@polkadot/rpc-provider/
	esm 16.4.6	node_modules/@acala-network/chopsticks/node_modules/@polkadot/rpc-provider/
[2025-09-09T19:50:30.119Z] [WARN] @polkadot/api-derive has multiple versions, ensure that there is only one installed.
Either remove and explicitly install matching versions or dedupe using your package manager.
The following conflicting packages were found:
	esm 12.4.2	node_modules/@polkadot/api-derive/
	esm 16.4.6	node_modules/@acala-network/chopsticks/node_modules/@polkadot/api-derive/
[2025-09-09T19:50:30.119Z] [WARN] @polkadot/rpc-core has multiple versions, ensure that there is only one installed.
Either remove and explicitly install matching versions or dedupe using your package manager.
The following conflicting packages were found:
	esm 12.4.2	node_modules/@polkadot/rpc-core/
	esm 16.4.6	node_modules/@acala-network/chopsticks/node_modules/@polkadot/rpc-core/
[2025-09-09T19:50:30.119Z] [WARN] @polkadot/types has multiple versions, ensure that there is only one installed.
Either remove and explicitly install matching versions or dedupe using your package manager.
The following conflicting packages were found:
	esm 12.4.2	node_modules/@polkadot/types/
	esm 16.4.6	node_modules/@acala-network/chopsticks-core/node_modules/@polkadot/types/
	esm 16.4.6	node_modules/@acala-network/chopsticks/node_modules/@polkadot/types/
[2025-09-09T19:50:30.120Z] [WARN] @polkadot/types-create has multiple versions, ensure that there is only one installed.
Either remove and explicitly install matching versions or dedupe using your package manager.
The following conflicting packages were found:
	esm 12.4.2	node_modules/@polkadot/types-create/
	esm 16.4.6	node_modules/@acala-network/chopsticks-core/node_modules/@polkadot/types-create/
	esm 16.4.6	node_modules/@acala-network/chopsticks/node_modules/@polkadot/types-create/
[2025-09-09T19:50:30.120Z] [WARN] @polkadot/types-codec has multiple versions, ensure that there is only one installed.
Either remove and explicitly install matching versions or dedupe using your package manager.
The following conflicting packages were found:
	esm 12.4.2	node_modules/@polkadot/types-codec/
	esm 16.4.6	node_modules/@acala-network/chopsticks-core/node_modules/@polkadot/types-codec/
	esm 16.4.6	node_modules/@acala-network/chopsticks/node_modules/@polkadot/types-codec/
[2025-09-09T19:50:30.122Z] [WARN] @polkadot/types-known has multiple versions, ensure that there is only one installed.
Either remove and explicitly install matching versions or dedupe using your package manager.
The following conflicting packages were found:
	esm 12.4.2	node_modules/@polkadot/types-known/
	esm 16.4.6	node_modules/@acala-network/chopsticks/node_modules/@polkadot/types-known/
[2025-09-09T19:50:30.125Z] [WARN] @polkadot/api has multiple versions, ensure that there is only one installed.
Either remove and explicitly install matching versions or dedupe using your package manager.
The following conflicting packages were found:
	esm 12.4.2	node_modules/@polkadot/api/
	esm 16.4.6	node_modules/@acala-network/chopsticks/node_modules/@polkadot/api/
	esm 16.4.6	node_modules/@acala-network/chopsticks-utils/node_modules/@polkadot/api/
[2025-09-09T19:50:30.125Z] [WARN] @polkadot/rpc-augment has multiple versions, ensure that there is only one installed.
Either remove and explicitly install matching versions or dedupe using your package manager.
The following conflicting packages were found:
	esm 12.4.2	node_modules/@polkadot/rpc-augment/
	esm 16.4.6	node_modules/@acala-network/chopsticks/node_modules/@polkadot/rpc-augment/
	esm 16.4.6	node_modules/@acala-network/chopsticks-utils/node_modules/@polkadot/rpc-augment/
[2025-09-09T19:50:30.125Z] [WARN] @polkadot/rpc-provider has multiple versions, ensure that there is only one installed.
Either remove and explicitly install matching versions or dedupe using your package manager.
The following conflicting packages were found:
	esm 12.4.2	node_modules/@polkadot/rpc-provider/
	esm 16.4.6	node_modules/@acala-network/chopsticks-core/node_modules/@polkadot/rpc-provider/
	esm 16.4.6	node_modules/@acala-network/chopsticks/node_modules/@polkadot/rpc-provider/
	esm 16.4.6	node_modules/@acala-network/chopsticks-utils/node_modules/@polkadot/rpc-provider/
[2025-09-09T19:50:30.125Z] [WARN] @polkadot/api-derive has multiple versions, ensure that there is only one installed.
Either remove and explicitly install matching versions or dedupe using your package manager.
The following conflicting packages were found:
	esm 12.4.2	node_modules/@polkadot/api-derive/
	esm 16.4.6	node_modules/@acala-network/chopsticks/node_modules/@polkadot/api-derive/
	esm 16.4.6	node_modules/@acala-network/chopsticks-utils/node_modules/@polkadot/api-derive/
[2025-09-09T19:50:30.125Z] [WARN] @polkadot/rpc-core has multiple versions, ensure that there is only one installed.
Either remove and explicitly install matching versions or dedupe using your package manager.
The following conflicting packages were found:
	esm 12.4.2	node_modules/@polkadot/rpc-core/
	esm 16.4.6	node_modules/@acala-network/chopsticks/node_modules/@polkadot/rpc-core/
	esm 16.4.6	node_modules/@acala-network/chopsticks-utils/node_modules/@polkadot/rpc-core/
[2025-09-09T19:50:30.125Z] [WARN] @polkadot/types has multiple versions, ensure that there is only one installed.
Either remove and explicitly install matching versions or dedupe using your package manager.
The following conflicting packages were found:
	esm 12.4.2	node_modules/@polkadot/types/
	esm 16.4.6	node_modules/@acala-network/chopsticks-core/node_modules/@polkadot/types/
	esm 16.4.6	node_modules/@acala-network/chopsticks/node_modules/@polkadot/types/
	esm 16.4.6	node_modules/@acala-network/chopsticks-utils/node_modules/@polkadot/types/
[2025-09-09T19:50:30.126Z] [WARN] @polkadot/types-create has multiple versions, ensure that there is only one installed.
Either remove and explicitly install matching versions or dedupe using your package manager.
The following conflicting packages were found:
	esm 12.4.2	node_modules/@polkadot/types-create/
	esm 16.4.6	node_modules/@acala-network/chopsticks-core/node_modules/@polkadot/types-create/
	esm 16.4.6	node_modules/@acala-network/chopsticks/node_modules/@polkadot/types-create/
	esm 16.4.6	node_modules/@acala-network/chopsticks-utils/node_modules/@polkadot/types-create/
[2025-09-09T19:50:30.126Z] [WARN] @polkadot/types-codec has multiple versions, ensure that there is only one installed.
Either remove and explicitly install matching versions or dedupe using your package manager.
The following conflicting packages were found:
	esm 12.4.2	node_modules/@polkadot/types-codec/
	esm 16.4.6	node_modules/@acala-network/chopsticks-core/node_modules/@polkadot/types-codec/
	esm 16.4.6	node_modules/@acala-network/chopsticks/node_modules/@polkadot/types-codec/
	esm 16.4.6	node_modules/@acala-network/chopsticks-utils/node_modules/@polkadot/types-codec/
[2025-09-09T19:50:30.128Z] [WARN] @polkadot/types-known has multiple versions, ensure that there is only one installed.
Either remove and explicitly install matching versions or dedupe using your package manager.
The following conflicting packages were found:
	esm 12.4.2	node_modules/@polkadot/types-known/
	esm 16.4.6	node_modules/@acala-network/chopsticks/node_modules/@polkadot/types-known/
	esm 16.4.6	node_modules/@acala-network/chopsticks-utils/node_modules/@polkadot/types-known/
[2025-09-09T19:50:30.136Z] [LOG] [dotenv@17.2.1] injecting env (0) from .env -- tip: ⚙️  specify custom .env file path with { path: '/custom/path/.env' }
[2025-09-09T19:50:31.829Z] [LOG] Setting up AssetHub network with options: {
  "runtimeLogLevel": 5,
  "blockNumber": 9651100,
  "port": 8001,
  "endpoint": [
    "wss://polkadot-asset-hub-rpc.polkadot.io"
  ],
  "db": "assethub-db.sqlite",
  "processQueuedMessages": true
}
[2025-09-09T19:59:14.355Z] [LOG] Test setup initialized - logging to test-output.log
[2025-09-09T19:59:14.651Z] [WARN] @polkadot/types-codec has multiple versions, ensure that there is only one installed.
Either remove and explicitly install matching versions or dedupe using your package manager.
The following conflicting packages were found:
	esm 12.4.2	node_modules/@polkadot/types-codec/
	esm 16.4.6	node_modules/@acala-network/chopsticks-core/node_modules/@polkadot/types-codec/
[2025-09-09T19:59:14.652Z] [WARN] @polkadot/types has multiple versions, ensure that there is only one installed.
Either remove and explicitly install matching versions or dedupe using your package manager.
The following conflicting packages were found:
	esm 12.4.2	node_modules/@polkadot/types/
	esm 16.4.6	node_modules/@acala-network/chopsticks-core/node_modules/@polkadot/types/
[2025-09-09T19:59:14.652Z] [WARN] @polkadot/types-create has multiple versions, ensure that there is only one installed.
Either remove and explicitly install matching versions or dedupe using your package manager.
The following conflicting packages were found:
	esm 12.4.2	node_modules/@polkadot/types-create/
	esm 16.4.6	node_modules/@acala-network/chopsticks-core/node_modules/@polkadot/types-create/
[2025-09-09T19:59:14.656Z] [WARN] @polkadot/rpc-provider has multiple versions, ensure that there is only one installed.
Either remove and explicitly install matching versions or dedupe using your package manager.
The following conflicting packages were found:
	esm 12.4.2	node_modules/@polkadot/rpc-provider/
	esm 16.4.6	node_modules/@acala-network/chopsticks-core/node_modules/@polkadot/rpc-provider/
[2025-09-09T19:59:15.307Z] [WARN] @polkadot/rpc-augment has multiple versions, ensure that there is only one installed.
Either remove and explicitly install matching versions or dedupe using your package manager.
The following conflicting packages were found:
	esm 12.4.2	node_modules/@polkadot/rpc-augment/
	esm 16.4.6	node_modules/@acala-network/chopsticks/node_modules/@polkadot/rpc-augment/
[2025-09-09T19:59:15.505Z] [WARN] @polkadot/api has multiple versions, ensure that there is only one installed.
Either remove and explicitly install matching versions or dedupe using your package manager.
The following conflicting packages were found:
	esm 12.4.2	node_modules/@polkadot/api/
	esm 16.4.6	node_modules/@acala-network/chopsticks/node_modules/@polkadot/api/
[2025-09-09T19:59:15.505Z] [WARN] @polkadot/rpc-provider has multiple versions, ensure that there is only one installed.
Either remove and explicitly install matching versions or dedupe using your package manager.
The following conflicting packages were found:
	esm 12.4.2	node_modules/@polkadot/rpc-provider/
	esm 16.4.6	node_modules/@acala-network/chopsticks-core/node_modules/@polkadot/rpc-provider/
	esm 16.4.6	node_modules/@acala-network/chopsticks/node_modules/@polkadot/rpc-provider/
[2025-09-09T19:59:15.505Z] [WARN] @polkadot/api-derive has multiple versions, ensure that there is only one installed.
Either remove and explicitly install matching versions or dedupe using your package manager.
The following conflicting packages were found:
	esm 12.4.2	node_modules/@polkadot/api-derive/
	esm 16.4.6	node_modules/@acala-network/chopsticks/node_modules/@polkadot/api-derive/
[2025-09-09T19:59:15.506Z] [WARN] @polkadot/rpc-core has multiple versions, ensure that there is only one installed.
Either remove and explicitly install matching versions or dedupe using your package manager.
The following conflicting packages were found:
	esm 12.4.2	node_modules/@polkadot/rpc-core/
	esm 16.4.6	node_modules/@acala-network/chopsticks/node_modules/@polkadot/rpc-core/
[2025-09-09T19:59:15.506Z] [WARN] @polkadot/types has multiple versions, ensure that there is only one installed.
Either remove and explicitly install matching versions or dedupe using your package manager.
The following conflicting packages were found:
	esm 12.4.2	node_modules/@polkadot/types/
	esm 16.4.6	node_modules/@acala-network/chopsticks-core/node_modules/@polkadot/types/
	esm 16.4.6	node_modules/@acala-network/chopsticks/node_modules/@polkadot/types/
[2025-09-09T19:59:15.507Z] [WARN] @polkadot/types-create has multiple versions, ensure that there is only one installed.
Either remove and explicitly install matching versions or dedupe using your package manager.
The following conflicting packages were found:
	esm 12.4.2	node_modules/@polkadot/types-create/
	esm 16.4.6	node_modules/@acala-network/chopsticks-core/node_modules/@polkadot/types-create/
	esm 16.4.6	node_modules/@acala-network/chopsticks/node_modules/@polkadot/types-create/
[2025-09-09T19:59:15.507Z] [WARN] @polkadot/types-codec has multiple versions, ensure that there is only one installed.
Either remove and explicitly install matching versions or dedupe using your package manager.
The following conflicting packages were found:
	esm 12.4.2	node_modules/@polkadot/types-codec/
	esm 16.4.6	node_modules/@acala-network/chopsticks-core/node_modules/@polkadot/types-codec/
	esm 16.4.6	node_modules/@acala-network/chopsticks/node_modules/@polkadot/types-codec/
[2025-09-09T19:59:15.509Z] [WARN] @polkadot/types-known has multiple versions, ensure that there is only one installed.
Either remove and explicitly install matching versions or dedupe using your package manager.
The following conflicting packages were found:
	esm 12.4.2	node_modules/@polkadot/types-known/
	esm 16.4.6	node_modules/@acala-network/chopsticks/node_modules/@polkadot/types-known/
[2025-09-09T19:59:15.511Z] [WARN] @polkadot/api has multiple versions, ensure that there is only one installed.
Either remove and explicitly install matching versions or dedupe using your package manager.
The following conflicting packages were found:
	esm 12.4.2	node_modules/@polkadot/api/
	esm 16.4.6	node_modules/@acala-network/chopsticks/node_modules/@polkadot/api/
	esm 16.4.6	node_modules/@acala-network/chopsticks-utils/node_modules/@polkadot/api/
[2025-09-09T19:59:15.511Z] [WARN] @polkadot/rpc-augment has multiple versions, ensure that there is only one installed.
Either remove and explicitly install matching versions or dedupe using your package manager.
The following conflicting packages were found:
	esm 12.4.2	node_modules/@polkadot/rpc-augment/
	esm 16.4.6	node_modules/@acala-network/chopsticks/node_modules/@polkadot/rpc-augment/
	esm 16.4.6	node_modules/@acala-network/chopsticks-utils/node_modules/@polkadot/rpc-augment/
[2025-09-09T19:59:15.511Z] [WARN] @polkadot/rpc-provider has multiple versions, ensure that there is only one installed.
Either remove and explicitly install matching versions or dedupe using your package manager.
The following conflicting packages were found:
	esm 12.4.2	node_modules/@polkadot/rpc-provider/
	esm 16.4.6	node_modules/@acala-network/chopsticks-core/node_modules/@polkadot/rpc-provider/
	esm 16.4.6	node_modules/@acala-network/chopsticks/node_modules/@polkadot/rpc-provider/
	esm 16.4.6	node_modules/@acala-network/chopsticks-utils/node_modules/@polkadot/rpc-provider/
[2025-09-09T19:59:15.511Z] [WARN] @polkadot/api-derive has multiple versions, ensure that there is only one installed.
Either remove and explicitly install matching versions or dedupe using your package manager.
The following conflicting packages were found:
	esm 12.4.2	node_modules/@polkadot/api-derive/
	esm 16.4.6	node_modules/@acala-network/chopsticks/node_modules/@polkadot/api-derive/
	esm 16.4.6	node_modules/@acala-network/chopsticks-utils/node_modules/@polkadot/api-derive/
[2025-09-09T19:59:15.511Z] [WARN] @polkadot/rpc-core has multiple versions, ensure that there is only one installed.
Either remove and explicitly install matching versions or dedupe using your package manager.
The following conflicting packages were found:
	esm 12.4.2	node_modules/@polkadot/rpc-core/
	esm 16.4.6	node_modules/@acala-network/chopsticks/node_modules/@polkadot/rpc-core/
	esm 16.4.6	node_modules/@acala-network/chopsticks-utils/node_modules/@polkadot/rpc-core/
[2025-09-09T19:59:15.511Z] [WARN] @polkadot/types has multiple versions, ensure that there is only one installed.
Either remove and explicitly install matching versions or dedupe using your package manager.
The following conflicting packages were found:
	esm 12.4.2	node_modules/@polkadot/types/
	esm 16.4.6	node_modules/@acala-network/chopsticks-core/node_modules/@polkadot/types/
	esm 16.4.6	node_modules/@acala-network/chopsticks/node_modules/@polkadot/types/
	esm 16.4.6	node_modules/@acala-network/chopsticks-utils/node_modules/@polkadot/types/
[2025-09-09T19:59:15.512Z] [WARN] @polkadot/types-create has multiple versions, ensure that there is only one installed.
Either remove and explicitly install matching versions or dedupe using your package manager.
The following conflicting packages were found:
	esm 12.4.2	node_modules/@polkadot/types-create/
	esm 16.4.6	node_modules/@acala-network/chopsticks-core/node_modules/@polkadot/types-create/
	esm 16.4.6	node_modules/@acala-network/chopsticks/node_modules/@polkadot/types-create/
	esm 16.4.6	node_modules/@acala-network/chopsticks-utils/node_modules/@polkadot/types-create/
[2025-09-09T19:59:15.512Z] [WARN] @polkadot/types-codec has multiple versions, ensure that there is only one installed.
Either remove and explicitly install matching versions or dedupe using your package manager.
The following conflicting packages were found:
	esm 12.4.2	node_modules/@polkadot/types-codec/
	esm 16.4.6	node_modules/@acala-network/chopsticks-core/node_modules/@polkadot/types-codec/
	esm 16.4.6	node_modules/@acala-network/chopsticks/node_modules/@polkadot/types-codec/
	esm 16.4.6	node_modules/@acala-network/chopsticks-utils/node_modules/@polkadot/types-codec/
[2025-09-09T19:59:15.514Z] [WARN] @polkadot/types-known has multiple versions, ensure that there is only one installed.
Either remove and explicitly install matching versions or dedupe using your package manager.
The following conflicting packages were found:
	esm 12.4.2	node_modules/@polkadot/types-known/
	esm 16.4.6	node_modules/@acala-network/chopsticks/node_modules/@polkadot/types-known/
	esm 16.4.6	node_modules/@acala-network/chopsticks-utils/node_modules/@polkadot/types-known/
[2025-09-09T19:59:15.522Z] [LOG] [dotenv@17.2.1] injecting env (0) from .env -- tip: ⚙️  suppress all logs with { quiet: true }
[2025-09-09T19:59:17.279Z] [LOG] Setting up AssetHub network with options: {
  "runtimeLogLevel": 5,
  "blockNumber": 9651100,
  "port": 8001,
  "endpoint": [
    "wss://polkadot-asset-hub-rpc.polkadot.io"
  ],
  "db": "assethub-db.sqlite",
  "processQueuedMessages": true
}
[2025-09-09T19:59:59.111Z] [LOG] Test setup initialized - logging to test-output.log
[2025-09-09T19:59:59.386Z] [WARN] @polkadot/types-codec has multiple versions, ensure that there is only one installed.
Either remove and explicitly install matching versions or dedupe using your package manager.
The following conflicting packages were found:
	esm 12.4.2	node_modules/@polkadot/types-codec/
	esm 16.4.6	node_modules/@acala-network/chopsticks-core/node_modules/@polkadot/types-codec/
[2025-09-09T19:59:59.387Z] [WARN] @polkadot/types has multiple versions, ensure that there is only one installed.
Either remove and explicitly install matching versions or dedupe using your package manager.
The following conflicting packages were found:
	esm 12.4.2	node_modules/@polkadot/types/
	esm 16.4.6	node_modules/@acala-network/chopsticks-core/node_modules/@polkadot/types/
[2025-09-09T19:59:59.389Z] [WARN] @polkadot/types-create has multiple versions, ensure that there is only one installed.
Either remove and explicitly install matching versions or dedupe using your package manager.
The following conflicting packages were found:
	esm 12.4.2	node_modules/@polkadot/types-create/
	esm 16.4.6	node_modules/@acala-network/chopsticks-core/node_modules/@polkadot/types-create/
[2025-09-09T19:59:59.393Z] [WARN] @polkadot/rpc-provider has multiple versions, ensure that there is only one installed.
Either remove and explicitly install matching versions or dedupe using your package manager.
The following conflicting packages were found:
	esm 12.4.2	node_modules/@polkadot/rpc-provider/
	esm 16.4.6	node_modules/@acala-network/chopsticks-core/node_modules/@polkadot/rpc-provider/
[2025-09-09T20:00:00.151Z] [WARN] @polkadot/rpc-augment has multiple versions, ensure that there is only one installed.
Either remove and explicitly install matching versions or dedupe using your package manager.
The following conflicting packages were found:
	esm 12.4.2	node_modules/@polkadot/rpc-augment/
	esm 16.4.6	node_modules/@acala-network/chopsticks/node_modules/@polkadot/rpc-augment/
[2025-09-09T20:00:00.371Z] [WARN] @polkadot/api has multiple versions, ensure that there is only one installed.
Either remove and explicitly install matching versions or dedupe using your package manager.
The following conflicting packages were found:
	esm 12.4.2	node_modules/@polkadot/api/
	esm 16.4.6	node_modules/@acala-network/chopsticks/node_modules/@polkadot/api/
[2025-09-09T20:00:00.372Z] [WARN] @polkadot/rpc-provider has multiple versions, ensure that there is only one installed.
Either remove and explicitly install matching versions or dedupe using your package manager.
The following conflicting packages were found:
	esm 12.4.2	node_modules/@polkadot/rpc-provider/
	esm 16.4.6	node_modules/@acala-network/chopsticks-core/node_modules/@polkadot/rpc-provider/
	esm 16.4.6	node_modules/@acala-network/chopsticks/node_modules/@polkadot/rpc-provider/
[2025-09-09T20:00:00.372Z] [WARN] @polkadot/api-derive has multiple versions, ensure that there is only one installed.
Either remove and explicitly install matching versions or dedupe using your package manager.
The following conflicting packages were found:
	esm 12.4.2	node_modules/@polkadot/api-derive/
	esm 16.4.6	node_modules/@acala-network/chopsticks/node_modules/@polkadot/api-derive/
[2025-09-09T20:00:00.372Z] [WARN] @polkadot/rpc-core has multiple versions, ensure that there is only one installed.
Either remove and explicitly install matching versions or dedupe using your package manager.
The following conflicting packages were found:
	esm 12.4.2	node_modules/@polkadot/rpc-core/
	esm 16.4.6	node_modules/@acala-network/chopsticks/node_modules/@polkadot/rpc-core/
[2025-09-09T20:00:00.372Z] [WARN] @polkadot/types has multiple versions, ensure that there is only one installed.
Either remove and explicitly install matching versions or dedupe using your package manager.
The following conflicting packages were found:
	esm 12.4.2	node_modules/@polkadot/types/
	esm 16.4.6	node_modules/@acala-network/chopsticks-core/node_modules/@polkadot/types/
	esm 16.4.6	node_modules/@acala-network/chopsticks/node_modules/@polkadot/types/
[2025-09-09T20:00:00.373Z] [WARN] @polkadot/types-create has multiple versions, ensure that there is only one installed.
Either remove and explicitly install matching versions or dedupe using your package manager.
The following conflicting packages were found:
	esm 12.4.2	node_modules/@polkadot/types-create/
	esm 16.4.6	node_modules/@acala-network/chopsticks-core/node_modules/@polkadot/types-create/
	esm 16.4.6	node_modules/@acala-network/chopsticks/node_modules/@polkadot/types-create/
[2025-09-09T20:00:00.373Z] [WARN] @polkadot/types-codec has multiple versions, ensure that there is only one installed.
Either remove and explicitly install matching versions or dedupe using your package manager.
The following conflicting packages were found:
	esm 12.4.2	node_modules/@polkadot/types-codec/
	esm 16.4.6	node_modules/@acala-network/chopsticks-core/node_modules/@polkadot/types-codec/
	esm 16.4.6	node_modules/@acala-network/chopsticks/node_modules/@polkadot/types-codec/
[2025-09-09T20:00:00.377Z] [WARN] @polkadot/types-known has multiple versions, ensure that there is only one installed.
Either remove and explicitly install matching versions or dedupe using your package manager.
The following conflicting packages were found:
	esm 12.4.2	node_modules/@polkadot/types-known/
	esm 16.4.6	node_modules/@acala-network/chopsticks/node_modules/@polkadot/types-known/
[2025-09-09T20:00:00.380Z] [WARN] @polkadot/api has multiple versions, ensure that there is only one installed.
Either remove and explicitly install matching versions or dedupe using your package manager.
The following conflicting packages were found:
	esm 12.4.2	node_modules/@polkadot/api/
	esm 16.4.6	node_modules/@acala-network/chopsticks/node_modules/@polkadot/api/
	esm 16.4.6	node_modules/@acala-network/chopsticks-utils/node_modules/@polkadot/api/
[2025-09-09T20:00:00.380Z] [WARN] @polkadot/rpc-augment has multiple versions, ensure that there is only one installed.
Either remove and explicitly install matching versions or dedupe using your package manager.
The following conflicting packages were found:
	esm 12.4.2	node_modules/@polkadot/rpc-augment/
	esm 16.4.6	node_modules/@acala-network/chopsticks/node_modules/@polkadot/rpc-augment/
	esm 16.4.6	node_modules/@acala-network/chopsticks-utils/node_modules/@polkadot/rpc-augment/
[2025-09-09T20:00:00.380Z] [WARN] @polkadot/rpc-provider has multiple versions, ensure that there is only one installed.
Either remove and explicitly install matching versions or dedupe using your package manager.
The following conflicting packages were found:
	esm 12.4.2	node_modules/@polkadot/rpc-provider/
	esm 16.4.6	node_modules/@acala-network/chopsticks-core/node_modules/@polkadot/rpc-provider/
	esm 16.4.6	node_modules/@acala-network/chopsticks/node_modules/@polkadot/rpc-provider/
	esm 16.4.6	node_modules/@acala-network/chopsticks-utils/node_modules/@polkadot/rpc-provider/
[2025-09-09T20:00:00.380Z] [WARN] @polkadot/api-derive has multiple versions, ensure that there is only one installed.
Either remove and explicitly install matching versions or dedupe using your package manager.
The following conflicting packages were found:
	esm 12.4.2	node_modules/@polkadot/api-derive/
	esm 16.4.6	node_modules/@acala-network/chopsticks/node_modules/@polkadot/api-derive/
	esm 16.4.6	node_modules/@acala-network/chopsticks-utils/node_modules/@polkadot/api-derive/
[2025-09-09T20:00:00.380Z] [WARN] @polkadot/rpc-core has multiple versions, ensure that there is only one installed.
Either remove and explicitly install matching versions or dedupe using your package manager.
The following conflicting packages were found:
	esm 12.4.2	node_modules/@polkadot/rpc-core/
	esm 16.4.6	node_modules/@acala-network/chopsticks/node_modules/@polkadot/rpc-core/
	esm 16.4.6	node_modules/@acala-network/chopsticks-utils/node_modules/@polkadot/rpc-core/
[2025-09-09T20:00:00.380Z] [WARN] @polkadot/types has multiple versions, ensure that there is only one installed.
Either remove and explicitly install matching versions or dedupe using your package manager.
The following conflicting packages were found:
	esm 12.4.2	node_modules/@polkadot/types/
	esm 16.4.6	node_modules/@acala-network/chopsticks-core/node_modules/@polkadot/types/
	esm 16.4.6	node_modules/@acala-network/chopsticks/node_modules/@polkadot/types/
	esm 16.4.6	node_modules/@acala-network/chopsticks-utils/node_modules/@polkadot/types/
[2025-09-09T20:00:00.381Z] [WARN] @polkadot/types-create has multiple versions, ensure that there is only one installed.
Either remove and explicitly install matching versions or dedupe using your package manager.
The following conflicting packages were found:
	esm 12.4.2	node_modules/@polkadot/types-create/
	esm 16.4.6	node_modules/@acala-network/chopsticks-core/node_modules/@polkadot/types-create/
	esm 16.4.6	node_modules/@acala-network/chopsticks/node_modules/@polkadot/types-create/
	esm 16.4.6	node_modules/@acala-network/chopsticks-utils/node_modules/@polkadot/types-create/
[2025-09-09T20:00:00.381Z] [WARN] @polkadot/types-codec has multiple versions, ensure that there is only one installed.
Either remove and explicitly install matching versions or dedupe using your package manager.
The following conflicting packages were found:
	esm 12.4.2	node_modules/@polkadot/types-codec/
	esm 16.4.6	node_modules/@acala-network/chopsticks-core/node_modules/@polkadot/types-codec/
	esm 16.4.6	node_modules/@acala-network/chopsticks/node_modules/@polkadot/types-codec/
	esm 16.4.6	node_modules/@acala-network/chopsticks-utils/node_modules/@polkadot/types-codec/
[2025-09-09T20:00:00.383Z] [WARN] @polkadot/types-known has multiple versions, ensure that there is only one installed.
Either remove and explicitly install matching versions or dedupe using your package manager.
The following conflicting packages were found:
	esm 12.4.2	node_modules/@polkadot/types-known/
	esm 16.4.6	node_modules/@acala-network/chopsticks/node_modules/@polkadot/types-known/
	esm 16.4.6	node_modules/@acala-network/chopsticks-utils/node_modules/@polkadot/types-known/
[2025-09-09T20:00:00.420Z] [LOG] [dotenv@17.2.1] injecting env (0) from .env -- tip: 🔐 prevent building .env in docker: https://dotenvx.com/prebuild
[2025-09-09T20:00:02.035Z] [LOG] Setting up AssetHub network with options: {
  "runtimeLogLevel": 5,
  "blockNumber": 9651100,
  "port": 8001,
  "endpoint": [
    "wss://polkadot-asset-hub-rpc.polkadot.io"
  ],
  "db": "assethub-db.sqlite",
  "processQueuedMessages": true
}
[2025-09-09T20:00:12.904Z] [LOG] Test setup initialized - logging to test-output.log
[2025-09-09T20:00:13.145Z] [WARN] @polkadot/types-codec has multiple versions, ensure that there is only one installed.
Either remove and explicitly install matching versions or dedupe using your package manager.
The following conflicting packages were found:
	esm 12.4.2	node_modules/@polkadot/types-codec/
	esm 16.4.6	node_modules/@acala-network/chopsticks-core/node_modules/@polkadot/types-codec/
[2025-09-09T20:00:13.145Z] [WARN] @polkadot/types has multiple versions, ensure that there is only one installed.
Either remove and explicitly install matching versions or dedupe using your package manager.
The following conflicting packages were found:
	esm 12.4.2	node_modules/@polkadot/types/
	esm 16.4.6	node_modules/@acala-network/chopsticks-core/node_modules/@polkadot/types/
[2025-09-09T20:00:13.146Z] [WARN] @polkadot/types-create has multiple versions, ensure that there is only one installed.
Either remove and explicitly install matching versions or dedupe using your package manager.
The following conflicting packages were found:
	esm 12.4.2	node_modules/@polkadot/types-create/
	esm 16.4.6	node_modules/@acala-network/chopsticks-core/node_modules/@polkadot/types-create/
[2025-09-09T20:00:13.150Z] [WARN] @polkadot/rpc-provider has multiple versions, ensure that there is only one installed.
Either remove and explicitly install matching versions or dedupe using your package manager.
The following conflicting packages were found:
	esm 12.4.2	node_modules/@polkadot/rpc-provider/
	esm 16.4.6	node_modules/@acala-network/chopsticks-core/node_modules/@polkadot/rpc-provider/
[2025-09-09T20:00:13.819Z] [WARN] @polkadot/rpc-augment has multiple versions, ensure that there is only one installed.
Either remove and explicitly install matching versions or dedupe using your package manager.
The following conflicting packages were found:
	esm 12.4.2	node_modules/@polkadot/rpc-augment/
	esm 16.4.6	node_modules/@acala-network/chopsticks/node_modules/@polkadot/rpc-augment/
[2025-09-09T20:00:13.989Z] [WARN] @polkadot/api has multiple versions, ensure that there is only one installed.
Either remove and explicitly install matching versions or dedupe using your package manager.
The following conflicting packages were found:
	esm 12.4.2	node_modules/@polkadot/api/
	esm 16.4.6	node_modules/@acala-network/chopsticks/node_modules/@polkadot/api/
[2025-09-09T20:00:13.990Z] [WARN] @polkadot/rpc-provider has multiple versions, ensure that there is only one installed.
Either remove and explicitly install matching versions or dedupe using your package manager.
The following conflicting packages were found:
	esm 12.4.2	node_modules/@polkadot/rpc-provider/
	esm 16.4.6	node_modules/@acala-network/chopsticks-core/node_modules/@polkadot/rpc-provider/
	esm 16.4.6	node_modules/@acala-network/chopsticks/node_modules/@polkadot/rpc-provider/
[2025-09-09T20:00:13.990Z] [WARN] @polkadot/api-derive has multiple versions, ensure that there is only one installed.
Either remove and explicitly install matching versions or dedupe using your package manager.
The following conflicting packages were found:
	esm 12.4.2	node_modules/@polkadot/api-derive/
	esm 16.4.6	node_modules/@acala-network/chopsticks/node_modules/@polkadot/api-derive/
[2025-09-09T20:00:13.990Z] [WARN] @polkadot/rpc-core has multiple versions, ensure that there is only one installed.
Either remove and explicitly install matching versions or dedupe using your package manager.
The following conflicting packages were found:
	esm 12.4.2	node_modules/@polkadot/rpc-core/
	esm 16.4.6	node_modules/@acala-network/chopsticks/node_modules/@polkadot/rpc-core/
[2025-09-09T20:00:13.990Z] [WARN] @polkadot/types has multiple versions, ensure that there is only one installed.
Either remove and explicitly install matching versions or dedupe using your package manager.
The following conflicting packages were found:
	esm 12.4.2	node_modules/@polkadot/types/
	esm 16.4.6	node_modules/@acala-network/chopsticks-core/node_modules/@polkadot/types/
	esm 16.4.6	node_modules/@acala-network/chopsticks/node_modules/@polkadot/types/
[2025-09-09T20:00:13.991Z] [WARN] @polkadot/types-create has multiple versions, ensure that there is only one installed.
Either remove and explicitly install matching versions or dedupe using your package manager.
The following conflicting packages were found:
	esm 12.4.2	node_modules/@polkadot/types-create/
	esm 16.4.6	node_modules/@acala-network/chopsticks-core/node_modules/@polkadot/types-create/
	esm 16.4.6	node_modules/@acala-network/chopsticks/node_modules/@polkadot/types-create/
[2025-09-09T20:00:13.991Z] [WARN] @polkadot/types-codec has multiple versions, ensure that there is only one installed.
Either remove and explicitly install matching versions or dedupe using your package manager.
The following conflicting packages were found:
	esm 12.4.2	node_modules/@polkadot/types-codec/
	esm 16.4.6	node_modules/@acala-network/chopsticks-core/node_modules/@polkadot/types-codec/
	esm 16.4.6	node_modules/@acala-network/chopsticks/node_modules/@polkadot/types-codec/
[2025-09-09T20:00:13.993Z] [WARN] @polkadot/types-known has multiple versions, ensure that there is only one installed.
Either remove and explicitly install matching versions or dedupe using your package manager.
The following conflicting packages were found:
	esm 12.4.2	node_modules/@polkadot/types-known/
	esm 16.4.6	node_modules/@acala-network/chopsticks/node_modules/@polkadot/types-known/
[2025-09-09T20:00:13.995Z] [WARN] @polkadot/api has multiple versions, ensure that there is only one installed.
Either remove and explicitly install matching versions or dedupe using your package manager.
The following conflicting packages were found:
	esm 12.4.2	node_modules/@polkadot/api/
	esm 16.4.6	node_modules/@acala-network/chopsticks/node_modules/@polkadot/api/
	esm 16.4.6	node_modules/@acala-network/chopsticks-utils/node_modules/@polkadot/api/
[2025-09-09T20:00:13.995Z] [WARN] @polkadot/rpc-augment has multiple versions, ensure that there is only one installed.
Either remove and explicitly install matching versions or dedupe using your package manager.
The following conflicting packages were found:
	esm 12.4.2	node_modules/@polkadot/rpc-augment/
	esm 16.4.6	node_modules/@acala-network/chopsticks/node_modules/@polkadot/rpc-augment/
	esm 16.4.6	node_modules/@acala-network/chopsticks-utils/node_modules/@polkadot/rpc-augment/
[2025-09-09T20:00:13.995Z] [WARN] @polkadot/rpc-provider has multiple versions, ensure that there is only one installed.
Either remove and explicitly install matching versions or dedupe using your package manager.
The following conflicting packages were found:
	esm 12.4.2	node_modules/@polkadot/rpc-provider/
	esm 16.4.6	node_modules/@acala-network/chopsticks-core/node_modules/@polkadot/rpc-provider/
	esm 16.4.6	node_modules/@acala-network/chopsticks/node_modules/@polkadot/rpc-provider/
	esm 16.4.6	node_modules/@acala-network/chopsticks-utils/node_modules/@polkadot/rpc-provider/
[2025-09-09T20:00:13.995Z] [WARN] @polkadot/api-derive has multiple versions, ensure that there is only one installed.
Either remove and explicitly install matching versions or dedupe using your package manager.
The following conflicting packages were found:
	esm 12.4.2	node_modules/@polkadot/api-derive/
	esm 16.4.6	node_modules/@acala-network/chopsticks/node_modules/@polkadot/api-derive/
	esm 16.4.6	node_modules/@acala-network/chopsticks-utils/node_modules/@polkadot/api-derive/
[2025-09-09T20:00:13.995Z] [WARN] @polkadot/rpc-core has multiple versions, ensure that there is only one installed.
Either remove and explicitly install matching versions or dedupe using your package manager.
The following conflicting packages were found:
	esm 12.4.2	node_modules/@polkadot/rpc-core/
	esm 16.4.6	node_modules/@acala-network/chopsticks/node_modules/@polkadot/rpc-core/
	esm 16.4.6	node_modules/@acala-network/chopsticks-utils/node_modules/@polkadot/rpc-core/
[2025-09-09T20:00:13.995Z] [WARN] @polkadot/types has multiple versions, ensure that there is only one installed.
Either remove and explicitly install matching versions or dedupe using your package manager.
The following conflicting packages were found:
	esm 12.4.2	node_modules/@polkadot/types/
	esm 16.4.6	node_modules/@acala-network/chopsticks-core/node_modules/@polkadot/types/
	esm 16.4.6	node_modules/@acala-network/chopsticks/node_modules/@polkadot/types/
	esm 16.4.6	node_modules/@acala-network/chopsticks-utils/node_modules/@polkadot/types/
[2025-09-09T20:00:13.996Z] [WARN] @polkadot/types-create has multiple versions, ensure that there is only one installed.
Either remove and explicitly install matching versions or dedupe using your package manager.
The following conflicting packages were found:
	esm 12.4.2	node_modules/@polkadot/types-create/
	esm 16.4.6	node_modules/@acala-network/chopsticks-core/node_modules/@polkadot/types-create/
	esm 16.4.6	node_modules/@acala-network/chopsticks/node_modules/@polkadot/types-create/
	esm 16.4.6	node_modules/@acala-network/chopsticks-utils/node_modules/@polkadot/types-create/
[2025-09-09T20:00:13.996Z] [WARN] @polkadot/types-codec has multiple versions, ensure that there is only one installed.
Either remove and explicitly install matching versions or dedupe using your package manager.
The following conflicting packages were found:
	esm 12.4.2	node_modules/@polkadot/types-codec/
	esm 16.4.6	node_modules/@acala-network/chopsticks-core/node_modules/@polkadot/types-codec/
	esm 16.4.6	node_modules/@acala-network/chopsticks/node_modules/@polkadot/types-codec/
	esm 16.4.6	node_modules/@acala-network/chopsticks-utils/node_modules/@polkadot/types-codec/
[2025-09-09T20:00:13.998Z] [WARN] @polkadot/types-known has multiple versions, ensure that there is only one installed.
Either remove and explicitly install matching versions or dedupe using your package manager.
The following conflicting packages were found:
	esm 12.4.2	node_modules/@polkadot/types-known/
	esm 16.4.6	node_modules/@acala-network/chopsticks/node_modules/@polkadot/types-known/
	esm 16.4.6	node_modules/@acala-network/chopsticks-utils/node_modules/@polkadot/types-known/
[2025-09-09T20:00:14.029Z] [LOG] [dotenv@17.2.1] injecting env (0) from .env -- tip: 🔐 prevent committing .env to code: https://dotenvx.com/precommit
[2025-09-09T20:00:15.496Z] [LOG] Setting up AssetHub network with options: {
  "runtimeLogLevel": 5,
  "blockNumber": 9651100,
  "port": 8001,
  "endpoint": [
    "wss://polkadot-asset-hub-rpc.polkadot.io"
  ],
  "db": "assethub-db.sqlite",
  "processQueuedMessages": true
}
[2025-09-09T20:00:18.891Z] [LOG] siblingSovereignAccount 0x7369626c2b080000000000000000000000000000000000000000000000000000
[2025-09-09T20:01:31.256Z] [LOG] Test setup initialized - logging to test-output.log
[2025-09-09T20:01:31.616Z] [WARN] @polkadot/types-codec has multiple versions, ensure that there is only one installed.
Either remove and explicitly install matching versions or dedupe using your package manager.
The following conflicting packages were found:
	esm 12.4.2	node_modules/@polkadot/types-codec/
	esm 16.4.6	node_modules/@acala-network/chopsticks-core/node_modules/@polkadot/types-codec/
[2025-09-09T20:01:31.619Z] [WARN] @polkadot/types has multiple versions, ensure that there is only one installed.
Either remove and explicitly install matching versions or dedupe using your package manager.
The following conflicting packages were found:
	esm 12.4.2	node_modules/@polkadot/types/
	esm 16.4.6	node_modules/@acala-network/chopsticks-core/node_modules/@polkadot/types/
[2025-09-09T20:01:31.621Z] [WARN] @polkadot/types-create has multiple versions, ensure that there is only one installed.
Either remove and explicitly install matching versions or dedupe using your package manager.
The following conflicting packages were found:
	esm 12.4.2	node_modules/@polkadot/types-create/
	esm 16.4.6	node_modules/@acala-network/chopsticks-core/node_modules/@polkadot/types-create/
[2025-09-09T20:01:31.626Z] [WARN] @polkadot/rpc-provider has multiple versions, ensure that there is only one installed.
Either remove and explicitly install matching versions or dedupe using your package manager.
The following conflicting packages were found:
	esm 12.4.2	node_modules/@polkadot/rpc-provider/
	esm 16.4.6	node_modules/@acala-network/chopsticks-core/node_modules/@polkadot/rpc-provider/
[2025-09-09T20:01:32.276Z] [WARN] @polkadot/rpc-augment has multiple versions, ensure that there is only one installed.
Either remove and explicitly install matching versions or dedupe using your package manager.
The following conflicting packages were found:
	esm 12.4.2	node_modules/@polkadot/rpc-augment/
	esm 16.4.6	node_modules/@acala-network/chopsticks/node_modules/@polkadot/rpc-augment/
[2025-09-09T20:01:32.480Z] [WARN] @polkadot/api has multiple versions, ensure that there is only one installed.
Either remove and explicitly install matching versions or dedupe using your package manager.
The following conflicting packages were found:
	esm 12.4.2	node_modules/@polkadot/api/
	esm 16.4.6	node_modules/@acala-network/chopsticks/node_modules/@polkadot/api/
[2025-09-09T20:01:32.480Z] [WARN] @polkadot/rpc-provider has multiple versions, ensure that there is only one installed.
Either remove and explicitly install matching versions or dedupe using your package manager.
The following conflicting packages were found:
	esm 12.4.2	node_modules/@polkadot/rpc-provider/
	esm 16.4.6	node_modules/@acala-network/chopsticks-core/node_modules/@polkadot/rpc-provider/
	esm 16.4.6	node_modules/@acala-network/chopsticks/node_modules/@polkadot/rpc-provider/
[2025-09-09T20:01:32.480Z] [WARN] @polkadot/api-derive has multiple versions, ensure that there is only one installed.
Either remove and explicitly install matching versions or dedupe using your package manager.
The following conflicting packages were found:
	esm 12.4.2	node_modules/@polkadot/api-derive/
	esm 16.4.6	node_modules/@acala-network/chopsticks/node_modules/@polkadot/api-derive/
[2025-09-09T20:01:32.480Z] [WARN] @polkadot/rpc-core has multiple versions, ensure that there is only one installed.
Either remove and explicitly install matching versions or dedupe using your package manager.
The following conflicting packages were found:
	esm 12.4.2	node_modules/@polkadot/rpc-core/
	esm 16.4.6	node_modules/@acala-network/chopsticks/node_modules/@polkadot/rpc-core/
[2025-09-09T20:01:32.480Z] [WARN] @polkadot/types has multiple versions, ensure that there is only one installed.
Either remove and explicitly install matching versions or dedupe using your package manager.
The following conflicting packages were found:
	esm 12.4.2	node_modules/@polkadot/types/
	esm 16.4.6	node_modules/@acala-network/chopsticks-core/node_modules/@polkadot/types/
	esm 16.4.6	node_modules/@acala-network/chopsticks/node_modules/@polkadot/types/
[2025-09-09T20:01:32.481Z] [WARN] @polkadot/types-create has multiple versions, ensure that there is only one installed.
Either remove and explicitly install matching versions or dedupe using your package manager.
The following conflicting packages were found:
	esm 12.4.2	node_modules/@polkadot/types-create/
	esm 16.4.6	node_modules/@acala-network/chopsticks-core/node_modules/@polkadot/types-create/
	esm 16.4.6	node_modules/@acala-network/chopsticks/node_modules/@polkadot/types-create/
[2025-09-09T20:01:32.481Z] [WARN] @polkadot/types-codec has multiple versions, ensure that there is only one installed.
Either remove and explicitly install matching versions or dedupe using your package manager.
The following conflicting packages were found:
	esm 12.4.2	node_modules/@polkadot/types-codec/
	esm 16.4.6	node_modules/@acala-network/chopsticks-core/node_modules/@polkadot/types-codec/
	esm 16.4.6	node_modules/@acala-network/chopsticks/node_modules/@polkadot/types-codec/
[2025-09-09T20:01:32.483Z] [WARN] @polkadot/types-known has multiple versions, ensure that there is only one installed.
Either remove and explicitly install matching versions or dedupe using your package manager.
The following conflicting packages were found:
	esm 12.4.2	node_modules/@polkadot/types-known/
	esm 16.4.6	node_modules/@acala-network/chopsticks/node_modules/@polkadot/types-known/
[2025-09-09T20:01:32.486Z] [WARN] @polkadot/api has multiple versions, ensure that there is only one installed.
Either remove and explicitly install matching versions or dedupe using your package manager.
The following conflicting packages were found:
	esm 12.4.2	node_modules/@polkadot/api/
	esm 16.4.6	node_modules/@acala-network/chopsticks/node_modules/@polkadot/api/
	esm 16.4.6	node_modules/@acala-network/chopsticks-utils/node_modules/@polkadot/api/
[2025-09-09T20:01:32.486Z] [WARN] @polkadot/rpc-augment has multiple versions, ensure that there is only one installed.
Either remove and explicitly install matching versions or dedupe using your package manager.
The following conflicting packages were found:
	esm 12.4.2	node_modules/@polkadot/rpc-augment/
	esm 16.4.6	node_modules/@acala-network/chopsticks/node_modules/@polkadot/rpc-augment/
	esm 16.4.6	node_modules/@acala-network/chopsticks-utils/node_modules/@polkadot/rpc-augment/
[2025-09-09T20:01:32.486Z] [WARN] @polkadot/rpc-provider has multiple versions, ensure that there is only one installed.
Either remove and explicitly install matching versions or dedupe using your package manager.
The following conflicting packages were found:
	esm 12.4.2	node_modules/@polkadot/rpc-provider/
	esm 16.4.6	node_modules/@acala-network/chopsticks-core/node_modules/@polkadot/rpc-provider/
	esm 16.4.6	node_modules/@acala-network/chopsticks/node_modules/@polkadot/rpc-provider/
	esm 16.4.6	node_modules/@acala-network/chopsticks-utils/node_modules/@polkadot/rpc-provider/
[2025-09-09T20:01:32.486Z] [WARN] @polkadot/api-derive has multiple versions, ensure that there is only one installed.
Either remove and explicitly install matching versions or dedupe using your package manager.
The following conflicting packages were found:
	esm 12.4.2	node_modules/@polkadot/api-derive/
	esm 16.4.6	node_modules/@acala-network/chopsticks/node_modules/@polkadot/api-derive/
	esm 16.4.6	node_modules/@acala-network/chopsticks-utils/node_modules/@polkadot/api-derive/
[2025-09-09T20:01:32.486Z] [WARN] @polkadot/rpc-core has multiple versions, ensure that there is only one installed.
Either remove and explicitly install matching versions or dedupe using your package manager.
The following conflicting packages were found:
	esm 12.4.2	node_modules/@polkadot/rpc-core/
	esm 16.4.6	node_modules/@acala-network/chopsticks/node_modules/@polkadot/rpc-core/
	esm 16.4.6	node_modules/@acala-network/chopsticks-utils/node_modules/@polkadot/rpc-core/
[2025-09-09T20:01:32.486Z] [WARN] @polkadot/types has multiple versions, ensure that there is only one installed.
Either remove and explicitly install matching versions or dedupe using your package manager.
The following conflicting packages were found:
	esm 12.4.2	node_modules/@polkadot/types/
	esm 16.4.6	node_modules/@acala-network/chopsticks-core/node_modules/@polkadot/types/
	esm 16.4.6	node_modules/@acala-network/chopsticks/node_modules/@polkadot/types/
	esm 16.4.6	node_modules/@acala-network/chopsticks-utils/node_modules/@polkadot/types/
[2025-09-09T20:01:32.487Z] [WARN] @polkadot/types-create has multiple versions, ensure that there is only one installed.
Either remove and explicitly install matching versions or dedupe using your package manager.
The following conflicting packages were found:
	esm 12.4.2	node_modules/@polkadot/types-create/
	esm 16.4.6	node_modules/@acala-network/chopsticks-core/node_modules/@polkadot/types-create/
	esm 16.4.6	node_modules/@acala-network/chopsticks/node_modules/@polkadot/types-create/
	esm 16.4.6	node_modules/@acala-network/chopsticks-utils/node_modules/@polkadot/types-create/
[2025-09-09T20:01:32.487Z] [WARN] @polkadot/types-codec has multiple versions, ensure that there is only one installed.
Either remove and explicitly install matching versions or dedupe using your package manager.
The following conflicting packages were found:
	esm 12.4.2	node_modules/@polkadot/types-codec/
	esm 16.4.6	node_modules/@acala-network/chopsticks-core/node_modules/@polkadot/types-codec/
	esm 16.4.6	node_modules/@acala-network/chopsticks/node_modules/@polkadot/types-codec/
	esm 16.4.6	node_modules/@acala-network/chopsticks-utils/node_modules/@polkadot/types-codec/
[2025-09-09T20:01:32.489Z] [WARN] @polkadot/types-known has multiple versions, ensure that there is only one installed.
Either remove and explicitly install matching versions or dedupe using your package manager.
The following conflicting packages were found:
	esm 12.4.2	node_modules/@polkadot/types-known/
	esm 16.4.6	node_modules/@acala-network/chopsticks/node_modules/@polkadot/types-known/
	esm 16.4.6	node_modules/@acala-network/chopsticks-utils/node_modules/@polkadot/types-known/
[2025-09-09T20:01:32.523Z] [LOG] [dotenv@17.2.1] injecting env (0) from .env -- tip: 📡 observe env with Radar: https://dotenvx.com/radar
[2025-09-09T20:01:34.127Z] [LOG] Setting up AssetHub network with options: {
  "runtimeLogLevel": 5,
  "blockNumber": 9651100,
  "port": 8001,
  "endpoint": [
    "wss://polkadot-asset-hub-rpc.polkadot.io"
  ],
  "db": "assethub-db.sqlite",
  "processQueuedMessages": true
}
[2025-09-09T20:01:37.666Z] [LOG] siblingSovereignAccount 0x7369626c2b080000000000000000000000000000000000000000000000000000
[2025-09-09T20:03:42.923Z] [LOG] Test setup initialized - logging to test-output.log
[2025-09-09T20:03:43.207Z] [WARN] @polkadot/types-codec has multiple versions, ensure that there is only one installed.
Either remove and explicitly install matching versions or dedupe using your package manager.
The following conflicting packages were found:
	esm 12.4.2	node_modules/@polkadot/types-codec/
	esm 16.4.6	node_modules/@acala-network/chopsticks-core/node_modules/@polkadot/types-codec/
[2025-09-09T20:03:43.208Z] [WARN] @polkadot/types has multiple versions, ensure that there is only one installed.
Either remove and explicitly install matching versions or dedupe using your package manager.
The following conflicting packages were found:
	esm 12.4.2	node_modules/@polkadot/types/
	esm 16.4.6	node_modules/@acala-network/chopsticks-core/node_modules/@polkadot/types/
[2025-09-09T20:03:43.208Z] [WARN] @polkadot/types-create has multiple versions, ensure that there is only one installed.
Either remove and explicitly install matching versions or dedupe using your package manager.
The following conflicting packages were found:
	esm 12.4.2	node_modules/@polkadot/types-create/
	esm 16.4.6	node_modules/@acala-network/chopsticks-core/node_modules/@polkadot/types-create/
[2025-09-09T20:03:43.213Z] [WARN] @polkadot/rpc-provider has multiple versions, ensure that there is only one installed.
Either remove and explicitly install matching versions or dedupe using your package manager.
The following conflicting packages were found:
	esm 12.4.2	node_modules/@polkadot/rpc-provider/
	esm 16.4.6	node_modules/@acala-network/chopsticks-core/node_modules/@polkadot/rpc-provider/
[2025-09-09T20:03:43.918Z] [WARN] @polkadot/rpc-augment has multiple versions, ensure that there is only one installed.
Either remove and explicitly install matching versions or dedupe using your package manager.
The following conflicting packages were found:
	esm 12.4.2	node_modules/@polkadot/rpc-augment/
	esm 16.4.6	node_modules/@acala-network/chopsticks/node_modules/@polkadot/rpc-augment/
[2025-09-09T20:03:44.113Z] [WARN] @polkadot/api has multiple versions, ensure that there is only one installed.
Either remove and explicitly install matching versions or dedupe using your package manager.
The following conflicting packages were found:
	esm 12.4.2	node_modules/@polkadot/api/
	esm 16.4.6	node_modules/@acala-network/chopsticks/node_modules/@polkadot/api/
[2025-09-09T20:03:44.113Z] [WARN] @polkadot/rpc-provider has multiple versions, ensure that there is only one installed.
Either remove and explicitly install matching versions or dedupe using your package manager.
The following conflicting packages were found:
	esm 12.4.2	node_modules/@polkadot/rpc-provider/
	esm 16.4.6	node_modules/@acala-network/chopsticks-core/node_modules/@polkadot/rpc-provider/
	esm 16.4.6	node_modules/@acala-network/chopsticks/node_modules/@polkadot/rpc-provider/
[2025-09-09T20:03:44.114Z] [WARN] @polkadot/api-derive has multiple versions, ensure that there is only one installed.
Either remove and explicitly install matching versions or dedupe using your package manager.
The following conflicting packages were found:
	esm 12.4.2	node_modules/@polkadot/api-derive/
	esm 16.4.6	node_modules/@acala-network/chopsticks/node_modules/@polkadot/api-derive/
[2025-09-09T20:03:44.114Z] [WARN] @polkadot/rpc-core has multiple versions, ensure that there is only one installed.
Either remove and explicitly install matching versions or dedupe using your package manager.
The following conflicting packages were found:
	esm 12.4.2	node_modules/@polkadot/rpc-core/
	esm 16.4.6	node_modules/@acala-network/chopsticks/node_modules/@polkadot/rpc-core/
[2025-09-09T20:03:44.114Z] [WARN] @polkadot/types has multiple versions, ensure that there is only one installed.
Either remove and explicitly install matching versions or dedupe using your package manager.
The following conflicting packages were found:
	esm 12.4.2	node_modules/@polkadot/types/
	esm 16.4.6	node_modules/@acala-network/chopsticks-core/node_modules/@polkadot/types/
	esm 16.4.6	node_modules/@acala-network/chopsticks/node_modules/@polkadot/types/
[2025-09-09T20:03:44.115Z] [WARN] @polkadot/types-create has multiple versions, ensure that there is only one installed.
Either remove and explicitly install matching versions or dedupe using your package manager.
The following conflicting packages were found:
	esm 12.4.2	node_modules/@polkadot/types-create/
	esm 16.4.6	node_modules/@acala-network/chopsticks-core/node_modules/@polkadot/types-create/
	esm 16.4.6	node_modules/@acala-network/chopsticks/node_modules/@polkadot/types-create/
[2025-09-09T20:03:44.115Z] [WARN] @polkadot/types-codec has multiple versions, ensure that there is only one installed.
Either remove and explicitly install matching versions or dedupe using your package manager.
The following conflicting packages were found:
	esm 12.4.2	node_modules/@polkadot/types-codec/
	esm 16.4.6	node_modules/@acala-network/chopsticks-core/node_modules/@polkadot/types-codec/
	esm 16.4.6	node_modules/@acala-network/chopsticks/node_modules/@polkadot/types-codec/
[2025-09-09T20:03:44.117Z] [WARN] @polkadot/types-known has multiple versions, ensure that there is only one installed.
Either remove and explicitly install matching versions or dedupe using your package manager.
The following conflicting packages were found:
	esm 12.4.2	node_modules/@polkadot/types-known/
	esm 16.4.6	node_modules/@acala-network/chopsticks/node_modules/@polkadot/types-known/
[2025-09-09T20:03:44.120Z] [WARN] @polkadot/api has multiple versions, ensure that there is only one installed.
Either remove and explicitly install matching versions or dedupe using your package manager.
The following conflicting packages were found:
	esm 12.4.2	node_modules/@polkadot/api/
	esm 16.4.6	node_modules/@acala-network/chopsticks/node_modules/@polkadot/api/
	esm 16.4.6	node_modules/@acala-network/chopsticks-utils/node_modules/@polkadot/api/
[2025-09-09T20:03:44.120Z] [WARN] @polkadot/rpc-augment has multiple versions, ensure that there is only one installed.
Either remove and explicitly install matching versions or dedupe using your package manager.
The following conflicting packages were found:
	esm 12.4.2	node_modules/@polkadot/rpc-augment/
	esm 16.4.6	node_modules/@acala-network/chopsticks/node_modules/@polkadot/rpc-augment/
	esm 16.4.6	node_modules/@acala-network/chopsticks-utils/node_modules/@polkadot/rpc-augment/
[2025-09-09T20:03:44.120Z] [WARN] @polkadot/rpc-provider has multiple versions, ensure that there is only one installed.
Either remove and explicitly install matching versions or dedupe using your package manager.
The following conflicting packages were found:
	esm 12.4.2	node_modules/@polkadot/rpc-provider/
	esm 16.4.6	node_modules/@acala-network/chopsticks-core/node_modules/@polkadot/rpc-provider/
	esm 16.4.6	node_modules/@acala-network/chopsticks/node_modules/@polkadot/rpc-provider/
	esm 16.4.6	node_modules/@acala-network/chopsticks-utils/node_modules/@polkadot/rpc-provider/
[2025-09-09T20:03:44.120Z] [WARN] @polkadot/api-derive has multiple versions, ensure that there is only one installed.
Either remove and explicitly install matching versions or dedupe using your package manager.
The following conflicting packages were found:
	esm 12.4.2	node_modules/@polkadot/api-derive/
	esm 16.4.6	node_modules/@acala-network/chopsticks/node_modules/@polkadot/api-derive/
	esm 16.4.6	node_modules/@acala-network/chopsticks-utils/node_modules/@polkadot/api-derive/
[2025-09-09T20:03:44.120Z] [WARN] @polkadot/rpc-core has multiple versions, ensure that there is only one installed.
Either remove and explicitly install matching versions or dedupe using your package manager.
The following conflicting packages were found:
	esm 12.4.2	node_modules/@polkadot/rpc-core/
	esm 16.4.6	node_modules/@acala-network/chopsticks/node_modules/@polkadot/rpc-core/
	esm 16.4.6	node_modules/@acala-network/chopsticks-utils/node_modules/@polkadot/rpc-core/
[2025-09-09T20:03:44.120Z] [WARN] @polkadot/types has multiple versions, ensure that there is only one installed.
Either remove and explicitly install matching versions or dedupe using your package manager.
The following conflicting packages were found:
	esm 12.4.2	node_modules/@polkadot/types/
	esm 16.4.6	node_modules/@acala-network/chopsticks-core/node_modules/@polkadot/types/
	esm 16.4.6	node_modules/@acala-network/chopsticks/node_modules/@polkadot/types/
	esm 16.4.6	node_modules/@acala-network/chopsticks-utils/node_modules/@polkadot/types/
[2025-09-09T20:03:44.121Z] [WARN] @polkadot/types-create has multiple versions, ensure that there is only one installed.
Either remove and explicitly install matching versions or dedupe using your package manager.
The following conflicting packages were found:
	esm 12.4.2	node_modules/@polkadot/types-create/
	esm 16.4.6	node_modules/@acala-network/chopsticks-core/node_modules/@polkadot/types-create/
	esm 16.4.6	node_modules/@acala-network/chopsticks/node_modules/@polkadot/types-create/
	esm 16.4.6	node_modules/@acala-network/chopsticks-utils/node_modules/@polkadot/types-create/
[2025-09-09T20:03:44.121Z] [WARN] @polkadot/types-codec has multiple versions, ensure that there is only one installed.
Either remove and explicitly install matching versions or dedupe using your package manager.
The following conflicting packages were found:
	esm 12.4.2	node_modules/@polkadot/types-codec/
	esm 16.4.6	node_modules/@acala-network/chopsticks-core/node_modules/@polkadot/types-codec/
	esm 16.4.6	node_modules/@acala-network/chopsticks/node_modules/@polkadot/types-codec/
	esm 16.4.6	node_modules/@acala-network/chopsticks-utils/node_modules/@polkadot/types-codec/
[2025-09-09T20:03:44.123Z] [WARN] @polkadot/types-known has multiple versions, ensure that there is only one installed.
Either remove and explicitly install matching versions or dedupe using your package manager.
The following conflicting packages were found:
	esm 12.4.2	node_modules/@polkadot/types-known/
	esm 16.4.6	node_modules/@acala-network/chopsticks/node_modules/@polkadot/types-known/
	esm 16.4.6	node_modules/@acala-network/chopsticks-utils/node_modules/@polkadot/types-known/
[2025-09-09T20:03:44.158Z] [LOG] [dotenv@17.2.1] injecting env (0) from .env -- tip: 📡 observe env with Radar: https://dotenvx.com/radar
[2025-09-09T20:03:45.973Z] [LOG] Setting up AssetHub network with options: {
  "runtimeLogLevel": 5,
  "blockNumber": 9651100,
  "port": 8001,
  "endpoint": [
    "wss://polkadot-asset-hub-rpc.polkadot.io"
  ],
  "db": "assethub-db.sqlite",
  "processQueuedMessages": true
}
[2025-09-09T20:03:49.426Z] [LOG] siblingSovereignAccount 0x7369626c2b080000000000000000000000000000000000000000000000000000
[2025-09-09T20:09:15.002Z] [LOG] Test setup initialized - logging to test-output.log
[2025-09-09T20:09:15.265Z] [WARN] @polkadot/types-codec has multiple versions, ensure that there is only one installed.
Either remove and explicitly install matching versions or dedupe using your package manager.
The following conflicting packages were found:
	esm 12.4.2	node_modules/@polkadot/types-codec/
	esm 16.4.6	node_modules/@acala-network/chopsticks-core/node_modules/@polkadot/types-codec/
[2025-09-09T20:09:15.266Z] [WARN] @polkadot/types has multiple versions, ensure that there is only one installed.
Either remove and explicitly install matching versions or dedupe using your package manager.
The following conflicting packages were found:
	esm 12.4.2	node_modules/@polkadot/types/
	esm 16.4.6	node_modules/@acala-network/chopsticks-core/node_modules/@polkadot/types/
[2025-09-09T20:09:15.267Z] [WARN] @polkadot/types-create has multiple versions, ensure that there is only one installed.
Either remove and explicitly install matching versions or dedupe using your package manager.
The following conflicting packages were found:
	esm 12.4.2	node_modules/@polkadot/types-create/
	esm 16.4.6	node_modules/@acala-network/chopsticks-core/node_modules/@polkadot/types-create/
[2025-09-09T20:09:15.270Z] [WARN] @polkadot/rpc-provider has multiple versions, ensure that there is only one installed.
Either remove and explicitly install matching versions or dedupe using your package manager.
The following conflicting packages were found:
	esm 12.4.2	node_modules/@polkadot/rpc-provider/
	esm 16.4.6	node_modules/@acala-network/chopsticks-core/node_modules/@polkadot/rpc-provider/
[2025-09-09T20:09:16.012Z] [WARN] @polkadot/rpc-augment has multiple versions, ensure that there is only one installed.
Either remove and explicitly install matching versions or dedupe using your package manager.
The following conflicting packages were found:
	esm 12.4.2	node_modules/@polkadot/rpc-augment/
	esm 16.4.6	node_modules/@acala-network/chopsticks/node_modules/@polkadot/rpc-augment/
[2025-09-09T20:09:16.214Z] [WARN] @polkadot/api has multiple versions, ensure that there is only one installed.
Either remove and explicitly install matching versions or dedupe using your package manager.
The following conflicting packages were found:
	esm 12.4.2	node_modules/@polkadot/api/
	esm 16.4.6	node_modules/@acala-network/chopsticks/node_modules/@polkadot/api/
[2025-09-09T20:09:16.214Z] [WARN] @polkadot/rpc-provider has multiple versions, ensure that there is only one installed.
Either remove and explicitly install matching versions or dedupe using your package manager.
The following conflicting packages were found:
	esm 12.4.2	node_modules/@polkadot/rpc-provider/
	esm 16.4.6	node_modules/@acala-network/chopsticks-core/node_modules/@polkadot/rpc-provider/
	esm 16.4.6	node_modules/@acala-network/chopsticks/node_modules/@polkadot/rpc-provider/
[2025-09-09T20:09:16.214Z] [WARN] @polkadot/api-derive has multiple versions, ensure that there is only one installed.
Either remove and explicitly install matching versions or dedupe using your package manager.
The following conflicting packages were found:
	esm 12.4.2	node_modules/@polkadot/api-derive/
	esm 16.4.6	node_modules/@acala-network/chopsticks/node_modules/@polkadot/api-derive/
[2025-09-09T20:09:16.214Z] [WARN] @polkadot/rpc-core has multiple versions, ensure that there is only one installed.
Either remove and explicitly install matching versions or dedupe using your package manager.
The following conflicting packages were found:
	esm 12.4.2	node_modules/@polkadot/rpc-core/
	esm 16.4.6	node_modules/@acala-network/chopsticks/node_modules/@polkadot/rpc-core/
[2025-09-09T20:09:16.215Z] [WARN] @polkadot/types has multiple versions, ensure that there is only one installed.
Either remove and explicitly install matching versions or dedupe using your package manager.
The following conflicting packages were found:
	esm 12.4.2	node_modules/@polkadot/types/
	esm 16.4.6	node_modules/@acala-network/chopsticks-core/node_modules/@polkadot/types/
	esm 16.4.6	node_modules/@acala-network/chopsticks/node_modules/@polkadot/types/
[2025-09-09T20:09:16.215Z] [WARN] @polkadot/types-create has multiple versions, ensure that there is only one installed.
Either remove and explicitly install matching versions or dedupe using your package manager.
The following conflicting packages were found:
	esm 12.4.2	node_modules/@polkadot/types-create/
	esm 16.4.6	node_modules/@acala-network/chopsticks-core/node_modules/@polkadot/types-create/
	esm 16.4.6	node_modules/@acala-network/chopsticks/node_modules/@polkadot/types-create/
[2025-09-09T20:09:16.215Z] [WARN] @polkadot/types-codec has multiple versions, ensure that there is only one installed.
Either remove and explicitly install matching versions or dedupe using your package manager.
The following conflicting packages were found:
	esm 12.4.2	node_modules/@polkadot/types-codec/
	esm 16.4.6	node_modules/@acala-network/chopsticks-core/node_modules/@polkadot/types-codec/
	esm 16.4.6	node_modules/@acala-network/chopsticks/node_modules/@polkadot/types-codec/
[2025-09-09T20:09:16.218Z] [WARN] @polkadot/types-known has multiple versions, ensure that there is only one installed.
Either remove and explicitly install matching versions or dedupe using your package manager.
The following conflicting packages were found:
	esm 12.4.2	node_modules/@polkadot/types-known/
	esm 16.4.6	node_modules/@acala-network/chopsticks/node_modules/@polkadot/types-known/
[2025-09-09T20:09:16.220Z] [WARN] @polkadot/api has multiple versions, ensure that there is only one installed.
Either remove and explicitly install matching versions or dedupe using your package manager.
The following conflicting packages were found:
	esm 12.4.2	node_modules/@polkadot/api/
	esm 16.4.6	node_modules/@acala-network/chopsticks/node_modules/@polkadot/api/
	esm 16.4.6	node_modules/@acala-network/chopsticks-utils/node_modules/@polkadot/api/
[2025-09-09T20:09:16.220Z] [WARN] @polkadot/rpc-augment has multiple versions, ensure that there is only one installed.
Either remove and explicitly install matching versions or dedupe using your package manager.
The following conflicting packages were found:
	esm 12.4.2	node_modules/@polkadot/rpc-augment/
	esm 16.4.6	node_modules/@acala-network/chopsticks/node_modules/@polkadot/rpc-augment/
	esm 16.4.6	node_modules/@acala-network/chopsticks-utils/node_modules/@polkadot/rpc-augment/
[2025-09-09T20:09:16.220Z] [WARN] @polkadot/rpc-provider has multiple versions, ensure that there is only one installed.
Either remove and explicitly install matching versions or dedupe using your package manager.
The following conflicting packages were found:
	esm 12.4.2	node_modules/@polkadot/rpc-provider/
	esm 16.4.6	node_modules/@acala-network/chopsticks-core/node_modules/@polkadot/rpc-provider/
	esm 16.4.6	node_modules/@acala-network/chopsticks/node_modules/@polkadot/rpc-provider/
	esm 16.4.6	node_modules/@acala-network/chopsticks-utils/node_modules/@polkadot/rpc-provider/
[2025-09-09T20:09:16.220Z] [WARN] @polkadot/api-derive has multiple versions, ensure that there is only one installed.
Either remove and explicitly install matching versions or dedupe using your package manager.
The following conflicting packages were found:
	esm 12.4.2	node_modules/@polkadot/api-derive/
	esm 16.4.6	node_modules/@acala-network/chopsticks/node_modules/@polkadot/api-derive/
	esm 16.4.6	node_modules/@acala-network/chopsticks-utils/node_modules/@polkadot/api-derive/
[2025-09-09T20:09:16.221Z] [WARN] @polkadot/rpc-core has multiple versions, ensure that there is only one installed.
Either remove and explicitly install matching versions or dedupe using your package manager.
The following conflicting packages were found:
	esm 12.4.2	node_modules/@polkadot/rpc-core/
	esm 16.4.6	node_modules/@acala-network/chopsticks/node_modules/@polkadot/rpc-core/
	esm 16.4.6	node_modules/@acala-network/chopsticks-utils/node_modules/@polkadot/rpc-core/
[2025-09-09T20:09:16.221Z] [WARN] @polkadot/types has multiple versions, ensure that there is only one installed.
Either remove and explicitly install matching versions or dedupe using your package manager.
The following conflicting packages were found:
	esm 12.4.2	node_modules/@polkadot/types/
	esm 16.4.6	node_modules/@acala-network/chopsticks-core/node_modules/@polkadot/types/
	esm 16.4.6	node_modules/@acala-network/chopsticks/node_modules/@polkadot/types/
	esm 16.4.6	node_modules/@acala-network/chopsticks-utils/node_modules/@polkadot/types/
[2025-09-09T20:09:16.221Z] [WARN] @polkadot/types-create has multiple versions, ensure that there is only one installed.
Either remove and explicitly install matching versions or dedupe using your package manager.
The following conflicting packages were found:
	esm 12.4.2	node_modules/@polkadot/types-create/
	esm 16.4.6	node_modules/@acala-network/chopsticks-core/node_modules/@polkadot/types-create/
	esm 16.4.6	node_modules/@acala-network/chopsticks/node_modules/@polkadot/types-create/
	esm 16.4.6	node_modules/@acala-network/chopsticks-utils/node_modules/@polkadot/types-create/
[2025-09-09T20:09:16.222Z] [WARN] @polkadot/types-codec has multiple versions, ensure that there is only one installed.
Either remove and explicitly install matching versions or dedupe using your package manager.
The following conflicting packages were found:
	esm 12.4.2	node_modules/@polkadot/types-codec/
	esm 16.4.6	node_modules/@acala-network/chopsticks-core/node_modules/@polkadot/types-codec/
	esm 16.4.6	node_modules/@acala-network/chopsticks/node_modules/@polkadot/types-codec/
	esm 16.4.6	node_modules/@acala-network/chopsticks-utils/node_modules/@polkadot/types-codec/
[2025-09-09T20:09:16.224Z] [WARN] @polkadot/types-known has multiple versions, ensure that there is only one installed.
Either remove and explicitly install matching versions or dedupe using your package manager.
The following conflicting packages were found:
	esm 12.4.2	node_modules/@polkadot/types-known/
	esm 16.4.6	node_modules/@acala-network/chopsticks/node_modules/@polkadot/types-known/
	esm 16.4.6	node_modules/@acala-network/chopsticks-utils/node_modules/@polkadot/types-known/
[2025-09-09T20:09:16.270Z] [LOG] [dotenv@17.2.1] injecting env (0) from .env -- tip: ⚙️  suppress all logs with { quiet: true }
[2025-09-09T20:09:18.123Z] [LOG] Setting up AssetHub network with options: {
  "runtimeLogLevel": 5,
  "blockNumber": 9651100,
  "port": 8001,
  "endpoint": [
    "wss://polkadot-asset-hub-rpc.polkadot.io"
  ],
  "db": "assethub-db.sqlite",
  "processQueuedMessages": true
}
[2025-09-09T20:09:22.073Z] [LOG] siblingSovereignAccount 0x7369626c2b080000000000000000000000000000000000000000000000000000
[2025-09-09T20:09:30.053Z] [LOG] Test setup initialized - logging to test-output.log
[2025-09-09T20:09:30.289Z] [WARN] @polkadot/types-codec has multiple versions, ensure that there is only one installed.
Either remove and explicitly install matching versions or dedupe using your package manager.
The following conflicting packages were found:
	esm 12.4.2	node_modules/@polkadot/types-codec/
	esm 16.4.6	node_modules/@acala-network/chopsticks-core/node_modules/@polkadot/types-codec/
[2025-09-09T20:09:30.290Z] [WARN] @polkadot/types has multiple versions, ensure that there is only one installed.
Either remove and explicitly install matching versions or dedupe using your package manager.
The following conflicting packages were found:
	esm 12.4.2	node_modules/@polkadot/types/
	esm 16.4.6	node_modules/@acala-network/chopsticks-core/node_modules/@polkadot/types/
[2025-09-09T20:09:30.291Z] [WARN] @polkadot/types-create has multiple versions, ensure that there is only one installed.
Either remove and explicitly install matching versions or dedupe using your package manager.
The following conflicting packages were found:
	esm 12.4.2	node_modules/@polkadot/types-create/
	esm 16.4.6	node_modules/@acala-network/chopsticks-core/node_modules/@polkadot/types-create/
[2025-09-09T20:09:30.294Z] [WARN] @polkadot/rpc-provider has multiple versions, ensure that there is only one installed.
Either remove and explicitly install matching versions or dedupe using your package manager.
The following conflicting packages were found:
	esm 12.4.2	node_modules/@polkadot/rpc-provider/
	esm 16.4.6	node_modules/@acala-network/chopsticks-core/node_modules/@polkadot/rpc-provider/
[2025-09-09T20:09:30.918Z] [WARN] @polkadot/rpc-augment has multiple versions, ensure that there is only one installed.
Either remove and explicitly install matching versions or dedupe using your package manager.
The following conflicting packages were found:
	esm 12.4.2	node_modules/@polkadot/rpc-augment/
	esm 16.4.6	node_modules/@acala-network/chopsticks/node_modules/@polkadot/rpc-augment/
[2025-09-09T20:09:31.078Z] [WARN] @polkadot/api has multiple versions, ensure that there is only one installed.
Either remove and explicitly install matching versions or dedupe using your package manager.
The following conflicting packages were found:
	esm 12.4.2	node_modules/@polkadot/api/
	esm 16.4.6	node_modules/@acala-network/chopsticks/node_modules/@polkadot/api/
[2025-09-09T20:09:31.078Z] [WARN] @polkadot/rpc-provider has multiple versions, ensure that there is only one installed.
Either remove and explicitly install matching versions or dedupe using your package manager.
The following conflicting packages were found:
	esm 12.4.2	node_modules/@polkadot/rpc-provider/
	esm 16.4.6	node_modules/@acala-network/chopsticks-core/node_modules/@polkadot/rpc-provider/
	esm 16.4.6	node_modules/@acala-network/chopsticks/node_modules/@polkadot/rpc-provider/
[2025-09-09T20:09:31.078Z] [WARN] @polkadot/api-derive has multiple versions, ensure that there is only one installed.
Either remove and explicitly install matching versions or dedupe using your package manager.
The following conflicting packages were found:
	esm 12.4.2	node_modules/@polkadot/api-derive/
	esm 16.4.6	node_modules/@acala-network/chopsticks/node_modules/@polkadot/api-derive/
[2025-09-09T20:09:31.078Z] [WARN] @polkadot/rpc-core has multiple versions, ensure that there is only one installed.
Either remove and explicitly install matching versions or dedupe using your package manager.
The following conflicting packages were found:
	esm 12.4.2	node_modules/@polkadot/rpc-core/
	esm 16.4.6	node_modules/@acala-network/chopsticks/node_modules/@polkadot/rpc-core/
[2025-09-09T20:09:31.078Z] [WARN] @polkadot/types has multiple versions, ensure that there is only one installed.
Either remove and explicitly install matching versions or dedupe using your package manager.
The following conflicting packages were found:
	esm 12.4.2	node_modules/@polkadot/types/
	esm 16.4.6	node_modules/@acala-network/chopsticks-core/node_modules/@polkadot/types/
	esm 16.4.6	node_modules/@acala-network/chopsticks/node_modules/@polkadot/types/
[2025-09-09T20:09:31.079Z] [WARN] @polkadot/types-create has multiple versions, ensure that there is only one installed.
Either remove and explicitly install matching versions or dedupe using your package manager.
The following conflicting packages were found:
	esm 12.4.2	node_modules/@polkadot/types-create/
	esm 16.4.6	node_modules/@acala-network/chopsticks-core/node_modules/@polkadot/types-create/
	esm 16.4.6	node_modules/@acala-network/chopsticks/node_modules/@polkadot/types-create/
[2025-09-09T20:09:31.079Z] [WARN] @polkadot/types-codec has multiple versions, ensure that there is only one installed.
Either remove and explicitly install matching versions or dedupe using your package manager.
The following conflicting packages were found:
	esm 12.4.2	node_modules/@polkadot/types-codec/
	esm 16.4.6	node_modules/@acala-network/chopsticks-core/node_modules/@polkadot/types-codec/
	esm 16.4.6	node_modules/@acala-network/chopsticks/node_modules/@polkadot/types-codec/
[2025-09-09T20:09:31.081Z] [WARN] @polkadot/types-known has multiple versions, ensure that there is only one installed.
Either remove and explicitly install matching versions or dedupe using your package manager.
The following conflicting packages were found:
	esm 12.4.2	node_modules/@polkadot/types-known/
	esm 16.4.6	node_modules/@acala-network/chopsticks/node_modules/@polkadot/types-known/
[2025-09-09T20:09:31.085Z] [WARN] @polkadot/api has multiple versions, ensure that there is only one installed.
Either remove and explicitly install matching versions or dedupe using your package manager.
The following conflicting packages were found:
	esm 12.4.2	node_modules/@polkadot/api/
	esm 16.4.6	node_modules/@acala-network/chopsticks/node_modules/@polkadot/api/
	esm 16.4.6	node_modules/@acala-network/chopsticks-utils/node_modules/@polkadot/api/
[2025-09-09T20:09:31.085Z] [WARN] @polkadot/rpc-augment has multiple versions, ensure that there is only one installed.
Either remove and explicitly install matching versions or dedupe using your package manager.
The following conflicting packages were found:
	esm 12.4.2	node_modules/@polkadot/rpc-augment/
	esm 16.4.6	node_modules/@acala-network/chopsticks/node_modules/@polkadot/rpc-augment/
	esm 16.4.6	node_modules/@acala-network/chopsticks-utils/node_modules/@polkadot/rpc-augment/
[2025-09-09T20:09:31.085Z] [WARN] @polkadot/rpc-provider has multiple versions, ensure that there is only one installed.
Either remove and explicitly install matching versions or dedupe using your package manager.
The following conflicting packages were found:
	esm 12.4.2	node_modules/@polkadot/rpc-provider/
	esm 16.4.6	node_modules/@acala-network/chopsticks-core/node_modules/@polkadot/rpc-provider/
	esm 16.4.6	node_modules/@acala-network/chopsticks/node_modules/@polkadot/rpc-provider/
	esm 16.4.6	node_modules/@acala-network/chopsticks-utils/node_modules/@polkadot/rpc-provider/
[2025-09-09T20:09:31.085Z] [WARN] @polkadot/api-derive has multiple versions, ensure that there is only one installed.
Either remove and explicitly install matching versions or dedupe using your package manager.
The following conflicting packages were found:
	esm 12.4.2	node_modules/@polkadot/api-derive/
	esm 16.4.6	node_modules/@acala-network/chopsticks/node_modules/@polkadot/api-derive/
	esm 16.4.6	node_modules/@acala-network/chopsticks-utils/node_modules/@polkadot/api-derive/
[2025-09-09T20:09:31.085Z] [WARN] @polkadot/rpc-core has multiple versions, ensure that there is only one installed.
Either remove and explicitly install matching versions or dedupe using your package manager.
The following conflicting packages were found:
	esm 12.4.2	node_modules/@polkadot/rpc-core/
	esm 16.4.6	node_modules/@acala-network/chopsticks/node_modules/@polkadot/rpc-core/
	esm 16.4.6	node_modules/@acala-network/chopsticks-utils/node_modules/@polkadot/rpc-core/
[2025-09-09T20:09:31.085Z] [WARN] @polkadot/types has multiple versions, ensure that there is only one installed.
Either remove and explicitly install matching versions or dedupe using your package manager.
The following conflicting packages were found:
	esm 12.4.2	node_modules/@polkadot/types/
	esm 16.4.6	node_modules/@acala-network/chopsticks-core/node_modules/@polkadot/types/
	esm 16.4.6	node_modules/@acala-network/chopsticks/node_modules/@polkadot/types/
	esm 16.4.6	node_modules/@acala-network/chopsticks-utils/node_modules/@polkadot/types/
[2025-09-09T20:09:31.086Z] [WARN] @polkadot/types-create has multiple versions, ensure that there is only one installed.
Either remove and explicitly install matching versions or dedupe using your package manager.
The following conflicting packages were found:
	esm 12.4.2	node_modules/@polkadot/types-create/
	esm 16.4.6	node_modules/@acala-network/chopsticks-core/node_modules/@polkadot/types-create/
	esm 16.4.6	node_modules/@acala-network/chopsticks/node_modules/@polkadot/types-create/
	esm 16.4.6	node_modules/@acala-network/chopsticks-utils/node_modules/@polkadot/types-create/
[2025-09-09T20:09:31.086Z] [WARN] @polkadot/types-codec has multiple versions, ensure that there is only one installed.
Either remove and explicitly install matching versions or dedupe using your package manager.
The following conflicting packages were found:
	esm 12.4.2	node_modules/@polkadot/types-codec/
	esm 16.4.6	node_modules/@acala-network/chopsticks-core/node_modules/@polkadot/types-codec/
	esm 16.4.6	node_modules/@acala-network/chopsticks/node_modules/@polkadot/types-codec/
	esm 16.4.6	node_modules/@acala-network/chopsticks-utils/node_modules/@polkadot/types-codec/
[2025-09-09T20:09:31.088Z] [WARN] @polkadot/types-known has multiple versions, ensure that there is only one installed.
Either remove and explicitly install matching versions or dedupe using your package manager.
The following conflicting packages were found:
	esm 12.4.2	node_modules/@polkadot/types-known/
	esm 16.4.6	node_modules/@acala-network/chopsticks/node_modules/@polkadot/types-known/
	esm 16.4.6	node_modules/@acala-network/chopsticks-utils/node_modules/@polkadot/types-known/
[2025-09-09T20:09:31.119Z] [LOG] [dotenv@17.2.1] injecting env (0) from .env -- tip: 🛠️  run anywhere with `dotenvx run -- yourcommand`
[2025-09-09T20:09:32.658Z] [LOG] Setting up AssetHub network with options: {
  "runtimeLogLevel": 5,
  "blockNumber": 9651100,
  "port": 8001,
  "endpoint": [
    "wss://polkadot-asset-hub-rpc.polkadot.io"
  ],
  "db": "assethub-db.sqlite",
  "processQueuedMessages": true
}
[2025-09-09T20:09:36.404Z] [LOG] siblingSovereignAccount 0x7369626c2b080000000000000000000000000000000000000000000000000000
[2025-09-09T20:10:43.862Z] [LOG] Test setup initialized - logging to test-output.log
[2025-09-09T20:10:46.681Z] [LOG] Test setup initialized - logging to test-output.log
[2025-09-09T20:11:22.604Z] [LOG] Test setup initialized - logging to test-output.log
[2025-09-09T20:11:22.863Z] [WARN] @polkadot/types-codec has multiple versions, ensure that there is only one installed.
Either remove and explicitly install matching versions or dedupe using your package manager.
The following conflicting packages were found:
	esm 12.4.2	node_modules/@polkadot/types-codec/
	esm 16.4.6	node_modules/@acala-network/chopsticks-core/node_modules/@polkadot/types-codec/
[2025-09-09T20:11:22.864Z] [WARN] @polkadot/types has multiple versions, ensure that there is only one installed.
Either remove and explicitly install matching versions or dedupe using your package manager.
The following conflicting packages were found:
	esm 12.4.2	node_modules/@polkadot/types/
	esm 16.4.6	node_modules/@acala-network/chopsticks-core/node_modules/@polkadot/types/
[2025-09-09T20:11:22.865Z] [WARN] @polkadot/types-create has multiple versions, ensure that there is only one installed.
Either remove and explicitly install matching versions or dedupe using your package manager.
The following conflicting packages were found:
	esm 12.4.2	node_modules/@polkadot/types-create/
	esm 16.4.6	node_modules/@acala-network/chopsticks-core/node_modules/@polkadot/types-create/
[2025-09-09T20:11:22.869Z] [WARN] @polkadot/rpc-provider has multiple versions, ensure that there is only one installed.
Either remove and explicitly install matching versions or dedupe using your package manager.
The following conflicting packages were found:
	esm 12.4.2	node_modules/@polkadot/rpc-provider/
	esm 16.4.6	node_modules/@acala-network/chopsticks-core/node_modules/@polkadot/rpc-provider/
[2025-09-09T20:11:23.584Z] [WARN] @polkadot/rpc-augment has multiple versions, ensure that there is only one installed.
Either remove and explicitly install matching versions or dedupe using your package manager.
The following conflicting packages were found:
	esm 12.4.2	node_modules/@polkadot/rpc-augment/
	esm 16.4.6	node_modules/@acala-network/chopsticks/node_modules/@polkadot/rpc-augment/
[2025-09-09T20:11:23.708Z] [WARN] @polkadot/api has multiple versions, ensure that there is only one installed.
Either remove and explicitly install matching versions or dedupe using your package manager.
The following conflicting packages were found:
	esm 12.4.2	node_modules/@polkadot/api/
	esm 16.4.6	node_modules/@acala-network/chopsticks/node_modules/@polkadot/api/
[2025-09-09T20:11:23.708Z] [WARN] @polkadot/rpc-provider has multiple versions, ensure that there is only one installed.
Either remove and explicitly install matching versions or dedupe using your package manager.
The following conflicting packages were found:
	esm 12.4.2	node_modules/@polkadot/rpc-provider/
	esm 16.4.6	node_modules/@acala-network/chopsticks-core/node_modules/@polkadot/rpc-provider/
	esm 16.4.6	node_modules/@acala-network/chopsticks/node_modules/@polkadot/rpc-provider/
[2025-09-09T20:11:23.709Z] [WARN] @polkadot/api-derive has multiple versions, ensure that there is only one installed.
Either remove and explicitly install matching versions or dedupe using your package manager.
The following conflicting packages were found:
	esm 12.4.2	node_modules/@polkadot/api-derive/
	esm 16.4.6	node_modules/@acala-network/chopsticks/node_modules/@polkadot/api-derive/
[2025-09-09T20:11:23.709Z] [WARN] @polkadot/rpc-core has multiple versions, ensure that there is only one installed.
Either remove and explicitly install matching versions or dedupe using your package manager.
The following conflicting packages were found:
	esm 12.4.2	node_modules/@polkadot/rpc-core/
	esm 16.4.6	node_modules/@acala-network/chopsticks/node_modules/@polkadot/rpc-core/
[2025-09-09T20:11:23.709Z] [WARN] @polkadot/types has multiple versions, ensure that there is only one installed.
Either remove and explicitly install matching versions or dedupe using your package manager.
The following conflicting packages were found:
	esm 12.4.2	node_modules/@polkadot/types/
	esm 16.4.6	node_modules/@acala-network/chopsticks-core/node_modules/@polkadot/types/
	esm 16.4.6	node_modules/@acala-network/chopsticks/node_modules/@polkadot/types/
[2025-09-09T20:11:23.710Z] [WARN] @polkadot/types-create has multiple versions, ensure that there is only one installed.
Either remove and explicitly install matching versions or dedupe using your package manager.
The following conflicting packages were found:
	esm 12.4.2	node_modules/@polkadot/types-create/
	esm 16.4.6	node_modules/@acala-network/chopsticks-core/node_modules/@polkadot/types-create/
	esm 16.4.6	node_modules/@acala-network/chopsticks/node_modules/@polkadot/types-create/
[2025-09-09T20:11:23.710Z] [WARN] @polkadot/types-codec has multiple versions, ensure that there is only one installed.
Either remove and explicitly install matching versions or dedupe using your package manager.
The following conflicting packages were found:
	esm 12.4.2	node_modules/@polkadot/types-codec/
	esm 16.4.6	node_modules/@acala-network/chopsticks-core/node_modules/@polkadot/types-codec/
	esm 16.4.6	node_modules/@acala-network/chopsticks/node_modules/@polkadot/types-codec/
[2025-09-09T20:11:23.712Z] [WARN] @polkadot/types-known has multiple versions, ensure that there is only one installed.
Either remove and explicitly install matching versions or dedupe using your package manager.
The following conflicting packages were found:
	esm 12.4.2	node_modules/@polkadot/types-known/
	esm 16.4.6	node_modules/@acala-network/chopsticks/node_modules/@polkadot/types-known/
[2025-09-09T20:11:23.714Z] [WARN] @polkadot/api has multiple versions, ensure that there is only one installed.
Either remove and explicitly install matching versions or dedupe using your package manager.
The following conflicting packages were found:
	esm 12.4.2	node_modules/@polkadot/api/
	esm 16.4.6	node_modules/@acala-network/chopsticks/node_modules/@polkadot/api/
	esm 16.4.6	node_modules/@acala-network/chopsticks-utils/node_modules/@polkadot/api/
[2025-09-09T20:11:23.714Z] [WARN] @polkadot/rpc-augment has multiple versions, ensure that there is only one installed.
Either remove and explicitly install matching versions or dedupe using your package manager.
The following conflicting packages were found:
	esm 12.4.2	node_modules/@polkadot/rpc-augment/
	esm 16.4.6	node_modules/@acala-network/chopsticks/node_modules/@polkadot/rpc-augment/
	esm 16.4.6	node_modules/@acala-network/chopsticks-utils/node_modules/@polkadot/rpc-augment/
[2025-09-09T20:11:23.714Z] [WARN] @polkadot/rpc-provider has multiple versions, ensure that there is only one installed.
Either remove and explicitly install matching versions or dedupe using your package manager.
The following conflicting packages were found:
	esm 12.4.2	node_modules/@polkadot/rpc-provider/
	esm 16.4.6	node_modules/@acala-network/chopsticks-core/node_modules/@polkadot/rpc-provider/
	esm 16.4.6	node_modules/@acala-network/chopsticks/node_modules/@polkadot/rpc-provider/
	esm 16.4.6	node_modules/@acala-network/chopsticks-utils/node_modules/@polkadot/rpc-provider/
[2025-09-09T20:11:23.714Z] [WARN] @polkadot/api-derive has multiple versions, ensure that there is only one installed.
Either remove and explicitly install matching versions or dedupe using your package manager.
The following conflicting packages were found:
	esm 12.4.2	node_modules/@polkadot/api-derive/
	esm 16.4.6	node_modules/@acala-network/chopsticks/node_modules/@polkadot/api-derive/
	esm 16.4.6	node_modules/@acala-network/chopsticks-utils/node_modules/@polkadot/api-derive/
[2025-09-09T20:11:23.714Z] [WARN] @polkadot/rpc-core has multiple versions, ensure that there is only one installed.
Either remove and explicitly install matching versions or dedupe using your package manager.
The following conflicting packages were found:
	esm 12.4.2	node_modules/@polkadot/rpc-core/
	esm 16.4.6	node_modules/@acala-network/chopsticks/node_modules/@polkadot/rpc-core/
	esm 16.4.6	node_modules/@acala-network/chopsticks-utils/node_modules/@polkadot/rpc-core/
[2025-09-09T20:11:23.714Z] [WARN] @polkadot/types has multiple versions, ensure that there is only one installed.
Either remove and explicitly install matching versions or dedupe using your package manager.
The following conflicting packages were found:
	esm 12.4.2	node_modules/@polkadot/types/
	esm 16.4.6	node_modules/@acala-network/chopsticks-core/node_modules/@polkadot/types/
	esm 16.4.6	node_modules/@acala-network/chopsticks/node_modules/@polkadot/types/
	esm 16.4.6	node_modules/@acala-network/chopsticks-utils/node_modules/@polkadot/types/
[2025-09-09T20:11:23.715Z] [WARN] @polkadot/types-create has multiple versions, ensure that there is only one installed.
Either remove and explicitly install matching versions or dedupe using your package manager.
The following conflicting packages were found:
	esm 12.4.2	node_modules/@polkadot/types-create/
	esm 16.4.6	node_modules/@acala-network/chopsticks-core/node_modules/@polkadot/types-create/
	esm 16.4.6	node_modules/@acala-network/chopsticks/node_modules/@polkadot/types-create/
	esm 16.4.6	node_modules/@acala-network/chopsticks-utils/node_modules/@polkadot/types-create/
[2025-09-09T20:11:23.715Z] [WARN] @polkadot/types-codec has multiple versions, ensure that there is only one installed.
Either remove and explicitly install matching versions or dedupe using your package manager.
The following conflicting packages were found:
	esm 12.4.2	node_modules/@polkadot/types-codec/
	esm 16.4.6	node_modules/@acala-network/chopsticks-core/node_modules/@polkadot/types-codec/
	esm 16.4.6	node_modules/@acala-network/chopsticks/node_modules/@polkadot/types-codec/
	esm 16.4.6	node_modules/@acala-network/chopsticks-utils/node_modules/@polkadot/types-codec/
[2025-09-09T20:11:23.718Z] [WARN] @polkadot/types-known has multiple versions, ensure that there is only one installed.
Either remove and explicitly install matching versions or dedupe using your package manager.
The following conflicting packages were found:
	esm 12.4.2	node_modules/@polkadot/types-known/
	esm 16.4.6	node_modules/@acala-network/chopsticks/node_modules/@polkadot/types-known/
	esm 16.4.6	node_modules/@acala-network/chopsticks-utils/node_modules/@polkadot/types-known/
[2025-09-09T20:11:23.793Z] [LOG] [dotenv@17.2.1] injecting env (0) from .env -- tip: 🛠️  run anywhere with `dotenvx run -- yourcommand`
[2025-09-09T20:11:25.573Z] [LOG] Setting up AssetHub network with options: {
  "runtimeLogLevel": 5,
  "blockNumber": 9651100,
  "port": 8001,
  "endpoint": [
    "wss://polkadot-asset-hub-rpc.polkadot.io"
  ],
  "db": "assethub-db.sqlite",
  "processQueuedMessages": true
}
[2025-09-09T20:11:29.122Z] [LOG] siblingSovereignAccount 0x7369626c2b080000000000000000000000000000000000000000000000000000
[2025-09-09T20:12:16.915Z] [LOG] Test setup initialized - logging to test-output.log
[2025-09-09T20:12:17.153Z] [WARN] @polkadot/types-codec has multiple versions, ensure that there is only one installed.
Either remove and explicitly install matching versions or dedupe using your package manager.
The following conflicting packages were found:
	esm 12.4.2	node_modules/@polkadot/types-codec/
	esm 16.4.6	node_modules/@acala-network/chopsticks-core/node_modules/@polkadot/types-codec/
[2025-09-09T20:12:17.156Z] [WARN] @polkadot/types has multiple versions, ensure that there is only one installed.
Either remove and explicitly install matching versions or dedupe using your package manager.
The following conflicting packages were found:
	esm 12.4.2	node_modules/@polkadot/types/
	esm 16.4.6	node_modules/@acala-network/chopsticks-core/node_modules/@polkadot/types/
[2025-09-09T20:12:17.160Z] [WARN] @polkadot/types-create has multiple versions, ensure that there is only one installed.
Either remove and explicitly install matching versions or dedupe using your package manager.
The following conflicting packages were found:
	esm 12.4.2	node_modules/@polkadot/types-create/
	esm 16.4.6	node_modules/@acala-network/chopsticks-core/node_modules/@polkadot/types-create/
[2025-09-09T20:12:17.172Z] [WARN] @polkadot/rpc-provider has multiple versions, ensure that there is only one installed.
Either remove and explicitly install matching versions or dedupe using your package manager.
The following conflicting packages were found:
	esm 12.4.2	node_modules/@polkadot/rpc-provider/
	esm 16.4.6	node_modules/@acala-network/chopsticks-core/node_modules/@polkadot/rpc-provider/
[2025-09-09T20:12:17.815Z] [WARN] @polkadot/rpc-augment has multiple versions, ensure that there is only one installed.
Either remove and explicitly install matching versions or dedupe using your package manager.
The following conflicting packages were found:
	esm 12.4.2	node_modules/@polkadot/rpc-augment/
	esm 16.4.6	node_modules/@acala-network/chopsticks/node_modules/@polkadot/rpc-augment/
[2025-09-09T20:12:17.925Z] [WARN] @polkadot/api has multiple versions, ensure that there is only one installed.
Either remove and explicitly install matching versions or dedupe using your package manager.
The following conflicting packages were found:
	esm 12.4.2	node_modules/@polkadot/api/
	esm 16.4.6	node_modules/@acala-network/chopsticks/node_modules/@polkadot/api/
[2025-09-09T20:12:17.925Z] [WARN] @polkadot/rpc-provider has multiple versions, ensure that there is only one installed.
Either remove and explicitly install matching versions or dedupe using your package manager.
The following conflicting packages were found:
	esm 12.4.2	node_modules/@polkadot/rpc-provider/
	esm 16.4.6	node_modules/@acala-network/chopsticks-core/node_modules/@polkadot/rpc-provider/
	esm 16.4.6	node_modules/@acala-network/chopsticks/node_modules/@polkadot/rpc-provider/
[2025-09-09T20:12:17.925Z] [WARN] @polkadot/api-derive has multiple versions, ensure that there is only one installed.
Either remove and explicitly install matching versions or dedupe using your package manager.
The following conflicting packages were found:
	esm 12.4.2	node_modules/@polkadot/api-derive/
	esm 16.4.6	node_modules/@acala-network/chopsticks/node_modules/@polkadot/api-derive/
[2025-09-09T20:12:17.925Z] [WARN] @polkadot/rpc-core has multiple versions, ensure that there is only one installed.
Either remove and explicitly install matching versions or dedupe using your package manager.
The following conflicting packages were found:
	esm 12.4.2	node_modules/@polkadot/rpc-core/
	esm 16.4.6	node_modules/@acala-network/chopsticks/node_modules/@polkadot/rpc-core/
[2025-09-09T20:12:17.926Z] [WARN] @polkadot/types has multiple versions, ensure that there is only one installed.
Either remove and explicitly install matching versions or dedupe using your package manager.
The following conflicting packages were found:
	esm 12.4.2	node_modules/@polkadot/types/
	esm 16.4.6	node_modules/@acala-network/chopsticks-core/node_modules/@polkadot/types/
	esm 16.4.6	node_modules/@acala-network/chopsticks/node_modules/@polkadot/types/
[2025-09-09T20:12:17.926Z] [WARN] @polkadot/types-create has multiple versions, ensure that there is only one installed.
Either remove and explicitly install matching versions or dedupe using your package manager.
The following conflicting packages were found:
	esm 12.4.2	node_modules/@polkadot/types-create/
	esm 16.4.6	node_modules/@acala-network/chopsticks-core/node_modules/@polkadot/types-create/
	esm 16.4.6	node_modules/@acala-network/chopsticks/node_modules/@polkadot/types-create/
[2025-09-09T20:12:17.927Z] [WARN] @polkadot/types-codec has multiple versions, ensure that there is only one installed.
Either remove and explicitly install matching versions or dedupe using your package manager.
The following conflicting packages were found:
	esm 12.4.2	node_modules/@polkadot/types-codec/
	esm 16.4.6	node_modules/@acala-network/chopsticks-core/node_modules/@polkadot/types-codec/
	esm 16.4.6	node_modules/@acala-network/chopsticks/node_modules/@polkadot/types-codec/
[2025-09-09T20:12:17.929Z] [WARN] @polkadot/types-known has multiple versions, ensure that there is only one installed.
Either remove and explicitly install matching versions or dedupe using your package manager.
The following conflicting packages were found:
	esm 12.4.2	node_modules/@polkadot/types-known/
	esm 16.4.6	node_modules/@acala-network/chopsticks/node_modules/@polkadot/types-known/
[2025-09-09T20:12:17.931Z] [WARN] @polkadot/api has multiple versions, ensure that there is only one installed.
Either remove and explicitly install matching versions or dedupe using your package manager.
The following conflicting packages were found:
	esm 12.4.2	node_modules/@polkadot/api/
	esm 16.4.6	node_modules/@acala-network/chopsticks/node_modules/@polkadot/api/
	esm 16.4.6	node_modules/@acala-network/chopsticks-utils/node_modules/@polkadot/api/
[2025-09-09T20:12:17.931Z] [WARN] @polkadot/rpc-augment has multiple versions, ensure that there is only one installed.
Either remove and explicitly install matching versions or dedupe using your package manager.
The following conflicting packages were found:
	esm 12.4.2	node_modules/@polkadot/rpc-augment/
	esm 16.4.6	node_modules/@acala-network/chopsticks/node_modules/@polkadot/rpc-augment/
	esm 16.4.6	node_modules/@acala-network/chopsticks-utils/node_modules/@polkadot/rpc-augment/
[2025-09-09T20:12:17.931Z] [WARN] @polkadot/rpc-provider has multiple versions, ensure that there is only one installed.
Either remove and explicitly install matching versions or dedupe using your package manager.
The following conflicting packages were found:
	esm 12.4.2	node_modules/@polkadot/rpc-provider/
	esm 16.4.6	node_modules/@acala-network/chopsticks-core/node_modules/@polkadot/rpc-provider/
	esm 16.4.6	node_modules/@acala-network/chopsticks/node_modules/@polkadot/rpc-provider/
	esm 16.4.6	node_modules/@acala-network/chopsticks-utils/node_modules/@polkadot/rpc-provider/
[2025-09-09T20:12:17.931Z] [WARN] @polkadot/api-derive has multiple versions, ensure that there is only one installed.
Either remove and explicitly install matching versions or dedupe using your package manager.
The following conflicting packages were found:
	esm 12.4.2	node_modules/@polkadot/api-derive/
	esm 16.4.6	node_modules/@acala-network/chopsticks/node_modules/@polkadot/api-derive/
	esm 16.4.6	node_modules/@acala-network/chopsticks-utils/node_modules/@polkadot/api-derive/
[2025-09-09T20:12:17.931Z] [WARN] @polkadot/rpc-core has multiple versions, ensure that there is only one installed.
Either remove and explicitly install matching versions or dedupe using your package manager.
The following conflicting packages were found:
	esm 12.4.2	node_modules/@polkadot/rpc-core/
	esm 16.4.6	node_modules/@acala-network/chopsticks/node_modules/@polkadot/rpc-core/
	esm 16.4.6	node_modules/@acala-network/chopsticks-utils/node_modules/@polkadot/rpc-core/
[2025-09-09T20:12:17.931Z] [WARN] @polkadot/types has multiple versions, ensure that there is only one installed.
Either remove and explicitly install matching versions or dedupe using your package manager.
The following conflicting packages were found:
	esm 12.4.2	node_modules/@polkadot/types/
	esm 16.4.6	node_modules/@acala-network/chopsticks-core/node_modules/@polkadot/types/
	esm 16.4.6	node_modules/@acala-network/chopsticks/node_modules/@polkadot/types/
	esm 16.4.6	node_modules/@acala-network/chopsticks-utils/node_modules/@polkadot/types/
[2025-09-09T20:12:17.932Z] [WARN] @polkadot/types-create has multiple versions, ensure that there is only one installed.
Either remove and explicitly install matching versions or dedupe using your package manager.
The following conflicting packages were found:
	esm 12.4.2	node_modules/@polkadot/types-create/
	esm 16.4.6	node_modules/@acala-network/chopsticks-core/node_modules/@polkadot/types-create/
	esm 16.4.6	node_modules/@acala-network/chopsticks/node_modules/@polkadot/types-create/
	esm 16.4.6	node_modules/@acala-network/chopsticks-utils/node_modules/@polkadot/types-create/
[2025-09-09T20:12:17.932Z] [WARN] @polkadot/types-codec has multiple versions, ensure that there is only one installed.
Either remove and explicitly install matching versions or dedupe using your package manager.
The following conflicting packages were found:
	esm 12.4.2	node_modules/@polkadot/types-codec/
	esm 16.4.6	node_modules/@acala-network/chopsticks-core/node_modules/@polkadot/types-codec/
	esm 16.4.6	node_modules/@acala-network/chopsticks/node_modules/@polkadot/types-codec/
	esm 16.4.6	node_modules/@acala-network/chopsticks-utils/node_modules/@polkadot/types-codec/
[2025-09-09T20:12:17.934Z] [WARN] @polkadot/types-known has multiple versions, ensure that there is only one installed.
Either remove and explicitly install matching versions or dedupe using your package manager.
The following conflicting packages were found:
	esm 12.4.2	node_modules/@polkadot/types-known/
	esm 16.4.6	node_modules/@acala-network/chopsticks/node_modules/@polkadot/types-known/
	esm 16.4.6	node_modules/@acala-network/chopsticks-utils/node_modules/@polkadot/types-known/
[2025-09-09T20:12:17.969Z] [LOG] [dotenv@17.2.1] injecting env (0) from .env -- tip: 📡 observe env with Radar: https://dotenvx.com/radar
[2025-09-09T20:12:19.522Z] [LOG] Setting up AssetHub network with options: {
  "runtimeLogLevel": 5,
  "blockNumber": 9651100,
  "port": 8001,
  "endpoint": [
    "wss://polkadot-asset-hub-rpc.polkadot.io"
  ],
  "db": "assethub-db.sqlite",
  "processQueuedMessages": true
}
[2025-09-09T20:12:22.940Z] [LOG] siblingSovereignAccount 0x7369626c2b080000000000000000000000000000000000000000000000000000
[2025-09-09T20:12:40.771Z] [LOG] Test setup initialized - logging to test-output.log
[2025-09-09T20:12:41.014Z] [WARN] @polkadot/types-codec has multiple versions, ensure that there is only one installed.
Either remove and explicitly install matching versions or dedupe using your package manager.
The following conflicting packages were found:
	esm 12.4.2	node_modules/@polkadot/types-codec/
	esm 16.4.6	node_modules/@acala-network/chopsticks-core/node_modules/@polkadot/types-codec/
[2025-09-09T20:12:41.016Z] [WARN] @polkadot/types has multiple versions, ensure that there is only one installed.
Either remove and explicitly install matching versions or dedupe using your package manager.
The following conflicting packages were found:
	esm 12.4.2	node_modules/@polkadot/types/
	esm 16.4.6	node_modules/@acala-network/chopsticks-core/node_modules/@polkadot/types/
[2025-09-09T20:12:41.017Z] [WARN] @polkadot/types-create has multiple versions, ensure that there is only one installed.
Either remove and explicitly install matching versions or dedupe using your package manager.
The following conflicting packages were found:
	esm 12.4.2	node_modules/@polkadot/types-create/
	esm 16.4.6	node_modules/@acala-network/chopsticks-core/node_modules/@polkadot/types-create/
[2025-09-09T20:12:41.021Z] [WARN] @polkadot/rpc-provider has multiple versions, ensure that there is only one installed.
Either remove and explicitly install matching versions or dedupe using your package manager.
The following conflicting packages were found:
	esm 12.4.2	node_modules/@polkadot/rpc-provider/
	esm 16.4.6	node_modules/@acala-network/chopsticks-core/node_modules/@polkadot/rpc-provider/
[2025-09-09T20:12:41.760Z] [WARN] @polkadot/rpc-augment has multiple versions, ensure that there is only one installed.
Either remove and explicitly install matching versions or dedupe using your package manager.
The following conflicting packages were found:
	esm 12.4.2	node_modules/@polkadot/rpc-augment/
	esm 16.4.6	node_modules/@acala-network/chopsticks/node_modules/@polkadot/rpc-augment/
[2025-09-09T20:12:41.935Z] [WARN] @polkadot/api has multiple versions, ensure that there is only one installed.
Either remove and explicitly install matching versions or dedupe using your package manager.
The following conflicting packages were found:
	esm 12.4.2	node_modules/@polkadot/api/
	esm 16.4.6	node_modules/@acala-network/chopsticks/node_modules/@polkadot/api/
[2025-09-09T20:12:41.935Z] [WARN] @polkadot/rpc-provider has multiple versions, ensure that there is only one installed.
Either remove and explicitly install matching versions or dedupe using your package manager.
The following conflicting packages were found:
	esm 12.4.2	node_modules/@polkadot/rpc-provider/
	esm 16.4.6	node_modules/@acala-network/chopsticks-core/node_modules/@polkadot/rpc-provider/
	esm 16.4.6	node_modules/@acala-network/chopsticks/node_modules/@polkadot/rpc-provider/
[2025-09-09T20:12:41.935Z] [WARN] @polkadot/api-derive has multiple versions, ensure that there is only one installed.
Either remove and explicitly install matching versions or dedupe using your package manager.
The following conflicting packages were found:
	esm 12.4.2	node_modules/@polkadot/api-derive/
	esm 16.4.6	node_modules/@acala-network/chopsticks/node_modules/@polkadot/api-derive/
[2025-09-09T20:12:41.936Z] [WARN] @polkadot/rpc-core has multiple versions, ensure that there is only one installed.
Either remove and explicitly install matching versions or dedupe using your package manager.
The following conflicting packages were found:
	esm 12.4.2	node_modules/@polkadot/rpc-core/
	esm 16.4.6	node_modules/@acala-network/chopsticks/node_modules/@polkadot/rpc-core/
[2025-09-09T20:12:41.936Z] [WARN] @polkadot/types has multiple versions, ensure that there is only one installed.
Either remove and explicitly install matching versions or dedupe using your package manager.
The following conflicting packages were found:
	esm 12.4.2	node_modules/@polkadot/types/
	esm 16.4.6	node_modules/@acala-network/chopsticks-core/node_modules/@polkadot/types/
	esm 16.4.6	node_modules/@acala-network/chopsticks/node_modules/@polkadot/types/
[2025-09-09T20:12:41.937Z] [WARN] @polkadot/types-create has multiple versions, ensure that there is only one installed.
Either remove and explicitly install matching versions or dedupe using your package manager.
The following conflicting packages were found:
	esm 12.4.2	node_modules/@polkadot/types-create/
	esm 16.4.6	node_modules/@acala-network/chopsticks-core/node_modules/@polkadot/types-create/
	esm 16.4.6	node_modules/@acala-network/chopsticks/node_modules/@polkadot/types-create/
[2025-09-09T20:12:41.937Z] [WARN] @polkadot/types-codec has multiple versions, ensure that there is only one installed.
Either remove and explicitly install matching versions or dedupe using your package manager.
The following conflicting packages were found:
	esm 12.4.2	node_modules/@polkadot/types-codec/
	esm 16.4.6	node_modules/@acala-network/chopsticks-core/node_modules/@polkadot/types-codec/
	esm 16.4.6	node_modules/@acala-network/chopsticks/node_modules/@polkadot/types-codec/
[2025-09-09T20:12:41.939Z] [WARN] @polkadot/types-known has multiple versions, ensure that there is only one installed.
Either remove and explicitly install matching versions or dedupe using your package manager.
The following conflicting packages were found:
	esm 12.4.2	node_modules/@polkadot/types-known/
	esm 16.4.6	node_modules/@acala-network/chopsticks/node_modules/@polkadot/types-known/
[2025-09-09T20:12:41.941Z] [WARN] @polkadot/api has multiple versions, ensure that there is only one installed.
Either remove and explicitly install matching versions or dedupe using your package manager.
The following conflicting packages were found:
	esm 12.4.2	node_modules/@polkadot/api/
	esm 16.4.6	node_modules/@acala-network/chopsticks/node_modules/@polkadot/api/
	esm 16.4.6	node_modules/@acala-network/chopsticks-utils/node_modules/@polkadot/api/
[2025-09-09T20:12:41.941Z] [WARN] @polkadot/rpc-augment has multiple versions, ensure that there is only one installed.
Either remove and explicitly install matching versions or dedupe using your package manager.
The following conflicting packages were found:
	esm 12.4.2	node_modules/@polkadot/rpc-augment/
	esm 16.4.6	node_modules/@acala-network/chopsticks/node_modules/@polkadot/rpc-augment/
	esm 16.4.6	node_modules/@acala-network/chopsticks-utils/node_modules/@polkadot/rpc-augment/
[2025-09-09T20:12:41.941Z] [WARN] @polkadot/rpc-provider has multiple versions, ensure that there is only one installed.
Either remove and explicitly install matching versions or dedupe using your package manager.
The following conflicting packages were found:
	esm 12.4.2	node_modules/@polkadot/rpc-provider/
	esm 16.4.6	node_modules/@acala-network/chopsticks-core/node_modules/@polkadot/rpc-provider/
	esm 16.4.6	node_modules/@acala-network/chopsticks/node_modules/@polkadot/rpc-provider/
	esm 16.4.6	node_modules/@acala-network/chopsticks-utils/node_modules/@polkadot/rpc-provider/
[2025-09-09T20:12:41.941Z] [WARN] @polkadot/api-derive has multiple versions, ensure that there is only one installed.
Either remove and explicitly install matching versions or dedupe using your package manager.
The following conflicting packages were found:
	esm 12.4.2	node_modules/@polkadot/api-derive/
	esm 16.4.6	node_modules/@acala-network/chopsticks/node_modules/@polkadot/api-derive/
	esm 16.4.6	node_modules/@acala-network/chopsticks-utils/node_modules/@polkadot/api-derive/
[2025-09-09T20:12:41.941Z] [WARN] @polkadot/rpc-core has multiple versions, ensure that there is only one installed.
Either remove and explicitly install matching versions or dedupe using your package manager.
The following conflicting packages were found:
	esm 12.4.2	node_modules/@polkadot/rpc-core/
	esm 16.4.6	node_modules/@acala-network/chopsticks/node_modules/@polkadot/rpc-core/
	esm 16.4.6	node_modules/@acala-network/chopsticks-utils/node_modules/@polkadot/rpc-core/
[2025-09-09T20:12:41.941Z] [WARN] @polkadot/types has multiple versions, ensure that there is only one installed.
Either remove and explicitly install matching versions or dedupe using your package manager.
The following conflicting packages were found:
	esm 12.4.2	node_modules/@polkadot/types/
	esm 16.4.6	node_modules/@acala-network/chopsticks-core/node_modules/@polkadot/types/
	esm 16.4.6	node_modules/@acala-network/chopsticks/node_modules/@polkadot/types/
	esm 16.4.6	node_modules/@acala-network/chopsticks-utils/node_modules/@polkadot/types/
[2025-09-09T20:12:41.942Z] [WARN] @polkadot/types-create has multiple versions, ensure that there is only one installed.
Either remove and explicitly install matching versions or dedupe using your package manager.
The following conflicting packages were found:
	esm 12.4.2	node_modules/@polkadot/types-create/
	esm 16.4.6	node_modules/@acala-network/chopsticks-core/node_modules/@polkadot/types-create/
	esm 16.4.6	node_modules/@acala-network/chopsticks/node_modules/@polkadot/types-create/
	esm 16.4.6	node_modules/@acala-network/chopsticks-utils/node_modules/@polkadot/types-create/
[2025-09-09T20:12:41.942Z] [WARN] @polkadot/types-codec has multiple versions, ensure that there is only one installed.
Either remove and explicitly install matching versions or dedupe using your package manager.
The following conflicting packages were found:
	esm 12.4.2	node_modules/@polkadot/types-codec/
	esm 16.4.6	node_modules/@acala-network/chopsticks-core/node_modules/@polkadot/types-codec/
	esm 16.4.6	node_modules/@acala-network/chopsticks/node_modules/@polkadot/types-codec/
	esm 16.4.6	node_modules/@acala-network/chopsticks-utils/node_modules/@polkadot/types-codec/
[2025-09-09T20:12:41.944Z] [WARN] @polkadot/types-known has multiple versions, ensure that there is only one installed.
Either remove and explicitly install matching versions or dedupe using your package manager.
The following conflicting packages were found:
	esm 12.4.2	node_modules/@polkadot/types-known/
	esm 16.4.6	node_modules/@acala-network/chopsticks/node_modules/@polkadot/types-known/
	esm 16.4.6	node_modules/@acala-network/chopsticks-utils/node_modules/@polkadot/types-known/
[2025-09-09T20:12:41.975Z] [LOG] [dotenv@17.2.1] injecting env (0) from .env -- tip: 🔐 encrypt with Dotenvx: https://dotenvx.com
[2025-09-09T20:12:43.554Z] [LOG] Setting up AssetHub network with options: {
  "runtimeLogLevel": 5,
  "blockNumber": 9651100,
  "port": 8001,
  "endpoint": [
    "wss://polkadot-asset-hub-rpc.polkadot.io"
  ],
  "db": "assethub-db.sqlite",
  "processQueuedMessages": true
}
[2025-09-09T20:12:47.240Z] [LOG] siblingSovereignAccount 0x7369626c2b080000000000000000000000000000000000000000000000000000
[2025-09-09T20:12:55.024Z] [LOG] Test setup initialized - logging to test-output.log
[2025-09-09T20:12:55.259Z] [WARN] @polkadot/types-codec has multiple versions, ensure that there is only one installed.
Either remove and explicitly install matching versions or dedupe using your package manager.
The following conflicting packages were found:
	esm 12.4.2	node_modules/@polkadot/types-codec/
	esm 16.4.6	node_modules/@acala-network/chopsticks-core/node_modules/@polkadot/types-codec/
[2025-09-09T20:12:55.260Z] [WARN] @polkadot/types has multiple versions, ensure that there is only one installed.
Either remove and explicitly install matching versions or dedupe using your package manager.
The following conflicting packages were found:
	esm 12.4.2	node_modules/@polkadot/types/
	esm 16.4.6	node_modules/@acala-network/chopsticks-core/node_modules/@polkadot/types/
[2025-09-09T20:12:55.261Z] [WARN] @polkadot/types-create has multiple versions, ensure that there is only one installed.
Either remove and explicitly install matching versions or dedupe using your package manager.
The following conflicting packages were found:
	esm 12.4.2	node_modules/@polkadot/types-create/
	esm 16.4.6	node_modules/@acala-network/chopsticks-core/node_modules/@polkadot/types-create/
[2025-09-09T20:12:55.265Z] [WARN] @polkadot/rpc-provider has multiple versions, ensure that there is only one installed.
Either remove and explicitly install matching versions or dedupe using your package manager.
The following conflicting packages were found:
	esm 12.4.2	node_modules/@polkadot/rpc-provider/
	esm 16.4.6	node_modules/@acala-network/chopsticks-core/node_modules/@polkadot/rpc-provider/
[2025-09-09T20:12:55.903Z] [WARN] @polkadot/rpc-augment has multiple versions, ensure that there is only one installed.
Either remove and explicitly install matching versions or dedupe using your package manager.
The following conflicting packages were found:
	esm 12.4.2	node_modules/@polkadot/rpc-augment/
	esm 16.4.6	node_modules/@acala-network/chopsticks/node_modules/@polkadot/rpc-augment/
[2025-09-09T20:12:56.003Z] [WARN] @polkadot/api has multiple versions, ensure that there is only one installed.
Either remove and explicitly install matching versions or dedupe using your package manager.
The following conflicting packages were found:
	esm 12.4.2	node_modules/@polkadot/api/
	esm 16.4.6	node_modules/@acala-network/chopsticks/node_modules/@polkadot/api/
[2025-09-09T20:12:56.003Z] [WARN] @polkadot/rpc-provider has multiple versions, ensure that there is only one installed.
Either remove and explicitly install matching versions or dedupe using your package manager.
The following conflicting packages were found:
	esm 12.4.2	node_modules/@polkadot/rpc-provider/
	esm 16.4.6	node_modules/@acala-network/chopsticks-core/node_modules/@polkadot/rpc-provider/
	esm 16.4.6	node_modules/@acala-network/chopsticks/node_modules/@polkadot/rpc-provider/
[2025-09-09T20:12:56.004Z] [WARN] @polkadot/api-derive has multiple versions, ensure that there is only one installed.
Either remove and explicitly install matching versions or dedupe using your package manager.
The following conflicting packages were found:
	esm 12.4.2	node_modules/@polkadot/api-derive/
	esm 16.4.6	node_modules/@acala-network/chopsticks/node_modules/@polkadot/api-derive/
[2025-09-09T20:12:56.004Z] [WARN] @polkadot/rpc-core has multiple versions, ensure that there is only one installed.
Either remove and explicitly install matching versions or dedupe using your package manager.
The following conflicting packages were found:
	esm 12.4.2	node_modules/@polkadot/rpc-core/
	esm 16.4.6	node_modules/@acala-network/chopsticks/node_modules/@polkadot/rpc-core/
[2025-09-09T20:12:56.004Z] [WARN] @polkadot/types has multiple versions, ensure that there is only one installed.
Either remove and explicitly install matching versions or dedupe using your package manager.
The following conflicting packages were found:
	esm 12.4.2	node_modules/@polkadot/types/
	esm 16.4.6	node_modules/@acala-network/chopsticks-core/node_modules/@polkadot/types/
	esm 16.4.6	node_modules/@acala-network/chopsticks/node_modules/@polkadot/types/
[2025-09-09T20:12:56.005Z] [WARN] @polkadot/types-create has multiple versions, ensure that there is only one installed.
Either remove and explicitly install matching versions or dedupe using your package manager.
The following conflicting packages were found:
	esm 12.4.2	node_modules/@polkadot/types-create/
	esm 16.4.6	node_modules/@acala-network/chopsticks-core/node_modules/@polkadot/types-create/
	esm 16.4.6	node_modules/@acala-network/chopsticks/node_modules/@polkadot/types-create/
[2025-09-09T20:12:56.005Z] [WARN] @polkadot/types-codec has multiple versions, ensure that there is only one installed.
Either remove and explicitly install matching versions or dedupe using your package manager.
The following conflicting packages were found:
	esm 12.4.2	node_modules/@polkadot/types-codec/
	esm 16.4.6	node_modules/@acala-network/chopsticks-core/node_modules/@polkadot/types-codec/
	esm 16.4.6	node_modules/@acala-network/chopsticks/node_modules/@polkadot/types-codec/
[2025-09-09T20:12:56.007Z] [WARN] @polkadot/types-known has multiple versions, ensure that there is only one installed.
Either remove and explicitly install matching versions or dedupe using your package manager.
The following conflicting packages were found:
	esm 12.4.2	node_modules/@polkadot/types-known/
	esm 16.4.6	node_modules/@acala-network/chopsticks/node_modules/@polkadot/types-known/
[2025-09-09T20:12:56.009Z] [WARN] @polkadot/api has multiple versions, ensure that there is only one installed.
Either remove and explicitly install matching versions or dedupe using your package manager.
The following conflicting packages were found:
	esm 12.4.2	node_modules/@polkadot/api/
	esm 16.4.6	node_modules/@acala-network/chopsticks/node_modules/@polkadot/api/
	esm 16.4.6	node_modules/@acala-network/chopsticks-utils/node_modules/@polkadot/api/
[2025-09-09T20:12:56.009Z] [WARN] @polkadot/rpc-augment has multiple versions, ensure that there is only one installed.
Either remove and explicitly install matching versions or dedupe using your package manager.
The following conflicting packages were found:
	esm 12.4.2	node_modules/@polkadot/rpc-augment/
	esm 16.4.6	node_modules/@acala-network/chopsticks/node_modules/@polkadot/rpc-augment/
	esm 16.4.6	node_modules/@acala-network/chopsticks-utils/node_modules/@polkadot/rpc-augment/
[2025-09-09T20:12:56.009Z] [WARN] @polkadot/rpc-provider has multiple versions, ensure that there is only one installed.
Either remove and explicitly install matching versions or dedupe using your package manager.
The following conflicting packages were found:
	esm 12.4.2	node_modules/@polkadot/rpc-provider/
	esm 16.4.6	node_modules/@acala-network/chopsticks-core/node_modules/@polkadot/rpc-provider/
	esm 16.4.6	node_modules/@acala-network/chopsticks/node_modules/@polkadot/rpc-provider/
	esm 16.4.6	node_modules/@acala-network/chopsticks-utils/node_modules/@polkadot/rpc-provider/
[2025-09-09T20:12:56.009Z] [WARN] @polkadot/api-derive has multiple versions, ensure that there is only one installed.
Either remove and explicitly install matching versions or dedupe using your package manager.
The following conflicting packages were found:
	esm 12.4.2	node_modules/@polkadot/api-derive/
	esm 16.4.6	node_modules/@acala-network/chopsticks/node_modules/@polkadot/api-derive/
	esm 16.4.6	node_modules/@acala-network/chopsticks-utils/node_modules/@polkadot/api-derive/
[2025-09-09T20:12:56.009Z] [WARN] @polkadot/rpc-core has multiple versions, ensure that there is only one installed.
Either remove and explicitly install matching versions or dedupe using your package manager.
The following conflicting packages were found:
	esm 12.4.2	node_modules/@polkadot/rpc-core/
	esm 16.4.6	node_modules/@acala-network/chopsticks/node_modules/@polkadot/rpc-core/
	esm 16.4.6	node_modules/@acala-network/chopsticks-utils/node_modules/@polkadot/rpc-core/
[2025-09-09T20:12:56.009Z] [WARN] @polkadot/types has multiple versions, ensure that there is only one installed.
Either remove and explicitly install matching versions or dedupe using your package manager.
The following conflicting packages were found:
	esm 12.4.2	node_modules/@polkadot/types/
	esm 16.4.6	node_modules/@acala-network/chopsticks-core/node_modules/@polkadot/types/
	esm 16.4.6	node_modules/@acala-network/chopsticks/node_modules/@polkadot/types/
	esm 16.4.6	node_modules/@acala-network/chopsticks-utils/node_modules/@polkadot/types/
[2025-09-09T20:12:56.010Z] [WARN] @polkadot/types-create has multiple versions, ensure that there is only one installed.
Either remove and explicitly install matching versions or dedupe using your package manager.
The following conflicting packages were found:
	esm 12.4.2	node_modules/@polkadot/types-create/
	esm 16.4.6	node_modules/@acala-network/chopsticks-core/node_modules/@polkadot/types-create/
	esm 16.4.6	node_modules/@acala-network/chopsticks/node_modules/@polkadot/types-create/
	esm 16.4.6	node_modules/@acala-network/chopsticks-utils/node_modules/@polkadot/types-create/
[2025-09-09T20:12:56.010Z] [WARN] @polkadot/types-codec has multiple versions, ensure that there is only one installed.
Either remove and explicitly install matching versions or dedupe using your package manager.
The following conflicting packages were found:
	esm 12.4.2	node_modules/@polkadot/types-codec/
	esm 16.4.6	node_modules/@acala-network/chopsticks-core/node_modules/@polkadot/types-codec/
	esm 16.4.6	node_modules/@acala-network/chopsticks/node_modules/@polkadot/types-codec/
	esm 16.4.6	node_modules/@acala-network/chopsticks-utils/node_modules/@polkadot/types-codec/
[2025-09-09T20:12:56.012Z] [WARN] @polkadot/types-known has multiple versions, ensure that there is only one installed.
Either remove and explicitly install matching versions or dedupe using your package manager.
The following conflicting packages were found:
	esm 12.4.2	node_modules/@polkadot/types-known/
	esm 16.4.6	node_modules/@acala-network/chopsticks/node_modules/@polkadot/types-known/
	esm 16.4.6	node_modules/@acala-network/chopsticks-utils/node_modules/@polkadot/types-known/
[2025-09-09T20:12:56.046Z] [LOG] [dotenv@17.2.1] injecting env (0) from .env -- tip: 📡 auto-backup env with Radar: https://dotenvx.com/radar
[2025-09-09T20:12:57.583Z] [LOG] Setting up AssetHub network with options: {
  "runtimeLogLevel": 5,
  "blockNumber": 9651100,
  "port": 8001,
  "endpoint": [
    "wss://polkadot-asset-hub-rpc.polkadot.io"
  ],
  "db": "assethub-db.sqlite",
  "processQueuedMessages": true
}
[2025-09-09T20:13:01.105Z] [LOG] siblingSovereignAccount 0x7369626c2b080000000000000000000000000000000000000000000000000000
[2025-09-09T20:13:27.711Z] [LOG] Test setup initialized - logging to test-output.log
[2025-09-09T20:13:27.983Z] [WARN] @polkadot/types-codec has multiple versions, ensure that there is only one installed.
Either remove and explicitly install matching versions or dedupe using your package manager.
The following conflicting packages were found:
	esm 12.4.2	node_modules/@polkadot/types-codec/
	esm 16.4.6	node_modules/@acala-network/chopsticks-core/node_modules/@polkadot/types-codec/
[2025-09-09T20:13:27.984Z] [WARN] @polkadot/types has multiple versions, ensure that there is only one installed.
Either remove and explicitly install matching versions or dedupe using your package manager.
The following conflicting packages were found:
	esm 12.4.2	node_modules/@polkadot/types/
	esm 16.4.6	node_modules/@acala-network/chopsticks-core/node_modules/@polkadot/types/
[2025-09-09T20:13:27.984Z] [WARN] @polkadot/types-create has multiple versions, ensure that there is only one installed.
Either remove and explicitly install matching versions or dedupe using your package manager.
The following conflicting packages were found:
	esm 12.4.2	node_modules/@polkadot/types-create/
	esm 16.4.6	node_modules/@acala-network/chopsticks-core/node_modules/@polkadot/types-create/
[2025-09-09T20:13:27.988Z] [WARN] @polkadot/rpc-provider has multiple versions, ensure that there is only one installed.
Either remove and explicitly install matching versions or dedupe using your package manager.
The following conflicting packages were found:
	esm 12.4.2	node_modules/@polkadot/rpc-provider/
	esm 16.4.6	node_modules/@acala-network/chopsticks-core/node_modules/@polkadot/rpc-provider/
[2025-09-09T20:13:28.572Z] [WARN] @polkadot/rpc-augment has multiple versions, ensure that there is only one installed.
Either remove and explicitly install matching versions or dedupe using your package manager.
The following conflicting packages were found:
	esm 12.4.2	node_modules/@polkadot/rpc-augment/
	esm 16.4.6	node_modules/@acala-network/chopsticks/node_modules/@polkadot/rpc-augment/
[2025-09-09T20:13:28.668Z] [WARN] @polkadot/api has multiple versions, ensure that there is only one installed.
Either remove and explicitly install matching versions or dedupe using your package manager.
The following conflicting packages were found:
	esm 12.4.2	node_modules/@polkadot/api/
	esm 16.4.6	node_modules/@acala-network/chopsticks/node_modules/@polkadot/api/
[2025-09-09T20:13:28.668Z] [WARN] @polkadot/rpc-provider has multiple versions, ensure that there is only one installed.
Either remove and explicitly install matching versions or dedupe using your package manager.
The following conflicting packages were found:
	esm 12.4.2	node_modules/@polkadot/rpc-provider/
	esm 16.4.6	node_modules/@acala-network/chopsticks-core/node_modules/@polkadot/rpc-provider/
	esm 16.4.6	node_modules/@acala-network/chopsticks/node_modules/@polkadot/rpc-provider/
[2025-09-09T20:13:28.669Z] [WARN] @polkadot/api-derive has multiple versions, ensure that there is only one installed.
Either remove and explicitly install matching versions or dedupe using your package manager.
The following conflicting packages were found:
	esm 12.4.2	node_modules/@polkadot/api-derive/
	esm 16.4.6	node_modules/@acala-network/chopsticks/node_modules/@polkadot/api-derive/
[2025-09-09T20:13:28.669Z] [WARN] @polkadot/rpc-core has multiple versions, ensure that there is only one installed.
Either remove and explicitly install matching versions or dedupe using your package manager.
The following conflicting packages were found:
	esm 12.4.2	node_modules/@polkadot/rpc-core/
	esm 16.4.6	node_modules/@acala-network/chopsticks/node_modules/@polkadot/rpc-core/
[2025-09-09T20:13:28.669Z] [WARN] @polkadot/types has multiple versions, ensure that there is only one installed.
Either remove and explicitly install matching versions or dedupe using your package manager.
The following conflicting packages were found:
	esm 12.4.2	node_modules/@polkadot/types/
	esm 16.4.6	node_modules/@acala-network/chopsticks-core/node_modules/@polkadot/types/
	esm 16.4.6	node_modules/@acala-network/chopsticks/node_modules/@polkadot/types/
[2025-09-09T20:13:28.670Z] [WARN] @polkadot/types-create has multiple versions, ensure that there is only one installed.
Either remove and explicitly install matching versions or dedupe using your package manager.
The following conflicting packages were found:
	esm 12.4.2	node_modules/@polkadot/types-create/
	esm 16.4.6	node_modules/@acala-network/chopsticks-core/node_modules/@polkadot/types-create/
	esm 16.4.6	node_modules/@acala-network/chopsticks/node_modules/@polkadot/types-create/
[2025-09-09T20:13:28.670Z] [WARN] @polkadot/types-codec has multiple versions, ensure that there is only one installed.
Either remove and explicitly install matching versions or dedupe using your package manager.
The following conflicting packages were found:
	esm 12.4.2	node_modules/@polkadot/types-codec/
	esm 16.4.6	node_modules/@acala-network/chopsticks-core/node_modules/@polkadot/types-codec/
	esm 16.4.6	node_modules/@acala-network/chopsticks/node_modules/@polkadot/types-codec/
[2025-09-09T20:13:28.672Z] [WARN] @polkadot/types-known has multiple versions, ensure that there is only one installed.
Either remove and explicitly install matching versions or dedupe using your package manager.
The following conflicting packages were found:
	esm 12.4.2	node_modules/@polkadot/types-known/
	esm 16.4.6	node_modules/@acala-network/chopsticks/node_modules/@polkadot/types-known/
[2025-09-09T20:13:28.674Z] [WARN] @polkadot/api has multiple versions, ensure that there is only one installed.
Either remove and explicitly install matching versions or dedupe using your package manager.
The following conflicting packages were found:
	esm 12.4.2	node_modules/@polkadot/api/
	esm 16.4.6	node_modules/@acala-network/chopsticks/node_modules/@polkadot/api/
	esm 16.4.6	node_modules/@acala-network/chopsticks-utils/node_modules/@polkadot/api/
[2025-09-09T20:13:28.674Z] [WARN] @polkadot/rpc-augment has multiple versions, ensure that there is only one installed.
Either remove and explicitly install matching versions or dedupe using your package manager.
The following conflicting packages were found:
	esm 12.4.2	node_modules/@polkadot/rpc-augment/
	esm 16.4.6	node_modules/@acala-network/chopsticks/node_modules/@polkadot/rpc-augment/
	esm 16.4.6	node_modules/@acala-network/chopsticks-utils/node_modules/@polkadot/rpc-augment/
[2025-09-09T20:13:28.674Z] [WARN] @polkadot/rpc-provider has multiple versions, ensure that there is only one installed.
Either remove and explicitly install matching versions or dedupe using your package manager.
The following conflicting packages were found:
	esm 12.4.2	node_modules/@polkadot/rpc-provider/
	esm 16.4.6	node_modules/@acala-network/chopsticks-core/node_modules/@polkadot/rpc-provider/
	esm 16.4.6	node_modules/@acala-network/chopsticks/node_modules/@polkadot/rpc-provider/
	esm 16.4.6	node_modules/@acala-network/chopsticks-utils/node_modules/@polkadot/rpc-provider/
[2025-09-09T20:13:28.675Z] [WARN] @polkadot/api-derive has multiple versions, ensure that there is only one installed.
Either remove and explicitly install matching versions or dedupe using your package manager.
The following conflicting packages were found:
	esm 12.4.2	node_modules/@polkadot/api-derive/
	esm 16.4.6	node_modules/@acala-network/chopsticks/node_modules/@polkadot/api-derive/
	esm 16.4.6	node_modules/@acala-network/chopsticks-utils/node_modules/@polkadot/api-derive/
[2025-09-09T20:13:28.675Z] [WARN] @polkadot/rpc-core has multiple versions, ensure that there is only one installed.
Either remove and explicitly install matching versions or dedupe using your package manager.
The following conflicting packages were found:
	esm 12.4.2	node_modules/@polkadot/rpc-core/
	esm 16.4.6	node_modules/@acala-network/chopsticks/node_modules/@polkadot/rpc-core/
	esm 16.4.6	node_modules/@acala-network/chopsticks-utils/node_modules/@polkadot/rpc-core/
[2025-09-09T20:13:28.675Z] [WARN] @polkadot/types has multiple versions, ensure that there is only one installed.
Either remove and explicitly install matching versions or dedupe using your package manager.
The following conflicting packages were found:
	esm 12.4.2	node_modules/@polkadot/types/
	esm 16.4.6	node_modules/@acala-network/chopsticks-core/node_modules/@polkadot/types/
	esm 16.4.6	node_modules/@acala-network/chopsticks/node_modules/@polkadot/types/
	esm 16.4.6	node_modules/@acala-network/chopsticks-utils/node_modules/@polkadot/types/
[2025-09-09T20:13:28.675Z] [WARN] @polkadot/types-create has multiple versions, ensure that there is only one installed.
Either remove and explicitly install matching versions or dedupe using your package manager.
The following conflicting packages were found:
	esm 12.4.2	node_modules/@polkadot/types-create/
	esm 16.4.6	node_modules/@acala-network/chopsticks-core/node_modules/@polkadot/types-create/
	esm 16.4.6	node_modules/@acala-network/chopsticks/node_modules/@polkadot/types-create/
	esm 16.4.6	node_modules/@acala-network/chopsticks-utils/node_modules/@polkadot/types-create/
[2025-09-09T20:13:28.676Z] [WARN] @polkadot/types-codec has multiple versions, ensure that there is only one installed.
Either remove and explicitly install matching versions or dedupe using your package manager.
The following conflicting packages were found:
	esm 12.4.2	node_modules/@polkadot/types-codec/
	esm 16.4.6	node_modules/@acala-network/chopsticks-core/node_modules/@polkadot/types-codec/
	esm 16.4.6	node_modules/@acala-network/chopsticks/node_modules/@polkadot/types-codec/
	esm 16.4.6	node_modules/@acala-network/chopsticks-utils/node_modules/@polkadot/types-codec/
[2025-09-09T20:13:28.677Z] [WARN] @polkadot/types-known has multiple versions, ensure that there is only one installed.
Either remove and explicitly install matching versions or dedupe using your package manager.
The following conflicting packages were found:
	esm 12.4.2	node_modules/@polkadot/types-known/
	esm 16.4.6	node_modules/@acala-network/chopsticks/node_modules/@polkadot/types-known/
	esm 16.4.6	node_modules/@acala-network/chopsticks-utils/node_modules/@polkadot/types-known/
[2025-09-09T20:13:28.710Z] [LOG] [dotenv@17.2.1] injecting env (0) from .env -- tip: 🔐 prevent building .env in docker: https://dotenvx.com/prebuild
[2025-09-09T20:13:30.169Z] [LOG] Setting up AssetHub network with options: {
  "runtimeLogLevel": 5,
  "blockNumber": 9651100,
  "port": 8001,
  "endpoint": [
    "wss://polkadot-asset-hub-rpc.polkadot.io"
  ],
  "db": "assethub-db.sqlite",
  "processQueuedMessages": true
}
[2025-09-09T20:13:33.769Z] [LOG] siblingSovereignAccount 0x7369626c2b080000000000000000000000000000000000000000000000000000
[2025-09-09T20:14:03.001Z] [LOG] Test setup initialized - logging to test-output.log
[2025-09-09T20:14:03.275Z] [WARN] @polkadot/types-codec has multiple versions, ensure that there is only one installed.
Either remove and explicitly install matching versions or dedupe using your package manager.
The following conflicting packages were found:
	esm 12.4.2	node_modules/@polkadot/types-codec/
	esm 16.4.6	node_modules/@acala-network/chopsticks-core/node_modules/@polkadot/types-codec/
[2025-09-09T20:14:03.276Z] [WARN] @polkadot/types has multiple versions, ensure that there is only one installed.
Either remove and explicitly install matching versions or dedupe using your package manager.
The following conflicting packages were found:
	esm 12.4.2	node_modules/@polkadot/types/
	esm 16.4.6	node_modules/@acala-network/chopsticks-core/node_modules/@polkadot/types/
[2025-09-09T20:14:03.277Z] [WARN] @polkadot/types-create has multiple versions, ensure that there is only one installed.
Either remove and explicitly install matching versions or dedupe using your package manager.
The following conflicting packages were found:
	esm 12.4.2	node_modules/@polkadot/types-create/
	esm 16.4.6	node_modules/@acala-network/chopsticks-core/node_modules/@polkadot/types-create/
[2025-09-09T20:14:03.280Z] [WARN] @polkadot/rpc-provider has multiple versions, ensure that there is only one installed.
Either remove and explicitly install matching versions or dedupe using your package manager.
The following conflicting packages were found:
	esm 12.4.2	node_modules/@polkadot/rpc-provider/
	esm 16.4.6	node_modules/@acala-network/chopsticks-core/node_modules/@polkadot/rpc-provider/
[2025-09-09T20:14:03.867Z] [WARN] @polkadot/rpc-augment has multiple versions, ensure that there is only one installed.
Either remove and explicitly install matching versions or dedupe using your package manager.
The following conflicting packages were found:
	esm 12.4.2	node_modules/@polkadot/rpc-augment/
	esm 16.4.6	node_modules/@acala-network/chopsticks/node_modules/@polkadot/rpc-augment/
[2025-09-09T20:14:03.965Z] [WARN] @polkadot/api has multiple versions, ensure that there is only one installed.
Either remove and explicitly install matching versions or dedupe using your package manager.
The following conflicting packages were found:
	esm 12.4.2	node_modules/@polkadot/api/
	esm 16.4.6	node_modules/@acala-network/chopsticks/node_modules/@polkadot/api/
[2025-09-09T20:14:03.965Z] [WARN] @polkadot/rpc-provider has multiple versions, ensure that there is only one installed.
Either remove and explicitly install matching versions or dedupe using your package manager.
The following conflicting packages were found:
	esm 12.4.2	node_modules/@polkadot/rpc-provider/
	esm 16.4.6	node_modules/@acala-network/chopsticks-core/node_modules/@polkadot/rpc-provider/
	esm 16.4.6	node_modules/@acala-network/chopsticks/node_modules/@polkadot/rpc-provider/
[2025-09-09T20:14:03.965Z] [WARN] @polkadot/api-derive has multiple versions, ensure that there is only one installed.
Either remove and explicitly install matching versions or dedupe using your package manager.
The following conflicting packages were found:
	esm 12.4.2	node_modules/@polkadot/api-derive/
	esm 16.4.6	node_modules/@acala-network/chopsticks/node_modules/@polkadot/api-derive/
[2025-09-09T20:14:03.966Z] [WARN] @polkadot/rpc-core has multiple versions, ensure that there is only one installed.
Either remove and explicitly install matching versions or dedupe using your package manager.
The following conflicting packages were found:
	esm 12.4.2	node_modules/@polkadot/rpc-core/
	esm 16.4.6	node_modules/@acala-network/chopsticks/node_modules/@polkadot/rpc-core/
[2025-09-09T20:14:03.966Z] [WARN] @polkadot/types has multiple versions, ensure that there is only one installed.
Either remove and explicitly install matching versions or dedupe using your package manager.
The following conflicting packages were found:
	esm 12.4.2	node_modules/@polkadot/types/
	esm 16.4.6	node_modules/@acala-network/chopsticks-core/node_modules/@polkadot/types/
	esm 16.4.6	node_modules/@acala-network/chopsticks/node_modules/@polkadot/types/
[2025-09-09T20:14:03.967Z] [WARN] @polkadot/types-create has multiple versions, ensure that there is only one installed.
Either remove and explicitly install matching versions or dedupe using your package manager.
The following conflicting packages were found:
	esm 12.4.2	node_modules/@polkadot/types-create/
	esm 16.4.6	node_modules/@acala-network/chopsticks-core/node_modules/@polkadot/types-create/
	esm 16.4.6	node_modules/@acala-network/chopsticks/node_modules/@polkadot/types-create/
[2025-09-09T20:14:03.967Z] [WARN] @polkadot/types-codec has multiple versions, ensure that there is only one installed.
Either remove and explicitly install matching versions or dedupe using your package manager.
The following conflicting packages were found:
	esm 12.4.2	node_modules/@polkadot/types-codec/
	esm 16.4.6	node_modules/@acala-network/chopsticks-core/node_modules/@polkadot/types-codec/
	esm 16.4.6	node_modules/@acala-network/chopsticks/node_modules/@polkadot/types-codec/
[2025-09-09T20:14:03.969Z] [WARN] @polkadot/types-known has multiple versions, ensure that there is only one installed.
Either remove and explicitly install matching versions or dedupe using your package manager.
The following conflicting packages were found:
	esm 12.4.2	node_modules/@polkadot/types-known/
	esm 16.4.6	node_modules/@acala-network/chopsticks/node_modules/@polkadot/types-known/
[2025-09-09T20:14:03.973Z] [WARN] @polkadot/api has multiple versions, ensure that there is only one installed.
Either remove and explicitly install matching versions or dedupe using your package manager.
The following conflicting packages were found:
	esm 12.4.2	node_modules/@polkadot/api/
	esm 16.4.6	node_modules/@acala-network/chopsticks/node_modules/@polkadot/api/
	esm 16.4.6	node_modules/@acala-network/chopsticks-utils/node_modules/@polkadot/api/
[2025-09-09T20:14:03.973Z] [WARN] @polkadot/rpc-augment has multiple versions, ensure that there is only one installed.
Either remove and explicitly install matching versions or dedupe using your package manager.
The following conflicting packages were found:
	esm 12.4.2	node_modules/@polkadot/rpc-augment/
	esm 16.4.6	node_modules/@acala-network/chopsticks/node_modules/@polkadot/rpc-augment/
	esm 16.4.6	node_modules/@acala-network/chopsticks-utils/node_modules/@polkadot/rpc-augment/
[2025-09-09T20:14:03.973Z] [WARN] @polkadot/rpc-provider has multiple versions, ensure that there is only one installed.
Either remove and explicitly install matching versions or dedupe using your package manager.
The following conflicting packages were found:
	esm 12.4.2	node_modules/@polkadot/rpc-provider/
	esm 16.4.6	node_modules/@acala-network/chopsticks-core/node_modules/@polkadot/rpc-provider/
	esm 16.4.6	node_modules/@acala-network/chopsticks/node_modules/@polkadot/rpc-provider/
	esm 16.4.6	node_modules/@acala-network/chopsticks-utils/node_modules/@polkadot/rpc-provider/
[2025-09-09T20:14:03.973Z] [WARN] @polkadot/api-derive has multiple versions, ensure that there is only one installed.
Either remove and explicitly install matching versions or dedupe using your package manager.
The following conflicting packages were found:
	esm 12.4.2	node_modules/@polkadot/api-derive/
	esm 16.4.6	node_modules/@acala-network/chopsticks/node_modules/@polkadot/api-derive/
	esm 16.4.6	node_modules/@acala-network/chopsticks-utils/node_modules/@polkadot/api-derive/
[2025-09-09T20:14:03.973Z] [WARN] @polkadot/rpc-core has multiple versions, ensure that there is only one installed.
Either remove and explicitly install matching versions or dedupe using your package manager.
The following conflicting packages were found:
	esm 12.4.2	node_modules/@polkadot/rpc-core/
	esm 16.4.6	node_modules/@acala-network/chopsticks/node_modules/@polkadot/rpc-core/
	esm 16.4.6	node_modules/@acala-network/chopsticks-utils/node_modules/@polkadot/rpc-core/
[2025-09-09T20:14:03.973Z] [WARN] @polkadot/types has multiple versions, ensure that there is only one installed.
Either remove and explicitly install matching versions or dedupe using your package manager.
The following conflicting packages were found:
	esm 12.4.2	node_modules/@polkadot/types/
	esm 16.4.6	node_modules/@acala-network/chopsticks-core/node_modules/@polkadot/types/
	esm 16.4.6	node_modules/@acala-network/chopsticks/node_modules/@polkadot/types/
	esm 16.4.6	node_modules/@acala-network/chopsticks-utils/node_modules/@polkadot/types/
[2025-09-09T20:14:03.974Z] [WARN] @polkadot/types-create has multiple versions, ensure that there is only one installed.
Either remove and explicitly install matching versions or dedupe using your package manager.
The following conflicting packages were found:
	esm 12.4.2	node_modules/@polkadot/types-create/
	esm 16.4.6	node_modules/@acala-network/chopsticks-core/node_modules/@polkadot/types-create/
	esm 16.4.6	node_modules/@acala-network/chopsticks/node_modules/@polkadot/types-create/
	esm 16.4.6	node_modules/@acala-network/chopsticks-utils/node_modules/@polkadot/types-create/
[2025-09-09T20:14:03.974Z] [WARN] @polkadot/types-codec has multiple versions, ensure that there is only one installed.
Either remove and explicitly install matching versions or dedupe using your package manager.
The following conflicting packages were found:
	esm 12.4.2	node_modules/@polkadot/types-codec/
	esm 16.4.6	node_modules/@acala-network/chopsticks-core/node_modules/@polkadot/types-codec/
	esm 16.4.6	node_modules/@acala-network/chopsticks/node_modules/@polkadot/types-codec/
	esm 16.4.6	node_modules/@acala-network/chopsticks-utils/node_modules/@polkadot/types-codec/
[2025-09-09T20:14:03.976Z] [WARN] @polkadot/types-known has multiple versions, ensure that there is only one installed.
Either remove and explicitly install matching versions or dedupe using your package manager.
The following conflicting packages were found:
	esm 12.4.2	node_modules/@polkadot/types-known/
	esm 16.4.6	node_modules/@acala-network/chopsticks/node_modules/@polkadot/types-known/
	esm 16.4.6	node_modules/@acala-network/chopsticks-utils/node_modules/@polkadot/types-known/
[2025-09-09T20:14:04.007Z] [LOG] [dotenv@17.2.1] injecting env (0) from .env -- tip: ⚙️  load multiple .env files with { path: ['.env.local', '.env'] }
[2025-09-09T20:14:05.712Z] [LOG] Setting up AssetHub network with options: {
  "runtimeLogLevel": 5,
  "blockNumber": 9651100,
  "port": 8001,
  "endpoint": [
    "wss://polkadot-asset-hub-rpc.polkadot.io"
  ],
  "db": "assethub-db.sqlite",
  "processQueuedMessages": true
}
[2025-09-09T20:14:09.117Z] [LOG] siblingSovereignAccount 0x7369626c2b080000000000000000000000000000000000000000000000000000
[2025-09-09T20:14:31.937Z] [LOG] Test setup initialized - logging to test-output.log
[2025-09-09T20:14:32.152Z] [WARN] @polkadot/types-codec has multiple versions, ensure that there is only one installed.
Either remove and explicitly install matching versions or dedupe using your package manager.
The following conflicting packages were found:
	esm 12.4.2	node_modules/@polkadot/types-codec/
	esm 16.4.6	node_modules/@acala-network/chopsticks-core/node_modules/@polkadot/types-codec/
[2025-09-09T20:14:32.153Z] [WARN] @polkadot/types has multiple versions, ensure that there is only one installed.
Either remove and explicitly install matching versions or dedupe using your package manager.
The following conflicting packages were found:
	esm 12.4.2	node_modules/@polkadot/types/
	esm 16.4.6	node_modules/@acala-network/chopsticks-core/node_modules/@polkadot/types/
[2025-09-09T20:14:32.154Z] [WARN] @polkadot/types-create has multiple versions, ensure that there is only one installed.
Either remove and explicitly install matching versions or dedupe using your package manager.
The following conflicting packages were found:
	esm 12.4.2	node_modules/@polkadot/types-create/
	esm 16.4.6	node_modules/@acala-network/chopsticks-core/node_modules/@polkadot/types-create/
[2025-09-09T20:14:32.157Z] [WARN] @polkadot/rpc-provider has multiple versions, ensure that there is only one installed.
Either remove and explicitly install matching versions or dedupe using your package manager.
The following conflicting packages were found:
	esm 12.4.2	node_modules/@polkadot/rpc-provider/
	esm 16.4.6	node_modules/@acala-network/chopsticks-core/node_modules/@polkadot/rpc-provider/
[2025-09-09T20:14:32.750Z] [WARN] @polkadot/rpc-augment has multiple versions, ensure that there is only one installed.
Either remove and explicitly install matching versions or dedupe using your package manager.
The following conflicting packages were found:
	esm 12.4.2	node_modules/@polkadot/rpc-augment/
	esm 16.4.6	node_modules/@acala-network/chopsticks/node_modules/@polkadot/rpc-augment/
[2025-09-09T20:14:32.852Z] [WARN] @polkadot/api has multiple versions, ensure that there is only one installed.
Either remove and explicitly install matching versions or dedupe using your package manager.
The following conflicting packages were found:
	esm 12.4.2	node_modules/@polkadot/api/
	esm 16.4.6	node_modules/@acala-network/chopsticks/node_modules/@polkadot/api/
[2025-09-09T20:14:32.852Z] [WARN] @polkadot/rpc-provider has multiple versions, ensure that there is only one installed.
Either remove and explicitly install matching versions or dedupe using your package manager.
The following conflicting packages were found:
	esm 12.4.2	node_modules/@polkadot/rpc-provider/
	esm 16.4.6	node_modules/@acala-network/chopsticks-core/node_modules/@polkadot/rpc-provider/
	esm 16.4.6	node_modules/@acala-network/chopsticks/node_modules/@polkadot/rpc-provider/
[2025-09-09T20:14:32.853Z] [WARN] @polkadot/api-derive has multiple versions, ensure that there is only one installed.
Either remove and explicitly install matching versions or dedupe using your package manager.
The following conflicting packages were found:
	esm 12.4.2	node_modules/@polkadot/api-derive/
	esm 16.4.6	node_modules/@acala-network/chopsticks/node_modules/@polkadot/api-derive/
[2025-09-09T20:14:32.853Z] [WARN] @polkadot/rpc-core has multiple versions, ensure that there is only one installed.
Either remove and explicitly install matching versions or dedupe using your package manager.
The following conflicting packages were found:
	esm 12.4.2	node_modules/@polkadot/rpc-core/
	esm 16.4.6	node_modules/@acala-network/chopsticks/node_modules/@polkadot/rpc-core/
[2025-09-09T20:14:32.853Z] [WARN] @polkadot/types has multiple versions, ensure that there is only one installed.
Either remove and explicitly install matching versions or dedupe using your package manager.
The following conflicting packages were found:
	esm 12.4.2	node_modules/@polkadot/types/
	esm 16.4.6	node_modules/@acala-network/chopsticks-core/node_modules/@polkadot/types/
	esm 16.4.6	node_modules/@acala-network/chopsticks/node_modules/@polkadot/types/
[2025-09-09T20:14:32.854Z] [WARN] @polkadot/types-create has multiple versions, ensure that there is only one installed.
Either remove and explicitly install matching versions or dedupe using your package manager.
The following conflicting packages were found:
	esm 12.4.2	node_modules/@polkadot/types-create/
	esm 16.4.6	node_modules/@acala-network/chopsticks-core/node_modules/@polkadot/types-create/
	esm 16.4.6	node_modules/@acala-network/chopsticks/node_modules/@polkadot/types-create/
[2025-09-09T20:14:32.854Z] [WARN] @polkadot/types-codec has multiple versions, ensure that there is only one installed.
Either remove and explicitly install matching versions or dedupe using your package manager.
The following conflicting packages were found:
	esm 12.4.2	node_modules/@polkadot/types-codec/
	esm 16.4.6	node_modules/@acala-network/chopsticks-core/node_modules/@polkadot/types-codec/
	esm 16.4.6	node_modules/@acala-network/chopsticks/node_modules/@polkadot/types-codec/
[2025-09-09T20:14:32.857Z] [WARN] @polkadot/types-known has multiple versions, ensure that there is only one installed.
Either remove and explicitly install matching versions or dedupe using your package manager.
The following conflicting packages were found:
	esm 12.4.2	node_modules/@polkadot/types-known/
	esm 16.4.6	node_modules/@acala-network/chopsticks/node_modules/@polkadot/types-known/
[2025-09-09T20:14:32.861Z] [WARN] @polkadot/api has multiple versions, ensure that there is only one installed.
Either remove and explicitly install matching versions or dedupe using your package manager.
The following conflicting packages were found:
	esm 12.4.2	node_modules/@polkadot/api/
	esm 16.4.6	node_modules/@acala-network/chopsticks/node_modules/@polkadot/api/
	esm 16.4.6	node_modules/@acala-network/chopsticks-utils/node_modules/@polkadot/api/
[2025-09-09T20:14:32.861Z] [WARN] @polkadot/rpc-augment has multiple versions, ensure that there is only one installed.
Either remove and explicitly install matching versions or dedupe using your package manager.
The following conflicting packages were found:
	esm 12.4.2	node_modules/@polkadot/rpc-augment/
	esm 16.4.6	node_modules/@acala-network/chopsticks/node_modules/@polkadot/rpc-augment/
	esm 16.4.6	node_modules/@acala-network/chopsticks-utils/node_modules/@polkadot/rpc-augment/
[2025-09-09T20:14:32.861Z] [WARN] @polkadot/rpc-provider has multiple versions, ensure that there is only one installed.
Either remove and explicitly install matching versions or dedupe using your package manager.
The following conflicting packages were found:
	esm 12.4.2	node_modules/@polkadot/rpc-provider/
	esm 16.4.6	node_modules/@acala-network/chopsticks-core/node_modules/@polkadot/rpc-provider/
	esm 16.4.6	node_modules/@acala-network/chopsticks/node_modules/@polkadot/rpc-provider/
	esm 16.4.6	node_modules/@acala-network/chopsticks-utils/node_modules/@polkadot/rpc-provider/
[2025-09-09T20:14:32.861Z] [WARN] @polkadot/api-derive has multiple versions, ensure that there is only one installed.
Either remove and explicitly install matching versions or dedupe using your package manager.
The following conflicting packages were found:
	esm 12.4.2	node_modules/@polkadot/api-derive/
	esm 16.4.6	node_modules/@acala-network/chopsticks/node_modules/@polkadot/api-derive/
	esm 16.4.6	node_modules/@acala-network/chopsticks-utils/node_modules/@polkadot/api-derive/
[2025-09-09T20:14:32.861Z] [WARN] @polkadot/rpc-core has multiple versions, ensure that there is only one installed.
Either remove and explicitly install matching versions or dedupe using your package manager.
The following conflicting packages were found:
	esm 12.4.2	node_modules/@polkadot/rpc-core/
	esm 16.4.6	node_modules/@acala-network/chopsticks/node_modules/@polkadot/rpc-core/
	esm 16.4.6	node_modules/@acala-network/chopsticks-utils/node_modules/@polkadot/rpc-core/
[2025-09-09T20:14:32.861Z] [WARN] @polkadot/types has multiple versions, ensure that there is only one installed.
Either remove and explicitly install matching versions or dedupe using your package manager.
The following conflicting packages were found:
	esm 12.4.2	node_modules/@polkadot/types/
	esm 16.4.6	node_modules/@acala-network/chopsticks-core/node_modules/@polkadot/types/
	esm 16.4.6	node_modules/@acala-network/chopsticks/node_modules/@polkadot/types/
	esm 16.4.6	node_modules/@acala-network/chopsticks-utils/node_modules/@polkadot/types/
[2025-09-09T20:14:32.862Z] [WARN] @polkadot/types-create has multiple versions, ensure that there is only one installed.
Either remove and explicitly install matching versions or dedupe using your package manager.
The following conflicting packages were found:
	esm 12.4.2	node_modules/@polkadot/types-create/
	esm 16.4.6	node_modules/@acala-network/chopsticks-core/node_modules/@polkadot/types-create/
	esm 16.4.6	node_modules/@acala-network/chopsticks/node_modules/@polkadot/types-create/
	esm 16.4.6	node_modules/@acala-network/chopsticks-utils/node_modules/@polkadot/types-create/
[2025-09-09T20:14:32.862Z] [WARN] @polkadot/types-codec has multiple versions, ensure that there is only one installed.
Either remove and explicitly install matching versions or dedupe using your package manager.
The following conflicting packages were found:
	esm 12.4.2	node_modules/@polkadot/types-codec/
	esm 16.4.6	node_modules/@acala-network/chopsticks-core/node_modules/@polkadot/types-codec/
	esm 16.4.6	node_modules/@acala-network/chopsticks/node_modules/@polkadot/types-codec/
	esm 16.4.6	node_modules/@acala-network/chopsticks-utils/node_modules/@polkadot/types-codec/
[2025-09-09T20:14:32.864Z] [WARN] @polkadot/types-known has multiple versions, ensure that there is only one installed.
Either remove and explicitly install matching versions or dedupe using your package manager.
The following conflicting packages were found:
	esm 12.4.2	node_modules/@polkadot/types-known/
	esm 16.4.6	node_modules/@acala-network/chopsticks/node_modules/@polkadot/types-known/
	esm 16.4.6	node_modules/@acala-network/chopsticks-utils/node_modules/@polkadot/types-known/
[2025-09-09T20:14:32.896Z] [LOG] [dotenv@17.2.1] injecting env (0) from .env -- tip: ⚙️  load multiple .env files with { path: ['.env.local', '.env'] }
[2025-09-09T20:14:34.373Z] [LOG] Setting up AssetHub network with options: {
  "runtimeLogLevel": 5,
  "blockNumber": 9651100,
  "port": 8001,
  "endpoint": [
    "wss://polkadot-asset-hub-rpc.polkadot.io"
  ],
  "db": "assethub-db.sqlite",
  "processQueuedMessages": true
}
[2025-09-09T20:14:38.147Z] [LOG] siblingSovereignAccount 0x7369626c2b080000000000000000000000000000000000000000000000000000
[2025-09-09T20:14:58.079Z] [LOG] Test setup initialized - logging to test-output.log
[2025-09-09T20:14:58.307Z] [WARN] @polkadot/types-codec has multiple versions, ensure that there is only one installed.
Either remove and explicitly install matching versions or dedupe using your package manager.
The following conflicting packages were found:
	esm 12.4.2	node_modules/@polkadot/types-codec/
	esm 16.4.6	node_modules/@acala-network/chopsticks-core/node_modules/@polkadot/types-codec/
[2025-09-09T20:14:58.308Z] [WARN] @polkadot/types has multiple versions, ensure that there is only one installed.
Either remove and explicitly install matching versions or dedupe using your package manager.
The following conflicting packages were found:
	esm 12.4.2	node_modules/@polkadot/types/
	esm 16.4.6	node_modules/@acala-network/chopsticks-core/node_modules/@polkadot/types/
[2025-09-09T20:14:58.309Z] [WARN] @polkadot/types-create has multiple versions, ensure that there is only one installed.
Either remove and explicitly install matching versions or dedupe using your package manager.
The following conflicting packages were found:
	esm 12.4.2	node_modules/@polkadot/types-create/
	esm 16.4.6	node_modules/@acala-network/chopsticks-core/node_modules/@polkadot/types-create/
[2025-09-09T20:14:58.312Z] [WARN] @polkadot/rpc-provider has multiple versions, ensure that there is only one installed.
Either remove and explicitly install matching versions or dedupe using your package manager.
The following conflicting packages were found:
	esm 12.4.2	node_modules/@polkadot/rpc-provider/
	esm 16.4.6	node_modules/@acala-network/chopsticks-core/node_modules/@polkadot/rpc-provider/
[2025-09-09T20:14:58.890Z] [WARN] @polkadot/rpc-augment has multiple versions, ensure that there is only one installed.
Either remove and explicitly install matching versions or dedupe using your package manager.
The following conflicting packages were found:
	esm 12.4.2	node_modules/@polkadot/rpc-augment/
	esm 16.4.6	node_modules/@acala-network/chopsticks/node_modules/@polkadot/rpc-augment/
[2025-09-09T20:14:58.990Z] [WARN] @polkadot/api has multiple versions, ensure that there is only one installed.
Either remove and explicitly install matching versions or dedupe using your package manager.
The following conflicting packages were found:
	esm 12.4.2	node_modules/@polkadot/api/
	esm 16.4.6	node_modules/@acala-network/chopsticks/node_modules/@polkadot/api/
[2025-09-09T20:14:58.990Z] [WARN] @polkadot/rpc-provider has multiple versions, ensure that there is only one installed.
Either remove and explicitly install matching versions or dedupe using your package manager.
The following conflicting packages were found:
	esm 12.4.2	node_modules/@polkadot/rpc-provider/
	esm 16.4.6	node_modules/@acala-network/chopsticks-core/node_modules/@polkadot/rpc-provider/
	esm 16.4.6	node_modules/@acala-network/chopsticks/node_modules/@polkadot/rpc-provider/
[2025-09-09T20:14:58.991Z] [WARN] @polkadot/api-derive has multiple versions, ensure that there is only one installed.
Either remove and explicitly install matching versions or dedupe using your package manager.
The following conflicting packages were found:
	esm 12.4.2	node_modules/@polkadot/api-derive/
	esm 16.4.6	node_modules/@acala-network/chopsticks/node_modules/@polkadot/api-derive/
[2025-09-09T20:14:58.991Z] [WARN] @polkadot/rpc-core has multiple versions, ensure that there is only one installed.
Either remove and explicitly install matching versions or dedupe using your package manager.
The following conflicting packages were found:
	esm 12.4.2	node_modules/@polkadot/rpc-core/
	esm 16.4.6	node_modules/@acala-network/chopsticks/node_modules/@polkadot/rpc-core/
[2025-09-09T20:14:58.991Z] [WARN] @polkadot/types has multiple versions, ensure that there is only one installed.
Either remove and explicitly install matching versions or dedupe using your package manager.
The following conflicting packages were found:
	esm 12.4.2	node_modules/@polkadot/types/
	esm 16.4.6	node_modules/@acala-network/chopsticks-core/node_modules/@polkadot/types/
	esm 16.4.6	node_modules/@acala-network/chopsticks/node_modules/@polkadot/types/
[2025-09-09T20:14:58.992Z] [WARN] @polkadot/types-create has multiple versions, ensure that there is only one installed.
Either remove and explicitly install matching versions or dedupe using your package manager.
The following conflicting packages were found:
	esm 12.4.2	node_modules/@polkadot/types-create/
	esm 16.4.6	node_modules/@acala-network/chopsticks-core/node_modules/@polkadot/types-create/
	esm 16.4.6	node_modules/@acala-network/chopsticks/node_modules/@polkadot/types-create/
[2025-09-09T20:14:58.992Z] [WARN] @polkadot/types-codec has multiple versions, ensure that there is only one installed.
Either remove and explicitly install matching versions or dedupe using your package manager.
The following conflicting packages were found:
	esm 12.4.2	node_modules/@polkadot/types-codec/
	esm 16.4.6	node_modules/@acala-network/chopsticks-core/node_modules/@polkadot/types-codec/
	esm 16.4.6	node_modules/@acala-network/chopsticks/node_modules/@polkadot/types-codec/
[2025-09-09T20:14:58.994Z] [WARN] @polkadot/types-known has multiple versions, ensure that there is only one installed.
Either remove and explicitly install matching versions or dedupe using your package manager.
The following conflicting packages were found:
	esm 12.4.2	node_modules/@polkadot/types-known/
	esm 16.4.6	node_modules/@acala-network/chopsticks/node_modules/@polkadot/types-known/
[2025-09-09T20:14:58.996Z] [WARN] @polkadot/api has multiple versions, ensure that there is only one installed.
Either remove and explicitly install matching versions or dedupe using your package manager.
The following conflicting packages were found:
	esm 12.4.2	node_modules/@polkadot/api/
	esm 16.4.6	node_modules/@acala-network/chopsticks/node_modules/@polkadot/api/
	esm 16.4.6	node_modules/@acala-network/chopsticks-utils/node_modules/@polkadot/api/
[2025-09-09T20:14:58.996Z] [WARN] @polkadot/rpc-augment has multiple versions, ensure that there is only one installed.
Either remove and explicitly install matching versions or dedupe using your package manager.
The following conflicting packages were found:
	esm 12.4.2	node_modules/@polkadot/rpc-augment/
	esm 16.4.6	node_modules/@acala-network/chopsticks/node_modules/@polkadot/rpc-augment/
	esm 16.4.6	node_modules/@acala-network/chopsticks-utils/node_modules/@polkadot/rpc-augment/
[2025-09-09T20:14:58.996Z] [WARN] @polkadot/rpc-provider has multiple versions, ensure that there is only one installed.
Either remove and explicitly install matching versions or dedupe using your package manager.
The following conflicting packages were found:
	esm 12.4.2	node_modules/@polkadot/rpc-provider/
	esm 16.4.6	node_modules/@acala-network/chopsticks-core/node_modules/@polkadot/rpc-provider/
	esm 16.4.6	node_modules/@acala-network/chopsticks/node_modules/@polkadot/rpc-provider/
	esm 16.4.6	node_modules/@acala-network/chopsticks-utils/node_modules/@polkadot/rpc-provider/
[2025-09-09T20:14:58.996Z] [WARN] @polkadot/api-derive has multiple versions, ensure that there is only one installed.
Either remove and explicitly install matching versions or dedupe using your package manager.
The following conflicting packages were found:
	esm 12.4.2	node_modules/@polkadot/api-derive/
	esm 16.4.6	node_modules/@acala-network/chopsticks/node_modules/@polkadot/api-derive/
	esm 16.4.6	node_modules/@acala-network/chopsticks-utils/node_modules/@polkadot/api-derive/
[2025-09-09T20:14:58.996Z] [WARN] @polkadot/rpc-core has multiple versions, ensure that there is only one installed.
Either remove and explicitly install matching versions or dedupe using your package manager.
The following conflicting packages were found:
	esm 12.4.2	node_modules/@polkadot/rpc-core/
	esm 16.4.6	node_modules/@acala-network/chopsticks/node_modules/@polkadot/rpc-core/
	esm 16.4.6	node_modules/@acala-network/chopsticks-utils/node_modules/@polkadot/rpc-core/
[2025-09-09T20:14:58.997Z] [WARN] @polkadot/types has multiple versions, ensure that there is only one installed.
Either remove and explicitly install matching versions or dedupe using your package manager.
The following conflicting packages were found:
	esm 12.4.2	node_modules/@polkadot/types/
	esm 16.4.6	node_modules/@acala-network/chopsticks-core/node_modules/@polkadot/types/
	esm 16.4.6	node_modules/@acala-network/chopsticks/node_modules/@polkadot/types/
	esm 16.4.6	node_modules/@acala-network/chopsticks-utils/node_modules/@polkadot/types/
[2025-09-09T20:14:58.998Z] [WARN] @polkadot/types-create has multiple versions, ensure that there is only one installed.
Either remove and explicitly install matching versions or dedupe using your package manager.
The following conflicting packages were found:
	esm 12.4.2	node_modules/@polkadot/types-create/
	esm 16.4.6	node_modules/@acala-network/chopsticks-core/node_modules/@polkadot/types-create/
	esm 16.4.6	node_modules/@acala-network/chopsticks/node_modules/@polkadot/types-create/
	esm 16.4.6	node_modules/@acala-network/chopsticks-utils/node_modules/@polkadot/types-create/
[2025-09-09T20:14:58.998Z] [WARN] @polkadot/types-codec has multiple versions, ensure that there is only one installed.
Either remove and explicitly install matching versions or dedupe using your package manager.
The following conflicting packages were found:
	esm 12.4.2	node_modules/@polkadot/types-codec/
	esm 16.4.6	node_modules/@acala-network/chopsticks-core/node_modules/@polkadot/types-codec/
	esm 16.4.6	node_modules/@acala-network/chopsticks/node_modules/@polkadot/types-codec/
	esm 16.4.6	node_modules/@acala-network/chopsticks-utils/node_modules/@polkadot/types-codec/
[2025-09-09T20:14:59.000Z] [WARN] @polkadot/types-known has multiple versions, ensure that there is only one installed.
Either remove and explicitly install matching versions or dedupe using your package manager.
The following conflicting packages were found:
	esm 12.4.2	node_modules/@polkadot/types-known/
	esm 16.4.6	node_modules/@acala-network/chopsticks/node_modules/@polkadot/types-known/
	esm 16.4.6	node_modules/@acala-network/chopsticks-utils/node_modules/@polkadot/types-known/
[2025-09-09T20:14:59.032Z] [LOG] [dotenv@17.2.1] injecting env (0) from .env -- tip: 🔐 prevent building .env in docker: https://dotenvx.com/prebuild
[2025-09-09T20:15:00.550Z] [LOG] Setting up AssetHub network with options: {
  "runtimeLogLevel": 5,
  "blockNumber": 9651100,
  "port": 8001,
  "endpoint": [
    "wss://polkadot-asset-hub-rpc.polkadot.io"
  ],
  "db": "assethub-db.sqlite",
  "processQueuedMessages": true
}
[2025-09-09T20:15:04.103Z] [LOG] siblingSovereignAccount 0x7369626c2b080000000000000000000000000000000000000000000000000000
[2025-09-09T20:17:37.907Z] [LOG] Test setup initialized - logging to test-output.log
[2025-09-09T20:17:38.227Z] [WARN] @polkadot/types-codec has multiple versions, ensure that there is only one installed.
Either remove and explicitly install matching versions or dedupe using your package manager.
The following conflicting packages were found:
	esm 12.4.2	node_modules/@polkadot/types-codec/
	esm 16.4.6	node_modules/@acala-network/chopsticks-core/node_modules/@polkadot/types-codec/
[2025-09-09T20:17:38.227Z] [WARN] @polkadot/types has multiple versions, ensure that there is only one installed.
Either remove and explicitly install matching versions or dedupe using your package manager.
The following conflicting packages were found:
	esm 12.4.2	node_modules/@polkadot/types/
	esm 16.4.6	node_modules/@acala-network/chopsticks-core/node_modules/@polkadot/types/
[2025-09-09T20:17:38.228Z] [WARN] @polkadot/types-create has multiple versions, ensure that there is only one installed.
Either remove and explicitly install matching versions or dedupe using your package manager.
The following conflicting packages were found:
	esm 12.4.2	node_modules/@polkadot/types-create/
	esm 16.4.6	node_modules/@acala-network/chopsticks-core/node_modules/@polkadot/types-create/
[2025-09-09T20:17:38.232Z] [WARN] @polkadot/rpc-provider has multiple versions, ensure that there is only one installed.
Either remove and explicitly install matching versions or dedupe using your package manager.
The following conflicting packages were found:
	esm 12.4.2	node_modules/@polkadot/rpc-provider/
	esm 16.4.6	node_modules/@acala-network/chopsticks-core/node_modules/@polkadot/rpc-provider/
[2025-09-09T20:17:38.859Z] [WARN] @polkadot/rpc-augment has multiple versions, ensure that there is only one installed.
Either remove and explicitly install matching versions or dedupe using your package manager.
The following conflicting packages were found:
	esm 12.4.2	node_modules/@polkadot/rpc-augment/
	esm 16.4.6	node_modules/@acala-network/chopsticks/node_modules/@polkadot/rpc-augment/
[2025-09-09T20:17:39.056Z] [WARN] @polkadot/api has multiple versions, ensure that there is only one installed.
Either remove and explicitly install matching versions or dedupe using your package manager.
The following conflicting packages were found:
	esm 12.4.2	node_modules/@polkadot/api/
	esm 16.4.6	node_modules/@acala-network/chopsticks/node_modules/@polkadot/api/
[2025-09-09T20:17:39.056Z] [WARN] @polkadot/rpc-provider has multiple versions, ensure that there is only one installed.
Either remove and explicitly install matching versions or dedupe using your package manager.
The following conflicting packages were found:
	esm 12.4.2	node_modules/@polkadot/rpc-provider/
	esm 16.4.6	node_modules/@acala-network/chopsticks-core/node_modules/@polkadot/rpc-provider/
	esm 16.4.6	node_modules/@acala-network/chopsticks/node_modules/@polkadot/rpc-provider/
[2025-09-09T20:17:39.057Z] [WARN] @polkadot/api-derive has multiple versions, ensure that there is only one installed.
Either remove and explicitly install matching versions or dedupe using your package manager.
The following conflicting packages were found:
	esm 12.4.2	node_modules/@polkadot/api-derive/
	esm 16.4.6	node_modules/@acala-network/chopsticks/node_modules/@polkadot/api-derive/
[2025-09-09T20:17:39.057Z] [WARN] @polkadot/rpc-core has multiple versions, ensure that there is only one installed.
Either remove and explicitly install matching versions or dedupe using your package manager.
The following conflicting packages were found:
	esm 12.4.2	node_modules/@polkadot/rpc-core/
	esm 16.4.6	node_modules/@acala-network/chopsticks/node_modules/@polkadot/rpc-core/
[2025-09-09T20:17:39.057Z] [WARN] @polkadot/types has multiple versions, ensure that there is only one installed.
Either remove and explicitly install matching versions or dedupe using your package manager.
The following conflicting packages were found:
	esm 12.4.2	node_modules/@polkadot/types/
	esm 16.4.6	node_modules/@acala-network/chopsticks-core/node_modules/@polkadot/types/
	esm 16.4.6	node_modules/@acala-network/chopsticks/node_modules/@polkadot/types/
[2025-09-09T20:17:39.058Z] [WARN] @polkadot/types-create has multiple versions, ensure that there is only one installed.
Either remove and explicitly install matching versions or dedupe using your package manager.
The following conflicting packages were found:
	esm 12.4.2	node_modules/@polkadot/types-create/
	esm 16.4.6	node_modules/@acala-network/chopsticks-core/node_modules/@polkadot/types-create/
	esm 16.4.6	node_modules/@acala-network/chopsticks/node_modules/@polkadot/types-create/
[2025-09-09T20:17:39.058Z] [WARN] @polkadot/types-codec has multiple versions, ensure that there is only one installed.
Either remove and explicitly install matching versions or dedupe using your package manager.
The following conflicting packages were found:
	esm 12.4.2	node_modules/@polkadot/types-codec/
	esm 16.4.6	node_modules/@acala-network/chopsticks-core/node_modules/@polkadot/types-codec/
	esm 16.4.6	node_modules/@acala-network/chopsticks/node_modules/@polkadot/types-codec/
[2025-09-09T20:17:39.060Z] [WARN] @polkadot/types-known has multiple versions, ensure that there is only one installed.
Either remove and explicitly install matching versions or dedupe using your package manager.
The following conflicting packages were found:
	esm 12.4.2	node_modules/@polkadot/types-known/
	esm 16.4.6	node_modules/@acala-network/chopsticks/node_modules/@polkadot/types-known/
[2025-09-09T20:17:39.062Z] [WARN] @polkadot/api has multiple versions, ensure that there is only one installed.
Either remove and explicitly install matching versions or dedupe using your package manager.
The following conflicting packages were found:
	esm 12.4.2	node_modules/@polkadot/api/
	esm 16.4.6	node_modules/@acala-network/chopsticks/node_modules/@polkadot/api/
	esm 16.4.6	node_modules/@acala-network/chopsticks-utils/node_modules/@polkadot/api/
[2025-09-09T20:17:39.062Z] [WARN] @polkadot/rpc-augment has multiple versions, ensure that there is only one installed.
Either remove and explicitly install matching versions or dedupe using your package manager.
The following conflicting packages were found:
	esm 12.4.2	node_modules/@polkadot/rpc-augment/
	esm 16.4.6	node_modules/@acala-network/chopsticks/node_modules/@polkadot/rpc-augment/
	esm 16.4.6	node_modules/@acala-network/chopsticks-utils/node_modules/@polkadot/rpc-augment/
[2025-09-09T20:17:39.062Z] [WARN] @polkadot/rpc-provider has multiple versions, ensure that there is only one installed.
Either remove and explicitly install matching versions or dedupe using your package manager.
The following conflicting packages were found:
	esm 12.4.2	node_modules/@polkadot/rpc-provider/
	esm 16.4.6	node_modules/@acala-network/chopsticks-core/node_modules/@polkadot/rpc-provider/
	esm 16.4.6	node_modules/@acala-network/chopsticks/node_modules/@polkadot/rpc-provider/
	esm 16.4.6	node_modules/@acala-network/chopsticks-utils/node_modules/@polkadot/rpc-provider/
[2025-09-09T20:17:39.062Z] [WARN] @polkadot/api-derive has multiple versions, ensure that there is only one installed.
Either remove and explicitly install matching versions or dedupe using your package manager.
The following conflicting packages were found:
	esm 12.4.2	node_modules/@polkadot/api-derive/
	esm 16.4.6	node_modules/@acala-network/chopsticks/node_modules/@polkadot/api-derive/
	esm 16.4.6	node_modules/@acala-network/chopsticks-utils/node_modules/@polkadot/api-derive/
[2025-09-09T20:17:39.062Z] [WARN] @polkadot/rpc-core has multiple versions, ensure that there is only one installed.
Either remove and explicitly install matching versions or dedupe using your package manager.
The following conflicting packages were found:
	esm 12.4.2	node_modules/@polkadot/rpc-core/
	esm 16.4.6	node_modules/@acala-network/chopsticks/node_modules/@polkadot/rpc-core/
	esm 16.4.6	node_modules/@acala-network/chopsticks-utils/node_modules/@polkadot/rpc-core/
[2025-09-09T20:17:39.062Z] [WARN] @polkadot/types has multiple versions, ensure that there is only one installed.
Either remove and explicitly install matching versions or dedupe using your package manager.
The following conflicting packages were found:
	esm 12.4.2	node_modules/@polkadot/types/
	esm 16.4.6	node_modules/@acala-network/chopsticks-core/node_modules/@polkadot/types/
	esm 16.4.6	node_modules/@acala-network/chopsticks/node_modules/@polkadot/types/
	esm 16.4.6	node_modules/@acala-network/chopsticks-utils/node_modules/@polkadot/types/
[2025-09-09T20:17:39.063Z] [WARN] @polkadot/types-create has multiple versions, ensure that there is only one installed.
Either remove and explicitly install matching versions or dedupe using your package manager.
The following conflicting packages were found:
	esm 12.4.2	node_modules/@polkadot/types-create/
	esm 16.4.6	node_modules/@acala-network/chopsticks-core/node_modules/@polkadot/types-create/
	esm 16.4.6	node_modules/@acala-network/chopsticks/node_modules/@polkadot/types-create/
	esm 16.4.6	node_modules/@acala-network/chopsticks-utils/node_modules/@polkadot/types-create/
[2025-09-09T20:17:39.063Z] [WARN] @polkadot/types-codec has multiple versions, ensure that there is only one installed.
Either remove and explicitly install matching versions or dedupe using your package manager.
The following conflicting packages were found:
	esm 12.4.2	node_modules/@polkadot/types-codec/
	esm 16.4.6	node_modules/@acala-network/chopsticks-core/node_modules/@polkadot/types-codec/
	esm 16.4.6	node_modules/@acala-network/chopsticks/node_modules/@polkadot/types-codec/
	esm 16.4.6	node_modules/@acala-network/chopsticks-utils/node_modules/@polkadot/types-codec/
[2025-09-09T20:17:39.065Z] [WARN] @polkadot/types-known has multiple versions, ensure that there is only one installed.
Either remove and explicitly install matching versions or dedupe using your package manager.
The following conflicting packages were found:
	esm 12.4.2	node_modules/@polkadot/types-known/
	esm 16.4.6	node_modules/@acala-network/chopsticks/node_modules/@polkadot/types-known/
	esm 16.4.6	node_modules/@acala-network/chopsticks-utils/node_modules/@polkadot/types-known/
[2025-09-09T20:17:39.099Z] [LOG] [dotenv@17.2.1] injecting env (0) from .env -- tip: ⚙️  write to custom object with { processEnv: myObject }
[2025-09-09T20:17:40.701Z] [LOG] Setting up AssetHub network with options: {
  "runtimeLogLevel": 5,
  "blockNumber": 9651100,
  "port": 8001,
  "endpoint": [
    "wss://polkadot-asset-hub-rpc.polkadot.io"
  ],
  "db": "assethub-db.sqlite",
  "processQueuedMessages": true
}
[2025-09-09T20:17:44.454Z] [LOG] siblingSovereignAccount 0x7369626c2b080000000000000000000000000000000000000000000000000000
[2025-09-09T20:17:59.562Z] [LOG] Test setup initialized - logging to test-output.log
[2025-09-09T20:17:59.792Z] [WARN] @polkadot/types-codec has multiple versions, ensure that there is only one installed.
Either remove and explicitly install matching versions or dedupe using your package manager.
The following conflicting packages were found:
	esm 12.4.2	node_modules/@polkadot/types-codec/
	esm 16.4.6	node_modules/@acala-network/chopsticks-core/node_modules/@polkadot/types-codec/
[2025-09-09T20:17:59.793Z] [WARN] @polkadot/types has multiple versions, ensure that there is only one installed.
Either remove and explicitly install matching versions or dedupe using your package manager.
The following conflicting packages were found:
	esm 12.4.2	node_modules/@polkadot/types/
	esm 16.4.6	node_modules/@acala-network/chopsticks-core/node_modules/@polkadot/types/
[2025-09-09T20:17:59.794Z] [WARN] @polkadot/types-create has multiple versions, ensure that there is only one installed.
Either remove and explicitly install matching versions or dedupe using your package manager.
The following conflicting packages were found:
	esm 12.4.2	node_modules/@polkadot/types-create/
	esm 16.4.6	node_modules/@acala-network/chopsticks-core/node_modules/@polkadot/types-create/
[2025-09-09T20:17:59.798Z] [WARN] @polkadot/rpc-provider has multiple versions, ensure that there is only one installed.
Either remove and explicitly install matching versions or dedupe using your package manager.
The following conflicting packages were found:
	esm 12.4.2	node_modules/@polkadot/rpc-provider/
	esm 16.4.6	node_modules/@acala-network/chopsticks-core/node_modules/@polkadot/rpc-provider/
[2025-09-09T20:18:00.391Z] [WARN] @polkadot/rpc-augment has multiple versions, ensure that there is only one installed.
Either remove and explicitly install matching versions or dedupe using your package manager.
The following conflicting packages were found:
	esm 12.4.2	node_modules/@polkadot/rpc-augment/
	esm 16.4.6	node_modules/@acala-network/chopsticks/node_modules/@polkadot/rpc-augment/
[2025-09-09T20:18:00.495Z] [WARN] @polkadot/api has multiple versions, ensure that there is only one installed.
Either remove and explicitly install matching versions or dedupe using your package manager.
The following conflicting packages were found:
	esm 12.4.2	node_modules/@polkadot/api/
	esm 16.4.6	node_modules/@acala-network/chopsticks/node_modules/@polkadot/api/
[2025-09-09T20:18:00.496Z] [WARN] @polkadot/rpc-provider has multiple versions, ensure that there is only one installed.
Either remove and explicitly install matching versions or dedupe using your package manager.
The following conflicting packages were found:
	esm 12.4.2	node_modules/@polkadot/rpc-provider/
	esm 16.4.6	node_modules/@acala-network/chopsticks-core/node_modules/@polkadot/rpc-provider/
	esm 16.4.6	node_modules/@acala-network/chopsticks/node_modules/@polkadot/rpc-provider/
[2025-09-09T20:18:00.496Z] [WARN] @polkadot/api-derive has multiple versions, ensure that there is only one installed.
Either remove and explicitly install matching versions or dedupe using your package manager.
The following conflicting packages were found:
	esm 12.4.2	node_modules/@polkadot/api-derive/
	esm 16.4.6	node_modules/@acala-network/chopsticks/node_modules/@polkadot/api-derive/
[2025-09-09T20:18:00.497Z] [WARN] @polkadot/rpc-core has multiple versions, ensure that there is only one installed.
Either remove and explicitly install matching versions or dedupe using your package manager.
The following conflicting packages were found:
	esm 12.4.2	node_modules/@polkadot/rpc-core/
	esm 16.4.6	node_modules/@acala-network/chopsticks/node_modules/@polkadot/rpc-core/
[2025-09-09T20:18:00.497Z] [WARN] @polkadot/types has multiple versions, ensure that there is only one installed.
Either remove and explicitly install matching versions or dedupe using your package manager.
The following conflicting packages were found:
	esm 12.4.2	node_modules/@polkadot/types/
	esm 16.4.6	node_modules/@acala-network/chopsticks-core/node_modules/@polkadot/types/
	esm 16.4.6	node_modules/@acala-network/chopsticks/node_modules/@polkadot/types/
[2025-09-09T20:18:00.498Z] [WARN] @polkadot/types-create has multiple versions, ensure that there is only one installed.
Either remove and explicitly install matching versions or dedupe using your package manager.
The following conflicting packages were found:
	esm 12.4.2	node_modules/@polkadot/types-create/
	esm 16.4.6	node_modules/@acala-network/chopsticks-core/node_modules/@polkadot/types-create/
	esm 16.4.6	node_modules/@acala-network/chopsticks/node_modules/@polkadot/types-create/
[2025-09-09T20:18:00.498Z] [WARN] @polkadot/types-codec has multiple versions, ensure that there is only one installed.
Either remove and explicitly install matching versions or dedupe using your package manager.
The following conflicting packages were found:
	esm 12.4.2	node_modules/@polkadot/types-codec/
	esm 16.4.6	node_modules/@acala-network/chopsticks-core/node_modules/@polkadot/types-codec/
	esm 16.4.6	node_modules/@acala-network/chopsticks/node_modules/@polkadot/types-codec/
[2025-09-09T20:18:00.500Z] [WARN] @polkadot/types-known has multiple versions, ensure that there is only one installed.
Either remove and explicitly install matching versions or dedupe using your package manager.
The following conflicting packages were found:
	esm 12.4.2	node_modules/@polkadot/types-known/
	esm 16.4.6	node_modules/@acala-network/chopsticks/node_modules/@polkadot/types-known/
[2025-09-09T20:18:00.502Z] [WARN] @polkadot/api has multiple versions, ensure that there is only one installed.
Either remove and explicitly install matching versions or dedupe using your package manager.
The following conflicting packages were found:
	esm 12.4.2	node_modules/@polkadot/api/
	esm 16.4.6	node_modules/@acala-network/chopsticks/node_modules/@polkadot/api/
	esm 16.4.6	node_modules/@acala-network/chopsticks-utils/node_modules/@polkadot/api/
[2025-09-09T20:18:00.502Z] [WARN] @polkadot/rpc-augment has multiple versions, ensure that there is only one installed.
Either remove and explicitly install matching versions or dedupe using your package manager.
The following conflicting packages were found:
	esm 12.4.2	node_modules/@polkadot/rpc-augment/
	esm 16.4.6	node_modules/@acala-network/chopsticks/node_modules/@polkadot/rpc-augment/
	esm 16.4.6	node_modules/@acala-network/chopsticks-utils/node_modules/@polkadot/rpc-augment/
[2025-09-09T20:18:00.502Z] [WARN] @polkadot/rpc-provider has multiple versions, ensure that there is only one installed.
Either remove and explicitly install matching versions or dedupe using your package manager.
The following conflicting packages were found:
	esm 12.4.2	node_modules/@polkadot/rpc-provider/
	esm 16.4.6	node_modules/@acala-network/chopsticks-core/node_modules/@polkadot/rpc-provider/
	esm 16.4.6	node_modules/@acala-network/chopsticks/node_modules/@polkadot/rpc-provider/
	esm 16.4.6	node_modules/@acala-network/chopsticks-utils/node_modules/@polkadot/rpc-provider/
[2025-09-09T20:18:00.502Z] [WARN] @polkadot/api-derive has multiple versions, ensure that there is only one installed.
Either remove and explicitly install matching versions or dedupe using your package manager.
The following conflicting packages were found:
	esm 12.4.2	node_modules/@polkadot/api-derive/
	esm 16.4.6	node_modules/@acala-network/chopsticks/node_modules/@polkadot/api-derive/
	esm 16.4.6	node_modules/@acala-network/chopsticks-utils/node_modules/@polkadot/api-derive/
[2025-09-09T20:18:00.502Z] [WARN] @polkadot/rpc-core has multiple versions, ensure that there is only one installed.
Either remove and explicitly install matching versions or dedupe using your package manager.
The following conflicting packages were found:
	esm 12.4.2	node_modules/@polkadot/rpc-core/
	esm 16.4.6	node_modules/@acala-network/chopsticks/node_modules/@polkadot/rpc-core/
	esm 16.4.6	node_modules/@acala-network/chopsticks-utils/node_modules/@polkadot/rpc-core/
[2025-09-09T20:18:00.502Z] [WARN] @polkadot/types has multiple versions, ensure that there is only one installed.
Either remove and explicitly install matching versions or dedupe using your package manager.
The following conflicting packages were found:
	esm 12.4.2	node_modules/@polkadot/types/
	esm 16.4.6	node_modules/@acala-network/chopsticks-core/node_modules/@polkadot/types/
	esm 16.4.6	node_modules/@acala-network/chopsticks/node_modules/@polkadot/types/
	esm 16.4.6	node_modules/@acala-network/chopsticks-utils/node_modules/@polkadot/types/
[2025-09-09T20:18:00.503Z] [WARN] @polkadot/types-create has multiple versions, ensure that there is only one installed.
Either remove and explicitly install matching versions or dedupe using your package manager.
The following conflicting packages were found:
	esm 12.4.2	node_modules/@polkadot/types-create/
	esm 16.4.6	node_modules/@acala-network/chopsticks-core/node_modules/@polkadot/types-create/
	esm 16.4.6	node_modules/@acala-network/chopsticks/node_modules/@polkadot/types-create/
	esm 16.4.6	node_modules/@acala-network/chopsticks-utils/node_modules/@polkadot/types-create/
[2025-09-09T20:18:00.503Z] [WARN] @polkadot/types-codec has multiple versions, ensure that there is only one installed.
Either remove and explicitly install matching versions or dedupe using your package manager.
The following conflicting packages were found:
	esm 12.4.2	node_modules/@polkadot/types-codec/
	esm 16.4.6	node_modules/@acala-network/chopsticks-core/node_modules/@polkadot/types-codec/
	esm 16.4.6	node_modules/@acala-network/chopsticks/node_modules/@polkadot/types-codec/
	esm 16.4.6	node_modules/@acala-network/chopsticks-utils/node_modules/@polkadot/types-codec/
[2025-09-09T20:18:00.505Z] [WARN] @polkadot/types-known has multiple versions, ensure that there is only one installed.
Either remove and explicitly install matching versions or dedupe using your package manager.
The following conflicting packages were found:
	esm 12.4.2	node_modules/@polkadot/types-known/
	esm 16.4.6	node_modules/@acala-network/chopsticks/node_modules/@polkadot/types-known/
	esm 16.4.6	node_modules/@acala-network/chopsticks-utils/node_modules/@polkadot/types-known/
[2025-09-09T20:18:00.540Z] [LOG] [dotenv@17.2.1] injecting env (0) from .env -- tip: 📡 observe env with Radar: https://dotenvx.com/radar
[2025-09-09T20:18:02.020Z] [LOG] Setting up AssetHub network with options: {
  "runtimeLogLevel": 5,
  "blockNumber": 9651100,
  "port": 8001,
  "endpoint": [
    "wss://polkadot-asset-hub-rpc.polkadot.io"
  ],
  "db": "assethub-db.sqlite",
  "processQueuedMessages": true
}
[2025-09-09T20:18:05.695Z] [LOG] siblingSovereignAccount 0x7369626c2b080000000000000000000000000000000000000000000000000000
[2025-09-09T20:21:35.179Z] [LOG] Test setup initialized - logging to test-output.log
[2025-09-09T20:21:35.395Z] [WARN] @polkadot/types-codec has multiple versions, ensure that there is only one installed.
Either remove and explicitly install matching versions or dedupe using your package manager.
The following conflicting packages were found:
	esm 12.4.2	node_modules/@polkadot/types-codec/
	esm 16.4.6	node_modules/@acala-network/chopsticks-core/node_modules/@polkadot/types-codec/
[2025-09-09T20:21:35.396Z] [WARN] @polkadot/types has multiple versions, ensure that there is only one installed.
Either remove and explicitly install matching versions or dedupe using your package manager.
The following conflicting packages were found:
	esm 12.4.2	node_modules/@polkadot/types/
	esm 16.4.6	node_modules/@acala-network/chopsticks-core/node_modules/@polkadot/types/
[2025-09-09T20:21:35.397Z] [WARN] @polkadot/types-create has multiple versions, ensure that there is only one installed.
Either remove and explicitly install matching versions or dedupe using your package manager.
The following conflicting packages were found:
	esm 12.4.2	node_modules/@polkadot/types-create/
	esm 16.4.6	node_modules/@acala-network/chopsticks-core/node_modules/@polkadot/types-create/
[2025-09-09T20:21:35.400Z] [WARN] @polkadot/rpc-provider has multiple versions, ensure that there is only one installed.
Either remove and explicitly install matching versions or dedupe using your package manager.
The following conflicting packages were found:
	esm 12.4.2	node_modules/@polkadot/rpc-provider/
	esm 16.4.6	node_modules/@acala-network/chopsticks-core/node_modules/@polkadot/rpc-provider/
[2025-09-09T20:21:35.966Z] [WARN] @polkadot/rpc-augment has multiple versions, ensure that there is only one installed.
Either remove and explicitly install matching versions or dedupe using your package manager.
The following conflicting packages were found:
	esm 12.4.2	node_modules/@polkadot/rpc-augment/
	esm 16.4.6	node_modules/@acala-network/chopsticks/node_modules/@polkadot/rpc-augment/
[2025-09-09T20:21:36.066Z] [WARN] @polkadot/api has multiple versions, ensure that there is only one installed.
Either remove and explicitly install matching versions or dedupe using your package manager.
The following conflicting packages were found:
	esm 12.4.2	node_modules/@polkadot/api/
	esm 16.4.6	node_modules/@acala-network/chopsticks/node_modules/@polkadot/api/
[2025-09-09T20:21:36.066Z] [WARN] @polkadot/rpc-provider has multiple versions, ensure that there is only one installed.
Either remove and explicitly install matching versions or dedupe using your package manager.
The following conflicting packages were found:
	esm 12.4.2	node_modules/@polkadot/rpc-provider/
	esm 16.4.6	node_modules/@acala-network/chopsticks-core/node_modules/@polkadot/rpc-provider/
	esm 16.4.6	node_modules/@acala-network/chopsticks/node_modules/@polkadot/rpc-provider/
[2025-09-09T20:21:36.067Z] [WARN] @polkadot/api-derive has multiple versions, ensure that there is only one installed.
Either remove and explicitly install matching versions or dedupe using your package manager.
The following conflicting packages were found:
	esm 12.4.2	node_modules/@polkadot/api-derive/
	esm 16.4.6	node_modules/@acala-network/chopsticks/node_modules/@polkadot/api-derive/
[2025-09-09T20:21:36.067Z] [WARN] @polkadot/rpc-core has multiple versions, ensure that there is only one installed.
Either remove and explicitly install matching versions or dedupe using your package manager.
The following conflicting packages were found:
	esm 12.4.2	node_modules/@polkadot/rpc-core/
	esm 16.4.6	node_modules/@acala-network/chopsticks/node_modules/@polkadot/rpc-core/
[2025-09-09T20:21:36.067Z] [WARN] @polkadot/types has multiple versions, ensure that there is only one installed.
Either remove and explicitly install matching versions or dedupe using your package manager.
The following conflicting packages were found:
	esm 12.4.2	node_modules/@polkadot/types/
	esm 16.4.6	node_modules/@acala-network/chopsticks-core/node_modules/@polkadot/types/
	esm 16.4.6	node_modules/@acala-network/chopsticks/node_modules/@polkadot/types/
[2025-09-09T20:21:36.068Z] [WARN] @polkadot/types-create has multiple versions, ensure that there is only one installed.
Either remove and explicitly install matching versions or dedupe using your package manager.
The following conflicting packages were found:
	esm 12.4.2	node_modules/@polkadot/types-create/
	esm 16.4.6	node_modules/@acala-network/chopsticks-core/node_modules/@polkadot/types-create/
	esm 16.4.6	node_modules/@acala-network/chopsticks/node_modules/@polkadot/types-create/
[2025-09-09T20:21:36.068Z] [WARN] @polkadot/types-codec has multiple versions, ensure that there is only one installed.
Either remove and explicitly install matching versions or dedupe using your package manager.
The following conflicting packages were found:
	esm 12.4.2	node_modules/@polkadot/types-codec/
	esm 16.4.6	node_modules/@acala-network/chopsticks-core/node_modules/@polkadot/types-codec/
	esm 16.4.6	node_modules/@acala-network/chopsticks/node_modules/@polkadot/types-codec/
[2025-09-09T20:21:36.070Z] [WARN] @polkadot/types-known has multiple versions, ensure that there is only one installed.
Either remove and explicitly install matching versions or dedupe using your package manager.
The following conflicting packages were found:
	esm 12.4.2	node_modules/@polkadot/types-known/
	esm 16.4.6	node_modules/@acala-network/chopsticks/node_modules/@polkadot/types-known/
[2025-09-09T20:21:36.072Z] [WARN] @polkadot/api has multiple versions, ensure that there is only one installed.
Either remove and explicitly install matching versions or dedupe using your package manager.
The following conflicting packages were found:
	esm 12.4.2	node_modules/@polkadot/api/
	esm 16.4.6	node_modules/@acala-network/chopsticks/node_modules/@polkadot/api/
	esm 16.4.6	node_modules/@acala-network/chopsticks-utils/node_modules/@polkadot/api/
[2025-09-09T20:21:36.072Z] [WARN] @polkadot/rpc-augment has multiple versions, ensure that there is only one installed.
Either remove and explicitly install matching versions or dedupe using your package manager.
The following conflicting packages were found:
	esm 12.4.2	node_modules/@polkadot/rpc-augment/
	esm 16.4.6	node_modules/@acala-network/chopsticks/node_modules/@polkadot/rpc-augment/
	esm 16.4.6	node_modules/@acala-network/chopsticks-utils/node_modules/@polkadot/rpc-augment/
[2025-09-09T20:21:36.072Z] [WARN] @polkadot/rpc-provider has multiple versions, ensure that there is only one installed.
Either remove and explicitly install matching versions or dedupe using your package manager.
The following conflicting packages were found:
	esm 12.4.2	node_modules/@polkadot/rpc-provider/
	esm 16.4.6	node_modules/@acala-network/chopsticks-core/node_modules/@polkadot/rpc-provider/
	esm 16.4.6	node_modules/@acala-network/chopsticks/node_modules/@polkadot/rpc-provider/
	esm 16.4.6	node_modules/@acala-network/chopsticks-utils/node_modules/@polkadot/rpc-provider/
[2025-09-09T20:21:36.073Z] [WARN] @polkadot/api-derive has multiple versions, ensure that there is only one installed.
Either remove and explicitly install matching versions or dedupe using your package manager.
The following conflicting packages were found:
	esm 12.4.2	node_modules/@polkadot/api-derive/
	esm 16.4.6	node_modules/@acala-network/chopsticks/node_modules/@polkadot/api-derive/
	esm 16.4.6	node_modules/@acala-network/chopsticks-utils/node_modules/@polkadot/api-derive/
[2025-09-09T20:21:36.073Z] [WARN] @polkadot/rpc-core has multiple versions, ensure that there is only one installed.
Either remove and explicitly install matching versions or dedupe using your package manager.
The following conflicting packages were found:
	esm 12.4.2	node_modules/@polkadot/rpc-core/
	esm 16.4.6	node_modules/@acala-network/chopsticks/node_modules/@polkadot/rpc-core/
	esm 16.4.6	node_modules/@acala-network/chopsticks-utils/node_modules/@polkadot/rpc-core/
[2025-09-09T20:21:36.073Z] [WARN] @polkadot/types has multiple versions, ensure that there is only one installed.
Either remove and explicitly install matching versions or dedupe using your package manager.
The following conflicting packages were found:
	esm 12.4.2	node_modules/@polkadot/types/
	esm 16.4.6	node_modules/@acala-network/chopsticks-core/node_modules/@polkadot/types/
	esm 16.4.6	node_modules/@acala-network/chopsticks/node_modules/@polkadot/types/
	esm 16.4.6	node_modules/@acala-network/chopsticks-utils/node_modules/@polkadot/types/
[2025-09-09T20:21:36.073Z] [WARN] @polkadot/types-create has multiple versions, ensure that there is only one installed.
Either remove and explicitly install matching versions or dedupe using your package manager.
The following conflicting packages were found:
	esm 12.4.2	node_modules/@polkadot/types-create/
	esm 16.4.6	node_modules/@acala-network/chopsticks-core/node_modules/@polkadot/types-create/
	esm 16.4.6	node_modules/@acala-network/chopsticks/node_modules/@polkadot/types-create/
	esm 16.4.6	node_modules/@acala-network/chopsticks-utils/node_modules/@polkadot/types-create/
[2025-09-09T20:21:36.073Z] [WARN] @polkadot/types-codec has multiple versions, ensure that there is only one installed.
Either remove and explicitly install matching versions or dedupe using your package manager.
The following conflicting packages were found:
	esm 12.4.2	node_modules/@polkadot/types-codec/
	esm 16.4.6	node_modules/@acala-network/chopsticks-core/node_modules/@polkadot/types-codec/
	esm 16.4.6	node_modules/@acala-network/chopsticks/node_modules/@polkadot/types-codec/
	esm 16.4.6	node_modules/@acala-network/chopsticks-utils/node_modules/@polkadot/types-codec/
[2025-09-09T20:21:36.075Z] [WARN] @polkadot/types-known has multiple versions, ensure that there is only one installed.
Either remove and explicitly install matching versions or dedupe using your package manager.
The following conflicting packages were found:
	esm 12.4.2	node_modules/@polkadot/types-known/
	esm 16.4.6	node_modules/@acala-network/chopsticks/node_modules/@polkadot/types-known/
	esm 16.4.6	node_modules/@acala-network/chopsticks-utils/node_modules/@polkadot/types-known/
[2025-09-09T20:21:36.107Z] [LOG] [dotenv@17.2.1] injecting env (0) from .env -- tip: 🔐 encrypt with Dotenvx: https://dotenvx.com
[2025-09-09T20:21:37.684Z] [LOG] Setting up AssetHub network with options: {
  "runtimeLogLevel": 5,
  "blockNumber": 9651100,
  "port": 8001,
  "endpoint": [
    "wss://polkadot-asset-hub-rpc.polkadot.io"
  ],
  "db": "assethub-db.sqlite",
  "processQueuedMessages": true
}
[2025-09-09T20:21:41.803Z] [LOG] siblingSovereignAccount 0x7369626c2b080000000000000000000000000000000000000000000000000000
[2025-09-09T20:23:09.570Z] [LOG] Test setup initialized - logging to test-output.log
[2025-09-09T20:23:09.798Z] [WARN] @polkadot/types-codec has multiple versions, ensure that there is only one installed.
Either remove and explicitly install matching versions or dedupe using your package manager.
The following conflicting packages were found:
	esm 12.4.2	node_modules/@polkadot/types-codec/
	esm 16.4.6	node_modules/@acala-network/chopsticks-core/node_modules/@polkadot/types-codec/
[2025-09-09T20:23:09.799Z] [WARN] @polkadot/types has multiple versions, ensure that there is only one installed.
Either remove and explicitly install matching versions or dedupe using your package manager.
The following conflicting packages were found:
	esm 12.4.2	node_modules/@polkadot/types/
	esm 16.4.6	node_modules/@acala-network/chopsticks-core/node_modules/@polkadot/types/
[2025-09-09T20:23:09.800Z] [WARN] @polkadot/types-create has multiple versions, ensure that there is only one installed.
Either remove and explicitly install matching versions or dedupe using your package manager.
The following conflicting packages were found:
	esm 12.4.2	node_modules/@polkadot/types-create/
	esm 16.4.6	node_modules/@acala-network/chopsticks-core/node_modules/@polkadot/types-create/
[2025-09-09T20:23:09.803Z] [WARN] @polkadot/rpc-provider has multiple versions, ensure that there is only one installed.
Either remove and explicitly install matching versions or dedupe using your package manager.
The following conflicting packages were found:
	esm 12.4.2	node_modules/@polkadot/rpc-provider/
	esm 16.4.6	node_modules/@acala-network/chopsticks-core/node_modules/@polkadot/rpc-provider/
[2025-09-09T20:23:10.503Z] [WARN] @polkadot/rpc-augment has multiple versions, ensure that there is only one installed.
Either remove and explicitly install matching versions or dedupe using your package manager.
The following conflicting packages were found:
	esm 12.4.2	node_modules/@polkadot/rpc-augment/
	esm 16.4.6	node_modules/@acala-network/chopsticks/node_modules/@polkadot/rpc-augment/
[2025-09-09T20:23:10.608Z] [WARN] @polkadot/api has multiple versions, ensure that there is only one installed.
Either remove and explicitly install matching versions or dedupe using your package manager.
The following conflicting packages were found:
	esm 12.4.2	node_modules/@polkadot/api/
	esm 16.4.6	node_modules/@acala-network/chopsticks/node_modules/@polkadot/api/
[2025-09-09T20:23:10.609Z] [WARN] @polkadot/rpc-provider has multiple versions, ensure that there is only one installed.
Either remove and explicitly install matching versions or dedupe using your package manager.
The following conflicting packages were found:
	esm 12.4.2	node_modules/@polkadot/rpc-provider/
	esm 16.4.6	node_modules/@acala-network/chopsticks-core/node_modules/@polkadot/rpc-provider/
	esm 16.4.6	node_modules/@acala-network/chopsticks/node_modules/@polkadot/rpc-provider/
[2025-09-09T20:23:10.609Z] [WARN] @polkadot/api-derive has multiple versions, ensure that there is only one installed.
Either remove and explicitly install matching versions or dedupe using your package manager.
The following conflicting packages were found:
	esm 12.4.2	node_modules/@polkadot/api-derive/
	esm 16.4.6	node_modules/@acala-network/chopsticks/node_modules/@polkadot/api-derive/
[2025-09-09T20:23:10.609Z] [WARN] @polkadot/rpc-core has multiple versions, ensure that there is only one installed.
Either remove and explicitly install matching versions or dedupe using your package manager.
The following conflicting packages were found:
	esm 12.4.2	node_modules/@polkadot/rpc-core/
	esm 16.4.6	node_modules/@acala-network/chopsticks/node_modules/@polkadot/rpc-core/
[2025-09-09T20:23:10.609Z] [WARN] @polkadot/types has multiple versions, ensure that there is only one installed.
Either remove and explicitly install matching versions or dedupe using your package manager.
The following conflicting packages were found:
	esm 12.4.2	node_modules/@polkadot/types/
	esm 16.4.6	node_modules/@acala-network/chopsticks-core/node_modules/@polkadot/types/
	esm 16.4.6	node_modules/@acala-network/chopsticks/node_modules/@polkadot/types/
[2025-09-09T20:23:10.610Z] [WARN] @polkadot/types-create has multiple versions, ensure that there is only one installed.
Either remove and explicitly install matching versions or dedupe using your package manager.
The following conflicting packages were found:
	esm 12.4.2	node_modules/@polkadot/types-create/
	esm 16.4.6	node_modules/@acala-network/chopsticks-core/node_modules/@polkadot/types-create/
	esm 16.4.6	node_modules/@acala-network/chopsticks/node_modules/@polkadot/types-create/
[2025-09-09T20:23:10.610Z] [WARN] @polkadot/types-codec has multiple versions, ensure that there is only one installed.
Either remove and explicitly install matching versions or dedupe using your package manager.
The following conflicting packages were found:
	esm 12.4.2	node_modules/@polkadot/types-codec/
	esm 16.4.6	node_modules/@acala-network/chopsticks-core/node_modules/@polkadot/types-codec/
	esm 16.4.6	node_modules/@acala-network/chopsticks/node_modules/@polkadot/types-codec/
[2025-09-09T20:23:10.613Z] [WARN] @polkadot/types-known has multiple versions, ensure that there is only one installed.
Either remove and explicitly install matching versions or dedupe using your package manager.
The following conflicting packages were found:
	esm 12.4.2	node_modules/@polkadot/types-known/
	esm 16.4.6	node_modules/@acala-network/chopsticks/node_modules/@polkadot/types-known/
[2025-09-09T20:23:10.615Z] [WARN] @polkadot/api has multiple versions, ensure that there is only one installed.
Either remove and explicitly install matching versions or dedupe using your package manager.
The following conflicting packages were found:
	esm 12.4.2	node_modules/@polkadot/api/
	esm 16.4.6	node_modules/@acala-network/chopsticks/node_modules/@polkadot/api/
	esm 16.4.6	node_modules/@acala-network/chopsticks-utils/node_modules/@polkadot/api/
[2025-09-09T20:23:10.615Z] [WARN] @polkadot/rpc-augment has multiple versions, ensure that there is only one installed.
Either remove and explicitly install matching versions or dedupe using your package manager.
The following conflicting packages were found:
	esm 12.4.2	node_modules/@polkadot/rpc-augment/
	esm 16.4.6	node_modules/@acala-network/chopsticks/node_modules/@polkadot/rpc-augment/
	esm 16.4.6	node_modules/@acala-network/chopsticks-utils/node_modules/@polkadot/rpc-augment/
[2025-09-09T20:23:10.615Z] [WARN] @polkadot/rpc-provider has multiple versions, ensure that there is only one installed.
Either remove and explicitly install matching versions or dedupe using your package manager.
The following conflicting packages were found:
	esm 12.4.2	node_modules/@polkadot/rpc-provider/
	esm 16.4.6	node_modules/@acala-network/chopsticks-core/node_modules/@polkadot/rpc-provider/
	esm 16.4.6	node_modules/@acala-network/chopsticks/node_modules/@polkadot/rpc-provider/
	esm 16.4.6	node_modules/@acala-network/chopsticks-utils/node_modules/@polkadot/rpc-provider/
[2025-09-09T20:23:10.615Z] [WARN] @polkadot/api-derive has multiple versions, ensure that there is only one installed.
Either remove and explicitly install matching versions or dedupe using your package manager.
The following conflicting packages were found:
	esm 12.4.2	node_modules/@polkadot/api-derive/
	esm 16.4.6	node_modules/@acala-network/chopsticks/node_modules/@polkadot/api-derive/
	esm 16.4.6	node_modules/@acala-network/chopsticks-utils/node_modules/@polkadot/api-derive/
[2025-09-09T20:23:10.616Z] [WARN] @polkadot/rpc-core has multiple versions, ensure that there is only one installed.
Either remove and explicitly install matching versions or dedupe using your package manager.
The following conflicting packages were found:
	esm 12.4.2	node_modules/@polkadot/rpc-core/
	esm 16.4.6	node_modules/@acala-network/chopsticks/node_modules/@polkadot/rpc-core/
	esm 16.4.6	node_modules/@acala-network/chopsticks-utils/node_modules/@polkadot/rpc-core/
[2025-09-09T20:23:10.616Z] [WARN] @polkadot/types has multiple versions, ensure that there is only one installed.
Either remove and explicitly install matching versions or dedupe using your package manager.
The following conflicting packages were found:
	esm 12.4.2	node_modules/@polkadot/types/
	esm 16.4.6	node_modules/@acala-network/chopsticks-core/node_modules/@polkadot/types/
	esm 16.4.6	node_modules/@acala-network/chopsticks/node_modules/@polkadot/types/
	esm 16.4.6	node_modules/@acala-network/chopsticks-utils/node_modules/@polkadot/types/
[2025-09-09T20:23:10.616Z] [WARN] @polkadot/types-create has multiple versions, ensure that there is only one installed.
Either remove and explicitly install matching versions or dedupe using your package manager.
The following conflicting packages were found:
	esm 12.4.2	node_modules/@polkadot/types-create/
	esm 16.4.6	node_modules/@acala-network/chopsticks-core/node_modules/@polkadot/types-create/
	esm 16.4.6	node_modules/@acala-network/chopsticks/node_modules/@polkadot/types-create/
	esm 16.4.6	node_modules/@acala-network/chopsticks-utils/node_modules/@polkadot/types-create/
[2025-09-09T20:23:10.616Z] [WARN] @polkadot/types-codec has multiple versions, ensure that there is only one installed.
Either remove and explicitly install matching versions or dedupe using your package manager.
The following conflicting packages were found:
	esm 12.4.2	node_modules/@polkadot/types-codec/
	esm 16.4.6	node_modules/@acala-network/chopsticks-core/node_modules/@polkadot/types-codec/
	esm 16.4.6	node_modules/@acala-network/chopsticks/node_modules/@polkadot/types-codec/
	esm 16.4.6	node_modules/@acala-network/chopsticks-utils/node_modules/@polkadot/types-codec/
[2025-09-09T20:23:10.618Z] [WARN] @polkadot/types-known has multiple versions, ensure that there is only one installed.
Either remove and explicitly install matching versions or dedupe using your package manager.
The following conflicting packages were found:
	esm 12.4.2	node_modules/@polkadot/types-known/
	esm 16.4.6	node_modules/@acala-network/chopsticks/node_modules/@polkadot/types-known/
	esm 16.4.6	node_modules/@acala-network/chopsticks-utils/node_modules/@polkadot/types-known/
[2025-09-09T20:23:10.652Z] [LOG] [dotenv@17.2.1] injecting env (0) from .env -- tip: ⚙️  suppress all logs with { quiet: true }
[2025-09-09T20:23:12.281Z] [LOG] Setting up AssetHub network with options: {
  "runtimeLogLevel": 5,
  "blockNumber": 9651100,
  "port": 8001,
  "endpoint": [
    "wss://polkadot-asset-hub-rpc.polkadot.io"
  ],
  "db": "assethub-db.sqlite",
  "processQueuedMessages": true
}
[2025-09-09T20:23:16.118Z] [LOG] siblingSovereignAccount 0x7369626c2b080000000000000000000000000000000000000000000000000000
[2025-09-09T20:23:50.666Z] [LOG] Test setup initialized - logging to test-output.log
[2025-09-09T20:23:50.896Z] [WARN] @polkadot/types-codec has multiple versions, ensure that there is only one installed.
Either remove and explicitly install matching versions or dedupe using your package manager.
The following conflicting packages were found:
	esm 12.4.2	node_modules/@polkadot/types-codec/
	esm 16.4.6	node_modules/@acala-network/chopsticks-core/node_modules/@polkadot/types-codec/
[2025-09-09T20:23:50.897Z] [WARN] @polkadot/types has multiple versions, ensure that there is only one installed.
Either remove and explicitly install matching versions or dedupe using your package manager.
The following conflicting packages were found:
	esm 12.4.2	node_modules/@polkadot/types/
	esm 16.4.6	node_modules/@acala-network/chopsticks-core/node_modules/@polkadot/types/
[2025-09-09T20:23:50.898Z] [WARN] @polkadot/types-create has multiple versions, ensure that there is only one installed.
Either remove and explicitly install matching versions or dedupe using your package manager.
The following conflicting packages were found:
	esm 12.4.2	node_modules/@polkadot/types-create/
	esm 16.4.6	node_modules/@acala-network/chopsticks-core/node_modules/@polkadot/types-create/
[2025-09-09T20:23:50.902Z] [WARN] @polkadot/rpc-provider has multiple versions, ensure that there is only one installed.
Either remove and explicitly install matching versions or dedupe using your package manager.
The following conflicting packages were found:
	esm 12.4.2	node_modules/@polkadot/rpc-provider/
	esm 16.4.6	node_modules/@acala-network/chopsticks-core/node_modules/@polkadot/rpc-provider/
[2025-09-09T20:23:51.580Z] [WARN] @polkadot/rpc-augment has multiple versions, ensure that there is only one installed.
Either remove and explicitly install matching versions or dedupe using your package manager.
The following conflicting packages were found:
	esm 12.4.2	node_modules/@polkadot/rpc-augment/
	esm 16.4.6	node_modules/@acala-network/chopsticks/node_modules/@polkadot/rpc-augment/
[2025-09-09T20:23:51.757Z] [WARN] @polkadot/api has multiple versions, ensure that there is only one installed.
Either remove and explicitly install matching versions or dedupe using your package manager.
The following conflicting packages were found:
	esm 12.4.2	node_modules/@polkadot/api/
	esm 16.4.6	node_modules/@acala-network/chopsticks/node_modules/@polkadot/api/
[2025-09-09T20:23:51.757Z] [WARN] @polkadot/rpc-provider has multiple versions, ensure that there is only one installed.
Either remove and explicitly install matching versions or dedupe using your package manager.
The following conflicting packages were found:
	esm 12.4.2	node_modules/@polkadot/rpc-provider/
	esm 16.4.6	node_modules/@acala-network/chopsticks-core/node_modules/@polkadot/rpc-provider/
	esm 16.4.6	node_modules/@acala-network/chopsticks/node_modules/@polkadot/rpc-provider/
[2025-09-09T20:23:51.757Z] [WARN] @polkadot/api-derive has multiple versions, ensure that there is only one installed.
Either remove and explicitly install matching versions or dedupe using your package manager.
The following conflicting packages were found:
	esm 12.4.2	node_modules/@polkadot/api-derive/
	esm 16.4.6	node_modules/@acala-network/chopsticks/node_modules/@polkadot/api-derive/
[2025-09-09T20:23:51.757Z] [WARN] @polkadot/rpc-core has multiple versions, ensure that there is only one installed.
Either remove and explicitly install matching versions or dedupe using your package manager.
The following conflicting packages were found:
	esm 12.4.2	node_modules/@polkadot/rpc-core/
	esm 16.4.6	node_modules/@acala-network/chopsticks/node_modules/@polkadot/rpc-core/
[2025-09-09T20:23:51.757Z] [WARN] @polkadot/types has multiple versions, ensure that there is only one installed.
Either remove and explicitly install matching versions or dedupe using your package manager.
The following conflicting packages were found:
	esm 12.4.2	node_modules/@polkadot/types/
	esm 16.4.6	node_modules/@acala-network/chopsticks-core/node_modules/@polkadot/types/
	esm 16.4.6	node_modules/@acala-network/chopsticks/node_modules/@polkadot/types/
[2025-09-09T20:23:51.758Z] [WARN] @polkadot/types-create has multiple versions, ensure that there is only one installed.
Either remove and explicitly install matching versions or dedupe using your package manager.
The following conflicting packages were found:
	esm 12.4.2	node_modules/@polkadot/types-create/
	esm 16.4.6	node_modules/@acala-network/chopsticks-core/node_modules/@polkadot/types-create/
	esm 16.4.6	node_modules/@acala-network/chopsticks/node_modules/@polkadot/types-create/
[2025-09-09T20:23:51.758Z] [WARN] @polkadot/types-codec has multiple versions, ensure that there is only one installed.
Either remove and explicitly install matching versions or dedupe using your package manager.
The following conflicting packages were found:
	esm 12.4.2	node_modules/@polkadot/types-codec/
	esm 16.4.6	node_modules/@acala-network/chopsticks-core/node_modules/@polkadot/types-codec/
	esm 16.4.6	node_modules/@acala-network/chopsticks/node_modules/@polkadot/types-codec/
[2025-09-09T20:23:51.760Z] [WARN] @polkadot/types-known has multiple versions, ensure that there is only one installed.
Either remove and explicitly install matching versions or dedupe using your package manager.
The following conflicting packages were found:
	esm 12.4.2	node_modules/@polkadot/types-known/
	esm 16.4.6	node_modules/@acala-network/chopsticks/node_modules/@polkadot/types-known/
[2025-09-09T20:23:51.762Z] [WARN] @polkadot/api has multiple versions, ensure that there is only one installed.
Either remove and explicitly install matching versions or dedupe using your package manager.
The following conflicting packages were found:
	esm 12.4.2	node_modules/@polkadot/api/
	esm 16.4.6	node_modules/@acala-network/chopsticks/node_modules/@polkadot/api/
	esm 16.4.6	node_modules/@acala-network/chopsticks-utils/node_modules/@polkadot/api/
[2025-09-09T20:23:51.762Z] [WARN] @polkadot/rpc-augment has multiple versions, ensure that there is only one installed.
Either remove and explicitly install matching versions or dedupe using your package manager.
The following conflicting packages were found:
	esm 12.4.2	node_modules/@polkadot/rpc-augment/
	esm 16.4.6	node_modules/@acala-network/chopsticks/node_modules/@polkadot/rpc-augment/
	esm 16.4.6	node_modules/@acala-network/chopsticks-utils/node_modules/@polkadot/rpc-augment/
[2025-09-09T20:23:51.762Z] [WARN] @polkadot/rpc-provider has multiple versions, ensure that there is only one installed.
Either remove and explicitly install matching versions or dedupe using your package manager.
The following conflicting packages were found:
	esm 12.4.2	node_modules/@polkadot/rpc-provider/
	esm 16.4.6	node_modules/@acala-network/chopsticks-core/node_modules/@polkadot/rpc-provider/
	esm 16.4.6	node_modules/@acala-network/chopsticks/node_modules/@polkadot/rpc-provider/
	esm 16.4.6	node_modules/@acala-network/chopsticks-utils/node_modules/@polkadot/rpc-provider/
[2025-09-09T20:23:51.762Z] [WARN] @polkadot/api-derive has multiple versions, ensure that there is only one installed.
Either remove and explicitly install matching versions or dedupe using your package manager.
The following conflicting packages were found:
	esm 12.4.2	node_modules/@polkadot/api-derive/
	esm 16.4.6	node_modules/@acala-network/chopsticks/node_modules/@polkadot/api-derive/
	esm 16.4.6	node_modules/@acala-network/chopsticks-utils/node_modules/@polkadot/api-derive/
[2025-09-09T20:23:51.762Z] [WARN] @polkadot/rpc-core has multiple versions, ensure that there is only one installed.
Either remove and explicitly install matching versions or dedupe using your package manager.
The following conflicting packages were found:
	esm 12.4.2	node_modules/@polkadot/rpc-core/
	esm 16.4.6	node_modules/@acala-network/chopsticks/node_modules/@polkadot/rpc-core/
	esm 16.4.6	node_modules/@acala-network/chopsticks-utils/node_modules/@polkadot/rpc-core/
[2025-09-09T20:23:51.762Z] [WARN] @polkadot/types has multiple versions, ensure that there is only one installed.
Either remove and explicitly install matching versions or dedupe using your package manager.
The following conflicting packages were found:
	esm 12.4.2	node_modules/@polkadot/types/
	esm 16.4.6	node_modules/@acala-network/chopsticks-core/node_modules/@polkadot/types/
	esm 16.4.6	node_modules/@acala-network/chopsticks/node_modules/@polkadot/types/
	esm 16.4.6	node_modules/@acala-network/chopsticks-utils/node_modules/@polkadot/types/
[2025-09-09T20:23:51.763Z] [WARN] @polkadot/types-create has multiple versions, ensure that there is only one installed.
Either remove and explicitly install matching versions or dedupe using your package manager.
The following conflicting packages were found:
	esm 12.4.2	node_modules/@polkadot/types-create/
	esm 16.4.6	node_modules/@acala-network/chopsticks-core/node_modules/@polkadot/types-create/
	esm 16.4.6	node_modules/@acala-network/chopsticks/node_modules/@polkadot/types-create/
	esm 16.4.6	node_modules/@acala-network/chopsticks-utils/node_modules/@polkadot/types-create/
[2025-09-09T20:23:51.763Z] [WARN] @polkadot/types-codec has multiple versions, ensure that there is only one installed.
Either remove and explicitly install matching versions or dedupe using your package manager.
The following conflicting packages were found:
	esm 12.4.2	node_modules/@polkadot/types-codec/
	esm 16.4.6	node_modules/@acala-network/chopsticks-core/node_modules/@polkadot/types-codec/
	esm 16.4.6	node_modules/@acala-network/chopsticks/node_modules/@polkadot/types-codec/
	esm 16.4.6	node_modules/@acala-network/chopsticks-utils/node_modules/@polkadot/types-codec/
[2025-09-09T20:23:51.765Z] [WARN] @polkadot/types-known has multiple versions, ensure that there is only one installed.
Either remove and explicitly install matching versions or dedupe using your package manager.
The following conflicting packages were found:
	esm 12.4.2	node_modules/@polkadot/types-known/
	esm 16.4.6	node_modules/@acala-network/chopsticks/node_modules/@polkadot/types-known/
	esm 16.4.6	node_modules/@acala-network/chopsticks-utils/node_modules/@polkadot/types-known/
[2025-09-09T20:23:51.835Z] [LOG] [dotenv@17.2.1] injecting env (0) from .env -- tip: ⚙️  specify custom .env file path with { path: '/custom/path/.env' }
[2025-09-09T20:23:53.367Z] [LOG] Setting up AssetHub network with options: {
  "runtimeLogLevel": 5,
  "blockNumber": 9651100,
  "port": 8001,
  "endpoint": [
    "wss://polkadot-asset-hub-rpc.polkadot.io"
  ],
  "db": "assethub-db.sqlite",
  "processQueuedMessages": true
}
[2025-09-09T20:23:56.762Z] [LOG] siblingSovereignAccount 0x7369626c2b080000000000000000000000000000000000000000000000000000
[2025-09-09T20:25:21.269Z] [LOG] Test setup initialized - logging to test-output.log
[2025-09-09T20:25:21.483Z] [WARN] @polkadot/types-codec has multiple versions, ensure that there is only one installed.
Either remove and explicitly install matching versions or dedupe using your package manager.
The following conflicting packages were found:
	esm 12.4.2	node_modules/@polkadot/types-codec/
	esm 16.4.6	node_modules/@acala-network/chopsticks-core/node_modules/@polkadot/types-codec/
[2025-09-09T20:25:21.484Z] [WARN] @polkadot/types has multiple versions, ensure that there is only one installed.
Either remove and explicitly install matching versions or dedupe using your package manager.
The following conflicting packages were found:
	esm 12.4.2	node_modules/@polkadot/types/
	esm 16.4.6	node_modules/@acala-network/chopsticks-core/node_modules/@polkadot/types/
[2025-09-09T20:25:21.485Z] [WARN] @polkadot/types-create has multiple versions, ensure that there is only one installed.
Either remove and explicitly install matching versions or dedupe using your package manager.
The following conflicting packages were found:
	esm 12.4.2	node_modules/@polkadot/types-create/
	esm 16.4.6	node_modules/@acala-network/chopsticks-core/node_modules/@polkadot/types-create/
[2025-09-09T20:25:21.488Z] [WARN] @polkadot/rpc-provider has multiple versions, ensure that there is only one installed.
Either remove and explicitly install matching versions or dedupe using your package manager.
The following conflicting packages were found:
	esm 12.4.2	node_modules/@polkadot/rpc-provider/
	esm 16.4.6	node_modules/@acala-network/chopsticks-core/node_modules/@polkadot/rpc-provider/
[2025-09-09T20:25:22.118Z] [WARN] @polkadot/rpc-augment has multiple versions, ensure that there is only one installed.
Either remove and explicitly install matching versions or dedupe using your package manager.
The following conflicting packages were found:
	esm 12.4.2	node_modules/@polkadot/rpc-augment/
	esm 16.4.6	node_modules/@acala-network/chopsticks/node_modules/@polkadot/rpc-augment/
[2025-09-09T20:25:22.215Z] [WARN] @polkadot/api has multiple versions, ensure that there is only one installed.
Either remove and explicitly install matching versions or dedupe using your package manager.
The following conflicting packages were found:
	esm 12.4.2	node_modules/@polkadot/api/
	esm 16.4.6	node_modules/@acala-network/chopsticks/node_modules/@polkadot/api/
[2025-09-09T20:25:22.215Z] [WARN] @polkadot/rpc-provider has multiple versions, ensure that there is only one installed.
Either remove and explicitly install matching versions or dedupe using your package manager.
The following conflicting packages were found:
	esm 12.4.2	node_modules/@polkadot/rpc-provider/
	esm 16.4.6	node_modules/@acala-network/chopsticks-core/node_modules/@polkadot/rpc-provider/
	esm 16.4.6	node_modules/@acala-network/chopsticks/node_modules/@polkadot/rpc-provider/
[2025-09-09T20:25:22.215Z] [WARN] @polkadot/api-derive has multiple versions, ensure that there is only one installed.
Either remove and explicitly install matching versions or dedupe using your package manager.
The following conflicting packages were found:
	esm 12.4.2	node_modules/@polkadot/api-derive/
	esm 16.4.6	node_modules/@acala-network/chopsticks/node_modules/@polkadot/api-derive/
[2025-09-09T20:25:22.216Z] [WARN] @polkadot/rpc-core has multiple versions, ensure that there is only one installed.
Either remove and explicitly install matching versions or dedupe using your package manager.
The following conflicting packages were found:
	esm 12.4.2	node_modules/@polkadot/rpc-core/
	esm 16.4.6	node_modules/@acala-network/chopsticks/node_modules/@polkadot/rpc-core/
[2025-09-09T20:25:22.216Z] [WARN] @polkadot/types has multiple versions, ensure that there is only one installed.
Either remove and explicitly install matching versions or dedupe using your package manager.
The following conflicting packages were found:
	esm 12.4.2	node_modules/@polkadot/types/
	esm 16.4.6	node_modules/@acala-network/chopsticks-core/node_modules/@polkadot/types/
	esm 16.4.6	node_modules/@acala-network/chopsticks/node_modules/@polkadot/types/
[2025-09-09T20:25:22.217Z] [WARN] @polkadot/types-create has multiple versions, ensure that there is only one installed.
Either remove and explicitly install matching versions or dedupe using your package manager.
The following conflicting packages were found:
	esm 12.4.2	node_modules/@polkadot/types-create/
	esm 16.4.6	node_modules/@acala-network/chopsticks-core/node_modules/@polkadot/types-create/
	esm 16.4.6	node_modules/@acala-network/chopsticks/node_modules/@polkadot/types-create/
[2025-09-09T20:25:22.217Z] [WARN] @polkadot/types-codec has multiple versions, ensure that there is only one installed.
Either remove and explicitly install matching versions or dedupe using your package manager.
The following conflicting packages were found:
	esm 12.4.2	node_modules/@polkadot/types-codec/
	esm 16.4.6	node_modules/@acala-network/chopsticks-core/node_modules/@polkadot/types-codec/
	esm 16.4.6	node_modules/@acala-network/chopsticks/node_modules/@polkadot/types-codec/
[2025-09-09T20:25:22.219Z] [WARN] @polkadot/types-known has multiple versions, ensure that there is only one installed.
Either remove and explicitly install matching versions or dedupe using your package manager.
The following conflicting packages were found:
	esm 12.4.2	node_modules/@polkadot/types-known/
	esm 16.4.6	node_modules/@acala-network/chopsticks/node_modules/@polkadot/types-known/
[2025-09-09T20:25:22.221Z] [WARN] @polkadot/api has multiple versions, ensure that there is only one installed.
Either remove and explicitly install matching versions or dedupe using your package manager.
The following conflicting packages were found:
	esm 12.4.2	node_modules/@polkadot/api/
	esm 16.4.6	node_modules/@acala-network/chopsticks/node_modules/@polkadot/api/
	esm 16.4.6	node_modules/@acala-network/chopsticks-utils/node_modules/@polkadot/api/
[2025-09-09T20:25:22.221Z] [WARN] @polkadot/rpc-augment has multiple versions, ensure that there is only one installed.
Either remove and explicitly install matching versions or dedupe using your package manager.
The following conflicting packages were found:
	esm 12.4.2	node_modules/@polkadot/rpc-augment/
	esm 16.4.6	node_modules/@acala-network/chopsticks/node_modules/@polkadot/rpc-augment/
	esm 16.4.6	node_modules/@acala-network/chopsticks-utils/node_modules/@polkadot/rpc-augment/
[2025-09-09T20:25:22.221Z] [WARN] @polkadot/rpc-provider has multiple versions, ensure that there is only one installed.
Either remove and explicitly install matching versions or dedupe using your package manager.
The following conflicting packages were found:
	esm 12.4.2	node_modules/@polkadot/rpc-provider/
	esm 16.4.6	node_modules/@acala-network/chopsticks-core/node_modules/@polkadot/rpc-provider/
	esm 16.4.6	node_modules/@acala-network/chopsticks/node_modules/@polkadot/rpc-provider/
	esm 16.4.6	node_modules/@acala-network/chopsticks-utils/node_modules/@polkadot/rpc-provider/
[2025-09-09T20:25:22.221Z] [WARN] @polkadot/api-derive has multiple versions, ensure that there is only one installed.
Either remove and explicitly install matching versions or dedupe using your package manager.
The following conflicting packages were found:
	esm 12.4.2	node_modules/@polkadot/api-derive/
	esm 16.4.6	node_modules/@acala-network/chopsticks/node_modules/@polkadot/api-derive/
	esm 16.4.6	node_modules/@acala-network/chopsticks-utils/node_modules/@polkadot/api-derive/
[2025-09-09T20:25:22.221Z] [WARN] @polkadot/rpc-core has multiple versions, ensure that there is only one installed.
Either remove and explicitly install matching versions or dedupe using your package manager.
The following conflicting packages were found:
	esm 12.4.2	node_modules/@polkadot/rpc-core/
	esm 16.4.6	node_modules/@acala-network/chopsticks/node_modules/@polkadot/rpc-core/
	esm 16.4.6	node_modules/@acala-network/chopsticks-utils/node_modules/@polkadot/rpc-core/
[2025-09-09T20:25:22.221Z] [WARN] @polkadot/types has multiple versions, ensure that there is only one installed.
Either remove and explicitly install matching versions or dedupe using your package manager.
The following conflicting packages were found:
	esm 12.4.2	node_modules/@polkadot/types/
	esm 16.4.6	node_modules/@acala-network/chopsticks-core/node_modules/@polkadot/types/
	esm 16.4.6	node_modules/@acala-network/chopsticks/node_modules/@polkadot/types/
	esm 16.4.6	node_modules/@acala-network/chopsticks-utils/node_modules/@polkadot/types/
[2025-09-09T20:25:22.224Z] [WARN] @polkadot/types-create has multiple versions, ensure that there is only one installed.
Either remove and explicitly install matching versions or dedupe using your package manager.
The following conflicting packages were found:
	esm 12.4.2	node_modules/@polkadot/types-create/
	esm 16.4.6	node_modules/@acala-network/chopsticks-core/node_modules/@polkadot/types-create/
	esm 16.4.6	node_modules/@acala-network/chopsticks/node_modules/@polkadot/types-create/
	esm 16.4.6	node_modules/@acala-network/chopsticks-utils/node_modules/@polkadot/types-create/
[2025-09-09T20:25:22.224Z] [WARN] @polkadot/types-codec has multiple versions, ensure that there is only one installed.
Either remove and explicitly install matching versions or dedupe using your package manager.
The following conflicting packages were found:
	esm 12.4.2	node_modules/@polkadot/types-codec/
	esm 16.4.6	node_modules/@acala-network/chopsticks-core/node_modules/@polkadot/types-codec/
	esm 16.4.6	node_modules/@acala-network/chopsticks/node_modules/@polkadot/types-codec/
	esm 16.4.6	node_modules/@acala-network/chopsticks-utils/node_modules/@polkadot/types-codec/
[2025-09-09T20:25:22.226Z] [WARN] @polkadot/types-known has multiple versions, ensure that there is only one installed.
Either remove and explicitly install matching versions or dedupe using your package manager.
The following conflicting packages were found:
	esm 12.4.2	node_modules/@polkadot/types-known/
	esm 16.4.6	node_modules/@acala-network/chopsticks/node_modules/@polkadot/types-known/
	esm 16.4.6	node_modules/@acala-network/chopsticks-utils/node_modules/@polkadot/types-known/
[2025-09-09T20:25:22.263Z] [LOG] [dotenv@17.2.1] injecting env (0) from .env -- tip: ⚙️  load multiple .env files with { path: ['.env.local', '.env'] }
[2025-09-09T20:25:23.980Z] [LOG] Setting up AssetHub network with options: {
  "runtimeLogLevel": 5,
  "blockNumber": 9651100,
  "port": 8001,
  "endpoint": [
    "wss://polkadot-asset-hub-rpc.polkadot.io"
  ],
  "db": "assethub-db.sqlite",
  "processQueuedMessages": true
}
[2025-09-09T20:25:27.220Z] [LOG] siblingSovereignAccount 0x7369626c2b080000000000000000000000000000000000000000000000000000
[2025-09-09T20:27:48.756Z] [LOG] Test setup initialized - logging to test-output.log
[2025-09-09T20:27:49.064Z] [WARN] @polkadot/types-codec has multiple versions, ensure that there is only one installed.
Either remove and explicitly install matching versions or dedupe using your package manager.
The following conflicting packages were found:
	esm 12.4.2	node_modules/@polkadot/types-codec/
	esm 16.4.6	node_modules/@acala-network/chopsticks-core/node_modules/@polkadot/types-codec/
[2025-09-09T20:27:49.065Z] [WARN] @polkadot/types has multiple versions, ensure that there is only one installed.
Either remove and explicitly install matching versions or dedupe using your package manager.
The following conflicting packages were found:
	esm 12.4.2	node_modules/@polkadot/types/
	esm 16.4.6	node_modules/@acala-network/chopsticks-core/node_modules/@polkadot/types/
[2025-09-09T20:27:49.066Z] [WARN] @polkadot/types-create has multiple versions, ensure that there is only one installed.
Either remove and explicitly install matching versions or dedupe using your package manager.
The following conflicting packages were found:
	esm 12.4.2	node_modules/@polkadot/types-create/
	esm 16.4.6	node_modules/@acala-network/chopsticks-core/node_modules/@polkadot/types-create/
[2025-09-09T20:27:49.069Z] [WARN] @polkadot/rpc-provider has multiple versions, ensure that there is only one installed.
Either remove and explicitly install matching versions or dedupe using your package manager.
The following conflicting packages were found:
	esm 12.4.2	node_modules/@polkadot/rpc-provider/
	esm 16.4.6	node_modules/@acala-network/chopsticks-core/node_modules/@polkadot/rpc-provider/
[2025-09-09T20:27:49.700Z] [WARN] @polkadot/rpc-augment has multiple versions, ensure that there is only one installed.
Either remove and explicitly install matching versions or dedupe using your package manager.
The following conflicting packages were found:
	esm 12.4.2	node_modules/@polkadot/rpc-augment/
	esm 16.4.6	node_modules/@acala-network/chopsticks/node_modules/@polkadot/rpc-augment/
[2025-09-09T20:27:49.869Z] [WARN] @polkadot/api has multiple versions, ensure that there is only one installed.
Either remove and explicitly install matching versions or dedupe using your package manager.
The following conflicting packages were found:
	esm 12.4.2	node_modules/@polkadot/api/
	esm 16.4.6	node_modules/@acala-network/chopsticks/node_modules/@polkadot/api/
[2025-09-09T20:27:49.869Z] [WARN] @polkadot/rpc-provider has multiple versions, ensure that there is only one installed.
Either remove and explicitly install matching versions or dedupe using your package manager.
The following conflicting packages were found:
	esm 12.4.2	node_modules/@polkadot/rpc-provider/
	esm 16.4.6	node_modules/@acala-network/chopsticks-core/node_modules/@polkadot/rpc-provider/
	esm 16.4.6	node_modules/@acala-network/chopsticks/node_modules/@polkadot/rpc-provider/
[2025-09-09T20:27:49.869Z] [WARN] @polkadot/api-derive has multiple versions, ensure that there is only one installed.
Either remove and explicitly install matching versions or dedupe using your package manager.
The following conflicting packages were found:
	esm 12.4.2	node_modules/@polkadot/api-derive/
	esm 16.4.6	node_modules/@acala-network/chopsticks/node_modules/@polkadot/api-derive/
[2025-09-09T20:27:49.870Z] [WARN] @polkadot/rpc-core has multiple versions, ensure that there is only one installed.
Either remove and explicitly install matching versions or dedupe using your package manager.
The following conflicting packages were found:
	esm 12.4.2	node_modules/@polkadot/rpc-core/
	esm 16.4.6	node_modules/@acala-network/chopsticks/node_modules/@polkadot/rpc-core/
[2025-09-09T20:27:49.870Z] [WARN] @polkadot/types has multiple versions, ensure that there is only one installed.
Either remove and explicitly install matching versions or dedupe using your package manager.
The following conflicting packages were found:
	esm 12.4.2	node_modules/@polkadot/types/
	esm 16.4.6	node_modules/@acala-network/chopsticks-core/node_modules/@polkadot/types/
	esm 16.4.6	node_modules/@acala-network/chopsticks/node_modules/@polkadot/types/
[2025-09-09T20:27:49.870Z] [WARN] @polkadot/types-create has multiple versions, ensure that there is only one installed.
Either remove and explicitly install matching versions or dedupe using your package manager.
The following conflicting packages were found:
	esm 12.4.2	node_modules/@polkadot/types-create/
	esm 16.4.6	node_modules/@acala-network/chopsticks-core/node_modules/@polkadot/types-create/
	esm 16.4.6	node_modules/@acala-network/chopsticks/node_modules/@polkadot/types-create/
[2025-09-09T20:27:49.871Z] [WARN] @polkadot/types-codec has multiple versions, ensure that there is only one installed.
Either remove and explicitly install matching versions or dedupe using your package manager.
The following conflicting packages were found:
	esm 12.4.2	node_modules/@polkadot/types-codec/
	esm 16.4.6	node_modules/@acala-network/chopsticks-core/node_modules/@polkadot/types-codec/
	esm 16.4.6	node_modules/@acala-network/chopsticks/node_modules/@polkadot/types-codec/
[2025-09-09T20:27:49.873Z] [WARN] @polkadot/types-known has multiple versions, ensure that there is only one installed.
Either remove and explicitly install matching versions or dedupe using your package manager.
The following conflicting packages were found:
	esm 12.4.2	node_modules/@polkadot/types-known/
	esm 16.4.6	node_modules/@acala-network/chopsticks/node_modules/@polkadot/types-known/
[2025-09-09T20:27:49.875Z] [WARN] @polkadot/api has multiple versions, ensure that there is only one installed.
Either remove and explicitly install matching versions or dedupe using your package manager.
The following conflicting packages were found:
	esm 12.4.2	node_modules/@polkadot/api/
	esm 16.4.6	node_modules/@acala-network/chopsticks/node_modules/@polkadot/api/
	esm 16.4.6	node_modules/@acala-network/chopsticks-utils/node_modules/@polkadot/api/
[2025-09-09T20:27:49.875Z] [WARN] @polkadot/rpc-augment has multiple versions, ensure that there is only one installed.
Either remove and explicitly install matching versions or dedupe using your package manager.
The following conflicting packages were found:
	esm 12.4.2	node_modules/@polkadot/rpc-augment/
	esm 16.4.6	node_modules/@acala-network/chopsticks/node_modules/@polkadot/rpc-augment/
	esm 16.4.6	node_modules/@acala-network/chopsticks-utils/node_modules/@polkadot/rpc-augment/
[2025-09-09T20:27:49.875Z] [WARN] @polkadot/rpc-provider has multiple versions, ensure that there is only one installed.
Either remove and explicitly install matching versions or dedupe using your package manager.
The following conflicting packages were found:
	esm 12.4.2	node_modules/@polkadot/rpc-provider/
	esm 16.4.6	node_modules/@acala-network/chopsticks-core/node_modules/@polkadot/rpc-provider/
	esm 16.4.6	node_modules/@acala-network/chopsticks/node_modules/@polkadot/rpc-provider/
	esm 16.4.6	node_modules/@acala-network/chopsticks-utils/node_modules/@polkadot/rpc-provider/
[2025-09-09T20:27:49.875Z] [WARN] @polkadot/api-derive has multiple versions, ensure that there is only one installed.
Either remove and explicitly install matching versions or dedupe using your package manager.
The following conflicting packages were found:
	esm 12.4.2	node_modules/@polkadot/api-derive/
	esm 16.4.6	node_modules/@acala-network/chopsticks/node_modules/@polkadot/api-derive/
	esm 16.4.6	node_modules/@acala-network/chopsticks-utils/node_modules/@polkadot/api-derive/
[2025-09-09T20:27:49.875Z] [WARN] @polkadot/rpc-core has multiple versions, ensure that there is only one installed.
Either remove and explicitly install matching versions or dedupe using your package manager.
The following conflicting packages were found:
	esm 12.4.2	node_modules/@polkadot/rpc-core/
	esm 16.4.6	node_modules/@acala-network/chopsticks/node_modules/@polkadot/rpc-core/
	esm 16.4.6	node_modules/@acala-network/chopsticks-utils/node_modules/@polkadot/rpc-core/
[2025-09-09T20:27:49.875Z] [WARN] @polkadot/types has multiple versions, ensure that there is only one installed.
Either remove and explicitly install matching versions or dedupe using your package manager.
The following conflicting packages were found:
	esm 12.4.2	node_modules/@polkadot/types/
	esm 16.4.6	node_modules/@acala-network/chopsticks-core/node_modules/@polkadot/types/
	esm 16.4.6	node_modules/@acala-network/chopsticks/node_modules/@polkadot/types/
	esm 16.4.6	node_modules/@acala-network/chopsticks-utils/node_modules/@polkadot/types/
[2025-09-09T20:27:49.876Z] [WARN] @polkadot/types-create has multiple versions, ensure that there is only one installed.
Either remove and explicitly install matching versions or dedupe using your package manager.
The following conflicting packages were found:
	esm 12.4.2	node_modules/@polkadot/types-create/
	esm 16.4.6	node_modules/@acala-network/chopsticks-core/node_modules/@polkadot/types-create/
	esm 16.4.6	node_modules/@acala-network/chopsticks/node_modules/@polkadot/types-create/
	esm 16.4.6	node_modules/@acala-network/chopsticks-utils/node_modules/@polkadot/types-create/
[2025-09-09T20:27:49.876Z] [WARN] @polkadot/types-codec has multiple versions, ensure that there is only one installed.
Either remove and explicitly install matching versions or dedupe using your package manager.
The following conflicting packages were found:
	esm 12.4.2	node_modules/@polkadot/types-codec/
	esm 16.4.6	node_modules/@acala-network/chopsticks-core/node_modules/@polkadot/types-codec/
	esm 16.4.6	node_modules/@acala-network/chopsticks/node_modules/@polkadot/types-codec/
	esm 16.4.6	node_modules/@acala-network/chopsticks-utils/node_modules/@polkadot/types-codec/
[2025-09-09T20:27:49.877Z] [WARN] @polkadot/types-known has multiple versions, ensure that there is only one installed.
Either remove and explicitly install matching versions or dedupe using your package manager.
The following conflicting packages were found:
	esm 12.4.2	node_modules/@polkadot/types-known/
	esm 16.4.6	node_modules/@acala-network/chopsticks/node_modules/@polkadot/types-known/
	esm 16.4.6	node_modules/@acala-network/chopsticks-utils/node_modules/@polkadot/types-known/
[2025-09-09T20:27:49.910Z] [LOG] [dotenv@17.2.1] injecting env (0) from .env -- tip: 🔐 encrypt with Dotenvx: https://dotenvx.com
[2025-09-09T20:27:51.513Z] [LOG] Setting up AssetHub network with options: {
  "runtimeLogLevel": 5,
  "blockNumber": 9651100,
  "port": 8001,
  "endpoint": [
    "wss://polkadot-asset-hub-rpc.polkadot.io"
  ],
  "db": "assethub-db.sqlite",
  "processQueuedMessages": true
}
[2025-09-09T20:27:55.420Z] [LOG] siblingSovereignAccount 0x7369626c2b080000000000000000000000000000000000000000000000000000
[2025-09-09T20:28:17.629Z] [LOG] Test setup initialized - logging to test-output.log
[2025-09-09T20:28:17.866Z] [WARN] @polkadot/types-codec has multiple versions, ensure that there is only one installed.
Either remove and explicitly install matching versions or dedupe using your package manager.
The following conflicting packages were found:
	esm 12.4.2	node_modules/@polkadot/types-codec/
	esm 16.4.6	node_modules/@acala-network/chopsticks-core/node_modules/@polkadot/types-codec/
[2025-09-09T20:28:17.867Z] [WARN] @polkadot/types has multiple versions, ensure that there is only one installed.
Either remove and explicitly install matching versions or dedupe using your package manager.
The following conflicting packages were found:
	esm 12.4.2	node_modules/@polkadot/types/
	esm 16.4.6	node_modules/@acala-network/chopsticks-core/node_modules/@polkadot/types/
[2025-09-09T20:28:17.868Z] [WARN] @polkadot/types-create has multiple versions, ensure that there is only one installed.
Either remove and explicitly install matching versions or dedupe using your package manager.
The following conflicting packages were found:
	esm 12.4.2	node_modules/@polkadot/types-create/
	esm 16.4.6	node_modules/@acala-network/chopsticks-core/node_modules/@polkadot/types-create/
[2025-09-09T20:28:17.871Z] [WARN] @polkadot/rpc-provider has multiple versions, ensure that there is only one installed.
Either remove and explicitly install matching versions or dedupe using your package manager.
The following conflicting packages were found:
	esm 12.4.2	node_modules/@polkadot/rpc-provider/
	esm 16.4.6	node_modules/@acala-network/chopsticks-core/node_modules/@polkadot/rpc-provider/
[2025-09-09T20:28:18.485Z] [WARN] @polkadot/rpc-augment has multiple versions, ensure that there is only one installed.
Either remove and explicitly install matching versions or dedupe using your package manager.
The following conflicting packages were found:
	esm 12.4.2	node_modules/@polkadot/rpc-augment/
	esm 16.4.6	node_modules/@acala-network/chopsticks/node_modules/@polkadot/rpc-augment/
[2025-09-09T20:28:18.649Z] [WARN] @polkadot/api has multiple versions, ensure that there is only one installed.
Either remove and explicitly install matching versions or dedupe using your package manager.
The following conflicting packages were found:
	esm 12.4.2	node_modules/@polkadot/api/
	esm 16.4.6	node_modules/@acala-network/chopsticks/node_modules/@polkadot/api/
[2025-09-09T20:28:18.649Z] [WARN] @polkadot/rpc-provider has multiple versions, ensure that there is only one installed.
Either remove and explicitly install matching versions or dedupe using your package manager.
The following conflicting packages were found:
	esm 12.4.2	node_modules/@polkadot/rpc-provider/
	esm 16.4.6	node_modules/@acala-network/chopsticks-core/node_modules/@polkadot/rpc-provider/
	esm 16.4.6	node_modules/@acala-network/chopsticks/node_modules/@polkadot/rpc-provider/
[2025-09-09T20:28:18.650Z] [WARN] @polkadot/api-derive has multiple versions, ensure that there is only one installed.
Either remove and explicitly install matching versions or dedupe using your package manager.
The following conflicting packages were found:
	esm 12.4.2	node_modules/@polkadot/api-derive/
	esm 16.4.6	node_modules/@acala-network/chopsticks/node_modules/@polkadot/api-derive/
[2025-09-09T20:28:18.650Z] [WARN] @polkadot/rpc-core has multiple versions, ensure that there is only one installed.
Either remove and explicitly install matching versions or dedupe using your package manager.
The following conflicting packages were found:
	esm 12.4.2	node_modules/@polkadot/rpc-core/
	esm 16.4.6	node_modules/@acala-network/chopsticks/node_modules/@polkadot/rpc-core/
[2025-09-09T20:28:18.650Z] [WARN] @polkadot/types has multiple versions, ensure that there is only one installed.
Either remove and explicitly install matching versions or dedupe using your package manager.
The following conflicting packages were found:
	esm 12.4.2	node_modules/@polkadot/types/
	esm 16.4.6	node_modules/@acala-network/chopsticks-core/node_modules/@polkadot/types/
	esm 16.4.6	node_modules/@acala-network/chopsticks/node_modules/@polkadot/types/
[2025-09-09T20:28:18.652Z] [WARN] @polkadot/types-create has multiple versions, ensure that there is only one installed.
Either remove and explicitly install matching versions or dedupe using your package manager.
The following conflicting packages were found:
	esm 12.4.2	node_modules/@polkadot/types-create/
	esm 16.4.6	node_modules/@acala-network/chopsticks-core/node_modules/@polkadot/types-create/
	esm 16.4.6	node_modules/@acala-network/chopsticks/node_modules/@polkadot/types-create/
[2025-09-09T20:28:18.652Z] [WARN] @polkadot/types-codec has multiple versions, ensure that there is only one installed.
Either remove and explicitly install matching versions or dedupe using your package manager.
The following conflicting packages were found:
	esm 12.4.2	node_modules/@polkadot/types-codec/
	esm 16.4.6	node_modules/@acala-network/chopsticks-core/node_modules/@polkadot/types-codec/
	esm 16.4.6	node_modules/@acala-network/chopsticks/node_modules/@polkadot/types-codec/
[2025-09-09T20:28:18.655Z] [WARN] @polkadot/types-known has multiple versions, ensure that there is only one installed.
Either remove and explicitly install matching versions or dedupe using your package manager.
The following conflicting packages were found:
	esm 12.4.2	node_modules/@polkadot/types-known/
	esm 16.4.6	node_modules/@acala-network/chopsticks/node_modules/@polkadot/types-known/
[2025-09-09T20:28:18.657Z] [WARN] @polkadot/api has multiple versions, ensure that there is only one installed.
Either remove and explicitly install matching versions or dedupe using your package manager.
The following conflicting packages were found:
	esm 12.4.2	node_modules/@polkadot/api/
	esm 16.4.6	node_modules/@acala-network/chopsticks/node_modules/@polkadot/api/
	esm 16.4.6	node_modules/@acala-network/chopsticks-utils/node_modules/@polkadot/api/
[2025-09-09T20:28:18.657Z] [WARN] @polkadot/rpc-augment has multiple versions, ensure that there is only one installed.
Either remove and explicitly install matching versions or dedupe using your package manager.
The following conflicting packages were found:
	esm 12.4.2	node_modules/@polkadot/rpc-augment/
	esm 16.4.6	node_modules/@acala-network/chopsticks/node_modules/@polkadot/rpc-augment/
	esm 16.4.6	node_modules/@acala-network/chopsticks-utils/node_modules/@polkadot/rpc-augment/
[2025-09-09T20:28:18.657Z] [WARN] @polkadot/rpc-provider has multiple versions, ensure that there is only one installed.
Either remove and explicitly install matching versions or dedupe using your package manager.
The following conflicting packages were found:
	esm 12.4.2	node_modules/@polkadot/rpc-provider/
	esm 16.4.6	node_modules/@acala-network/chopsticks-core/node_modules/@polkadot/rpc-provider/
	esm 16.4.6	node_modules/@acala-network/chopsticks/node_modules/@polkadot/rpc-provider/
	esm 16.4.6	node_modules/@acala-network/chopsticks-utils/node_modules/@polkadot/rpc-provider/
[2025-09-09T20:28:18.657Z] [WARN] @polkadot/api-derive has multiple versions, ensure that there is only one installed.
Either remove and explicitly install matching versions or dedupe using your package manager.
The following conflicting packages were found:
	esm 12.4.2	node_modules/@polkadot/api-derive/
	esm 16.4.6	node_modules/@acala-network/chopsticks/node_modules/@polkadot/api-derive/
	esm 16.4.6	node_modules/@acala-network/chopsticks-utils/node_modules/@polkadot/api-derive/
[2025-09-09T20:28:18.657Z] [WARN] @polkadot/rpc-core has multiple versions, ensure that there is only one installed.
Either remove and explicitly install matching versions or dedupe using your package manager.
The following conflicting packages were found:
	esm 12.4.2	node_modules/@polkadot/rpc-core/
	esm 16.4.6	node_modules/@acala-network/chopsticks/node_modules/@polkadot/rpc-core/
	esm 16.4.6	node_modules/@acala-network/chopsticks-utils/node_modules/@polkadot/rpc-core/
[2025-09-09T20:28:18.657Z] [WARN] @polkadot/types has multiple versions, ensure that there is only one installed.
Either remove and explicitly install matching versions or dedupe using your package manager.
The following conflicting packages were found:
	esm 12.4.2	node_modules/@polkadot/types/
	esm 16.4.6	node_modules/@acala-network/chopsticks-core/node_modules/@polkadot/types/
	esm 16.4.6	node_modules/@acala-network/chopsticks/node_modules/@polkadot/types/
	esm 16.4.6	node_modules/@acala-network/chopsticks-utils/node_modules/@polkadot/types/
[2025-09-09T20:28:18.658Z] [WARN] @polkadot/types-create has multiple versions, ensure that there is only one installed.
Either remove and explicitly install matching versions or dedupe using your package manager.
The following conflicting packages were found:
	esm 12.4.2	node_modules/@polkadot/types-create/
	esm 16.4.6	node_modules/@acala-network/chopsticks-core/node_modules/@polkadot/types-create/
	esm 16.4.6	node_modules/@acala-network/chopsticks/node_modules/@polkadot/types-create/
	esm 16.4.6	node_modules/@acala-network/chopsticks-utils/node_modules/@polkadot/types-create/
[2025-09-09T20:28:18.658Z] [WARN] @polkadot/types-codec has multiple versions, ensure that there is only one installed.
Either remove and explicitly install matching versions or dedupe using your package manager.
The following conflicting packages were found:
	esm 12.4.2	node_modules/@polkadot/types-codec/
	esm 16.4.6	node_modules/@acala-network/chopsticks-core/node_modules/@polkadot/types-codec/
	esm 16.4.6	node_modules/@acala-network/chopsticks/node_modules/@polkadot/types-codec/
	esm 16.4.6	node_modules/@acala-network/chopsticks-utils/node_modules/@polkadot/types-codec/
[2025-09-09T20:28:18.659Z] [WARN] @polkadot/types-known has multiple versions, ensure that there is only one installed.
Either remove and explicitly install matching versions or dedupe using your package manager.
The following conflicting packages were found:
	esm 12.4.2	node_modules/@polkadot/types-known/
	esm 16.4.6	node_modules/@acala-network/chopsticks/node_modules/@polkadot/types-known/
	esm 16.4.6	node_modules/@acala-network/chopsticks-utils/node_modules/@polkadot/types-known/
[2025-09-09T20:28:18.693Z] [LOG] [dotenv@17.2.1] injecting env (0) from .env -- tip: 🔐 prevent building .env in docker: https://dotenvx.com/prebuild
[2025-09-09T20:28:20.224Z] [LOG] Setting up AssetHub network with options: {
  "runtimeLogLevel": 5,
  "blockNumber": 9651100,
  "port": 8001,
  "endpoint": [
    "wss://polkadot-asset-hub-rpc.polkadot.io"
  ],
  "db": "assethub-db.sqlite",
  "processQueuedMessages": true
}
[2025-09-09T20:28:23.854Z] [LOG] siblingSovereignAccount 0x7369626c2b080000000000000000000000000000000000000000000000000000
[2025-09-09T20:31:01.939Z] [LOG] Test setup initialized - logging to test-output.log
[2025-09-09T20:31:02.207Z] [WARN] @polkadot/types-codec has multiple versions, ensure that there is only one installed.
Either remove and explicitly install matching versions or dedupe using your package manager.
The following conflicting packages were found:
	esm 12.4.2	node_modules/@polkadot/types-codec/
	esm 16.4.6	node_modules/@acala-network/chopsticks-core/node_modules/@polkadot/types-codec/
[2025-09-09T20:31:02.208Z] [WARN] @polkadot/types has multiple versions, ensure that there is only one installed.
Either remove and explicitly install matching versions or dedupe using your package manager.
The following conflicting packages were found:
	esm 12.4.2	node_modules/@polkadot/types/
	esm 16.4.6	node_modules/@acala-network/chopsticks-core/node_modules/@polkadot/types/
[2025-09-09T20:31:02.209Z] [WARN] @polkadot/types-create has multiple versions, ensure that there is only one installed.
Either remove and explicitly install matching versions or dedupe using your package manager.
The following conflicting packages were found:
	esm 12.4.2	node_modules/@polkadot/types-create/
	esm 16.4.6	node_modules/@acala-network/chopsticks-core/node_modules/@polkadot/types-create/
[2025-09-09T20:31:02.213Z] [WARN] @polkadot/rpc-provider has multiple versions, ensure that there is only one installed.
Either remove and explicitly install matching versions or dedupe using your package manager.
The following conflicting packages were found:
	esm 12.4.2	node_modules/@polkadot/rpc-provider/
	esm 16.4.6	node_modules/@acala-network/chopsticks-core/node_modules/@polkadot/rpc-provider/
[2025-09-09T20:31:02.951Z] [WARN] @polkadot/rpc-augment has multiple versions, ensure that there is only one installed.
Either remove and explicitly install matching versions or dedupe using your package manager.
The following conflicting packages were found:
	esm 12.4.2	node_modules/@polkadot/rpc-augment/
	esm 16.4.6	node_modules/@acala-network/chopsticks/node_modules/@polkadot/rpc-augment/
[2025-09-09T20:31:03.167Z] [WARN] @polkadot/api has multiple versions, ensure that there is only one installed.
Either remove and explicitly install matching versions or dedupe using your package manager.
The following conflicting packages were found:
	esm 12.4.2	node_modules/@polkadot/api/
	esm 16.4.6	node_modules/@acala-network/chopsticks/node_modules/@polkadot/api/
[2025-09-09T20:31:03.167Z] [WARN] @polkadot/rpc-provider has multiple versions, ensure that there is only one installed.
Either remove and explicitly install matching versions or dedupe using your package manager.
The following conflicting packages were found:
	esm 12.4.2	node_modules/@polkadot/rpc-provider/
	esm 16.4.6	node_modules/@acala-network/chopsticks-core/node_modules/@polkadot/rpc-provider/
	esm 16.4.6	node_modules/@acala-network/chopsticks/node_modules/@polkadot/rpc-provider/
[2025-09-09T20:31:03.168Z] [WARN] @polkadot/api-derive has multiple versions, ensure that there is only one installed.
Either remove and explicitly install matching versions or dedupe using your package manager.
The following conflicting packages were found:
	esm 12.4.2	node_modules/@polkadot/api-derive/
	esm 16.4.6	node_modules/@acala-network/chopsticks/node_modules/@polkadot/api-derive/
[2025-09-09T20:31:03.168Z] [WARN] @polkadot/rpc-core has multiple versions, ensure that there is only one installed.
Either remove and explicitly install matching versions or dedupe using your package manager.
The following conflicting packages were found:
	esm 12.4.2	node_modules/@polkadot/rpc-core/
	esm 16.4.6	node_modules/@acala-network/chopsticks/node_modules/@polkadot/rpc-core/
[2025-09-09T20:31:03.168Z] [WARN] @polkadot/types has multiple versions, ensure that there is only one installed.
Either remove and explicitly install matching versions or dedupe using your package manager.
The following conflicting packages were found:
	esm 12.4.2	node_modules/@polkadot/types/
	esm 16.4.6	node_modules/@acala-network/chopsticks-core/node_modules/@polkadot/types/
	esm 16.4.6	node_modules/@acala-network/chopsticks/node_modules/@polkadot/types/
[2025-09-09T20:31:03.169Z] [WARN] @polkadot/types-create has multiple versions, ensure that there is only one installed.
Either remove and explicitly install matching versions or dedupe using your package manager.
The following conflicting packages were found:
	esm 12.4.2	node_modules/@polkadot/types-create/
	esm 16.4.6	node_modules/@acala-network/chopsticks-core/node_modules/@polkadot/types-create/
	esm 16.4.6	node_modules/@acala-network/chopsticks/node_modules/@polkadot/types-create/
[2025-09-09T20:31:03.169Z] [WARN] @polkadot/types-codec has multiple versions, ensure that there is only one installed.
Either remove and explicitly install matching versions or dedupe using your package manager.
The following conflicting packages were found:
	esm 12.4.2	node_modules/@polkadot/types-codec/
	esm 16.4.6	node_modules/@acala-network/chopsticks-core/node_modules/@polkadot/types-codec/
	esm 16.4.6	node_modules/@acala-network/chopsticks/node_modules/@polkadot/types-codec/
[2025-09-09T20:31:03.171Z] [WARN] @polkadot/types-known has multiple versions, ensure that there is only one installed.
Either remove and explicitly install matching versions or dedupe using your package manager.
The following conflicting packages were found:
	esm 12.4.2	node_modules/@polkadot/types-known/
	esm 16.4.6	node_modules/@acala-network/chopsticks/node_modules/@polkadot/types-known/
[2025-09-09T20:31:03.174Z] [WARN] @polkadot/api has multiple versions, ensure that there is only one installed.
Either remove and explicitly install matching versions or dedupe using your package manager.
The following conflicting packages were found:
	esm 12.4.2	node_modules/@polkadot/api/
	esm 16.4.6	node_modules/@acala-network/chopsticks/node_modules/@polkadot/api/
	esm 16.4.6	node_modules/@acala-network/chopsticks-utils/node_modules/@polkadot/api/
[2025-09-09T20:31:03.174Z] [WARN] @polkadot/rpc-augment has multiple versions, ensure that there is only one installed.
Either remove and explicitly install matching versions or dedupe using your package manager.
The following conflicting packages were found:
	esm 12.4.2	node_modules/@polkadot/rpc-augment/
	esm 16.4.6	node_modules/@acala-network/chopsticks/node_modules/@polkadot/rpc-augment/
	esm 16.4.6	node_modules/@acala-network/chopsticks-utils/node_modules/@polkadot/rpc-augment/
[2025-09-09T20:31:03.174Z] [WARN] @polkadot/rpc-provider has multiple versions, ensure that there is only one installed.
Either remove and explicitly install matching versions or dedupe using your package manager.
The following conflicting packages were found:
	esm 12.4.2	node_modules/@polkadot/rpc-provider/
	esm 16.4.6	node_modules/@acala-network/chopsticks-core/node_modules/@polkadot/rpc-provider/
	esm 16.4.6	node_modules/@acala-network/chopsticks/node_modules/@polkadot/rpc-provider/
	esm 16.4.6	node_modules/@acala-network/chopsticks-utils/node_modules/@polkadot/rpc-provider/
[2025-09-09T20:31:03.174Z] [WARN] @polkadot/api-derive has multiple versions, ensure that there is only one installed.
Either remove and explicitly install matching versions or dedupe using your package manager.
The following conflicting packages were found:
	esm 12.4.2	node_modules/@polkadot/api-derive/
	esm 16.4.6	node_modules/@acala-network/chopsticks/node_modules/@polkadot/api-derive/
	esm 16.4.6	node_modules/@acala-network/chopsticks-utils/node_modules/@polkadot/api-derive/
[2025-09-09T20:31:03.174Z] [WARN] @polkadot/rpc-core has multiple versions, ensure that there is only one installed.
Either remove and explicitly install matching versions or dedupe using your package manager.
The following conflicting packages were found:
	esm 12.4.2	node_modules/@polkadot/rpc-core/
	esm 16.4.6	node_modules/@acala-network/chopsticks/node_modules/@polkadot/rpc-core/
	esm 16.4.6	node_modules/@acala-network/chopsticks-utils/node_modules/@polkadot/rpc-core/
[2025-09-09T20:31:03.174Z] [WARN] @polkadot/types has multiple versions, ensure that there is only one installed.
Either remove and explicitly install matching versions or dedupe using your package manager.
The following conflicting packages were found:
	esm 12.4.2	node_modules/@polkadot/types/
	esm 16.4.6	node_modules/@acala-network/chopsticks-core/node_modules/@polkadot/types/
	esm 16.4.6	node_modules/@acala-network/chopsticks/node_modules/@polkadot/types/
	esm 16.4.6	node_modules/@acala-network/chopsticks-utils/node_modules/@polkadot/types/
[2025-09-09T20:31:03.175Z] [WARN] @polkadot/types-create has multiple versions, ensure that there is only one installed.
Either remove and explicitly install matching versions or dedupe using your package manager.
The following conflicting packages were found:
	esm 12.4.2	node_modules/@polkadot/types-create/
	esm 16.4.6	node_modules/@acala-network/chopsticks-core/node_modules/@polkadot/types-create/
	esm 16.4.6	node_modules/@acala-network/chopsticks/node_modules/@polkadot/types-create/
	esm 16.4.6	node_modules/@acala-network/chopsticks-utils/node_modules/@polkadot/types-create/
[2025-09-09T20:31:03.175Z] [WARN] @polkadot/types-codec has multiple versions, ensure that there is only one installed.
Either remove and explicitly install matching versions or dedupe using your package manager.
The following conflicting packages were found:
	esm 12.4.2	node_modules/@polkadot/types-codec/
	esm 16.4.6	node_modules/@acala-network/chopsticks-core/node_modules/@polkadot/types-codec/
	esm 16.4.6	node_modules/@acala-network/chopsticks/node_modules/@polkadot/types-codec/
	esm 16.4.6	node_modules/@acala-network/chopsticks-utils/node_modules/@polkadot/types-codec/
[2025-09-09T20:31:03.177Z] [WARN] @polkadot/types-known has multiple versions, ensure that there is only one installed.
Either remove and explicitly install matching versions or dedupe using your package manager.
The following conflicting packages were found:
	esm 12.4.2	node_modules/@polkadot/types-known/
	esm 16.4.6	node_modules/@acala-network/chopsticks/node_modules/@polkadot/types-known/
	esm 16.4.6	node_modules/@acala-network/chopsticks-utils/node_modules/@polkadot/types-known/
[2025-09-09T20:31:03.211Z] [LOG] [dotenv@17.2.1] injecting env (0) from .env -- tip: ⚙️  suppress all logs with { quiet: true }
[2025-09-09T20:31:04.923Z] [LOG] Setting up AssetHub network with options: {
  "runtimeLogLevel": 5,
  "blockNumber": 9651100,
  "port": 8001,
  "endpoint": [
    "wss://polkadot-asset-hub-rpc.polkadot.io"
  ],
  "db": "assethub-db.sqlite",
  "processQueuedMessages": true
}
[2025-09-09T20:31:09.898Z] [LOG] siblingSovereignAccount 0x7369626c2b080000000000000000000000000000000000000000000000000000
[2025-09-09T20:31:44.741Z] [LOG] Test setup initialized - logging to test-output.log
[2025-09-09T20:31:45.004Z] [WARN] @polkadot/types-codec has multiple versions, ensure that there is only one installed.
Either remove and explicitly install matching versions or dedupe using your package manager.
The following conflicting packages were found:
	esm 12.4.2	node_modules/@polkadot/types-codec/
	esm 16.4.6	node_modules/@acala-network/chopsticks-core/node_modules/@polkadot/types-codec/
[2025-09-09T20:31:45.005Z] [WARN] @polkadot/types has multiple versions, ensure that there is only one installed.
Either remove and explicitly install matching versions or dedupe using your package manager.
The following conflicting packages were found:
	esm 12.4.2	node_modules/@polkadot/types/
	esm 16.4.6	node_modules/@acala-network/chopsticks-core/node_modules/@polkadot/types/
[2025-09-09T20:31:45.006Z] [WARN] @polkadot/types-create has multiple versions, ensure that there is only one installed.
Either remove and explicitly install matching versions or dedupe using your package manager.
The following conflicting packages were found:
	esm 12.4.2	node_modules/@polkadot/types-create/
	esm 16.4.6	node_modules/@acala-network/chopsticks-core/node_modules/@polkadot/types-create/
[2025-09-09T20:31:45.009Z] [WARN] @polkadot/rpc-provider has multiple versions, ensure that there is only one installed.
Either remove and explicitly install matching versions or dedupe using your package manager.
The following conflicting packages were found:
	esm 12.4.2	node_modules/@polkadot/rpc-provider/
	esm 16.4.6	node_modules/@acala-network/chopsticks-core/node_modules/@polkadot/rpc-provider/
[2025-09-09T20:31:45.581Z] [WARN] @polkadot/rpc-augment has multiple versions, ensure that there is only one installed.
Either remove and explicitly install matching versions or dedupe using your package manager.
The following conflicting packages were found:
	esm 12.4.2	node_modules/@polkadot/rpc-augment/
	esm 16.4.6	node_modules/@acala-network/chopsticks/node_modules/@polkadot/rpc-augment/
[2025-09-09T20:31:45.682Z] [WARN] @polkadot/api has multiple versions, ensure that there is only one installed.
Either remove and explicitly install matching versions or dedupe using your package manager.
The following conflicting packages were found:
	esm 12.4.2	node_modules/@polkadot/api/
	esm 16.4.6	node_modules/@acala-network/chopsticks/node_modules/@polkadot/api/
[2025-09-09T20:31:45.682Z] [WARN] @polkadot/rpc-provider has multiple versions, ensure that there is only one installed.
Either remove and explicitly install matching versions or dedupe using your package manager.
The following conflicting packages were found:
	esm 12.4.2	node_modules/@polkadot/rpc-provider/
	esm 16.4.6	node_modules/@acala-network/chopsticks-core/node_modules/@polkadot/rpc-provider/
	esm 16.4.6	node_modules/@acala-network/chopsticks/node_modules/@polkadot/rpc-provider/
[2025-09-09T20:31:45.682Z] [WARN] @polkadot/api-derive has multiple versions, ensure that there is only one installed.
Either remove and explicitly install matching versions or dedupe using your package manager.
The following conflicting packages were found:
	esm 12.4.2	node_modules/@polkadot/api-derive/
	esm 16.4.6	node_modules/@acala-network/chopsticks/node_modules/@polkadot/api-derive/
[2025-09-09T20:31:45.682Z] [WARN] @polkadot/rpc-core has multiple versions, ensure that there is only one installed.
Either remove and explicitly install matching versions or dedupe using your package manager.
The following conflicting packages were found:
	esm 12.4.2	node_modules/@polkadot/rpc-core/
	esm 16.4.6	node_modules/@acala-network/chopsticks/node_modules/@polkadot/rpc-core/
[2025-09-09T20:31:45.682Z] [WARN] @polkadot/types has multiple versions, ensure that there is only one installed.
Either remove and explicitly install matching versions or dedupe using your package manager.
The following conflicting packages were found:
	esm 12.4.2	node_modules/@polkadot/types/
	esm 16.4.6	node_modules/@acala-network/chopsticks-core/node_modules/@polkadot/types/
	esm 16.4.6	node_modules/@acala-network/chopsticks/node_modules/@polkadot/types/
[2025-09-09T20:31:45.683Z] [WARN] @polkadot/types-create has multiple versions, ensure that there is only one installed.
Either remove and explicitly install matching versions or dedupe using your package manager.
The following conflicting packages were found:
	esm 12.4.2	node_modules/@polkadot/types-create/
	esm 16.4.6	node_modules/@acala-network/chopsticks-core/node_modules/@polkadot/types-create/
	esm 16.4.6	node_modules/@acala-network/chopsticks/node_modules/@polkadot/types-create/
[2025-09-09T20:31:45.683Z] [WARN] @polkadot/types-codec has multiple versions, ensure that there is only one installed.
Either remove and explicitly install matching versions or dedupe using your package manager.
The following conflicting packages were found:
	esm 12.4.2	node_modules/@polkadot/types-codec/
	esm 16.4.6	node_modules/@acala-network/chopsticks-core/node_modules/@polkadot/types-codec/
	esm 16.4.6	node_modules/@acala-network/chopsticks/node_modules/@polkadot/types-codec/
[2025-09-09T20:31:45.686Z] [WARN] @polkadot/types-known has multiple versions, ensure that there is only one installed.
Either remove and explicitly install matching versions or dedupe using your package manager.
The following conflicting packages were found:
	esm 12.4.2	node_modules/@polkadot/types-known/
	esm 16.4.6	node_modules/@acala-network/chopsticks/node_modules/@polkadot/types-known/
[2025-09-09T20:31:45.687Z] [WARN] @polkadot/api has multiple versions, ensure that there is only one installed.
Either remove and explicitly install matching versions or dedupe using your package manager.
The following conflicting packages were found:
	esm 12.4.2	node_modules/@polkadot/api/
	esm 16.4.6	node_modules/@acala-network/chopsticks/node_modules/@polkadot/api/
	esm 16.4.6	node_modules/@acala-network/chopsticks-utils/node_modules/@polkadot/api/
[2025-09-09T20:31:45.688Z] [WARN] @polkadot/rpc-augment has multiple versions, ensure that there is only one installed.
Either remove and explicitly install matching versions or dedupe using your package manager.
The following conflicting packages were found:
	esm 12.4.2	node_modules/@polkadot/rpc-augment/
	esm 16.4.6	node_modules/@acala-network/chopsticks/node_modules/@polkadot/rpc-augment/
	esm 16.4.6	node_modules/@acala-network/chopsticks-utils/node_modules/@polkadot/rpc-augment/
[2025-09-09T20:31:45.688Z] [WARN] @polkadot/rpc-provider has multiple versions, ensure that there is only one installed.
Either remove and explicitly install matching versions or dedupe using your package manager.
The following conflicting packages were found:
	esm 12.4.2	node_modules/@polkadot/rpc-provider/
	esm 16.4.6	node_modules/@acala-network/chopsticks-core/node_modules/@polkadot/rpc-provider/
	esm 16.4.6	node_modules/@acala-network/chopsticks/node_modules/@polkadot/rpc-provider/
	esm 16.4.6	node_modules/@acala-network/chopsticks-utils/node_modules/@polkadot/rpc-provider/
[2025-09-09T20:31:45.688Z] [WARN] @polkadot/api-derive has multiple versions, ensure that there is only one installed.
Either remove and explicitly install matching versions or dedupe using your package manager.
The following conflicting packages were found:
	esm 12.4.2	node_modules/@polkadot/api-derive/
	esm 16.4.6	node_modules/@acala-network/chopsticks/node_modules/@polkadot/api-derive/
	esm 16.4.6	node_modules/@acala-network/chopsticks-utils/node_modules/@polkadot/api-derive/
[2025-09-09T20:31:45.688Z] [WARN] @polkadot/rpc-core has multiple versions, ensure that there is only one installed.
Either remove and explicitly install matching versions or dedupe using your package manager.
The following conflicting packages were found:
	esm 12.4.2	node_modules/@polkadot/rpc-core/
	esm 16.4.6	node_modules/@acala-network/chopsticks/node_modules/@polkadot/rpc-core/
	esm 16.4.6	node_modules/@acala-network/chopsticks-utils/node_modules/@polkadot/rpc-core/
[2025-09-09T20:31:45.688Z] [WARN] @polkadot/types has multiple versions, ensure that there is only one installed.
Either remove and explicitly install matching versions or dedupe using your package manager.
The following conflicting packages were found:
	esm 12.4.2	node_modules/@polkadot/types/
	esm 16.4.6	node_modules/@acala-network/chopsticks-core/node_modules/@polkadot/types/
	esm 16.4.6	node_modules/@acala-network/chopsticks/node_modules/@polkadot/types/
	esm 16.4.6	node_modules/@acala-network/chopsticks-utils/node_modules/@polkadot/types/
[2025-09-09T20:31:45.689Z] [WARN] @polkadot/types-create has multiple versions, ensure that there is only one installed.
Either remove and explicitly install matching versions or dedupe using your package manager.
The following conflicting packages were found:
	esm 12.4.2	node_modules/@polkadot/types-create/
	esm 16.4.6	node_modules/@acala-network/chopsticks-core/node_modules/@polkadot/types-create/
	esm 16.4.6	node_modules/@acala-network/chopsticks/node_modules/@polkadot/types-create/
	esm 16.4.6	node_modules/@acala-network/chopsticks-utils/node_modules/@polkadot/types-create/
[2025-09-09T20:31:45.689Z] [WARN] @polkadot/types-codec has multiple versions, ensure that there is only one installed.
Either remove and explicitly install matching versions or dedupe using your package manager.
The following conflicting packages were found:
	esm 12.4.2	node_modules/@polkadot/types-codec/
	esm 16.4.6	node_modules/@acala-network/chopsticks-core/node_modules/@polkadot/types-codec/
	esm 16.4.6	node_modules/@acala-network/chopsticks/node_modules/@polkadot/types-codec/
	esm 16.4.6	node_modules/@acala-network/chopsticks-utils/node_modules/@polkadot/types-codec/
[2025-09-09T20:31:45.691Z] [WARN] @polkadot/types-known has multiple versions, ensure that there is only one installed.
Either remove and explicitly install matching versions or dedupe using your package manager.
The following conflicting packages were found:
	esm 12.4.2	node_modules/@polkadot/types-known/
	esm 16.4.6	node_modules/@acala-network/chopsticks/node_modules/@polkadot/types-known/
	esm 16.4.6	node_modules/@acala-network/chopsticks-utils/node_modules/@polkadot/types-known/
[2025-09-09T20:31:45.724Z] [LOG] [dotenv@17.2.1] injecting env (0) from .env -- tip: 🔐 prevent building .env in docker: https://dotenvx.com/prebuild
[2025-09-09T20:31:47.218Z] [LOG] Setting up AssetHub network with options: {
  "runtimeLogLevel": 5,
  "blockNumber": 9651100,
  "port": 8001,
  "endpoint": [
    "wss://polkadot-asset-hub-rpc.polkadot.io"
  ],
  "db": "assethub-db.sqlite",
  "processQueuedMessages": true
}
[2025-09-09T20:31:51.948Z] [LOG] siblingSovereignAccount 0x7369626c2b080000000000000000000000000000000000000000000000000000
[2025-09-09T20:32:41.029Z] [ERROR] 2025-09-09 14:32:41          API-WS: disconnected from wss://kusama-rpc.polkadot.io: 1006:: Abnormal Closure
[2025-09-09T20:33:05.305Z] [ERROR] 2025-09-09 14:33:05          API-WS: disconnected from wss://0.rpc.frequency.xyz: 1006:: Abnormal Closure
[2025-09-09T20:33:05.309Z] [WARN] 2025-09-09 14:33:05        API/INIT: MetadataApi not available, rpc::state::get_metadata will be used.
[2025-09-09T20:33:05.311Z] [ERROR] 2025-09-09 14:33:05        RPC-CORE: getHeader(hash?: BlockHash): Header:: Struct: failed on metadata: Type:: DoNotConstruct: Cannot construct unknown type MetadataV0
[2025-09-09T20:33:16.487Z] [LOG] Test setup initialized - logging to test-output.log
[2025-09-09T20:33:16.740Z] [WARN] @polkadot/types-codec has multiple versions, ensure that there is only one installed.
Either remove and explicitly install matching versions or dedupe using your package manager.
The following conflicting packages were found:
	esm 12.4.2	node_modules/@polkadot/types-codec/
	esm 16.4.6	node_modules/@acala-network/chopsticks-core/node_modules/@polkadot/types-codec/
[2025-09-09T20:33:16.741Z] [WARN] @polkadot/types has multiple versions, ensure that there is only one installed.
Either remove and explicitly install matching versions or dedupe using your package manager.
The following conflicting packages were found:
	esm 12.4.2	node_modules/@polkadot/types/
	esm 16.4.6	node_modules/@acala-network/chopsticks-core/node_modules/@polkadot/types/
[2025-09-09T20:33:16.742Z] [WARN] @polkadot/types-create has multiple versions, ensure that there is only one installed.
Either remove and explicitly install matching versions or dedupe using your package manager.
The following conflicting packages were found:
	esm 12.4.2	node_modules/@polkadot/types-create/
	esm 16.4.6	node_modules/@acala-network/chopsticks-core/node_modules/@polkadot/types-create/
[2025-09-09T20:33:16.746Z] [WARN] @polkadot/rpc-provider has multiple versions, ensure that there is only one installed.
Either remove and explicitly install matching versions or dedupe using your package manager.
The following conflicting packages were found:
	esm 12.4.2	node_modules/@polkadot/rpc-provider/
	esm 16.4.6	node_modules/@acala-network/chopsticks-core/node_modules/@polkadot/rpc-provider/
[2025-09-09T20:33:17.397Z] [WARN] @polkadot/rpc-augment has multiple versions, ensure that there is only one installed.
Either remove and explicitly install matching versions or dedupe using your package manager.
The following conflicting packages were found:
	esm 12.4.2	node_modules/@polkadot/rpc-augment/
	esm 16.4.6	node_modules/@acala-network/chopsticks/node_modules/@polkadot/rpc-augment/
[2025-09-09T20:33:17.573Z] [WARN] @polkadot/api has multiple versions, ensure that there is only one installed.
Either remove and explicitly install matching versions or dedupe using your package manager.
The following conflicting packages were found:
	esm 12.4.2	node_modules/@polkadot/api/
	esm 16.4.6	node_modules/@acala-network/chopsticks/node_modules/@polkadot/api/
[2025-09-09T20:33:17.573Z] [WARN] @polkadot/rpc-provider has multiple versions, ensure that there is only one installed.
Either remove and explicitly install matching versions or dedupe using your package manager.
The following conflicting packages were found:
	esm 12.4.2	node_modules/@polkadot/rpc-provider/
	esm 16.4.6	node_modules/@acala-network/chopsticks-core/node_modules/@polkadot/rpc-provider/
	esm 16.4.6	node_modules/@acala-network/chopsticks/node_modules/@polkadot/rpc-provider/
[2025-09-09T20:33:17.573Z] [WARN] @polkadot/api-derive has multiple versions, ensure that there is only one installed.
Either remove and explicitly install matching versions or dedupe using your package manager.
The following conflicting packages were found:
	esm 12.4.2	node_modules/@polkadot/api-derive/
	esm 16.4.6	node_modules/@acala-network/chopsticks/node_modules/@polkadot/api-derive/
[2025-09-09T20:33:17.573Z] [WARN] @polkadot/rpc-core has multiple versions, ensure that there is only one installed.
Either remove and explicitly install matching versions or dedupe using your package manager.
The following conflicting packages were found:
	esm 12.4.2	node_modules/@polkadot/rpc-core/
	esm 16.4.6	node_modules/@acala-network/chopsticks/node_modules/@polkadot/rpc-core/
[2025-09-09T20:33:17.573Z] [WARN] @polkadot/types has multiple versions, ensure that there is only one installed.
Either remove and explicitly install matching versions or dedupe using your package manager.
The following conflicting packages were found:
	esm 12.4.2	node_modules/@polkadot/types/
	esm 16.4.6	node_modules/@acala-network/chopsticks-core/node_modules/@polkadot/types/
	esm 16.4.6	node_modules/@acala-network/chopsticks/node_modules/@polkadot/types/
[2025-09-09T20:33:17.574Z] [WARN] @polkadot/types-create has multiple versions, ensure that there is only one installed.
Either remove and explicitly install matching versions or dedupe using your package manager.
The following conflicting packages were found:
	esm 12.4.2	node_modules/@polkadot/types-create/
	esm 16.4.6	node_modules/@acala-network/chopsticks-core/node_modules/@polkadot/types-create/
	esm 16.4.6	node_modules/@acala-network/chopsticks/node_modules/@polkadot/types-create/
[2025-09-09T20:33:17.574Z] [WARN] @polkadot/types-codec has multiple versions, ensure that there is only one installed.
Either remove and explicitly install matching versions or dedupe using your package manager.
The following conflicting packages were found:
	esm 12.4.2	node_modules/@polkadot/types-codec/
	esm 16.4.6	node_modules/@acala-network/chopsticks-core/node_modules/@polkadot/types-codec/
	esm 16.4.6	node_modules/@acala-network/chopsticks/node_modules/@polkadot/types-codec/
[2025-09-09T20:33:17.577Z] [WARN] @polkadot/types-known has multiple versions, ensure that there is only one installed.
Either remove and explicitly install matching versions or dedupe using your package manager.
The following conflicting packages were found:
	esm 12.4.2	node_modules/@polkadot/types-known/
	esm 16.4.6	node_modules/@acala-network/chopsticks/node_modules/@polkadot/types-known/
[2025-09-09T20:33:17.579Z] [WARN] @polkadot/api has multiple versions, ensure that there is only one installed.
Either remove and explicitly install matching versions or dedupe using your package manager.
The following conflicting packages were found:
	esm 12.4.2	node_modules/@polkadot/api/
	esm 16.4.6	node_modules/@acala-network/chopsticks/node_modules/@polkadot/api/
	esm 16.4.6	node_modules/@acala-network/chopsticks-utils/node_modules/@polkadot/api/
[2025-09-09T20:33:17.579Z] [WARN] @polkadot/rpc-augment has multiple versions, ensure that there is only one installed.
Either remove and explicitly install matching versions or dedupe using your package manager.
The following conflicting packages were found:
	esm 12.4.2	node_modules/@polkadot/rpc-augment/
	esm 16.4.6	node_modules/@acala-network/chopsticks/node_modules/@polkadot/rpc-augment/
	esm 16.4.6	node_modules/@acala-network/chopsticks-utils/node_modules/@polkadot/rpc-augment/
[2025-09-09T20:33:17.579Z] [WARN] @polkadot/rpc-provider has multiple versions, ensure that there is only one installed.
Either remove and explicitly install matching versions or dedupe using your package manager.
The following conflicting packages were found:
	esm 12.4.2	node_modules/@polkadot/rpc-provider/
	esm 16.4.6	node_modules/@acala-network/chopsticks-core/node_modules/@polkadot/rpc-provider/
	esm 16.4.6	node_modules/@acala-network/chopsticks/node_modules/@polkadot/rpc-provider/
	esm 16.4.6	node_modules/@acala-network/chopsticks-utils/node_modules/@polkadot/rpc-provider/
[2025-09-09T20:33:17.579Z] [WARN] @polkadot/api-derive has multiple versions, ensure that there is only one installed.
Either remove and explicitly install matching versions or dedupe using your package manager.
The following conflicting packages were found:
	esm 12.4.2	node_modules/@polkadot/api-derive/
	esm 16.4.6	node_modules/@acala-network/chopsticks/node_modules/@polkadot/api-derive/
	esm 16.4.6	node_modules/@acala-network/chopsticks-utils/node_modules/@polkadot/api-derive/
[2025-09-09T20:33:17.579Z] [WARN] @polkadot/rpc-core has multiple versions, ensure that there is only one installed.
Either remove and explicitly install matching versions or dedupe using your package manager.
The following conflicting packages were found:
	esm 12.4.2	node_modules/@polkadot/rpc-core/
	esm 16.4.6	node_modules/@acala-network/chopsticks/node_modules/@polkadot/rpc-core/
	esm 16.4.6	node_modules/@acala-network/chopsticks-utils/node_modules/@polkadot/rpc-core/
[2025-09-09T20:33:17.579Z] [WARN] @polkadot/types has multiple versions, ensure that there is only one installed.
Either remove and explicitly install matching versions or dedupe using your package manager.
The following conflicting packages were found:
	esm 12.4.2	node_modules/@polkadot/types/
	esm 16.4.6	node_modules/@acala-network/chopsticks-core/node_modules/@polkadot/types/
	esm 16.4.6	node_modules/@acala-network/chopsticks/node_modules/@polkadot/types/
	esm 16.4.6	node_modules/@acala-network/chopsticks-utils/node_modules/@polkadot/types/
[2025-09-09T20:33:17.580Z] [WARN] @polkadot/types-create has multiple versions, ensure that there is only one installed.
Either remove and explicitly install matching versions or dedupe using your package manager.
The following conflicting packages were found:
	esm 12.4.2	node_modules/@polkadot/types-create/
	esm 16.4.6	node_modules/@acala-network/chopsticks-core/node_modules/@polkadot/types-create/
	esm 16.4.6	node_modules/@acala-network/chopsticks/node_modules/@polkadot/types-create/
	esm 16.4.6	node_modules/@acala-network/chopsticks-utils/node_modules/@polkadot/types-create/
[2025-09-09T20:33:17.580Z] [WARN] @polkadot/types-codec has multiple versions, ensure that there is only one installed.
Either remove and explicitly install matching versions or dedupe using your package manager.
The following conflicting packages were found:
	esm 12.4.2	node_modules/@polkadot/types-codec/
	esm 16.4.6	node_modules/@acala-network/chopsticks-core/node_modules/@polkadot/types-codec/
	esm 16.4.6	node_modules/@acala-network/chopsticks/node_modules/@polkadot/types-codec/
	esm 16.4.6	node_modules/@acala-network/chopsticks-utils/node_modules/@polkadot/types-codec/
[2025-09-09T20:33:17.582Z] [WARN] @polkadot/types-known has multiple versions, ensure that there is only one installed.
Either remove and explicitly install matching versions or dedupe using your package manager.
The following conflicting packages were found:
	esm 12.4.2	node_modules/@polkadot/types-known/
	esm 16.4.6	node_modules/@acala-network/chopsticks/node_modules/@polkadot/types-known/
	esm 16.4.6	node_modules/@acala-network/chopsticks-utils/node_modules/@polkadot/types-known/
[2025-09-09T20:33:17.615Z] [LOG] [dotenv@17.2.1] injecting env (0) from .env -- tip: ⚙️  specify custom .env file path with { path: '/custom/path/.env' }
[2025-09-09T20:33:25.257Z] [LOG] Setting up AssetHub network with options: {
  "runtimeLogLevel": 5,
  "blockNumber": 9651100,
  "port": 8001,
  "endpoint": [
    "wss://polkadot-asset-hub-rpc.polkadot.io"
  ],
  "db": "assethub-db.sqlite",
  "processQueuedMessages": true
}
[2025-09-09T20:33:29.768Z] [LOG] siblingSovereignAccount 0x7369626c2b080000000000000000000000000000000000000000000000000000
[2025-09-09T20:34:24.842Z] [LOG] Test setup initialized - logging to test-output.log
[2025-09-09T20:34:25.087Z] [WARN] @polkadot/types-codec has multiple versions, ensure that there is only one installed.
Either remove and explicitly install matching versions or dedupe using your package manager.
The following conflicting packages were found:
	esm 12.4.2	node_modules/@polkadot/types-codec/
	esm 16.4.6	node_modules/@acala-network/chopsticks-core/node_modules/@polkadot/types-codec/
[2025-09-09T20:34:25.088Z] [WARN] @polkadot/types has multiple versions, ensure that there is only one installed.
Either remove and explicitly install matching versions or dedupe using your package manager.
The following conflicting packages were found:
	esm 12.4.2	node_modules/@polkadot/types/
	esm 16.4.6	node_modules/@acala-network/chopsticks-core/node_modules/@polkadot/types/
[2025-09-09T20:34:25.089Z] [WARN] @polkadot/types-create has multiple versions, ensure that there is only one installed.
Either remove and explicitly install matching versions or dedupe using your package manager.
The following conflicting packages were found:
	esm 12.4.2	node_modules/@polkadot/types-create/
	esm 16.4.6	node_modules/@acala-network/chopsticks-core/node_modules/@polkadot/types-create/
[2025-09-09T20:34:25.094Z] [WARN] @polkadot/rpc-provider has multiple versions, ensure that there is only one installed.
Either remove and explicitly install matching versions or dedupe using your package manager.
The following conflicting packages were found:
	esm 12.4.2	node_modules/@polkadot/rpc-provider/
	esm 16.4.6	node_modules/@acala-network/chopsticks-core/node_modules/@polkadot/rpc-provider/
[2025-09-09T20:34:25.806Z] [WARN] @polkadot/rpc-augment has multiple versions, ensure that there is only one installed.
Either remove and explicitly install matching versions or dedupe using your package manager.
The following conflicting packages were found:
	esm 12.4.2	node_modules/@polkadot/rpc-augment/
	esm 16.4.6	node_modules/@acala-network/chopsticks/node_modules/@polkadot/rpc-augment/
[2025-09-09T20:34:25.923Z] [WARN] @polkadot/api has multiple versions, ensure that there is only one installed.
Either remove and explicitly install matching versions or dedupe using your package manager.
The following conflicting packages were found:
	esm 12.4.2	node_modules/@polkadot/api/
	esm 16.4.6	node_modules/@acala-network/chopsticks/node_modules/@polkadot/api/
[2025-09-09T20:34:25.923Z] [WARN] @polkadot/rpc-provider has multiple versions, ensure that there is only one installed.
Either remove and explicitly install matching versions or dedupe using your package manager.
The following conflicting packages were found:
	esm 12.4.2	node_modules/@polkadot/rpc-provider/
	esm 16.4.6	node_modules/@acala-network/chopsticks-core/node_modules/@polkadot/rpc-provider/
	esm 16.4.6	node_modules/@acala-network/chopsticks/node_modules/@polkadot/rpc-provider/
[2025-09-09T20:34:25.923Z] [WARN] @polkadot/api-derive has multiple versions, ensure that there is only one installed.
Either remove and explicitly install matching versions or dedupe using your package manager.
The following conflicting packages were found:
	esm 12.4.2	node_modules/@polkadot/api-derive/
	esm 16.4.6	node_modules/@acala-network/chopsticks/node_modules/@polkadot/api-derive/
[2025-09-09T20:34:25.924Z] [WARN] @polkadot/rpc-core has multiple versions, ensure that there is only one installed.
Either remove and explicitly install matching versions or dedupe using your package manager.
The following conflicting packages were found:
	esm 12.4.2	node_modules/@polkadot/rpc-core/
	esm 16.4.6	node_modules/@acala-network/chopsticks/node_modules/@polkadot/rpc-core/
[2025-09-09T20:34:25.924Z] [WARN] @polkadot/types has multiple versions, ensure that there is only one installed.
Either remove and explicitly install matching versions or dedupe using your package manager.
The following conflicting packages were found:
	esm 12.4.2	node_modules/@polkadot/types/
	esm 16.4.6	node_modules/@acala-network/chopsticks-core/node_modules/@polkadot/types/
	esm 16.4.6	node_modules/@acala-network/chopsticks/node_modules/@polkadot/types/
[2025-09-09T20:34:25.925Z] [WARN] @polkadot/types-create has multiple versions, ensure that there is only one installed.
Either remove and explicitly install matching versions or dedupe using your package manager.
The following conflicting packages were found:
	esm 12.4.2	node_modules/@polkadot/types-create/
	esm 16.4.6	node_modules/@acala-network/chopsticks-core/node_modules/@polkadot/types-create/
	esm 16.4.6	node_modules/@acala-network/chopsticks/node_modules/@polkadot/types-create/
[2025-09-09T20:34:25.925Z] [WARN] @polkadot/types-codec has multiple versions, ensure that there is only one installed.
Either remove and explicitly install matching versions or dedupe using your package manager.
The following conflicting packages were found:
	esm 12.4.2	node_modules/@polkadot/types-codec/
	esm 16.4.6	node_modules/@acala-network/chopsticks-core/node_modules/@polkadot/types-codec/
	esm 16.4.6	node_modules/@acala-network/chopsticks/node_modules/@polkadot/types-codec/
[2025-09-09T20:34:25.927Z] [WARN] @polkadot/types-known has multiple versions, ensure that there is only one installed.
Either remove and explicitly install matching versions or dedupe using your package manager.
The following conflicting packages were found:
	esm 12.4.2	node_modules/@polkadot/types-known/
	esm 16.4.6	node_modules/@acala-network/chopsticks/node_modules/@polkadot/types-known/
[2025-09-09T20:34:25.930Z] [WARN] @polkadot/api has multiple versions, ensure that there is only one installed.
Either remove and explicitly install matching versions or dedupe using your package manager.
The following conflicting packages were found:
	esm 12.4.2	node_modules/@polkadot/api/
	esm 16.4.6	node_modules/@acala-network/chopsticks/node_modules/@polkadot/api/
	esm 16.4.6	node_modules/@acala-network/chopsticks-utils/node_modules/@polkadot/api/
[2025-09-09T20:34:25.930Z] [WARN] @polkadot/rpc-augment has multiple versions, ensure that there is only one installed.
Either remove and explicitly install matching versions or dedupe using your package manager.
The following conflicting packages were found:
	esm 12.4.2	node_modules/@polkadot/rpc-augment/
	esm 16.4.6	node_modules/@acala-network/chopsticks/node_modules/@polkadot/rpc-augment/
	esm 16.4.6	node_modules/@acala-network/chopsticks-utils/node_modules/@polkadot/rpc-augment/
[2025-09-09T20:34:25.930Z] [WARN] @polkadot/rpc-provider has multiple versions, ensure that there is only one installed.
Either remove and explicitly install matching versions or dedupe using your package manager.
The following conflicting packages were found:
	esm 12.4.2	node_modules/@polkadot/rpc-provider/
	esm 16.4.6	node_modules/@acala-network/chopsticks-core/node_modules/@polkadot/rpc-provider/
	esm 16.4.6	node_modules/@acala-network/chopsticks/node_modules/@polkadot/rpc-provider/
	esm 16.4.6	node_modules/@acala-network/chopsticks-utils/node_modules/@polkadot/rpc-provider/
[2025-09-09T20:34:25.930Z] [WARN] @polkadot/api-derive has multiple versions, ensure that there is only one installed.
Either remove and explicitly install matching versions or dedupe using your package manager.
The following conflicting packages were found:
	esm 12.4.2	node_modules/@polkadot/api-derive/
	esm 16.4.6	node_modules/@acala-network/chopsticks/node_modules/@polkadot/api-derive/
	esm 16.4.6	node_modules/@acala-network/chopsticks-utils/node_modules/@polkadot/api-derive/
[2025-09-09T20:34:25.930Z] [WARN] @polkadot/rpc-core has multiple versions, ensure that there is only one installed.
Either remove and explicitly install matching versions or dedupe using your package manager.
The following conflicting packages were found:
	esm 12.4.2	node_modules/@polkadot/rpc-core/
	esm 16.4.6	node_modules/@acala-network/chopsticks/node_modules/@polkadot/rpc-core/
	esm 16.4.6	node_modules/@acala-network/chopsticks-utils/node_modules/@polkadot/rpc-core/
[2025-09-09T20:34:25.931Z] [WARN] @polkadot/types has multiple versions, ensure that there is only one installed.
Either remove and explicitly install matching versions or dedupe using your package manager.
The following conflicting packages were found:
	esm 12.4.2	node_modules/@polkadot/types/
	esm 16.4.6	node_modules/@acala-network/chopsticks-core/node_modules/@polkadot/types/
	esm 16.4.6	node_modules/@acala-network/chopsticks/node_modules/@polkadot/types/
	esm 16.4.6	node_modules/@acala-network/chopsticks-utils/node_modules/@polkadot/types/
[2025-09-09T20:34:25.931Z] [WARN] @polkadot/types-create has multiple versions, ensure that there is only one installed.
Either remove and explicitly install matching versions or dedupe using your package manager.
The following conflicting packages were found:
	esm 12.4.2	node_modules/@polkadot/types-create/
	esm 16.4.6	node_modules/@acala-network/chopsticks-core/node_modules/@polkadot/types-create/
	esm 16.4.6	node_modules/@acala-network/chopsticks/node_modules/@polkadot/types-create/
	esm 16.4.6	node_modules/@acala-network/chopsticks-utils/node_modules/@polkadot/types-create/
[2025-09-09T20:34:25.931Z] [WARN] @polkadot/types-codec has multiple versions, ensure that there is only one installed.
Either remove and explicitly install matching versions or dedupe using your package manager.
The following conflicting packages were found:
	esm 12.4.2	node_modules/@polkadot/types-codec/
	esm 16.4.6	node_modules/@acala-network/chopsticks-core/node_modules/@polkadot/types-codec/
	esm 16.4.6	node_modules/@acala-network/chopsticks/node_modules/@polkadot/types-codec/
	esm 16.4.6	node_modules/@acala-network/chopsticks-utils/node_modules/@polkadot/types-codec/
[2025-09-09T20:34:25.933Z] [WARN] @polkadot/types-known has multiple versions, ensure that there is only one installed.
Either remove and explicitly install matching versions or dedupe using your package manager.
The following conflicting packages were found:
	esm 12.4.2	node_modules/@polkadot/types-known/
	esm 16.4.6	node_modules/@acala-network/chopsticks/node_modules/@polkadot/types-known/
	esm 16.4.6	node_modules/@acala-network/chopsticks-utils/node_modules/@polkadot/types-known/
[2025-09-09T20:34:25.943Z] [LOG] [dotenv@17.2.1] injecting env (0) from .env -- tip: 📡 version env with Radar: https://dotenvx.com/radar
[2025-09-09T20:34:27.592Z] [LOG] Setting up AssetHub network with options: {
  "runtimeLogLevel": 5,
  "blockNumber": 9651100,
  "port": 8001,
  "endpoint": [
    "wss://polkadot-asset-hub-rpc.polkadot.io"
  ],
  "db": "assethub-db.sqlite",
  "processQueuedMessages": true
}
[2025-09-09T20:34:29.796Z] [LOG] assetHub.url "ws://[::]:8001"
[2025-09-09T20:34:34.593Z] [LOG] Transaction status: Ready
[2025-09-09T20:34:34.594Z] [LOG] ✅ Transaction is ready in pool
[2025-09-09T20:34:34.594Z] [LOG] Transaction status: Broadcast
[2025-09-09T20:34:35.703Z] [LOG] Transaction status: InBlock
[2025-09-09T20:34:35.703Z] [LOG] ✅ Transaction is in block
[2025-09-09T20:34:35.703Z] [LOG] ✅ Transaction successful, unsubscribing...
[2025-09-09T20:34:40.273Z] [LOG] Frequency events: [
  {
    "phase": "Initialization",
    "event": {
      "method": "NewAccount",
      "section": "system",
      "index": "0x0003",
      "data": {
        "account": "f6cGVmusZ1zNcF9kZe67WFuAfcjzPiyCuemdfpDyhrEqGuaig"
      }
    },
    "topics": []
  },
  {
    "phase": "Initialization",
    "event": {
      "method": "Issued",
      "section": "foreignAssets",
      "index": "0x4b01",
      "data": {
        "assetId": {
          "parents": "1",
          "interior": "Here"
        },
        "owner": "f6cGVmusZ1zNcF9kZe67WFuAfcjzPiyCuemdfpDyhrEqGuaig",
        "amount": "499,951,030,402"
      }
    },
    "topics": []
  },
  {
    "phase": "Initialization",
    "event": {
      "method": "Processed",
      "section": "messageQueue",
      "index": "0x4a01",
      "data": {
        "id": "0x25af8fed3e025a040408842ae2b76094146bf9ab5b4d480424c9615d237f2a81",
        "origin": {
          "Sibling": "1,000"
        },
        "weightUsed": {
          "refTime": "480,047,000",
          "proofSize": "4,768"
        },
        "success": true
      }
    },
    "topics": []
  },
  {
    "phase": {
      "ApplyExtrinsic": "0"
    },
    "event": {
      "method": "ExtrinsicSuccess",
      "section": "system",
      "index": "0x0000",
      "data": {
        "dispatchInfo": {
          "weight": {
            "refTime": "275,594,000",
            "proofSize": "1,988"
          },
          "class": "Mandatory",
          "paysFee": "Yes"
        }
      }
    },
    "topics": []
  },
  {
    "phase": {
      "ApplyExtrinsic": "1"
    },
    "event": {
      "method": "ExtrinsicSuccess",
      "section": "system",
      "index": "0x0000",
      "data": {
        "dispatchInfo": {
          "weight": {
            "refTime": "98,029,000",
            "proofSize": "0"
          },
          "class": "Mandatory",
          "paysFee": "Yes"
        }
      }
    },
    "topics": []
  }
]
[2025-09-09T20:34:40.273Z] [LOG] XCM Results: []
[2025-09-09T20:34:40.875Z] [LOG] Test setup initialized - logging to test-output.log
[2025-09-09T20:34:41.132Z] [WARN] @polkadot/types-codec has multiple versions, ensure that there is only one installed.
Either remove and explicitly install matching versions or dedupe using your package manager.
The following conflicting packages were found:
	esm 12.4.2	node_modules/@polkadot/types-codec/
	esm 16.4.6	node_modules/@acala-network/chopsticks-core/node_modules/@polkadot/types-codec/
[2025-09-09T20:34:41.133Z] [WARN] @polkadot/types has multiple versions, ensure that there is only one installed.
Either remove and explicitly install matching versions or dedupe using your package manager.
The following conflicting packages were found:
	esm 12.4.2	node_modules/@polkadot/types/
	esm 16.4.6	node_modules/@acala-network/chopsticks-core/node_modules/@polkadot/types/
[2025-09-09T20:34:41.134Z] [WARN] @polkadot/types-create has multiple versions, ensure that there is only one installed.
Either remove and explicitly install matching versions or dedupe using your package manager.
The following conflicting packages were found:
	esm 12.4.2	node_modules/@polkadot/types-create/
	esm 16.4.6	node_modules/@acala-network/chopsticks-core/node_modules/@polkadot/types-create/
[2025-09-09T20:34:41.139Z] [WARN] @polkadot/rpc-provider has multiple versions, ensure that there is only one installed.
Either remove and explicitly install matching versions or dedupe using your package manager.
The following conflicting packages were found:
	esm 12.4.2	node_modules/@polkadot/rpc-provider/
	esm 16.4.6	node_modules/@acala-network/chopsticks-core/node_modules/@polkadot/rpc-provider/
[2025-09-09T20:34:41.771Z] [WARN] @polkadot/rpc-augment has multiple versions, ensure that there is only one installed.
Either remove and explicitly install matching versions or dedupe using your package manager.
The following conflicting packages were found:
	esm 12.4.2	node_modules/@polkadot/rpc-augment/
	esm 16.4.6	node_modules/@acala-network/chopsticks/node_modules/@polkadot/rpc-augment/
[2025-09-09T20:34:48.236Z] [LOG] Test setup initialized - logging to test-output.log
[2025-09-09T20:34:48.258Z] [LOG] Test setup initialized - logging to test-output.log
[2025-09-09T20:34:48.505Z] [WARN] @polkadot/types-codec has multiple versions, ensure that there is only one installed.
Either remove and explicitly install matching versions or dedupe using your package manager.
The following conflicting packages were found:
	esm 12.4.2	node_modules/@polkadot/types-codec/
	esm 16.4.6	node_modules/@acala-network/chopsticks-core/node_modules/@polkadot/types-codec/
[2025-09-09T20:34:48.506Z] [WARN] @polkadot/types has multiple versions, ensure that there is only one installed.
Either remove and explicitly install matching versions or dedupe using your package manager.
The following conflicting packages were found:
	esm 12.4.2	node_modules/@polkadot/types/
	esm 16.4.6	node_modules/@acala-network/chopsticks-core/node_modules/@polkadot/types/
[2025-09-09T20:34:48.507Z] [WARN] @polkadot/types-create has multiple versions, ensure that there is only one installed.
Either remove and explicitly install matching versions or dedupe using your package manager.
The following conflicting packages were found:
	esm 12.4.2	node_modules/@polkadot/types-create/
	esm 16.4.6	node_modules/@acala-network/chopsticks-core/node_modules/@polkadot/types-create/
[2025-09-09T20:34:48.510Z] [WARN] @polkadot/rpc-provider has multiple versions, ensure that there is only one installed.
Either remove and explicitly install matching versions or dedupe using your package manager.
The following conflicting packages were found:
	esm 12.4.2	node_modules/@polkadot/rpc-provider/
	esm 16.4.6	node_modules/@acala-network/chopsticks-core/node_modules/@polkadot/rpc-provider/
[2025-09-09T20:34:48.522Z] [WARN] @polkadot/types-codec has multiple versions, ensure that there is only one installed.
Either remove and explicitly install matching versions or dedupe using your package manager.
The following conflicting packages were found:
	esm 12.4.2	node_modules/@polkadot/types-codec/
	esm 16.4.6	node_modules/@acala-network/chopsticks-core/node_modules/@polkadot/types-codec/
[2025-09-09T20:34:48.523Z] [WARN] @polkadot/types has multiple versions, ensure that there is only one installed.
Either remove and explicitly install matching versions or dedupe using your package manager.
The following conflicting packages were found:
	esm 12.4.2	node_modules/@polkadot/types/
	esm 16.4.6	node_modules/@acala-network/chopsticks-core/node_modules/@polkadot/types/
[2025-09-09T20:34:48.524Z] [WARN] @polkadot/types-create has multiple versions, ensure that there is only one installed.
Either remove and explicitly install matching versions or dedupe using your package manager.
The following conflicting packages were found:
	esm 12.4.2	node_modules/@polkadot/types-create/
	esm 16.4.6	node_modules/@acala-network/chopsticks-core/node_modules/@polkadot/types-create/
[2025-09-09T20:34:48.527Z] [WARN] @polkadot/rpc-provider has multiple versions, ensure that there is only one installed.
Either remove and explicitly install matching versions or dedupe using your package manager.
The following conflicting packages were found:
	esm 12.4.2	node_modules/@polkadot/rpc-provider/
	esm 16.4.6	node_modules/@acala-network/chopsticks-core/node_modules/@polkadot/rpc-provider/
[2025-09-09T20:34:49.128Z] [WARN] @polkadot/rpc-augment has multiple versions, ensure that there is only one installed.
Either remove and explicitly install matching versions or dedupe using your package manager.
The following conflicting packages were found:
	esm 12.4.2	node_modules/@polkadot/rpc-augment/
	esm 16.4.6	node_modules/@acala-network/chopsticks/node_modules/@polkadot/rpc-augment/
[2025-09-09T20:34:49.138Z] [WARN] @polkadot/rpc-augment has multiple versions, ensure that there is only one installed.
Either remove and explicitly install matching versions or dedupe using your package manager.
The following conflicting packages were found:
	esm 12.4.2	node_modules/@polkadot/rpc-augment/
	esm 16.4.6	node_modules/@acala-network/chopsticks/node_modules/@polkadot/rpc-augment/
[2025-09-09T20:34:49.231Z] [WARN] @polkadot/api has multiple versions, ensure that there is only one installed.
Either remove and explicitly install matching versions or dedupe using your package manager.
The following conflicting packages were found:
	esm 12.4.2	node_modules/@polkadot/api/
	esm 16.4.6	node_modules/@acala-network/chopsticks/node_modules/@polkadot/api/
[2025-09-09T20:34:49.231Z] [WARN] @polkadot/rpc-provider has multiple versions, ensure that there is only one installed.
Either remove and explicitly install matching versions or dedupe using your package manager.
The following conflicting packages were found:
	esm 12.4.2	node_modules/@polkadot/rpc-provider/
	esm 16.4.6	node_modules/@acala-network/chopsticks-core/node_modules/@polkadot/rpc-provider/
	esm 16.4.6	node_modules/@acala-network/chopsticks/node_modules/@polkadot/rpc-provider/
[2025-09-09T20:34:49.231Z] [WARN] @polkadot/api-derive has multiple versions, ensure that there is only one installed.
Either remove and explicitly install matching versions or dedupe using your package manager.
The following conflicting packages were found:
	esm 12.4.2	node_modules/@polkadot/api-derive/
	esm 16.4.6	node_modules/@acala-network/chopsticks/node_modules/@polkadot/api-derive/
[2025-09-09T20:34:49.232Z] [WARN] @polkadot/rpc-core has multiple versions, ensure that there is only one installed.
Either remove and explicitly install matching versions or dedupe using your package manager.
The following conflicting packages were found:
	esm 12.4.2	node_modules/@polkadot/rpc-core/
	esm 16.4.6	node_modules/@acala-network/chopsticks/node_modules/@polkadot/rpc-core/
[2025-09-09T20:34:49.232Z] [WARN] @polkadot/types has multiple versions, ensure that there is only one installed.
Either remove and explicitly install matching versions or dedupe using your package manager.
The following conflicting packages were found:
	esm 12.4.2	node_modules/@polkadot/types/
	esm 16.4.6	node_modules/@acala-network/chopsticks-core/node_modules/@polkadot/types/
	esm 16.4.6	node_modules/@acala-network/chopsticks/node_modules/@polkadot/types/
[2025-09-09T20:34:49.232Z] [WARN] @polkadot/types-create has multiple versions, ensure that there is only one installed.
Either remove and explicitly install matching versions or dedupe using your package manager.
The following conflicting packages were found:
	esm 12.4.2	node_modules/@polkadot/types-create/
	esm 16.4.6	node_modules/@acala-network/chopsticks-core/node_modules/@polkadot/types-create/
	esm 16.4.6	node_modules/@acala-network/chopsticks/node_modules/@polkadot/types-create/
[2025-09-09T20:34:49.233Z] [WARN] @polkadot/types-codec has multiple versions, ensure that there is only one installed.
Either remove and explicitly install matching versions or dedupe using your package manager.
The following conflicting packages were found:
	esm 12.4.2	node_modules/@polkadot/types-codec/
	esm 16.4.6	node_modules/@acala-network/chopsticks-core/node_modules/@polkadot/types-codec/
	esm 16.4.6	node_modules/@acala-network/chopsticks/node_modules/@polkadot/types-codec/
[2025-09-09T20:34:49.236Z] [WARN] @polkadot/types-known has multiple versions, ensure that there is only one installed.
Either remove and explicitly install matching versions or dedupe using your package manager.
The following conflicting packages were found:
	esm 12.4.2	node_modules/@polkadot/types-known/
	esm 16.4.6	node_modules/@acala-network/chopsticks/node_modules/@polkadot/types-known/
[2025-09-09T20:34:49.238Z] [WARN] @polkadot/api has multiple versions, ensure that there is only one installed.
Either remove and explicitly install matching versions or dedupe using your package manager.
The following conflicting packages were found:
	esm 12.4.2	node_modules/@polkadot/api/
	esm 16.4.6	node_modules/@acala-network/chopsticks/node_modules/@polkadot/api/
[2025-09-09T20:34:49.239Z] [WARN] @polkadot/rpc-provider has multiple versions, ensure that there is only one installed.
Either remove and explicitly install matching versions or dedupe using your package manager.
The following conflicting packages were found:
	esm 12.4.2	node_modules/@polkadot/rpc-provider/
	esm 16.4.6	node_modules/@acala-network/chopsticks-core/node_modules/@polkadot/rpc-provider/
	esm 16.4.6	node_modules/@acala-network/chopsticks/node_modules/@polkadot/rpc-provider/
[2025-09-09T20:34:49.239Z] [WARN] @polkadot/api-derive has multiple versions, ensure that there is only one installed.
Either remove and explicitly install matching versions or dedupe using your package manager.
The following conflicting packages were found:
	esm 12.4.2	node_modules/@polkadot/api-derive/
	esm 16.4.6	node_modules/@acala-network/chopsticks/node_modules/@polkadot/api-derive/
[2025-09-09T20:34:49.239Z] [WARN] @polkadot/rpc-core has multiple versions, ensure that there is only one installed.
Either remove and explicitly install matching versions or dedupe using your package manager.
The following conflicting packages were found:
	esm 12.4.2	node_modules/@polkadot/rpc-core/
	esm 16.4.6	node_modules/@acala-network/chopsticks/node_modules/@polkadot/rpc-core/
[2025-09-09T20:34:49.239Z] [WARN] @polkadot/types has multiple versions, ensure that there is only one installed.
Either remove and explicitly install matching versions or dedupe using your package manager.
The following conflicting packages were found:
	esm 12.4.2	node_modules/@polkadot/types/
	esm 16.4.6	node_modules/@acala-network/chopsticks-core/node_modules/@polkadot/types/
	esm 16.4.6	node_modules/@acala-network/chopsticks/node_modules/@polkadot/types/
[2025-09-09T20:34:49.240Z] [WARN] @polkadot/api has multiple versions, ensure that there is only one installed.
Either remove and explicitly install matching versions or dedupe using your package manager.
The following conflicting packages were found:
	esm 12.4.2	node_modules/@polkadot/api/
	esm 16.4.6	node_modules/@acala-network/chopsticks/node_modules/@polkadot/api/
	esm 16.4.6	node_modules/@acala-network/chopsticks-utils/node_modules/@polkadot/api/
[2025-09-09T20:34:49.240Z] [WARN] @polkadot/rpc-augment has multiple versions, ensure that there is only one installed.
Either remove and explicitly install matching versions or dedupe using your package manager.
The following conflicting packages were found:
	esm 12.4.2	node_modules/@polkadot/rpc-augment/
	esm 16.4.6	node_modules/@acala-network/chopsticks/node_modules/@polkadot/rpc-augment/
	esm 16.4.6	node_modules/@acala-network/chopsticks-utils/node_modules/@polkadot/rpc-augment/
[2025-09-09T20:34:49.240Z] [WARN] @polkadot/rpc-provider has multiple versions, ensure that there is only one installed.
Either remove and explicitly install matching versions or dedupe using your package manager.
The following conflicting packages were found:
	esm 12.4.2	node_modules/@polkadot/rpc-provider/
	esm 16.4.6	node_modules/@acala-network/chopsticks-core/node_modules/@polkadot/rpc-provider/
	esm 16.4.6	node_modules/@acala-network/chopsticks/node_modules/@polkadot/rpc-provider/
	esm 16.4.6	node_modules/@acala-network/chopsticks-utils/node_modules/@polkadot/rpc-provider/
[2025-09-09T20:34:49.240Z] [WARN] @polkadot/api-derive has multiple versions, ensure that there is only one installed.
Either remove and explicitly install matching versions or dedupe using your package manager.
The following conflicting packages were found:
	esm 12.4.2	node_modules/@polkadot/api-derive/
	esm 16.4.6	node_modules/@acala-network/chopsticks/node_modules/@polkadot/api-derive/
	esm 16.4.6	node_modules/@acala-network/chopsticks-utils/node_modules/@polkadot/api-derive/
[2025-09-09T20:34:49.240Z] [WARN] @polkadot/types-create has multiple versions, ensure that there is only one installed.
Either remove and explicitly install matching versions or dedupe using your package manager.
The following conflicting packages were found:
	esm 12.4.2	node_modules/@polkadot/types-create/
	esm 16.4.6	node_modules/@acala-network/chopsticks-core/node_modules/@polkadot/types-create/
	esm 16.4.6	node_modules/@acala-network/chopsticks/node_modules/@polkadot/types-create/
[2025-09-09T20:34:49.240Z] [WARN] @polkadot/rpc-core has multiple versions, ensure that there is only one installed.
Either remove and explicitly install matching versions or dedupe using your package manager.
The following conflicting packages were found:
	esm 12.4.2	node_modules/@polkadot/rpc-core/
	esm 16.4.6	node_modules/@acala-network/chopsticks/node_modules/@polkadot/rpc-core/
	esm 16.4.6	node_modules/@acala-network/chopsticks-utils/node_modules/@polkadot/rpc-core/
[2025-09-09T20:34:49.240Z] [WARN] @polkadot/types-codec has multiple versions, ensure that there is only one installed.
Either remove and explicitly install matching versions or dedupe using your package manager.
The following conflicting packages were found:
	esm 12.4.2	node_modules/@polkadot/types-codec/
	esm 16.4.6	node_modules/@acala-network/chopsticks-core/node_modules/@polkadot/types-codec/
	esm 16.4.6	node_modules/@acala-network/chopsticks/node_modules/@polkadot/types-codec/
[2025-09-09T20:34:49.240Z] [WARN] @polkadot/types has multiple versions, ensure that there is only one installed.
Either remove and explicitly install matching versions or dedupe using your package manager.
The following conflicting packages were found:
	esm 12.4.2	node_modules/@polkadot/types/
	esm 16.4.6	node_modules/@acala-network/chopsticks-core/node_modules/@polkadot/types/
	esm 16.4.6	node_modules/@acala-network/chopsticks/node_modules/@polkadot/types/
	esm 16.4.6	node_modules/@acala-network/chopsticks-utils/node_modules/@polkadot/types/
[2025-09-09T20:34:49.241Z] [WARN] @polkadot/types-create has multiple versions, ensure that there is only one installed.
Either remove and explicitly install matching versions or dedupe using your package manager.
The following conflicting packages were found:
	esm 12.4.2	node_modules/@polkadot/types-create/
	esm 16.4.6	node_modules/@acala-network/chopsticks-core/node_modules/@polkadot/types-create/
	esm 16.4.6	node_modules/@acala-network/chopsticks/node_modules/@polkadot/types-create/
	esm 16.4.6	node_modules/@acala-network/chopsticks-utils/node_modules/@polkadot/types-create/
[2025-09-09T20:34:49.241Z] [WARN] @polkadot/types-codec has multiple versions, ensure that there is only one installed.
Either remove and explicitly install matching versions or dedupe using your package manager.
The following conflicting packages were found:
	esm 12.4.2	node_modules/@polkadot/types-codec/
	esm 16.4.6	node_modules/@acala-network/chopsticks-core/node_modules/@polkadot/types-codec/
	esm 16.4.6	node_modules/@acala-network/chopsticks/node_modules/@polkadot/types-codec/
	esm 16.4.6	node_modules/@acala-network/chopsticks-utils/node_modules/@polkadot/types-codec/
[2025-09-09T20:34:49.242Z] [WARN] @polkadot/types-known has multiple versions, ensure that there is only one installed.
Either remove and explicitly install matching versions or dedupe using your package manager.
The following conflicting packages were found:
	esm 12.4.2	node_modules/@polkadot/types-known/
	esm 16.4.6	node_modules/@acala-network/chopsticks/node_modules/@polkadot/types-known/
[2025-09-09T20:34:49.243Z] [WARN] @polkadot/types-known has multiple versions, ensure that there is only one installed.
Either remove and explicitly install matching versions or dedupe using your package manager.
The following conflicting packages were found:
	esm 12.4.2	node_modules/@polkadot/types-known/
	esm 16.4.6	node_modules/@acala-network/chopsticks/node_modules/@polkadot/types-known/
	esm 16.4.6	node_modules/@acala-network/chopsticks-utils/node_modules/@polkadot/types-known/
[2025-09-09T20:34:49.244Z] [WARN] @polkadot/api has multiple versions, ensure that there is only one installed.
Either remove and explicitly install matching versions or dedupe using your package manager.
The following conflicting packages were found:
	esm 12.4.2	node_modules/@polkadot/api/
	esm 16.4.6	node_modules/@acala-network/chopsticks/node_modules/@polkadot/api/
	esm 16.4.6	node_modules/@acala-network/chopsticks-utils/node_modules/@polkadot/api/
[2025-09-09T20:34:49.244Z] [WARN] @polkadot/rpc-augment has multiple versions, ensure that there is only one installed.
Either remove and explicitly install matching versions or dedupe using your package manager.
The following conflicting packages were found:
	esm 12.4.2	node_modules/@polkadot/rpc-augment/
	esm 16.4.6	node_modules/@acala-network/chopsticks/node_modules/@polkadot/rpc-augment/
	esm 16.4.6	node_modules/@acala-network/chopsticks-utils/node_modules/@polkadot/rpc-augment/
[2025-09-09T20:34:49.244Z] [WARN] @polkadot/rpc-provider has multiple versions, ensure that there is only one installed.
Either remove and explicitly install matching versions or dedupe using your package manager.
The following conflicting packages were found:
	esm 12.4.2	node_modules/@polkadot/rpc-provider/
	esm 16.4.6	node_modules/@acala-network/chopsticks-core/node_modules/@polkadot/rpc-provider/
	esm 16.4.6	node_modules/@acala-network/chopsticks/node_modules/@polkadot/rpc-provider/
	esm 16.4.6	node_modules/@acala-network/chopsticks-utils/node_modules/@polkadot/rpc-provider/
[2025-09-09T20:34:49.244Z] [WARN] @polkadot/api-derive has multiple versions, ensure that there is only one installed.
Either remove and explicitly install matching versions or dedupe using your package manager.
The following conflicting packages were found:
	esm 12.4.2	node_modules/@polkadot/api-derive/
	esm 16.4.6	node_modules/@acala-network/chopsticks/node_modules/@polkadot/api-derive/
	esm 16.4.6	node_modules/@acala-network/chopsticks-utils/node_modules/@polkadot/api-derive/
[2025-09-09T20:34:49.244Z] [WARN] @polkadot/rpc-core has multiple versions, ensure that there is only one installed.
Either remove and explicitly install matching versions or dedupe using your package manager.
The following conflicting packages were found:
	esm 12.4.2	node_modules/@polkadot/rpc-core/
	esm 16.4.6	node_modules/@acala-network/chopsticks/node_modules/@polkadot/rpc-core/
	esm 16.4.6	node_modules/@acala-network/chopsticks-utils/node_modules/@polkadot/rpc-core/
[2025-09-09T20:34:49.244Z] [WARN] @polkadot/types has multiple versions, ensure that there is only one installed.
Either remove and explicitly install matching versions or dedupe using your package manager.
The following conflicting packages were found:
	esm 12.4.2	node_modules/@polkadot/types/
	esm 16.4.6	node_modules/@acala-network/chopsticks-core/node_modules/@polkadot/types/
	esm 16.4.6	node_modules/@acala-network/chopsticks/node_modules/@polkadot/types/
	esm 16.4.6	node_modules/@acala-network/chopsticks-utils/node_modules/@polkadot/types/
[2025-09-09T20:34:49.245Z] [WARN] @polkadot/types-create has multiple versions, ensure that there is only one installed.
Either remove and explicitly install matching versions or dedupe using your package manager.
The following conflicting packages were found:
	esm 12.4.2	node_modules/@polkadot/types-create/
	esm 16.4.6	node_modules/@acala-network/chopsticks-core/node_modules/@polkadot/types-create/
	esm 16.4.6	node_modules/@acala-network/chopsticks/node_modules/@polkadot/types-create/
	esm 16.4.6	node_modules/@acala-network/chopsticks-utils/node_modules/@polkadot/types-create/
[2025-09-09T20:34:49.245Z] [WARN] @polkadot/types-codec has multiple versions, ensure that there is only one installed.
Either remove and explicitly install matching versions or dedupe using your package manager.
The following conflicting packages were found:
	esm 12.4.2	node_modules/@polkadot/types-codec/
	esm 16.4.6	node_modules/@acala-network/chopsticks-core/node_modules/@polkadot/types-codec/
	esm 16.4.6	node_modules/@acala-network/chopsticks/node_modules/@polkadot/types-codec/
	esm 16.4.6	node_modules/@acala-network/chopsticks-utils/node_modules/@polkadot/types-codec/
[2025-09-09T20:34:49.247Z] [WARN] @polkadot/types-known has multiple versions, ensure that there is only one installed.
Either remove and explicitly install matching versions or dedupe using your package manager.
The following conflicting packages were found:
	esm 12.4.2	node_modules/@polkadot/types-known/
	esm 16.4.6	node_modules/@acala-network/chopsticks/node_modules/@polkadot/types-known/
	esm 16.4.6	node_modules/@acala-network/chopsticks-utils/node_modules/@polkadot/types-known/
[2025-09-09T20:34:49.253Z] [LOG] [dotenv@17.2.1] injecting env (0) from .env -- tip: 🛠️  run anywhere with `dotenvx run -- yourcommand`
[2025-09-09T20:34:49.283Z] [LOG] [dotenv@17.2.1] injecting env (0) from .env -- tip: ⚙️  suppress all logs with { quiet: true }
[2025-09-09T20:34:50.968Z] [LOG] Setting up AssetHub network with options: {
  "runtimeLogLevel": 5,
  "blockNumber": 9651100,
  "port": 8001,
  "endpoint": [
    "wss://polkadot-asset-hub-rpc.polkadot.io"
  ],
  "db": "assethub-db.sqlite",
  "processQueuedMessages": true
}
[2025-09-09T20:34:50.973Z] [LOG] Setting up AssetHub network with options: {
  "runtimeLogLevel": 5,
  "blockNumber": 9651100,
  "port": 8001,
  "endpoint": [
    "wss://polkadot-asset-hub-rpc.polkadot.io"
  ],
  "db": "assethub-db.sqlite",
  "processQueuedMessages": true
}
[2025-09-09T20:34:52.777Z] [LOG] assetHub.url "ws://[::]:8001"
[2025-09-09T20:34:55.378Z] [LOG] siblingSovereignAccount 0x7369626c2b080000000000000000000000000000000000000000000000000000
[2025-09-09T20:34:56.673Z] [LOG] Transaction status: Ready
[2025-09-09T20:34:56.674Z] [LOG] ✅ Transaction is ready in pool
[2025-09-09T20:34:56.674Z] [LOG] Transaction status: Broadcast
[2025-09-09T20:34:57.807Z] [LOG] Transaction status: InBlock
[2025-09-09T20:34:57.807Z] [LOG] ✅ Transaction is in block
[2025-09-09T20:34:57.807Z] [LOG] ✅ Transaction successful, unsubscribing...
[2025-09-09T20:35:02.307Z] [LOG] Frequency events: [
  {
    "phase": "Initialization",
    "event": {
      "method": "NewAccount",
      "section": "system",
      "index": "0x0003",
      "data": {
        "account": "f6cGVmusZ1zNcF9kZe67WFuAfcjzPiyCuemdfpDyhrEqGuaig"
      }
    },
    "topics": []
  },
  {
    "phase": "Initialization",
    "event": {
      "method": "Issued",
      "section": "foreignAssets",
      "index": "0x4b01",
      "data": {
        "assetId": {
          "parents": "1",
          "interior": "Here"
        },
        "owner": "f6cGVmusZ1zNcF9kZe67WFuAfcjzPiyCuemdfpDyhrEqGuaig",
        "amount": "499,951,030,402"
      }
    },
    "topics": []
  },
  {
    "phase": "Initialization",
    "event": {
      "method": "Processed",
      "section": "messageQueue",
      "index": "0x4a01",
      "data": {
        "id": "0x25af8fed3e025a040408842ae2b76094146bf9ab5b4d480424c9615d237f2a81",
        "origin": {
          "Sibling": "1,000"
        },
        "weightUsed": {
          "refTime": "480,047,000",
          "proofSize": "4,768"
        },
        "success": true
      }
    },
    "topics": []
  },
  {
    "phase": {
      "ApplyExtrinsic": "0"
    },
    "event": {
      "method": "ExtrinsicSuccess",
      "section": "system",
      "index": "0x0000",
      "data": {
        "dispatchInfo": {
          "weight": {
            "refTime": "275,594,000",
            "proofSize": "1,988"
          },
          "class": "Mandatory",
          "paysFee": "Yes"
        }
      }
    },
    "topics": []
  },
  {
    "phase": {
      "ApplyExtrinsic": "1"
    },
    "event": {
      "method": "ExtrinsicSuccess",
      "section": "system",
      "index": "0x0000",
      "data": {
        "dispatchInfo": {
          "weight": {
            "refTime": "98,029,000",
            "proofSize": "0"
          },
          "class": "Mandatory",
          "paysFee": "Yes"
        }
      }
    },
    "topics": []
  }
]
[2025-09-09T20:35:02.307Z] [LOG] XCM Results: []
[2025-09-09T20:35:22.201Z] [ERROR] 2025-09-09 14:35:22          API-WS: disconnected from wss://0.rpc.frequency.xyz: 1006:: Abnormal Closure
[2025-09-09T20:36:17.490Z] [LOG] Test setup initialized - logging to test-output.log
[2025-09-09T20:36:17.731Z] [WARN] @polkadot/types-codec has multiple versions, ensure that there is only one installed.
Either remove and explicitly install matching versions or dedupe using your package manager.
The following conflicting packages were found:
	esm 12.4.2	node_modules/@polkadot/types-codec/
	esm 16.4.6	node_modules/@acala-network/chopsticks-core/node_modules/@polkadot/types-codec/
[2025-09-09T20:36:17.732Z] [WARN] @polkadot/types has multiple versions, ensure that there is only one installed.
Either remove and explicitly install matching versions or dedupe using your package manager.
The following conflicting packages were found:
	esm 12.4.2	node_modules/@polkadot/types/
	esm 16.4.6	node_modules/@acala-network/chopsticks-core/node_modules/@polkadot/types/
[2025-09-09T20:36:17.733Z] [WARN] @polkadot/types-create has multiple versions, ensure that there is only one installed.
Either remove and explicitly install matching versions or dedupe using your package manager.
The following conflicting packages were found:
	esm 12.4.2	node_modules/@polkadot/types-create/
	esm 16.4.6	node_modules/@acala-network/chopsticks-core/node_modules/@polkadot/types-create/
[2025-09-09T20:36:17.738Z] [WARN] @polkadot/rpc-provider has multiple versions, ensure that there is only one installed.
Either remove and explicitly install matching versions or dedupe using your package manager.
The following conflicting packages were found:
	esm 12.4.2	node_modules/@polkadot/rpc-provider/
	esm 16.4.6	node_modules/@acala-network/chopsticks-core/node_modules/@polkadot/rpc-provider/
[2025-09-09T20:36:18.359Z] [WARN] @polkadot/rpc-augment has multiple versions, ensure that there is only one installed.
Either remove and explicitly install matching versions or dedupe using your package manager.
The following conflicting packages were found:
	esm 12.4.2	node_modules/@polkadot/rpc-augment/
	esm 16.4.6	node_modules/@acala-network/chopsticks/node_modules/@polkadot/rpc-augment/
[2025-09-09T20:36:18.471Z] [WARN] @polkadot/api has multiple versions, ensure that there is only one installed.
Either remove and explicitly install matching versions or dedupe using your package manager.
The following conflicting packages were found:
	esm 12.4.2	node_modules/@polkadot/api/
	esm 16.4.6	node_modules/@acala-network/chopsticks/node_modules/@polkadot/api/
[2025-09-09T20:36:18.471Z] [WARN] @polkadot/rpc-provider has multiple versions, ensure that there is only one installed.
Either remove and explicitly install matching versions or dedupe using your package manager.
The following conflicting packages were found:
	esm 12.4.2	node_modules/@polkadot/rpc-provider/
	esm 16.4.6	node_modules/@acala-network/chopsticks-core/node_modules/@polkadot/rpc-provider/
	esm 16.4.6	node_modules/@acala-network/chopsticks/node_modules/@polkadot/rpc-provider/
[2025-09-09T20:36:18.471Z] [WARN] @polkadot/api-derive has multiple versions, ensure that there is only one installed.
Either remove and explicitly install matching versions or dedupe using your package manager.
The following conflicting packages were found:
	esm 12.4.2	node_modules/@polkadot/api-derive/
	esm 16.4.6	node_modules/@acala-network/chopsticks/node_modules/@polkadot/api-derive/
[2025-09-09T20:36:18.471Z] [WARN] @polkadot/rpc-core has multiple versions, ensure that there is only one installed.
Either remove and explicitly install matching versions or dedupe using your package manager.
The following conflicting packages were found:
	esm 12.4.2	node_modules/@polkadot/rpc-core/
	esm 16.4.6	node_modules/@acala-network/chopsticks/node_modules/@polkadot/rpc-core/
[2025-09-09T20:36:18.472Z] [WARN] @polkadot/types has multiple versions, ensure that there is only one installed.
Either remove and explicitly install matching versions or dedupe using your package manager.
The following conflicting packages were found:
	esm 12.4.2	node_modules/@polkadot/types/
	esm 16.4.6	node_modules/@acala-network/chopsticks-core/node_modules/@polkadot/types/
	esm 16.4.6	node_modules/@acala-network/chopsticks/node_modules/@polkadot/types/
[2025-09-09T20:36:18.472Z] [WARN] @polkadot/types-create has multiple versions, ensure that there is only one installed.
Either remove and explicitly install matching versions or dedupe using your package manager.
The following conflicting packages were found:
	esm 12.4.2	node_modules/@polkadot/types-create/
	esm 16.4.6	node_modules/@acala-network/chopsticks-core/node_modules/@polkadot/types-create/
	esm 16.4.6	node_modules/@acala-network/chopsticks/node_modules/@polkadot/types-create/
[2025-09-09T20:36:18.473Z] [WARN] @polkadot/types-codec has multiple versions, ensure that there is only one installed.
Either remove and explicitly install matching versions or dedupe using your package manager.
The following conflicting packages were found:
	esm 12.4.2	node_modules/@polkadot/types-codec/
	esm 16.4.6	node_modules/@acala-network/chopsticks-core/node_modules/@polkadot/types-codec/
	esm 16.4.6	node_modules/@acala-network/chopsticks/node_modules/@polkadot/types-codec/
[2025-09-09T20:36:18.475Z] [WARN] @polkadot/types-known has multiple versions, ensure that there is only one installed.
Either remove and explicitly install matching versions or dedupe using your package manager.
The following conflicting packages were found:
	esm 12.4.2	node_modules/@polkadot/types-known/
	esm 16.4.6	node_modules/@acala-network/chopsticks/node_modules/@polkadot/types-known/
[2025-09-09T20:36:18.477Z] [WARN] @polkadot/api has multiple versions, ensure that there is only one installed.
Either remove and explicitly install matching versions or dedupe using your package manager.
The following conflicting packages were found:
	esm 12.4.2	node_modules/@polkadot/api/
	esm 16.4.6	node_modules/@acala-network/chopsticks/node_modules/@polkadot/api/
	esm 16.4.6	node_modules/@acala-network/chopsticks-utils/node_modules/@polkadot/api/
[2025-09-09T20:36:18.477Z] [WARN] @polkadot/rpc-augment has multiple versions, ensure that there is only one installed.
Either remove and explicitly install matching versions or dedupe using your package manager.
The following conflicting packages were found:
	esm 12.4.2	node_modules/@polkadot/rpc-augment/
	esm 16.4.6	node_modules/@acala-network/chopsticks/node_modules/@polkadot/rpc-augment/
	esm 16.4.6	node_modules/@acala-network/chopsticks-utils/node_modules/@polkadot/rpc-augment/
[2025-09-09T20:36:18.477Z] [WARN] @polkadot/rpc-provider has multiple versions, ensure that there is only one installed.
Either remove and explicitly install matching versions or dedupe using your package manager.
The following conflicting packages were found:
	esm 12.4.2	node_modules/@polkadot/rpc-provider/
	esm 16.4.6	node_modules/@acala-network/chopsticks-core/node_modules/@polkadot/rpc-provider/
	esm 16.4.6	node_modules/@acala-network/chopsticks/node_modules/@polkadot/rpc-provider/
	esm 16.4.6	node_modules/@acala-network/chopsticks-utils/node_modules/@polkadot/rpc-provider/
[2025-09-09T20:36:18.477Z] [WARN] @polkadot/api-derive has multiple versions, ensure that there is only one installed.
Either remove and explicitly install matching versions or dedupe using your package manager.
The following conflicting packages were found:
	esm 12.4.2	node_modules/@polkadot/api-derive/
	esm 16.4.6	node_modules/@acala-network/chopsticks/node_modules/@polkadot/api-derive/
	esm 16.4.6	node_modules/@acala-network/chopsticks-utils/node_modules/@polkadot/api-derive/
[2025-09-09T20:36:18.477Z] [WARN] @polkadot/rpc-core has multiple versions, ensure that there is only one installed.
Either remove and explicitly install matching versions or dedupe using your package manager.
The following conflicting packages were found:
	esm 12.4.2	node_modules/@polkadot/rpc-core/
	esm 16.4.6	node_modules/@acala-network/chopsticks/node_modules/@polkadot/rpc-core/
	esm 16.4.6	node_modules/@acala-network/chopsticks-utils/node_modules/@polkadot/rpc-core/
[2025-09-09T20:36:18.477Z] [WARN] @polkadot/types has multiple versions, ensure that there is only one installed.
Either remove and explicitly install matching versions or dedupe using your package manager.
The following conflicting packages were found:
	esm 12.4.2	node_modules/@polkadot/types/
	esm 16.4.6	node_modules/@acala-network/chopsticks-core/node_modules/@polkadot/types/
	esm 16.4.6	node_modules/@acala-network/chopsticks/node_modules/@polkadot/types/
	esm 16.4.6	node_modules/@acala-network/chopsticks-utils/node_modules/@polkadot/types/
[2025-09-09T20:36:18.478Z] [WARN] @polkadot/types-create has multiple versions, ensure that there is only one installed.
Either remove and explicitly install matching versions or dedupe using your package manager.
The following conflicting packages were found:
	esm 12.4.2	node_modules/@polkadot/types-create/
	esm 16.4.6	node_modules/@acala-network/chopsticks-core/node_modules/@polkadot/types-create/
	esm 16.4.6	node_modules/@acala-network/chopsticks/node_modules/@polkadot/types-create/
	esm 16.4.6	node_modules/@acala-network/chopsticks-utils/node_modules/@polkadot/types-create/
[2025-09-09T20:36:18.478Z] [WARN] @polkadot/types-codec has multiple versions, ensure that there is only one installed.
Either remove and explicitly install matching versions or dedupe using your package manager.
The following conflicting packages were found:
	esm 12.4.2	node_modules/@polkadot/types-codec/
	esm 16.4.6	node_modules/@acala-network/chopsticks-core/node_modules/@polkadot/types-codec/
	esm 16.4.6	node_modules/@acala-network/chopsticks/node_modules/@polkadot/types-codec/
	esm 16.4.6	node_modules/@acala-network/chopsticks-utils/node_modules/@polkadot/types-codec/
[2025-09-09T20:36:18.480Z] [WARN] @polkadot/types-known has multiple versions, ensure that there is only one installed.
Either remove and explicitly install matching versions or dedupe using your package manager.
The following conflicting packages were found:
	esm 12.4.2	node_modules/@polkadot/types-known/
	esm 16.4.6	node_modules/@acala-network/chopsticks/node_modules/@polkadot/types-known/
	esm 16.4.6	node_modules/@acala-network/chopsticks-utils/node_modules/@polkadot/types-known/
[2025-09-09T20:36:18.515Z] [LOG] [dotenv@17.2.1] injecting env (0) from .env -- tip: ⚙️  enable debug logging with { debug: true }
[2025-09-09T20:36:21.517Z] [LOG] Test setup initialized - logging to test-output.log
[2025-09-09T20:36:21.519Z] [LOG] Test setup initialized - logging to test-output.log
[2025-09-09T20:36:21.759Z] [WARN] @polkadot/types-codec has multiple versions, ensure that there is only one installed.
Either remove and explicitly install matching versions or dedupe using your package manager.
The following conflicting packages were found:
	esm 12.4.2	node_modules/@polkadot/types-codec/
	esm 16.4.6	node_modules/@acala-network/chopsticks-core/node_modules/@polkadot/types-codec/
[2025-09-09T20:36:21.760Z] [WARN] @polkadot/types-codec has multiple versions, ensure that there is only one installed.
Either remove and explicitly install matching versions or dedupe using your package manager.
The following conflicting packages were found:
	esm 12.4.2	node_modules/@polkadot/types-codec/
	esm 16.4.6	node_modules/@acala-network/chopsticks-core/node_modules/@polkadot/types-codec/
[2025-09-09T20:36:21.760Z] [WARN] @polkadot/types has multiple versions, ensure that there is only one installed.
Either remove and explicitly install matching versions or dedupe using your package manager.
The following conflicting packages were found:
	esm 12.4.2	node_modules/@polkadot/types/
	esm 16.4.6	node_modules/@acala-network/chopsticks-core/node_modules/@polkadot/types/
[2025-09-09T20:36:21.761Z] [WARN] @polkadot/types has multiple versions, ensure that there is only one installed.
Either remove and explicitly install matching versions or dedupe using your package manager.
The following conflicting packages were found:
	esm 12.4.2	node_modules/@polkadot/types/
	esm 16.4.6	node_modules/@acala-network/chopsticks-core/node_modules/@polkadot/types/
[2025-09-09T20:36:21.761Z] [WARN] @polkadot/types-create has multiple versions, ensure that there is only one installed.
Either remove and explicitly install matching versions or dedupe using your package manager.
The following conflicting packages were found:
	esm 12.4.2	node_modules/@polkadot/types-create/
	esm 16.4.6	node_modules/@acala-network/chopsticks-core/node_modules/@polkadot/types-create/
[2025-09-09T20:36:21.763Z] [WARN] @polkadot/types-create has multiple versions, ensure that there is only one installed.
Either remove and explicitly install matching versions or dedupe using your package manager.
The following conflicting packages were found:
	esm 12.4.2	node_modules/@polkadot/types-create/
	esm 16.4.6	node_modules/@acala-network/chopsticks-core/node_modules/@polkadot/types-create/
[2025-09-09T20:36:21.765Z] [WARN] @polkadot/rpc-provider has multiple versions, ensure that there is only one installed.
Either remove and explicitly install matching versions or dedupe using your package manager.
The following conflicting packages were found:
	esm 12.4.2	node_modules/@polkadot/rpc-provider/
	esm 16.4.6	node_modules/@acala-network/chopsticks-core/node_modules/@polkadot/rpc-provider/
[2025-09-09T20:36:21.769Z] [WARN] @polkadot/rpc-provider has multiple versions, ensure that there is only one installed.
Either remove and explicitly install matching versions or dedupe using your package manager.
The following conflicting packages were found:
	esm 12.4.2	node_modules/@polkadot/rpc-provider/
	esm 16.4.6	node_modules/@acala-network/chopsticks-core/node_modules/@polkadot/rpc-provider/
[2025-09-09T20:36:22.384Z] [WARN] @polkadot/rpc-augment has multiple versions, ensure that there is only one installed.
Either remove and explicitly install matching versions or dedupe using your package manager.
The following conflicting packages were found:
	esm 12.4.2	node_modules/@polkadot/rpc-augment/
	esm 16.4.6	node_modules/@acala-network/chopsticks/node_modules/@polkadot/rpc-augment/
[2025-09-09T20:36:22.394Z] [WARN] @polkadot/rpc-augment has multiple versions, ensure that there is only one installed.
Either remove and explicitly install matching versions or dedupe using your package manager.
The following conflicting packages were found:
	esm 12.4.2	node_modules/@polkadot/rpc-augment/
	esm 16.4.6	node_modules/@acala-network/chopsticks/node_modules/@polkadot/rpc-augment/
[2025-09-09T20:36:22.580Z] [WARN] @polkadot/api has multiple versions, ensure that there is only one installed.
Either remove and explicitly install matching versions or dedupe using your package manager.
The following conflicting packages were found:
	esm 12.4.2	node_modules/@polkadot/api/
	esm 16.4.6	node_modules/@acala-network/chopsticks/node_modules/@polkadot/api/
[2025-09-09T20:36:22.580Z] [WARN] @polkadot/rpc-provider has multiple versions, ensure that there is only one installed.
Either remove and explicitly install matching versions or dedupe using your package manager.
The following conflicting packages were found:
	esm 12.4.2	node_modules/@polkadot/rpc-provider/
	esm 16.4.6	node_modules/@acala-network/chopsticks-core/node_modules/@polkadot/rpc-provider/
	esm 16.4.6	node_modules/@acala-network/chopsticks/node_modules/@polkadot/rpc-provider/
[2025-09-09T20:36:22.581Z] [WARN] @polkadot/api-derive has multiple versions, ensure that there is only one installed.
Either remove and explicitly install matching versions or dedupe using your package manager.
The following conflicting packages were found:
	esm 12.4.2	node_modules/@polkadot/api-derive/
	esm 16.4.6	node_modules/@acala-network/chopsticks/node_modules/@polkadot/api-derive/
[2025-09-09T20:36:22.581Z] [WARN] @polkadot/rpc-core has multiple versions, ensure that there is only one installed.
Either remove and explicitly install matching versions or dedupe using your package manager.
The following conflicting packages were found:
	esm 12.4.2	node_modules/@polkadot/rpc-core/
	esm 16.4.6	node_modules/@acala-network/chopsticks/node_modules/@polkadot/rpc-core/
[2025-09-09T20:36:22.581Z] [WARN] @polkadot/types has multiple versions, ensure that there is only one installed.
Either remove and explicitly install matching versions or dedupe using your package manager.
The following conflicting packages were found:
	esm 12.4.2	node_modules/@polkadot/types/
	esm 16.4.6	node_modules/@acala-network/chopsticks-core/node_modules/@polkadot/types/
	esm 16.4.6	node_modules/@acala-network/chopsticks/node_modules/@polkadot/types/
[2025-09-09T20:36:22.582Z] [WARN] @polkadot/types-create has multiple versions, ensure that there is only one installed.
Either remove and explicitly install matching versions or dedupe using your package manager.
The following conflicting packages were found:
	esm 12.4.2	node_modules/@polkadot/types-create/
	esm 16.4.6	node_modules/@acala-network/chopsticks-core/node_modules/@polkadot/types-create/
	esm 16.4.6	node_modules/@acala-network/chopsticks/node_modules/@polkadot/types-create/
[2025-09-09T20:36:22.582Z] [WARN] @polkadot/types-codec has multiple versions, ensure that there is only one installed.
Either remove and explicitly install matching versions or dedupe using your package manager.
The following conflicting packages were found:
	esm 12.4.2	node_modules/@polkadot/types-codec/
	esm 16.4.6	node_modules/@acala-network/chopsticks-core/node_modules/@polkadot/types-codec/
	esm 16.4.6	node_modules/@acala-network/chopsticks/node_modules/@polkadot/types-codec/
[2025-09-09T20:36:22.584Z] [WARN] @polkadot/api has multiple versions, ensure that there is only one installed.
Either remove and explicitly install matching versions or dedupe using your package manager.
The following conflicting packages were found:
	esm 12.4.2	node_modules/@polkadot/api/
	esm 16.4.6	node_modules/@acala-network/chopsticks/node_modules/@polkadot/api/
[2025-09-09T20:36:22.584Z] [WARN] @polkadot/types-known has multiple versions, ensure that there is only one installed.
Either remove and explicitly install matching versions or dedupe using your package manager.
The following conflicting packages were found:
	esm 12.4.2	node_modules/@polkadot/types-known/
	esm 16.4.6	node_modules/@acala-network/chopsticks/node_modules/@polkadot/types-known/
[2025-09-09T20:36:22.584Z] [WARN] @polkadot/rpc-provider has multiple versions, ensure that there is only one installed.
Either remove and explicitly install matching versions or dedupe using your package manager.
The following conflicting packages were found:
	esm 12.4.2	node_modules/@polkadot/rpc-provider/
	esm 16.4.6	node_modules/@acala-network/chopsticks-core/node_modules/@polkadot/rpc-provider/
	esm 16.4.6	node_modules/@acala-network/chopsticks/node_modules/@polkadot/rpc-provider/
[2025-09-09T20:36:22.585Z] [WARN] @polkadot/api-derive has multiple versions, ensure that there is only one installed.
Either remove and explicitly install matching versions or dedupe using your package manager.
The following conflicting packages were found:
	esm 12.4.2	node_modules/@polkadot/api-derive/
	esm 16.4.6	node_modules/@acala-network/chopsticks/node_modules/@polkadot/api-derive/
[2025-09-09T20:36:22.585Z] [WARN] @polkadot/rpc-core has multiple versions, ensure that there is only one installed.
Either remove and explicitly install matching versions or dedupe using your package manager.
The following conflicting packages were found:
	esm 12.4.2	node_modules/@polkadot/rpc-core/
	esm 16.4.6	node_modules/@acala-network/chopsticks/node_modules/@polkadot/rpc-core/
[2025-09-09T20:36:22.585Z] [WARN] @polkadot/types has multiple versions, ensure that there is only one installed.
Either remove and explicitly install matching versions or dedupe using your package manager.
The following conflicting packages were found:
	esm 12.4.2	node_modules/@polkadot/types/
	esm 16.4.6	node_modules/@acala-network/chopsticks-core/node_modules/@polkadot/types/
	esm 16.4.6	node_modules/@acala-network/chopsticks/node_modules/@polkadot/types/
[2025-09-09T20:36:22.586Z] [WARN] @polkadot/types-create has multiple versions, ensure that there is only one installed.
Either remove and explicitly install matching versions or dedupe using your package manager.
The following conflicting packages were found:
	esm 12.4.2	node_modules/@polkadot/types-create/
	esm 16.4.6	node_modules/@acala-network/chopsticks-core/node_modules/@polkadot/types-create/
	esm 16.4.6	node_modules/@acala-network/chopsticks/node_modules/@polkadot/types-create/
[2025-09-09T20:36:22.586Z] [WARN] @polkadot/api has multiple versions, ensure that there is only one installed.
Either remove and explicitly install matching versions or dedupe using your package manager.
The following conflicting packages were found:
	esm 12.4.2	node_modules/@polkadot/api/
	esm 16.4.6	node_modules/@acala-network/chopsticks/node_modules/@polkadot/api/
	esm 16.4.6	node_modules/@acala-network/chopsticks-utils/node_modules/@polkadot/api/
[2025-09-09T20:36:22.586Z] [WARN] @polkadot/rpc-augment has multiple versions, ensure that there is only one installed.
Either remove and explicitly install matching versions or dedupe using your package manager.
The following conflicting packages were found:
	esm 12.4.2	node_modules/@polkadot/rpc-augment/
	esm 16.4.6	node_modules/@acala-network/chopsticks/node_modules/@polkadot/rpc-augment/
	esm 16.4.6	node_modules/@acala-network/chopsticks-utils/node_modules/@polkadot/rpc-augment/
[2025-09-09T20:36:22.586Z] [WARN] @polkadot/rpc-provider has multiple versions, ensure that there is only one installed.
Either remove and explicitly install matching versions or dedupe using your package manager.
The following conflicting packages were found:
	esm 12.4.2	node_modules/@polkadot/rpc-provider/
	esm 16.4.6	node_modules/@acala-network/chopsticks-core/node_modules/@polkadot/rpc-provider/
	esm 16.4.6	node_modules/@acala-network/chopsticks/node_modules/@polkadot/rpc-provider/
	esm 16.4.6	node_modules/@acala-network/chopsticks-utils/node_modules/@polkadot/rpc-provider/
[2025-09-09T20:36:22.587Z] [WARN] @polkadot/api-derive has multiple versions, ensure that there is only one installed.
Either remove and explicitly install matching versions or dedupe using your package manager.
The following conflicting packages were found:
	esm 12.4.2	node_modules/@polkadot/api-derive/
	esm 16.4.6	node_modules/@acala-network/chopsticks/node_modules/@polkadot/api-derive/
	esm 16.4.6	node_modules/@acala-network/chopsticks-utils/node_modules/@polkadot/api-derive/
[2025-09-09T20:36:22.587Z] [WARN] @polkadot/rpc-core has multiple versions, ensure that there is only one installed.
Either remove and explicitly install matching versions or dedupe using your package manager.
The following conflicting packages were found:
	esm 12.4.2	node_modules/@polkadot/rpc-core/
	esm 16.4.6	node_modules/@acala-network/chopsticks/node_modules/@polkadot/rpc-core/
	esm 16.4.6	node_modules/@acala-network/chopsticks-utils/node_modules/@polkadot/rpc-core/
[2025-09-09T20:36:22.587Z] [WARN] @polkadot/types-codec has multiple versions, ensure that there is only one installed.
Either remove and explicitly install matching versions or dedupe using your package manager.
The following conflicting packages were found:
	esm 12.4.2	node_modules/@polkadot/types-codec/
	esm 16.4.6	node_modules/@acala-network/chopsticks-core/node_modules/@polkadot/types-codec/
	esm 16.4.6	node_modules/@acala-network/chopsticks/node_modules/@polkadot/types-codec/
[2025-09-09T20:36:22.587Z] [WARN] @polkadot/types has multiple versions, ensure that there is only one installed.
Either remove and explicitly install matching versions or dedupe using your package manager.
The following conflicting packages were found:
	esm 12.4.2	node_modules/@polkadot/types/
	esm 16.4.6	node_modules/@acala-network/chopsticks-core/node_modules/@polkadot/types/
	esm 16.4.6	node_modules/@acala-network/chopsticks/node_modules/@polkadot/types/
	esm 16.4.6	node_modules/@acala-network/chopsticks-utils/node_modules/@polkadot/types/
[2025-09-09T20:36:22.587Z] [WARN] @polkadot/types-create has multiple versions, ensure that there is only one installed.
Either remove and explicitly install matching versions or dedupe using your package manager.
The following conflicting packages were found:
	esm 12.4.2	node_modules/@polkadot/types-create/
	esm 16.4.6	node_modules/@acala-network/chopsticks-core/node_modules/@polkadot/types-create/
	esm 16.4.6	node_modules/@acala-network/chopsticks/node_modules/@polkadot/types-create/
	esm 16.4.6	node_modules/@acala-network/chopsticks-utils/node_modules/@polkadot/types-create/
[2025-09-09T20:36:22.587Z] [WARN] @polkadot/types-codec has multiple versions, ensure that there is only one installed.
Either remove and explicitly install matching versions or dedupe using your package manager.
The following conflicting packages were found:
	esm 12.4.2	node_modules/@polkadot/types-codec/
	esm 16.4.6	node_modules/@acala-network/chopsticks-core/node_modules/@polkadot/types-codec/
	esm 16.4.6	node_modules/@acala-network/chopsticks/node_modules/@polkadot/types-codec/
	esm 16.4.6	node_modules/@acala-network/chopsticks-utils/node_modules/@polkadot/types-codec/
[2025-09-09T20:36:22.589Z] [WARN] @polkadot/types-known has multiple versions, ensure that there is only one installed.
Either remove and explicitly install matching versions or dedupe using your package manager.
The following conflicting packages were found:
	esm 12.4.2	node_modules/@polkadot/types-known/
	esm 16.4.6	node_modules/@acala-network/chopsticks/node_modules/@polkadot/types-known/
[2025-09-09T20:36:22.589Z] [WARN] @polkadot/types-known has multiple versions, ensure that there is only one installed.
Either remove and explicitly install matching versions or dedupe using your package manager.
The following conflicting packages were found:
	esm 12.4.2	node_modules/@polkadot/types-known/
	esm 16.4.6	node_modules/@acala-network/chopsticks/node_modules/@polkadot/types-known/
	esm 16.4.6	node_modules/@acala-network/chopsticks-utils/node_modules/@polkadot/types-known/
[2025-09-09T20:36:22.591Z] [WARN] @polkadot/api has multiple versions, ensure that there is only one installed.
Either remove and explicitly install matching versions or dedupe using your package manager.
The following conflicting packages were found:
	esm 12.4.2	node_modules/@polkadot/api/
	esm 16.4.6	node_modules/@acala-network/chopsticks/node_modules/@polkadot/api/
	esm 16.4.6	node_modules/@acala-network/chopsticks-utils/node_modules/@polkadot/api/
[2025-09-09T20:36:22.591Z] [WARN] @polkadot/rpc-augment has multiple versions, ensure that there is only one installed.
Either remove and explicitly install matching versions or dedupe using your package manager.
The following conflicting packages were found:
	esm 12.4.2	node_modules/@polkadot/rpc-augment/
	esm 16.4.6	node_modules/@acala-network/chopsticks/node_modules/@polkadot/rpc-augment/
	esm 16.4.6	node_modules/@acala-network/chopsticks-utils/node_modules/@polkadot/rpc-augment/
[2025-09-09T20:36:22.591Z] [WARN] @polkadot/rpc-provider has multiple versions, ensure that there is only one installed.
Either remove and explicitly install matching versions or dedupe using your package manager.
The following conflicting packages were found:
	esm 12.4.2	node_modules/@polkadot/rpc-provider/
	esm 16.4.6	node_modules/@acala-network/chopsticks-core/node_modules/@polkadot/rpc-provider/
	esm 16.4.6	node_modules/@acala-network/chopsticks/node_modules/@polkadot/rpc-provider/
	esm 16.4.6	node_modules/@acala-network/chopsticks-utils/node_modules/@polkadot/rpc-provider/
[2025-09-09T20:36:22.591Z] [WARN] @polkadot/api-derive has multiple versions, ensure that there is only one installed.
Either remove and explicitly install matching versions or dedupe using your package manager.
The following conflicting packages were found:
	esm 12.4.2	node_modules/@polkadot/api-derive/
	esm 16.4.6	node_modules/@acala-network/chopsticks/node_modules/@polkadot/api-derive/
	esm 16.4.6	node_modules/@acala-network/chopsticks-utils/node_modules/@polkadot/api-derive/
[2025-09-09T20:36:22.591Z] [WARN] @polkadot/rpc-core has multiple versions, ensure that there is only one installed.
Either remove and explicitly install matching versions or dedupe using your package manager.
The following conflicting packages were found:
	esm 12.4.2	node_modules/@polkadot/rpc-core/
	esm 16.4.6	node_modules/@acala-network/chopsticks/node_modules/@polkadot/rpc-core/
	esm 16.4.6	node_modules/@acala-network/chopsticks-utils/node_modules/@polkadot/rpc-core/
[2025-09-09T20:36:22.591Z] [WARN] @polkadot/types has multiple versions, ensure that there is only one installed.
Either remove and explicitly install matching versions or dedupe using your package manager.
The following conflicting packages were found:
	esm 12.4.2	node_modules/@polkadot/types/
	esm 16.4.6	node_modules/@acala-network/chopsticks-core/node_modules/@polkadot/types/
	esm 16.4.6	node_modules/@acala-network/chopsticks/node_modules/@polkadot/types/
	esm 16.4.6	node_modules/@acala-network/chopsticks-utils/node_modules/@polkadot/types/
[2025-09-09T20:36:22.592Z] [WARN] @polkadot/types-create has multiple versions, ensure that there is only one installed.
Either remove and explicitly install matching versions or dedupe using your package manager.
The following conflicting packages were found:
	esm 12.4.2	node_modules/@polkadot/types-create/
	esm 16.4.6	node_modules/@acala-network/chopsticks-core/node_modules/@polkadot/types-create/
	esm 16.4.6	node_modules/@acala-network/chopsticks/node_modules/@polkadot/types-create/
	esm 16.4.6	node_modules/@acala-network/chopsticks-utils/node_modules/@polkadot/types-create/
[2025-09-09T20:36:22.592Z] [WARN] @polkadot/types-codec has multiple versions, ensure that there is only one installed.
Either remove and explicitly install matching versions or dedupe using your package manager.
The following conflicting packages were found:
	esm 12.4.2	node_modules/@polkadot/types-codec/
	esm 16.4.6	node_modules/@acala-network/chopsticks-core/node_modules/@polkadot/types-codec/
	esm 16.4.6	node_modules/@acala-network/chopsticks/node_modules/@polkadot/types-codec/
	esm 16.4.6	node_modules/@acala-network/chopsticks-utils/node_modules/@polkadot/types-codec/
[2025-09-09T20:36:22.595Z] [WARN] @polkadot/types-known has multiple versions, ensure that there is only one installed.
Either remove and explicitly install matching versions or dedupe using your package manager.
The following conflicting packages were found:
	esm 12.4.2	node_modules/@polkadot/types-known/
	esm 16.4.6	node_modules/@acala-network/chopsticks/node_modules/@polkadot/types-known/
	esm 16.4.6	node_modules/@acala-network/chopsticks-utils/node_modules/@polkadot/types-known/
[2025-09-09T20:36:22.602Z] [LOG] [dotenv@17.2.1] injecting env (0) from .env -- tip: 📡 auto-backup env with Radar: https://dotenvx.com/radar
[2025-09-09T20:36:22.640Z] [LOG] [dotenv@17.2.1] injecting env (0) from .env -- tip: 🔐 prevent committing .env to code: https://dotenvx.com/precommit
[2025-09-09T20:36:24.260Z] [LOG] Setting up AssetHub network with options: {
  "runtimeLogLevel": 5,
  "blockNumber": 9651100,
  "port": 8001,
  "endpoint": [
    "wss://polkadot-asset-hub-rpc.polkadot.io"
  ],
  "db": "assethub-db.sqlite",
  "processQueuedMessages": true
}
[2025-09-09T20:36:24.491Z] [LOG] Setting up AssetHub network with options: {
  "runtimeLogLevel": 5,
  "blockNumber": 9651100,
  "port": 8001,
  "endpoint": [
    "wss://polkadot-asset-hub-rpc.polkadot.io"
  ],
  "db": "assethub-db.sqlite",
  "processQueuedMessages": true
}
[2025-09-09T20:36:26.246Z] [LOG] assetHub.url "ws://[::]:8001"
[2025-09-09T20:36:29.387Z] [LOG] siblingSovereignAccount 0x7369626c2b080000000000000000000000000000000000000000000000000000
[2025-09-09T20:36:30.349Z] [LOG] Transaction status: Ready
[2025-09-09T20:36:30.350Z] [LOG] ✅ Transaction is ready in pool
[2025-09-09T20:36:30.350Z] [LOG] Transaction status: Broadcast
[2025-09-09T20:36:31.523Z] [LOG] Transaction status: InBlock
[2025-09-09T20:36:31.523Z] [LOG] ✅ Transaction is in block
[2025-09-09T20:36:31.524Z] [LOG] ✅ Transaction successful, unsubscribing...
[2025-09-09T20:36:36.101Z] [LOG] Frequency events: [
  {
    "phase": "Initialization",
    "event": {
      "method": "NewAccount",
      "section": "system",
      "index": "0x0003",
      "data": {
        "account": "f6cGVmusZ1zNcF9kZe67WFuAfcjzPiyCuemdfpDyhrEqGuaig"
      }
    },
    "topics": []
  },
  {
    "phase": "Initialization",
    "event": {
      "method": "Issued",
      "section": "foreignAssets",
      "index": "0x4b01",
      "data": {
        "assetId": {
          "parents": "1",
          "interior": "Here"
        },
        "owner": "f6cGVmusZ1zNcF9kZe67WFuAfcjzPiyCuemdfpDyhrEqGuaig",
        "amount": "499,951,030,402"
      }
    },
    "topics": []
  },
  {
    "phase": "Initialization",
    "event": {
      "method": "Processed",
      "section": "messageQueue",
      "index": "0x4a01",
      "data": {
        "id": "0x25af8fed3e025a040408842ae2b76094146bf9ab5b4d480424c9615d237f2a81",
        "origin": {
          "Sibling": "1,000"
        },
        "weightUsed": {
          "refTime": "480,047,000",
          "proofSize": "4,768"
        },
        "success": true
      }
    },
    "topics": []
  },
  {
    "phase": {
      "ApplyExtrinsic": "0"
    },
    "event": {
      "method": "ExtrinsicSuccess",
      "section": "system",
      "index": "0x0000",
      "data": {
        "dispatchInfo": {
          "weight": {
            "refTime": "275,594,000",
            "proofSize": "1,988"
          },
          "class": "Mandatory",
          "paysFee": "Yes"
        }
      }
    },
    "topics": []
  },
  {
    "phase": {
      "ApplyExtrinsic": "1"
    },
    "event": {
      "method": "ExtrinsicSuccess",
      "section": "system",
      "index": "0x0000",
      "data": {
        "dispatchInfo": {
          "weight": {
            "refTime": "98,029,000",
            "proofSize": "0"
          },
          "class": "Mandatory",
          "paysFee": "Yes"
        }
      }
    },
    "topics": []
  }
]
[2025-09-09T20:36:36.101Z] [LOG] XCM Results: []
[2025-09-09T20:36:40.486Z] [LOG] Test setup initialized - logging to test-output.log
[2025-09-09T20:36:40.714Z] [WARN] @polkadot/types-codec has multiple versions, ensure that there is only one installed.
Either remove and explicitly install matching versions or dedupe using your package manager.
The following conflicting packages were found:
	esm 12.4.2	node_modules/@polkadot/types-codec/
	esm 16.4.6	node_modules/@acala-network/chopsticks-core/node_modules/@polkadot/types-codec/
[2025-09-09T20:36:40.715Z] [WARN] @polkadot/types has multiple versions, ensure that there is only one installed.
Either remove and explicitly install matching versions or dedupe using your package manager.
The following conflicting packages were found:
	esm 12.4.2	node_modules/@polkadot/types/
	esm 16.4.6	node_modules/@acala-network/chopsticks-core/node_modules/@polkadot/types/
[2025-09-09T20:36:40.716Z] [WARN] @polkadot/types-create has multiple versions, ensure that there is only one installed.
Either remove and explicitly install matching versions or dedupe using your package manager.
The following conflicting packages were found:
	esm 12.4.2	node_modules/@polkadot/types-create/
	esm 16.4.6	node_modules/@acala-network/chopsticks-core/node_modules/@polkadot/types-create/
[2025-09-09T20:36:40.719Z] [WARN] @polkadot/rpc-provider has multiple versions, ensure that there is only one installed.
Either remove and explicitly install matching versions or dedupe using your package manager.
The following conflicting packages were found:
	esm 12.4.2	node_modules/@polkadot/rpc-provider/
	esm 16.4.6	node_modules/@acala-network/chopsticks-core/node_modules/@polkadot/rpc-provider/
[2025-09-09T20:36:41.364Z] [WARN] @polkadot/rpc-augment has multiple versions, ensure that there is only one installed.
Either remove and explicitly install matching versions or dedupe using your package manager.
The following conflicting packages were found:
	esm 12.4.2	node_modules/@polkadot/rpc-augment/
	esm 16.4.6	node_modules/@acala-network/chopsticks/node_modules/@polkadot/rpc-augment/
[2025-09-09T20:36:41.482Z] [WARN] @polkadot/api has multiple versions, ensure that there is only one installed.
Either remove and explicitly install matching versions or dedupe using your package manager.
The following conflicting packages were found:
	esm 12.4.2	node_modules/@polkadot/api/
	esm 16.4.6	node_modules/@acala-network/chopsticks/node_modules/@polkadot/api/
[2025-09-09T20:36:41.483Z] [WARN] @polkadot/rpc-provider has multiple versions, ensure that there is only one installed.
Either remove and explicitly install matching versions or dedupe using your package manager.
The following conflicting packages were found:
	esm 12.4.2	node_modules/@polkadot/rpc-provider/
	esm 16.4.6	node_modules/@acala-network/chopsticks-core/node_modules/@polkadot/rpc-provider/
	esm 16.4.6	node_modules/@acala-network/chopsticks/node_modules/@polkadot/rpc-provider/
[2025-09-09T20:36:41.483Z] [WARN] @polkadot/api-derive has multiple versions, ensure that there is only one installed.
Either remove and explicitly install matching versions or dedupe using your package manager.
The following conflicting packages were found:
	esm 12.4.2	node_modules/@polkadot/api-derive/
	esm 16.4.6	node_modules/@acala-network/chopsticks/node_modules/@polkadot/api-derive/
[2025-09-09T20:36:41.483Z] [WARN] @polkadot/rpc-core has multiple versions, ensure that there is only one installed.
Either remove and explicitly install matching versions or dedupe using your package manager.
The following conflicting packages were found:
	esm 12.4.2	node_modules/@polkadot/rpc-core/
	esm 16.4.6	node_modules/@acala-network/chopsticks/node_modules/@polkadot/rpc-core/
[2025-09-09T20:36:41.483Z] [WARN] @polkadot/types has multiple versions, ensure that there is only one installed.
Either remove and explicitly install matching versions or dedupe using your package manager.
The following conflicting packages were found:
	esm 12.4.2	node_modules/@polkadot/types/
	esm 16.4.6	node_modules/@acala-network/chopsticks-core/node_modules/@polkadot/types/
	esm 16.4.6	node_modules/@acala-network/chopsticks/node_modules/@polkadot/types/
[2025-09-09T20:36:41.484Z] [WARN] @polkadot/types-create has multiple versions, ensure that there is only one installed.
Either remove and explicitly install matching versions or dedupe using your package manager.
The following conflicting packages were found:
	esm 12.4.2	node_modules/@polkadot/types-create/
	esm 16.4.6	node_modules/@acala-network/chopsticks-core/node_modules/@polkadot/types-create/
	esm 16.4.6	node_modules/@acala-network/chopsticks/node_modules/@polkadot/types-create/
[2025-09-09T20:36:41.484Z] [WARN] @polkadot/types-codec has multiple versions, ensure that there is only one installed.
Either remove and explicitly install matching versions or dedupe using your package manager.
The following conflicting packages were found:
	esm 12.4.2	node_modules/@polkadot/types-codec/
	esm 16.4.6	node_modules/@acala-network/chopsticks-core/node_modules/@polkadot/types-codec/
	esm 16.4.6	node_modules/@acala-network/chopsticks/node_modules/@polkadot/types-codec/
[2025-09-09T20:36:41.487Z] [WARN] @polkadot/types-known has multiple versions, ensure that there is only one installed.
Either remove and explicitly install matching versions or dedupe using your package manager.
The following conflicting packages were found:
	esm 12.4.2	node_modules/@polkadot/types-known/
	esm 16.4.6	node_modules/@acala-network/chopsticks/node_modules/@polkadot/types-known/
[2025-09-09T20:36:41.490Z] [WARN] @polkadot/api has multiple versions, ensure that there is only one installed.
Either remove and explicitly install matching versions or dedupe using your package manager.
The following conflicting packages were found:
	esm 12.4.2	node_modules/@polkadot/api/
	esm 16.4.6	node_modules/@acala-network/chopsticks/node_modules/@polkadot/api/
	esm 16.4.6	node_modules/@acala-network/chopsticks-utils/node_modules/@polkadot/api/
[2025-09-09T20:36:41.490Z] [WARN] @polkadot/rpc-augment has multiple versions, ensure that there is only one installed.
Either remove and explicitly install matching versions or dedupe using your package manager.
The following conflicting packages were found:
	esm 12.4.2	node_modules/@polkadot/rpc-augment/
	esm 16.4.6	node_modules/@acala-network/chopsticks/node_modules/@polkadot/rpc-augment/
	esm 16.4.6	node_modules/@acala-network/chopsticks-utils/node_modules/@polkadot/rpc-augment/
[2025-09-09T20:36:41.490Z] [WARN] @polkadot/rpc-provider has multiple versions, ensure that there is only one installed.
Either remove and explicitly install matching versions or dedupe using your package manager.
The following conflicting packages were found:
	esm 12.4.2	node_modules/@polkadot/rpc-provider/
	esm 16.4.6	node_modules/@acala-network/chopsticks-core/node_modules/@polkadot/rpc-provider/
	esm 16.4.6	node_modules/@acala-network/chopsticks/node_modules/@polkadot/rpc-provider/
	esm 16.4.6	node_modules/@acala-network/chopsticks-utils/node_modules/@polkadot/rpc-provider/
[2025-09-09T20:36:41.491Z] [WARN] @polkadot/api-derive has multiple versions, ensure that there is only one installed.
Either remove and explicitly install matching versions or dedupe using your package manager.
The following conflicting packages were found:
	esm 12.4.2	node_modules/@polkadot/api-derive/
	esm 16.4.6	node_modules/@acala-network/chopsticks/node_modules/@polkadot/api-derive/
	esm 16.4.6	node_modules/@acala-network/chopsticks-utils/node_modules/@polkadot/api-derive/
[2025-09-09T20:36:41.491Z] [WARN] @polkadot/rpc-core has multiple versions, ensure that there is only one installed.
Either remove and explicitly install matching versions or dedupe using your package manager.
The following conflicting packages were found:
	esm 12.4.2	node_modules/@polkadot/rpc-core/
	esm 16.4.6	node_modules/@acala-network/chopsticks/node_modules/@polkadot/rpc-core/
	esm 16.4.6	node_modules/@acala-network/chopsticks-utils/node_modules/@polkadot/rpc-core/
[2025-09-09T20:36:41.491Z] [WARN] @polkadot/types has multiple versions, ensure that there is only one installed.
Either remove and explicitly install matching versions or dedupe using your package manager.
The following conflicting packages were found:
	esm 12.4.2	node_modules/@polkadot/types/
	esm 16.4.6	node_modules/@acala-network/chopsticks-core/node_modules/@polkadot/types/
	esm 16.4.6	node_modules/@acala-network/chopsticks/node_modules/@polkadot/types/
	esm 16.4.6	node_modules/@acala-network/chopsticks-utils/node_modules/@polkadot/types/
[2025-09-09T20:36:41.492Z] [WARN] @polkadot/types-create has multiple versions, ensure that there is only one installed.
Either remove and explicitly install matching versions or dedupe using your package manager.
The following conflicting packages were found:
	esm 12.4.2	node_modules/@polkadot/types-create/
	esm 16.4.6	node_modules/@acala-network/chopsticks-core/node_modules/@polkadot/types-create/
	esm 16.4.6	node_modules/@acala-network/chopsticks/node_modules/@polkadot/types-create/
	esm 16.4.6	node_modules/@acala-network/chopsticks-utils/node_modules/@polkadot/types-create/
[2025-09-09T20:36:41.492Z] [WARN] @polkadot/types-codec has multiple versions, ensure that there is only one installed.
Either remove and explicitly install matching versions or dedupe using your package manager.
The following conflicting packages were found:
	esm 12.4.2	node_modules/@polkadot/types-codec/
	esm 16.4.6	node_modules/@acala-network/chopsticks-core/node_modules/@polkadot/types-codec/
	esm 16.4.6	node_modules/@acala-network/chopsticks/node_modules/@polkadot/types-codec/
	esm 16.4.6	node_modules/@acala-network/chopsticks-utils/node_modules/@polkadot/types-codec/
[2025-09-09T20:36:41.494Z] [WARN] @polkadot/types-known has multiple versions, ensure that there is only one installed.
Either remove and explicitly install matching versions or dedupe using your package manager.
The following conflicting packages were found:
	esm 12.4.2	node_modules/@polkadot/types-known/
	esm 16.4.6	node_modules/@acala-network/chopsticks/node_modules/@polkadot/types-known/
	esm 16.4.6	node_modules/@acala-network/chopsticks-utils/node_modules/@polkadot/types-known/
[2025-09-09T20:36:41.501Z] [LOG] [dotenv@17.2.1] injecting env (0) from .env -- tip: 🔐 prevent building .env in docker: https://dotenvx.com/prebuild
[2025-09-09T20:36:43.034Z] [LOG] Setting up AssetHub network with options: {
  "runtimeLogLevel": 5,
  "blockNumber": 9651100,
  "port": 8001,
  "endpoint": [
    "wss://polkadot-asset-hub-rpc.polkadot.io"
  ],
  "db": "assethub-db.sqlite",
  "processQueuedMessages": true
}
[2025-09-09T20:36:45.315Z] [LOG] assetHub.url "ws://[::]:8001"
[2025-09-09T20:36:49.935Z] [LOG] Transaction status: Ready
[2025-09-09T20:36:49.935Z] [LOG] ✅ Transaction is ready in pool
[2025-09-09T20:36:49.937Z] [LOG] Transaction status: Broadcast
[2025-09-09T20:36:51.136Z] [LOG] Transaction status: InBlock
[2025-09-09T20:36:51.137Z] [LOG] ✅ Transaction is in block
[2025-09-09T20:36:51.137Z] [LOG] ✅ Transaction successful, unsubscribing...
[2025-09-09T20:36:55.765Z] [LOG] Frequency events: [
  {
    "phase": "Initialization",
    "event": {
      "method": "NewAccount",
      "section": "system",
      "index": "0x0003",
      "data": {
        "account": "f6cGVmusZ1zNcF9kZe67WFuAfcjzPiyCuemdfpDyhrEqGuaig"
      }
    },
    "topics": []
  },
  {
    "phase": "Initialization",
    "event": {
      "method": "Issued",
      "section": "foreignAssets",
      "index": "0x4b01",
      "data": {
        "assetId": {
          "parents": "1",
          "interior": "Here"
        },
        "owner": "f6cGVmusZ1zNcF9kZe67WFuAfcjzPiyCuemdfpDyhrEqGuaig",
        "amount": "499,951,030,402"
      }
    },
    "topics": []
  },
  {
    "phase": "Initialization",
    "event": {
      "method": "Processed",
      "section": "messageQueue",
      "index": "0x4a01",
      "data": {
        "id": "0x25af8fed3e025a040408842ae2b76094146bf9ab5b4d480424c9615d237f2a81",
        "origin": {
          "Sibling": "1,000"
        },
        "weightUsed": {
          "refTime": "480,047,000",
          "proofSize": "4,768"
        },
        "success": true
      }
    },
    "topics": []
  },
  {
    "phase": {
      "ApplyExtrinsic": "0"
    },
    "event": {
      "method": "ExtrinsicSuccess",
      "section": "system",
      "index": "0x0000",
      "data": {
        "dispatchInfo": {
          "weight": {
            "refTime": "275,594,000",
            "proofSize": "1,988"
          },
          "class": "Mandatory",
          "paysFee": "Yes"
        }
      }
    },
    "topics": []
  },
  {
    "phase": {
      "ApplyExtrinsic": "1"
    },
    "event": {
      "method": "ExtrinsicSuccess",
      "section": "system",
      "index": "0x0000",
      "data": {
        "dispatchInfo": {
          "weight": {
            "refTime": "98,029,000",
            "proofSize": "0"
          },
          "class": "Mandatory",
          "paysFee": "Yes"
        }
      }
    },
    "topics": []
  }
]
[2025-09-09T20:36:55.765Z] [LOG] XCM Results: []
[2025-09-09T20:36:57.458Z] [LOG] Test setup initialized - logging to test-output.log
[2025-09-09T20:36:57.687Z] [WARN] @polkadot/types-codec has multiple versions, ensure that there is only one installed.
Either remove and explicitly install matching versions or dedupe using your package manager.
The following conflicting packages were found:
	esm 12.4.2	node_modules/@polkadot/types-codec/
	esm 16.4.6	node_modules/@acala-network/chopsticks-core/node_modules/@polkadot/types-codec/
[2025-09-09T20:36:57.687Z] [WARN] @polkadot/types has multiple versions, ensure that there is only one installed.
Either remove and explicitly install matching versions or dedupe using your package manager.
The following conflicting packages were found:
	esm 12.4.2	node_modules/@polkadot/types/
	esm 16.4.6	node_modules/@acala-network/chopsticks-core/node_modules/@polkadot/types/
[2025-09-09T20:36:57.688Z] [WARN] @polkadot/types-create has multiple versions, ensure that there is only one installed.
Either remove and explicitly install matching versions or dedupe using your package manager.
The following conflicting packages were found:
	esm 12.4.2	node_modules/@polkadot/types-create/
	esm 16.4.6	node_modules/@acala-network/chopsticks-core/node_modules/@polkadot/types-create/
[2025-09-09T20:36:57.693Z] [WARN] @polkadot/rpc-provider has multiple versions, ensure that there is only one installed.
Either remove and explicitly install matching versions or dedupe using your package manager.
The following conflicting packages were found:
	esm 12.4.2	node_modules/@polkadot/rpc-provider/
	esm 16.4.6	node_modules/@acala-network/chopsticks-core/node_modules/@polkadot/rpc-provider/
[2025-09-09T20:36:58.263Z] [WARN] @polkadot/rpc-augment has multiple versions, ensure that there is only one installed.
Either remove and explicitly install matching versions or dedupe using your package manager.
The following conflicting packages were found:
	esm 12.4.2	node_modules/@polkadot/rpc-augment/
	esm 16.4.6	node_modules/@acala-network/chopsticks/node_modules/@polkadot/rpc-augment/
[2025-09-09T20:36:58.362Z] [WARN] @polkadot/api has multiple versions, ensure that there is only one installed.
Either remove and explicitly install matching versions or dedupe using your package manager.
The following conflicting packages were found:
	esm 12.4.2	node_modules/@polkadot/api/
	esm 16.4.6	node_modules/@acala-network/chopsticks/node_modules/@polkadot/api/
[2025-09-09T20:36:58.362Z] [WARN] @polkadot/rpc-provider has multiple versions, ensure that there is only one installed.
Either remove and explicitly install matching versions or dedupe using your package manager.
The following conflicting packages were found:
	esm 12.4.2	node_modules/@polkadot/rpc-provider/
	esm 16.4.6	node_modules/@acala-network/chopsticks-core/node_modules/@polkadot/rpc-provider/
	esm 16.4.6	node_modules/@acala-network/chopsticks/node_modules/@polkadot/rpc-provider/
[2025-09-09T20:36:58.362Z] [WARN] @polkadot/api-derive has multiple versions, ensure that there is only one installed.
Either remove and explicitly install matching versions or dedupe using your package manager.
The following conflicting packages were found:
	esm 12.4.2	node_modules/@polkadot/api-derive/
	esm 16.4.6	node_modules/@acala-network/chopsticks/node_modules/@polkadot/api-derive/
[2025-09-09T20:36:58.363Z] [WARN] @polkadot/rpc-core has multiple versions, ensure that there is only one installed.
Either remove and explicitly install matching versions or dedupe using your package manager.
The following conflicting packages were found:
	esm 12.4.2	node_modules/@polkadot/rpc-core/
	esm 16.4.6	node_modules/@acala-network/chopsticks/node_modules/@polkadot/rpc-core/
[2025-09-09T20:36:58.363Z] [WARN] @polkadot/types has multiple versions, ensure that there is only one installed.
Either remove and explicitly install matching versions or dedupe using your package manager.
The following conflicting packages were found:
	esm 12.4.2	node_modules/@polkadot/types/
	esm 16.4.6	node_modules/@acala-network/chopsticks-core/node_modules/@polkadot/types/
	esm 16.4.6	node_modules/@acala-network/chopsticks/node_modules/@polkadot/types/
[2025-09-09T20:36:58.364Z] [WARN] @polkadot/types-create has multiple versions, ensure that there is only one installed.
Either remove and explicitly install matching versions or dedupe using your package manager.
The following conflicting packages were found:
	esm 12.4.2	node_modules/@polkadot/types-create/
	esm 16.4.6	node_modules/@acala-network/chopsticks-core/node_modules/@polkadot/types-create/
	esm 16.4.6	node_modules/@acala-network/chopsticks/node_modules/@polkadot/types-create/
[2025-09-09T20:36:58.364Z] [WARN] @polkadot/types-codec has multiple versions, ensure that there is only one installed.
Either remove and explicitly install matching versions or dedupe using your package manager.
The following conflicting packages were found:
	esm 12.4.2	node_modules/@polkadot/types-codec/
	esm 16.4.6	node_modules/@acala-network/chopsticks-core/node_modules/@polkadot/types-codec/
	esm 16.4.6	node_modules/@acala-network/chopsticks/node_modules/@polkadot/types-codec/
[2025-09-09T20:36:58.366Z] [WARN] @polkadot/types-known has multiple versions, ensure that there is only one installed.
Either remove and explicitly install matching versions or dedupe using your package manager.
The following conflicting packages were found:
	esm 12.4.2	node_modules/@polkadot/types-known/
	esm 16.4.6	node_modules/@acala-network/chopsticks/node_modules/@polkadot/types-known/
[2025-09-09T20:36:58.368Z] [WARN] @polkadot/api has multiple versions, ensure that there is only one installed.
Either remove and explicitly install matching versions or dedupe using your package manager.
The following conflicting packages were found:
	esm 12.4.2	node_modules/@polkadot/api/
	esm 16.4.6	node_modules/@acala-network/chopsticks/node_modules/@polkadot/api/
	esm 16.4.6	node_modules/@acala-network/chopsticks-utils/node_modules/@polkadot/api/
[2025-09-09T20:36:58.368Z] [WARN] @polkadot/rpc-augment has multiple versions, ensure that there is only one installed.
Either remove and explicitly install matching versions or dedupe using your package manager.
The following conflicting packages were found:
	esm 12.4.2	node_modules/@polkadot/rpc-augment/
	esm 16.4.6	node_modules/@acala-network/chopsticks/node_modules/@polkadot/rpc-augment/
	esm 16.4.6	node_modules/@acala-network/chopsticks-utils/node_modules/@polkadot/rpc-augment/
[2025-09-09T20:36:58.368Z] [WARN] @polkadot/rpc-provider has multiple versions, ensure that there is only one installed.
Either remove and explicitly install matching versions or dedupe using your package manager.
The following conflicting packages were found:
	esm 12.4.2	node_modules/@polkadot/rpc-provider/
	esm 16.4.6	node_modules/@acala-network/chopsticks-core/node_modules/@polkadot/rpc-provider/
	esm 16.4.6	node_modules/@acala-network/chopsticks/node_modules/@polkadot/rpc-provider/
	esm 16.4.6	node_modules/@acala-network/chopsticks-utils/node_modules/@polkadot/rpc-provider/
[2025-09-09T20:36:58.368Z] [WARN] @polkadot/api-derive has multiple versions, ensure that there is only one installed.
Either remove and explicitly install matching versions or dedupe using your package manager.
The following conflicting packages were found:
	esm 12.4.2	node_modules/@polkadot/api-derive/
	esm 16.4.6	node_modules/@acala-network/chopsticks/node_modules/@polkadot/api-derive/
	esm 16.4.6	node_modules/@acala-network/chopsticks-utils/node_modules/@polkadot/api-derive/
[2025-09-09T20:36:58.368Z] [WARN] @polkadot/rpc-core has multiple versions, ensure that there is only one installed.
Either remove and explicitly install matching versions or dedupe using your package manager.
The following conflicting packages were found:
	esm 12.4.2	node_modules/@polkadot/rpc-core/
	esm 16.4.6	node_modules/@acala-network/chopsticks/node_modules/@polkadot/rpc-core/
	esm 16.4.6	node_modules/@acala-network/chopsticks-utils/node_modules/@polkadot/rpc-core/
[2025-09-09T20:36:58.368Z] [WARN] @polkadot/types has multiple versions, ensure that there is only one installed.
Either remove and explicitly install matching versions or dedupe using your package manager.
The following conflicting packages were found:
	esm 12.4.2	node_modules/@polkadot/types/
	esm 16.4.6	node_modules/@acala-network/chopsticks-core/node_modules/@polkadot/types/
	esm 16.4.6	node_modules/@acala-network/chopsticks/node_modules/@polkadot/types/
	esm 16.4.6	node_modules/@acala-network/chopsticks-utils/node_modules/@polkadot/types/
[2025-09-09T20:36:58.369Z] [WARN] @polkadot/types-create has multiple versions, ensure that there is only one installed.
Either remove and explicitly install matching versions or dedupe using your package manager.
The following conflicting packages were found:
	esm 12.4.2	node_modules/@polkadot/types-create/
	esm 16.4.6	node_modules/@acala-network/chopsticks-core/node_modules/@polkadot/types-create/
	esm 16.4.6	node_modules/@acala-network/chopsticks/node_modules/@polkadot/types-create/
	esm 16.4.6	node_modules/@acala-network/chopsticks-utils/node_modules/@polkadot/types-create/
[2025-09-09T20:36:58.369Z] [WARN] @polkadot/types-codec has multiple versions, ensure that there is only one installed.
Either remove and explicitly install matching versions or dedupe using your package manager.
The following conflicting packages were found:
	esm 12.4.2	node_modules/@polkadot/types-codec/
	esm 16.4.6	node_modules/@acala-network/chopsticks-core/node_modules/@polkadot/types-codec/
	esm 16.4.6	node_modules/@acala-network/chopsticks/node_modules/@polkadot/types-codec/
	esm 16.4.6	node_modules/@acala-network/chopsticks-utils/node_modules/@polkadot/types-codec/
[2025-09-09T20:36:58.371Z] [WARN] @polkadot/types-known has multiple versions, ensure that there is only one installed.
Either remove and explicitly install matching versions or dedupe using your package manager.
The following conflicting packages were found:
	esm 12.4.2	node_modules/@polkadot/types-known/
	esm 16.4.6	node_modules/@acala-network/chopsticks/node_modules/@polkadot/types-known/
	esm 16.4.6	node_modules/@acala-network/chopsticks-utils/node_modules/@polkadot/types-known/
[2025-09-09T20:36:58.377Z] [LOG] [dotenv@17.2.1] injecting env (0) from .env -- tip: ⚙️  suppress all logs with { quiet: true }
[2025-09-09T20:37:17.521Z] [LOG] Test setup initialized - logging to test-output.log
[2025-09-09T20:37:17.521Z] [LOG] Test setup initialized - logging to test-output.log
[2025-09-09T20:37:17.763Z] [WARN] @polkadot/types-codec has multiple versions, ensure that there is only one installed.
Either remove and explicitly install matching versions or dedupe using your package manager.
The following conflicting packages were found:
	esm 12.4.2	node_modules/@polkadot/types-codec/
	esm 16.4.6	node_modules/@acala-network/chopsticks-core/node_modules/@polkadot/types-codec/
[2025-09-09T20:37:17.764Z] [WARN] @polkadot/types has multiple versions, ensure that there is only one installed.
Either remove and explicitly install matching versions or dedupe using your package manager.
The following conflicting packages were found:
	esm 12.4.2	node_modules/@polkadot/types/
	esm 16.4.6	node_modules/@acala-network/chopsticks-core/node_modules/@polkadot/types/
[2025-09-09T20:37:17.765Z] [WARN] @polkadot/types-create has multiple versions, ensure that there is only one installed.
Either remove and explicitly install matching versions or dedupe using your package manager.
The following conflicting packages were found:
	esm 12.4.2	node_modules/@polkadot/types-create/
	esm 16.4.6	node_modules/@acala-network/chopsticks-core/node_modules/@polkadot/types-create/
[2025-09-09T20:37:17.768Z] [WARN] @polkadot/rpc-provider has multiple versions, ensure that there is only one installed.
Either remove and explicitly install matching versions or dedupe using your package manager.
The following conflicting packages were found:
	esm 12.4.2	node_modules/@polkadot/rpc-provider/
	esm 16.4.6	node_modules/@acala-network/chopsticks-core/node_modules/@polkadot/rpc-provider/
[2025-09-09T20:37:17.768Z] [WARN] @polkadot/types-codec has multiple versions, ensure that there is only one installed.
Either remove and explicitly install matching versions or dedupe using your package manager.
The following conflicting packages were found:
	esm 12.4.2	node_modules/@polkadot/types-codec/
	esm 16.4.6	node_modules/@acala-network/chopsticks-core/node_modules/@polkadot/types-codec/
[2025-09-09T20:37:17.769Z] [WARN] @polkadot/types has multiple versions, ensure that there is only one installed.
Either remove and explicitly install matching versions or dedupe using your package manager.
The following conflicting packages were found:
	esm 12.4.2	node_modules/@polkadot/types/
	esm 16.4.6	node_modules/@acala-network/chopsticks-core/node_modules/@polkadot/types/
[2025-09-09T20:37:17.770Z] [WARN] @polkadot/types-create has multiple versions, ensure that there is only one installed.
Either remove and explicitly install matching versions or dedupe using your package manager.
The following conflicting packages were found:
	esm 12.4.2	node_modules/@polkadot/types-create/
	esm 16.4.6	node_modules/@acala-network/chopsticks-core/node_modules/@polkadot/types-create/
[2025-09-09T20:37:17.774Z] [WARN] @polkadot/rpc-provider has multiple versions, ensure that there is only one installed.
Either remove and explicitly install matching versions or dedupe using your package manager.
The following conflicting packages were found:
	esm 12.4.2	node_modules/@polkadot/rpc-provider/
	esm 16.4.6	node_modules/@acala-network/chopsticks-core/node_modules/@polkadot/rpc-provider/
[2025-09-09T20:37:18.442Z] [WARN] @polkadot/rpc-augment has multiple versions, ensure that there is only one installed.
Either remove and explicitly install matching versions or dedupe using your package manager.
The following conflicting packages were found:
	esm 12.4.2	node_modules/@polkadot/rpc-augment/
	esm 16.4.6	node_modules/@acala-network/chopsticks/node_modules/@polkadot/rpc-augment/
[2025-09-09T20:37:18.443Z] [WARN] @polkadot/rpc-augment has multiple versions, ensure that there is only one installed.
Either remove and explicitly install matching versions or dedupe using your package manager.
The following conflicting packages were found:
	esm 12.4.2	node_modules/@polkadot/rpc-augment/
	esm 16.4.6	node_modules/@acala-network/chopsticks/node_modules/@polkadot/rpc-augment/
[2025-09-09T20:37:18.550Z] [WARN] @polkadot/api has multiple versions, ensure that there is only one installed.
Either remove and explicitly install matching versions or dedupe using your package manager.
The following conflicting packages were found:
	esm 12.4.2	node_modules/@polkadot/api/
	esm 16.4.6	node_modules/@acala-network/chopsticks/node_modules/@polkadot/api/
[2025-09-09T20:37:18.551Z] [WARN] @polkadot/rpc-provider has multiple versions, ensure that there is only one installed.
Either remove and explicitly install matching versions or dedupe using your package manager.
The following conflicting packages were found:
	esm 12.4.2	node_modules/@polkadot/rpc-provider/
	esm 16.4.6	node_modules/@acala-network/chopsticks-core/node_modules/@polkadot/rpc-provider/
	esm 16.4.6	node_modules/@acala-network/chopsticks/node_modules/@polkadot/rpc-provider/
[2025-09-09T20:37:18.551Z] [WARN] @polkadot/api-derive has multiple versions, ensure that there is only one installed.
Either remove and explicitly install matching versions or dedupe using your package manager.
The following conflicting packages were found:
	esm 12.4.2	node_modules/@polkadot/api-derive/
	esm 16.4.6	node_modules/@acala-network/chopsticks/node_modules/@polkadot/api-derive/
[2025-09-09T20:37:18.551Z] [WARN] @polkadot/rpc-core has multiple versions, ensure that there is only one installed.
Either remove and explicitly install matching versions or dedupe using your package manager.
The following conflicting packages were found:
	esm 12.4.2	node_modules/@polkadot/rpc-core/
	esm 16.4.6	node_modules/@acala-network/chopsticks/node_modules/@polkadot/rpc-core/
[2025-09-09T20:37:18.551Z] [WARN] @polkadot/types has multiple versions, ensure that there is only one installed.
Either remove and explicitly install matching versions or dedupe using your package manager.
The following conflicting packages were found:
	esm 12.4.2	node_modules/@polkadot/types/
	esm 16.4.6	node_modules/@acala-network/chopsticks-core/node_modules/@polkadot/types/
	esm 16.4.6	node_modules/@acala-network/chopsticks/node_modules/@polkadot/types/
[2025-09-09T20:37:18.552Z] [WARN] @polkadot/types-create has multiple versions, ensure that there is only one installed.
Either remove and explicitly install matching versions or dedupe using your package manager.
The following conflicting packages were found:
	esm 12.4.2	node_modules/@polkadot/types-create/
	esm 16.4.6	node_modules/@acala-network/chopsticks-core/node_modules/@polkadot/types-create/
	esm 16.4.6	node_modules/@acala-network/chopsticks/node_modules/@polkadot/types-create/
[2025-09-09T20:37:18.552Z] [WARN] @polkadot/types-codec has multiple versions, ensure that there is only one installed.
Either remove and explicitly install matching versions or dedupe using your package manager.
The following conflicting packages were found:
	esm 12.4.2	node_modules/@polkadot/types-codec/
	esm 16.4.6	node_modules/@acala-network/chopsticks-core/node_modules/@polkadot/types-codec/
	esm 16.4.6	node_modules/@acala-network/chopsticks/node_modules/@polkadot/types-codec/
[2025-09-09T20:37:18.555Z] [WARN] @polkadot/types-known has multiple versions, ensure that there is only one installed.
Either remove and explicitly install matching versions or dedupe using your package manager.
The following conflicting packages were found:
	esm 12.4.2	node_modules/@polkadot/types-known/
	esm 16.4.6	node_modules/@acala-network/chopsticks/node_modules/@polkadot/types-known/
[2025-09-09T20:37:18.555Z] [WARN] @polkadot/api has multiple versions, ensure that there is only one installed.
Either remove and explicitly install matching versions or dedupe using your package manager.
The following conflicting packages were found:
	esm 12.4.2	node_modules/@polkadot/api/
	esm 16.4.6	node_modules/@acala-network/chopsticks/node_modules/@polkadot/api/
[2025-09-09T20:37:18.555Z] [WARN] @polkadot/rpc-provider has multiple versions, ensure that there is only one installed.
Either remove and explicitly install matching versions or dedupe using your package manager.
The following conflicting packages were found:
	esm 12.4.2	node_modules/@polkadot/rpc-provider/
	esm 16.4.6	node_modules/@acala-network/chopsticks-core/node_modules/@polkadot/rpc-provider/
	esm 16.4.6	node_modules/@acala-network/chopsticks/node_modules/@polkadot/rpc-provider/
[2025-09-09T20:37:18.556Z] [WARN] @polkadot/api-derive has multiple versions, ensure that there is only one installed.
Either remove and explicitly install matching versions or dedupe using your package manager.
The following conflicting packages were found:
	esm 12.4.2	node_modules/@polkadot/api-derive/
	esm 16.4.6	node_modules/@acala-network/chopsticks/node_modules/@polkadot/api-derive/
[2025-09-09T20:37:18.556Z] [WARN] @polkadot/rpc-core has multiple versions, ensure that there is only one installed.
Either remove and explicitly install matching versions or dedupe using your package manager.
The following conflicting packages were found:
	esm 12.4.2	node_modules/@polkadot/rpc-core/
	esm 16.4.6	node_modules/@acala-network/chopsticks/node_modules/@polkadot/rpc-core/
[2025-09-09T20:37:18.556Z] [WARN] @polkadot/types has multiple versions, ensure that there is only one installed.
Either remove and explicitly install matching versions or dedupe using your package manager.
The following conflicting packages were found:
	esm 12.4.2	node_modules/@polkadot/types/
	esm 16.4.6	node_modules/@acala-network/chopsticks-core/node_modules/@polkadot/types/
	esm 16.4.6	node_modules/@acala-network/chopsticks/node_modules/@polkadot/types/
[2025-09-09T20:37:18.557Z] [WARN] @polkadot/types-create has multiple versions, ensure that there is only one installed.
Either remove and explicitly install matching versions or dedupe using your package manager.
The following conflicting packages were found:
	esm 12.4.2	node_modules/@polkadot/types-create/
	esm 16.4.6	node_modules/@acala-network/chopsticks-core/node_modules/@polkadot/types-create/
	esm 16.4.6	node_modules/@acala-network/chopsticks/node_modules/@polkadot/types-create/
[2025-09-09T20:37:18.557Z] [WARN] @polkadot/types-codec has multiple versions, ensure that there is only one installed.
Either remove and explicitly install matching versions or dedupe using your package manager.
The following conflicting packages were found:
	esm 12.4.2	node_modules/@polkadot/types-codec/
	esm 16.4.6	node_modules/@acala-network/chopsticks-core/node_modules/@polkadot/types-codec/
	esm 16.4.6	node_modules/@acala-network/chopsticks/node_modules/@polkadot/types-codec/
[2025-09-09T20:37:18.557Z] [WARN] @polkadot/api has multiple versions, ensure that there is only one installed.
Either remove and explicitly install matching versions or dedupe using your package manager.
The following conflicting packages were found:
	esm 12.4.2	node_modules/@polkadot/api/
	esm 16.4.6	node_modules/@acala-network/chopsticks/node_modules/@polkadot/api/
	esm 16.4.6	node_modules/@acala-network/chopsticks-utils/node_modules/@polkadot/api/
[2025-09-09T20:37:18.557Z] [WARN] @polkadot/rpc-augment has multiple versions, ensure that there is only one installed.
Either remove and explicitly install matching versions or dedupe using your package manager.
The following conflicting packages were found:
	esm 12.4.2	node_modules/@polkadot/rpc-augment/
	esm 16.4.6	node_modules/@acala-network/chopsticks/node_modules/@polkadot/rpc-augment/
	esm 16.4.6	node_modules/@acala-network/chopsticks-utils/node_modules/@polkadot/rpc-augment/
[2025-09-09T20:37:18.557Z] [WARN] @polkadot/rpc-provider has multiple versions, ensure that there is only one installed.
Either remove and explicitly install matching versions or dedupe using your package manager.
The following conflicting packages were found:
	esm 12.4.2	node_modules/@polkadot/rpc-provider/
	esm 16.4.6	node_modules/@acala-network/chopsticks-core/node_modules/@polkadot/rpc-provider/
	esm 16.4.6	node_modules/@acala-network/chopsticks/node_modules/@polkadot/rpc-provider/
	esm 16.4.6	node_modules/@acala-network/chopsticks-utils/node_modules/@polkadot/rpc-provider/
[2025-09-09T20:37:18.557Z] [WARN] @polkadot/api-derive has multiple versions, ensure that there is only one installed.
Either remove and explicitly install matching versions or dedupe using your package manager.
The following conflicting packages were found:
	esm 12.4.2	node_modules/@polkadot/api-derive/
	esm 16.4.6	node_modules/@acala-network/chopsticks/node_modules/@polkadot/api-derive/
	esm 16.4.6	node_modules/@acala-network/chopsticks-utils/node_modules/@polkadot/api-derive/
[2025-09-09T20:37:18.557Z] [WARN] @polkadot/rpc-core has multiple versions, ensure that there is only one installed.
Either remove and explicitly install matching versions or dedupe using your package manager.
The following conflicting packages were found:
	esm 12.4.2	node_modules/@polkadot/rpc-core/
	esm 16.4.6	node_modules/@acala-network/chopsticks/node_modules/@polkadot/rpc-core/
	esm 16.4.6	node_modules/@acala-network/chopsticks-utils/node_modules/@polkadot/rpc-core/
[2025-09-09T20:37:18.557Z] [WARN] @polkadot/types has multiple versions, ensure that there is only one installed.
Either remove and explicitly install matching versions or dedupe using your package manager.
The following conflicting packages were found:
	esm 12.4.2	node_modules/@polkadot/types/
	esm 16.4.6	node_modules/@acala-network/chopsticks-core/node_modules/@polkadot/types/
	esm 16.4.6	node_modules/@acala-network/chopsticks/node_modules/@polkadot/types/
	esm 16.4.6	node_modules/@acala-network/chopsticks-utils/node_modules/@polkadot/types/
[2025-09-09T20:37:18.558Z] [WARN] @polkadot/types-create has multiple versions, ensure that there is only one installed.
Either remove and explicitly install matching versions or dedupe using your package manager.
The following conflicting packages were found:
	esm 12.4.2	node_modules/@polkadot/types-create/
	esm 16.4.6	node_modules/@acala-network/chopsticks-core/node_modules/@polkadot/types-create/
	esm 16.4.6	node_modules/@acala-network/chopsticks/node_modules/@polkadot/types-create/
	esm 16.4.6	node_modules/@acala-network/chopsticks-utils/node_modules/@polkadot/types-create/
[2025-09-09T20:37:18.558Z] [WARN] @polkadot/types-codec has multiple versions, ensure that there is only one installed.
Either remove and explicitly install matching versions or dedupe using your package manager.
The following conflicting packages were found:
	esm 12.4.2	node_modules/@polkadot/types-codec/
	esm 16.4.6	node_modules/@acala-network/chopsticks-core/node_modules/@polkadot/types-codec/
	esm 16.4.6	node_modules/@acala-network/chopsticks/node_modules/@polkadot/types-codec/
	esm 16.4.6	node_modules/@acala-network/chopsticks-utils/node_modules/@polkadot/types-codec/
[2025-09-09T20:37:18.559Z] [WARN] @polkadot/types-known has multiple versions, ensure that there is only one installed.
Either remove and explicitly install matching versions or dedupe using your package manager.
The following conflicting packages were found:
	esm 12.4.2	node_modules/@polkadot/types-known/
	esm 16.4.6	node_modules/@acala-network/chopsticks/node_modules/@polkadot/types-known/
[2025-09-09T20:37:18.560Z] [WARN] @polkadot/types-known has multiple versions, ensure that there is only one installed.
Either remove and explicitly install matching versions or dedupe using your package manager.
The following conflicting packages were found:
	esm 12.4.2	node_modules/@polkadot/types-known/
	esm 16.4.6	node_modules/@acala-network/chopsticks/node_modules/@polkadot/types-known/
	esm 16.4.6	node_modules/@acala-network/chopsticks-utils/node_modules/@polkadot/types-known/
[2025-09-09T20:37:18.561Z] [WARN] @polkadot/api has multiple versions, ensure that there is only one installed.
Either remove and explicitly install matching versions or dedupe using your package manager.
The following conflicting packages were found:
	esm 12.4.2	node_modules/@polkadot/api/
	esm 16.4.6	node_modules/@acala-network/chopsticks/node_modules/@polkadot/api/
	esm 16.4.6	node_modules/@acala-network/chopsticks-utils/node_modules/@polkadot/api/
[2025-09-09T20:37:18.561Z] [WARN] @polkadot/rpc-augment has multiple versions, ensure that there is only one installed.
Either remove and explicitly install matching versions or dedupe using your package manager.
The following conflicting packages were found:
	esm 12.4.2	node_modules/@polkadot/rpc-augment/
	esm 16.4.6	node_modules/@acala-network/chopsticks/node_modules/@polkadot/rpc-augment/
	esm 16.4.6	node_modules/@acala-network/chopsticks-utils/node_modules/@polkadot/rpc-augment/
[2025-09-09T20:37:18.561Z] [WARN] @polkadot/rpc-provider has multiple versions, ensure that there is only one installed.
Either remove and explicitly install matching versions or dedupe using your package manager.
The following conflicting packages were found:
	esm 12.4.2	node_modules/@polkadot/rpc-provider/
	esm 16.4.6	node_modules/@acala-network/chopsticks-core/node_modules/@polkadot/rpc-provider/
	esm 16.4.6	node_modules/@acala-network/chopsticks/node_modules/@polkadot/rpc-provider/
	esm 16.4.6	node_modules/@acala-network/chopsticks-utils/node_modules/@polkadot/rpc-provider/
[2025-09-09T20:37:18.561Z] [WARN] @polkadot/api-derive has multiple versions, ensure that there is only one installed.
Either remove and explicitly install matching versions or dedupe using your package manager.
The following conflicting packages were found:
	esm 12.4.2	node_modules/@polkadot/api-derive/
	esm 16.4.6	node_modules/@acala-network/chopsticks/node_modules/@polkadot/api-derive/
	esm 16.4.6	node_modules/@acala-network/chopsticks-utils/node_modules/@polkadot/api-derive/
[2025-09-09T20:37:18.561Z] [WARN] @polkadot/rpc-core has multiple versions, ensure that there is only one installed.
Either remove and explicitly install matching versions or dedupe using your package manager.
The following conflicting packages were found:
	esm 12.4.2	node_modules/@polkadot/rpc-core/
	esm 16.4.6	node_modules/@acala-network/chopsticks/node_modules/@polkadot/rpc-core/
	esm 16.4.6	node_modules/@acala-network/chopsticks-utils/node_modules/@polkadot/rpc-core/
[2025-09-09T20:37:18.561Z] [WARN] @polkadot/types has multiple versions, ensure that there is only one installed.
Either remove and explicitly install matching versions or dedupe using your package manager.
The following conflicting packages were found:
	esm 12.4.2	node_modules/@polkadot/types/
	esm 16.4.6	node_modules/@acala-network/chopsticks-core/node_modules/@polkadot/types/
	esm 16.4.6	node_modules/@acala-network/chopsticks/node_modules/@polkadot/types/
	esm 16.4.6	node_modules/@acala-network/chopsticks-utils/node_modules/@polkadot/types/
[2025-09-09T20:37:18.562Z] [WARN] @polkadot/types-create has multiple versions, ensure that there is only one installed.
Either remove and explicitly install matching versions or dedupe using your package manager.
The following conflicting packages were found:
	esm 12.4.2	node_modules/@polkadot/types-create/
	esm 16.4.6	node_modules/@acala-network/chopsticks-core/node_modules/@polkadot/types-create/
	esm 16.4.6	node_modules/@acala-network/chopsticks/node_modules/@polkadot/types-create/
	esm 16.4.6	node_modules/@acala-network/chopsticks-utils/node_modules/@polkadot/types-create/
[2025-09-09T20:37:18.562Z] [WARN] @polkadot/types-codec has multiple versions, ensure that there is only one installed.
Either remove and explicitly install matching versions or dedupe using your package manager.
The following conflicting packages were found:
	esm 12.4.2	node_modules/@polkadot/types-codec/
	esm 16.4.6	node_modules/@acala-network/chopsticks-core/node_modules/@polkadot/types-codec/
	esm 16.4.6	node_modules/@acala-network/chopsticks/node_modules/@polkadot/types-codec/
	esm 16.4.6	node_modules/@acala-network/chopsticks-utils/node_modules/@polkadot/types-codec/
[2025-09-09T20:37:18.564Z] [WARN] @polkadot/types-known has multiple versions, ensure that there is only one installed.
Either remove and explicitly install matching versions or dedupe using your package manager.
The following conflicting packages were found:
	esm 12.4.2	node_modules/@polkadot/types-known/
	esm 16.4.6	node_modules/@acala-network/chopsticks/node_modules/@polkadot/types-known/
	esm 16.4.6	node_modules/@acala-network/chopsticks-utils/node_modules/@polkadot/types-known/
[2025-09-09T20:37:18.576Z] [LOG] [dotenv@17.2.1] injecting env (0) from .env -- tip: 📡 auto-backup env with Radar: https://dotenvx.com/radar
[2025-09-09T20:37:18.599Z] [LOG] [dotenv@17.2.1] injecting env (0) from .env -- tip: ⚙️  suppress all logs with { quiet: true }
[2025-09-09T20:37:20.185Z] [LOG] Setting up AssetHub network with options: {
  "runtimeLogLevel": 5,
  "blockNumber": 9651100,
  "port": 8001,
  "endpoint": [
    "wss://polkadot-asset-hub-rpc.polkadot.io"
  ],
  "db": "assethub-db.sqlite",
  "processQueuedMessages": true
}
[2025-09-09T20:37:20.185Z] [LOG] Setting up AssetHub network with options: {
  "runtimeLogLevel": 5,
  "blockNumber": 9651100,
  "port": 8001,
  "endpoint": [
    "wss://polkadot-asset-hub-rpc.polkadot.io"
  ],
  "db": "assethub-db.sqlite",
  "processQueuedMessages": true
}
[2025-09-09T20:37:24.692Z] [LOG] siblingSovereignAccount 0x7369626c2b080000000000000000000000000000000000000000000000000000
[2025-09-09T20:39:19.220Z] [LOG] Test setup initialized - logging to test-output.log
[2025-09-09T20:39:19.449Z] [WARN] @polkadot/types-codec has multiple versions, ensure that there is only one installed.
Either remove and explicitly install matching versions or dedupe using your package manager.
The following conflicting packages were found:
	esm 12.4.2	node_modules/@polkadot/types-codec/
	esm 16.4.6	node_modules/@acala-network/chopsticks-core/node_modules/@polkadot/types-codec/
[2025-09-09T20:39:19.450Z] [WARN] @polkadot/types has multiple versions, ensure that there is only one installed.
Either remove and explicitly install matching versions or dedupe using your package manager.
The following conflicting packages were found:
	esm 12.4.2	node_modules/@polkadot/types/
	esm 16.4.6	node_modules/@acala-network/chopsticks-core/node_modules/@polkadot/types/
[2025-09-09T20:39:19.451Z] [WARN] @polkadot/types-create has multiple versions, ensure that there is only one installed.
Either remove and explicitly install matching versions or dedupe using your package manager.
The following conflicting packages were found:
	esm 12.4.2	node_modules/@polkadot/types-create/
	esm 16.4.6	node_modules/@acala-network/chopsticks-core/node_modules/@polkadot/types-create/
[2025-09-09T20:39:19.454Z] [WARN] @polkadot/rpc-provider has multiple versions, ensure that there is only one installed.
Either remove and explicitly install matching versions or dedupe using your package manager.
The following conflicting packages were found:
	esm 12.4.2	node_modules/@polkadot/rpc-provider/
	esm 16.4.6	node_modules/@acala-network/chopsticks-core/node_modules/@polkadot/rpc-provider/
[2025-09-09T20:39:20.080Z] [WARN] @polkadot/rpc-augment has multiple versions, ensure that there is only one installed.
Either remove and explicitly install matching versions or dedupe using your package manager.
The following conflicting packages were found:
	esm 12.4.2	node_modules/@polkadot/rpc-augment/
	esm 16.4.6	node_modules/@acala-network/chopsticks/node_modules/@polkadot/rpc-augment/
[2025-09-09T20:39:20.179Z] [WARN] @polkadot/api has multiple versions, ensure that there is only one installed.
Either remove and explicitly install matching versions or dedupe using your package manager.
The following conflicting packages were found:
	esm 12.4.2	node_modules/@polkadot/api/
	esm 16.4.6	node_modules/@acala-network/chopsticks/node_modules/@polkadot/api/
[2025-09-09T20:39:20.180Z] [WARN] @polkadot/rpc-provider has multiple versions, ensure that there is only one installed.
Either remove and explicitly install matching versions or dedupe using your package manager.
The following conflicting packages were found:
	esm 12.4.2	node_modules/@polkadot/rpc-provider/
	esm 16.4.6	node_modules/@acala-network/chopsticks-core/node_modules/@polkadot/rpc-provider/
	esm 16.4.6	node_modules/@acala-network/chopsticks/node_modules/@polkadot/rpc-provider/
[2025-09-09T20:39:20.180Z] [WARN] @polkadot/api-derive has multiple versions, ensure that there is only one installed.
Either remove and explicitly install matching versions or dedupe using your package manager.
The following conflicting packages were found:
	esm 12.4.2	node_modules/@polkadot/api-derive/
	esm 16.4.6	node_modules/@acala-network/chopsticks/node_modules/@polkadot/api-derive/
[2025-09-09T20:39:20.180Z] [WARN] @polkadot/rpc-core has multiple versions, ensure that there is only one installed.
Either remove and explicitly install matching versions or dedupe using your package manager.
The following conflicting packages were found:
	esm 12.4.2	node_modules/@polkadot/rpc-core/
	esm 16.4.6	node_modules/@acala-network/chopsticks/node_modules/@polkadot/rpc-core/
[2025-09-09T20:39:20.180Z] [WARN] @polkadot/types has multiple versions, ensure that there is only one installed.
Either remove and explicitly install matching versions or dedupe using your package manager.
The following conflicting packages were found:
	esm 12.4.2	node_modules/@polkadot/types/
	esm 16.4.6	node_modules/@acala-network/chopsticks-core/node_modules/@polkadot/types/
	esm 16.4.6	node_modules/@acala-network/chopsticks/node_modules/@polkadot/types/
[2025-09-09T20:39:20.181Z] [WARN] @polkadot/types-create has multiple versions, ensure that there is only one installed.
Either remove and explicitly install matching versions or dedupe using your package manager.
The following conflicting packages were found:
	esm 12.4.2	node_modules/@polkadot/types-create/
	esm 16.4.6	node_modules/@acala-network/chopsticks-core/node_modules/@polkadot/types-create/
	esm 16.4.6	node_modules/@acala-network/chopsticks/node_modules/@polkadot/types-create/
[2025-09-09T20:39:20.181Z] [WARN] @polkadot/types-codec has multiple versions, ensure that there is only one installed.
Either remove and explicitly install matching versions or dedupe using your package manager.
The following conflicting packages were found:
	esm 12.4.2	node_modules/@polkadot/types-codec/
	esm 16.4.6	node_modules/@acala-network/chopsticks-core/node_modules/@polkadot/types-codec/
	esm 16.4.6	node_modules/@acala-network/chopsticks/node_modules/@polkadot/types-codec/
[2025-09-09T20:39:20.183Z] [WARN] @polkadot/types-known has multiple versions, ensure that there is only one installed.
Either remove and explicitly install matching versions or dedupe using your package manager.
The following conflicting packages were found:
	esm 12.4.2	node_modules/@polkadot/types-known/
	esm 16.4.6	node_modules/@acala-network/chopsticks/node_modules/@polkadot/types-known/
[2025-09-09T20:39:20.185Z] [WARN] @polkadot/api has multiple versions, ensure that there is only one installed.
Either remove and explicitly install matching versions or dedupe using your package manager.
The following conflicting packages were found:
	esm 12.4.2	node_modules/@polkadot/api/
	esm 16.4.6	node_modules/@acala-network/chopsticks/node_modules/@polkadot/api/
	esm 16.4.6	node_modules/@acala-network/chopsticks-utils/node_modules/@polkadot/api/
[2025-09-09T20:39:20.185Z] [WARN] @polkadot/rpc-augment has multiple versions, ensure that there is only one installed.
Either remove and explicitly install matching versions or dedupe using your package manager.
The following conflicting packages were found:
	esm 12.4.2	node_modules/@polkadot/rpc-augment/
	esm 16.4.6	node_modules/@acala-network/chopsticks/node_modules/@polkadot/rpc-augment/
	esm 16.4.6	node_modules/@acala-network/chopsticks-utils/node_modules/@polkadot/rpc-augment/
[2025-09-09T20:39:20.185Z] [WARN] @polkadot/rpc-provider has multiple versions, ensure that there is only one installed.
Either remove and explicitly install matching versions or dedupe using your package manager.
The following conflicting packages were found:
	esm 12.4.2	node_modules/@polkadot/rpc-provider/
	esm 16.4.6	node_modules/@acala-network/chopsticks-core/node_modules/@polkadot/rpc-provider/
	esm 16.4.6	node_modules/@acala-network/chopsticks/node_modules/@polkadot/rpc-provider/
	esm 16.4.6	node_modules/@acala-network/chopsticks-utils/node_modules/@polkadot/rpc-provider/
[2025-09-09T20:39:20.186Z] [WARN] @polkadot/api-derive has multiple versions, ensure that there is only one installed.
Either remove and explicitly install matching versions or dedupe using your package manager.
The following conflicting packages were found:
	esm 12.4.2	node_modules/@polkadot/api-derive/
	esm 16.4.6	node_modules/@acala-network/chopsticks/node_modules/@polkadot/api-derive/
	esm 16.4.6	node_modules/@acala-network/chopsticks-utils/node_modules/@polkadot/api-derive/
[2025-09-09T20:39:20.186Z] [WARN] @polkadot/rpc-core has multiple versions, ensure that there is only one installed.
Either remove and explicitly install matching versions or dedupe using your package manager.
The following conflicting packages were found:
	esm 12.4.2	node_modules/@polkadot/rpc-core/
	esm 16.4.6	node_modules/@acala-network/chopsticks/node_modules/@polkadot/rpc-core/
	esm 16.4.6	node_modules/@acala-network/chopsticks-utils/node_modules/@polkadot/rpc-core/
[2025-09-09T20:39:20.186Z] [WARN] @polkadot/types has multiple versions, ensure that there is only one installed.
Either remove and explicitly install matching versions or dedupe using your package manager.
The following conflicting packages were found:
	esm 12.4.2	node_modules/@polkadot/types/
	esm 16.4.6	node_modules/@acala-network/chopsticks-core/node_modules/@polkadot/types/
	esm 16.4.6	node_modules/@acala-network/chopsticks/node_modules/@polkadot/types/
	esm 16.4.6	node_modules/@acala-network/chopsticks-utils/node_modules/@polkadot/types/
[2025-09-09T20:39:20.186Z] [WARN] @polkadot/types-create has multiple versions, ensure that there is only one installed.
Either remove and explicitly install matching versions or dedupe using your package manager.
The following conflicting packages were found:
	esm 12.4.2	node_modules/@polkadot/types-create/
	esm 16.4.6	node_modules/@acala-network/chopsticks-core/node_modules/@polkadot/types-create/
	esm 16.4.6	node_modules/@acala-network/chopsticks/node_modules/@polkadot/types-create/
	esm 16.4.6	node_modules/@acala-network/chopsticks-utils/node_modules/@polkadot/types-create/
[2025-09-09T20:39:20.186Z] [WARN] @polkadot/types-codec has multiple versions, ensure that there is only one installed.
Either remove and explicitly install matching versions or dedupe using your package manager.
The following conflicting packages were found:
	esm 12.4.2	node_modules/@polkadot/types-codec/
	esm 16.4.6	node_modules/@acala-network/chopsticks-core/node_modules/@polkadot/types-codec/
	esm 16.4.6	node_modules/@acala-network/chopsticks/node_modules/@polkadot/types-codec/
	esm 16.4.6	node_modules/@acala-network/chopsticks-utils/node_modules/@polkadot/types-codec/
[2025-09-09T20:39:20.188Z] [WARN] @polkadot/types-known has multiple versions, ensure that there is only one installed.
Either remove and explicitly install matching versions or dedupe using your package manager.
The following conflicting packages were found:
	esm 12.4.2	node_modules/@polkadot/types-known/
	esm 16.4.6	node_modules/@acala-network/chopsticks/node_modules/@polkadot/types-known/
	esm 16.4.6	node_modules/@acala-network/chopsticks-utils/node_modules/@polkadot/types-known/
[2025-09-09T20:39:20.196Z] [LOG] [dotenv@17.2.1] injecting env (0) from .env -- tip: ⚙️  write to custom object with { processEnv: myObject }
[2025-09-09T20:39:21.800Z] [LOG] Setting up AssetHub network with options: {
  "runtimeLogLevel": 5,
  "blockNumber": 9651100,
  "port": 8001,
  "endpoint": [
    "wss://polkadot-asset-hub-rpc.polkadot.io"
  ],
  "db": "assethub-db.sqlite",
  "processQueuedMessages": true
}
[2025-09-09T20:39:23.940Z] [LOG] assetHub.url "ws://[::]:8001"
[2025-09-09T20:39:28.324Z] [LOG] Transaction status: Ready
[2025-09-09T20:39:28.325Z] [LOG] ✅ Transaction is ready in pool
[2025-09-09T20:39:28.325Z] [LOG] Transaction status: Broadcast
[2025-09-09T20:39:29.559Z] [LOG] Transaction status: InBlock
[2025-09-09T20:39:29.560Z] [LOG] ✅ Transaction is in block
[2025-09-09T20:39:29.560Z] [LOG] ✅ Transaction successful, unsubscribing...
[2025-09-09T20:39:34.203Z] [LOG] Frequency events: [
  {
    "phase": "Initialization",
    "event": {
      "method": "NewAccount",
      "section": "system",
      "index": "0x0003",
      "data": {
        "account": "f6cGVmusZ1zNcF9kZe67WFuAfcjzPiyCuemdfpDyhrEqGuaig"
      }
    },
    "topics": []
  },
  {
    "phase": "Initialization",
    "event": {
      "method": "Issued",
      "section": "foreignAssets",
      "index": "0x4b01",
      "data": {
        "assetId": {
          "parents": "1",
          "interior": "Here"
        },
        "owner": "f6cGVmusZ1zNcF9kZe67WFuAfcjzPiyCuemdfpDyhrEqGuaig",
        "amount": "499,951,030,402"
      }
    },
    "topics": []
  },
  {
    "phase": "Initialization",
    "event": {
      "method": "Processed",
      "section": "messageQueue",
      "index": "0x4a01",
      "data": {
        "id": "0x25af8fed3e025a040408842ae2b76094146bf9ab5b4d480424c9615d237f2a81",
        "origin": {
          "Sibling": "1,000"
        },
        "weightUsed": {
          "refTime": "480,047,000",
          "proofSize": "4,768"
        },
        "success": true
      }
    },
    "topics": []
  },
  {
    "phase": {
      "ApplyExtrinsic": "0"
    },
    "event": {
      "method": "ExtrinsicSuccess",
      "section": "system",
      "index": "0x0000",
      "data": {
        "dispatchInfo": {
          "weight": {
            "refTime": "275,594,000",
            "proofSize": "1,988"
          },
          "class": "Mandatory",
          "paysFee": "Yes"
        }
      }
    },
    "topics": []
  },
  {
    "phase": {
      "ApplyExtrinsic": "1"
    },
    "event": {
      "method": "ExtrinsicSuccess",
      "section": "system",
      "index": "0x0000",
      "data": {
        "dispatchInfo": {
          "weight": {
            "refTime": "98,029,000",
            "proofSize": "0"
          },
          "class": "Mandatory",
          "paysFee": "Yes"
        }
      }
    },
    "topics": []
  }
]
[2025-09-09T20:39:34.204Z] [LOG] XCM Results: []
[2025-09-09T20:40:05.725Z] [LOG] Test setup initialized - logging to test-output.log
[2025-09-09T20:40:05.950Z] [WARN] @polkadot/types-codec has multiple versions, ensure that there is only one installed.
Either remove and explicitly install matching versions or dedupe using your package manager.
The following conflicting packages were found:
	esm 12.4.2	node_modules/@polkadot/types-codec/
	esm 16.4.6	node_modules/@acala-network/chopsticks-core/node_modules/@polkadot/types-codec/
[2025-09-09T20:40:05.951Z] [WARN] @polkadot/types has multiple versions, ensure that there is only one installed.
Either remove and explicitly install matching versions or dedupe using your package manager.
The following conflicting packages were found:
	esm 12.4.2	node_modules/@polkadot/types/
	esm 16.4.6	node_modules/@acala-network/chopsticks-core/node_modules/@polkadot/types/
[2025-09-09T20:40:05.952Z] [WARN] @polkadot/types-create has multiple versions, ensure that there is only one installed.
Either remove and explicitly install matching versions or dedupe using your package manager.
The following conflicting packages were found:
	esm 12.4.2	node_modules/@polkadot/types-create/
	esm 16.4.6	node_modules/@acala-network/chopsticks-core/node_modules/@polkadot/types-create/
[2025-09-09T20:40:05.956Z] [WARN] @polkadot/rpc-provider has multiple versions, ensure that there is only one installed.
Either remove and explicitly install matching versions or dedupe using your package manager.
The following conflicting packages were found:
	esm 12.4.2	node_modules/@polkadot/rpc-provider/
	esm 16.4.6	node_modules/@acala-network/chopsticks-core/node_modules/@polkadot/rpc-provider/
[2025-09-09T20:40:06.552Z] [WARN] @polkadot/rpc-augment has multiple versions, ensure that there is only one installed.
Either remove and explicitly install matching versions or dedupe using your package manager.
The following conflicting packages were found:
	esm 12.4.2	node_modules/@polkadot/rpc-augment/
	esm 16.4.6	node_modules/@acala-network/chopsticks/node_modules/@polkadot/rpc-augment/
[2025-09-09T20:40:06.722Z] [WARN] @polkadot/api has multiple versions, ensure that there is only one installed.
Either remove and explicitly install matching versions or dedupe using your package manager.
The following conflicting packages were found:
	esm 12.4.2	node_modules/@polkadot/api/
	esm 16.4.6	node_modules/@acala-network/chopsticks/node_modules/@polkadot/api/
[2025-09-09T20:40:06.723Z] [WARN] @polkadot/rpc-provider has multiple versions, ensure that there is only one installed.
Either remove and explicitly install matching versions or dedupe using your package manager.
The following conflicting packages were found:
	esm 12.4.2	node_modules/@polkadot/rpc-provider/
	esm 16.4.6	node_modules/@acala-network/chopsticks-core/node_modules/@polkadot/rpc-provider/
	esm 16.4.6	node_modules/@acala-network/chopsticks/node_modules/@polkadot/rpc-provider/
[2025-09-09T20:40:06.723Z] [WARN] @polkadot/api-derive has multiple versions, ensure that there is only one installed.
Either remove and explicitly install matching versions or dedupe using your package manager.
The following conflicting packages were found:
	esm 12.4.2	node_modules/@polkadot/api-derive/
	esm 16.4.6	node_modules/@acala-network/chopsticks/node_modules/@polkadot/api-derive/
[2025-09-09T20:40:06.723Z] [WARN] @polkadot/rpc-core has multiple versions, ensure that there is only one installed.
Either remove and explicitly install matching versions or dedupe using your package manager.
The following conflicting packages were found:
	esm 12.4.2	node_modules/@polkadot/rpc-core/
	esm 16.4.6	node_modules/@acala-network/chopsticks/node_modules/@polkadot/rpc-core/
[2025-09-09T20:40:06.723Z] [WARN] @polkadot/types has multiple versions, ensure that there is only one installed.
Either remove and explicitly install matching versions or dedupe using your package manager.
The following conflicting packages were found:
	esm 12.4.2	node_modules/@polkadot/types/
	esm 16.4.6	node_modules/@acala-network/chopsticks-core/node_modules/@polkadot/types/
	esm 16.4.6	node_modules/@acala-network/chopsticks/node_modules/@polkadot/types/
[2025-09-09T20:40:06.724Z] [WARN] @polkadot/types-create has multiple versions, ensure that there is only one installed.
Either remove and explicitly install matching versions or dedupe using your package manager.
The following conflicting packages were found:
	esm 12.4.2	node_modules/@polkadot/types-create/
	esm 16.4.6	node_modules/@acala-network/chopsticks-core/node_modules/@polkadot/types-create/
	esm 16.4.6	node_modules/@acala-network/chopsticks/node_modules/@polkadot/types-create/
[2025-09-09T20:40:06.724Z] [WARN] @polkadot/types-codec has multiple versions, ensure that there is only one installed.
Either remove and explicitly install matching versions or dedupe using your package manager.
The following conflicting packages were found:
	esm 12.4.2	node_modules/@polkadot/types-codec/
	esm 16.4.6	node_modules/@acala-network/chopsticks-core/node_modules/@polkadot/types-codec/
	esm 16.4.6	node_modules/@acala-network/chopsticks/node_modules/@polkadot/types-codec/
[2025-09-09T20:40:06.726Z] [WARN] @polkadot/types-known has multiple versions, ensure that there is only one installed.
Either remove and explicitly install matching versions or dedupe using your package manager.
The following conflicting packages were found:
	esm 12.4.2	node_modules/@polkadot/types-known/
	esm 16.4.6	node_modules/@acala-network/chopsticks/node_modules/@polkadot/types-known/
[2025-09-09T20:40:06.728Z] [WARN] @polkadot/api has multiple versions, ensure that there is only one installed.
Either remove and explicitly install matching versions or dedupe using your package manager.
The following conflicting packages were found:
	esm 12.4.2	node_modules/@polkadot/api/
	esm 16.4.6	node_modules/@acala-network/chopsticks/node_modules/@polkadot/api/
	esm 16.4.6	node_modules/@acala-network/chopsticks-utils/node_modules/@polkadot/api/
[2025-09-09T20:40:06.728Z] [WARN] @polkadot/rpc-augment has multiple versions, ensure that there is only one installed.
Either remove and explicitly install matching versions or dedupe using your package manager.
The following conflicting packages were found:
	esm 12.4.2	node_modules/@polkadot/rpc-augment/
	esm 16.4.6	node_modules/@acala-network/chopsticks/node_modules/@polkadot/rpc-augment/
	esm 16.4.6	node_modules/@acala-network/chopsticks-utils/node_modules/@polkadot/rpc-augment/
[2025-09-09T20:40:06.728Z] [WARN] @polkadot/rpc-provider has multiple versions, ensure that there is only one installed.
Either remove and explicitly install matching versions or dedupe using your package manager.
The following conflicting packages were found:
	esm 12.4.2	node_modules/@polkadot/rpc-provider/
	esm 16.4.6	node_modules/@acala-network/chopsticks-core/node_modules/@polkadot/rpc-provider/
	esm 16.4.6	node_modules/@acala-network/chopsticks/node_modules/@polkadot/rpc-provider/
	esm 16.4.6	node_modules/@acala-network/chopsticks-utils/node_modules/@polkadot/rpc-provider/
[2025-09-09T20:40:06.728Z] [WARN] @polkadot/api-derive has multiple versions, ensure that there is only one installed.
Either remove and explicitly install matching versions or dedupe using your package manager.
The following conflicting packages were found:
	esm 12.4.2	node_modules/@polkadot/api-derive/
	esm 16.4.6	node_modules/@acala-network/chopsticks/node_modules/@polkadot/api-derive/
	esm 16.4.6	node_modules/@acala-network/chopsticks-utils/node_modules/@polkadot/api-derive/
[2025-09-09T20:40:06.728Z] [WARN] @polkadot/rpc-core has multiple versions, ensure that there is only one installed.
Either remove and explicitly install matching versions or dedupe using your package manager.
The following conflicting packages were found:
	esm 12.4.2	node_modules/@polkadot/rpc-core/
	esm 16.4.6	node_modules/@acala-network/chopsticks/node_modules/@polkadot/rpc-core/
	esm 16.4.6	node_modules/@acala-network/chopsticks-utils/node_modules/@polkadot/rpc-core/
[2025-09-09T20:40:06.728Z] [WARN] @polkadot/types has multiple versions, ensure that there is only one installed.
Either remove and explicitly install matching versions or dedupe using your package manager.
The following conflicting packages were found:
	esm 12.4.2	node_modules/@polkadot/types/
	esm 16.4.6	node_modules/@acala-network/chopsticks-core/node_modules/@polkadot/types/
	esm 16.4.6	node_modules/@acala-network/chopsticks/node_modules/@polkadot/types/
	esm 16.4.6	node_modules/@acala-network/chopsticks-utils/node_modules/@polkadot/types/
[2025-09-09T20:40:06.729Z] [WARN] @polkadot/types-create has multiple versions, ensure that there is only one installed.
Either remove and explicitly install matching versions or dedupe using your package manager.
The following conflicting packages were found:
	esm 12.4.2	node_modules/@polkadot/types-create/
	esm 16.4.6	node_modules/@acala-network/chopsticks-core/node_modules/@polkadot/types-create/
	esm 16.4.6	node_modules/@acala-network/chopsticks/node_modules/@polkadot/types-create/
	esm 16.4.6	node_modules/@acala-network/chopsticks-utils/node_modules/@polkadot/types-create/
[2025-09-09T20:40:06.729Z] [WARN] @polkadot/types-codec has multiple versions, ensure that there is only one installed.
Either remove and explicitly install matching versions or dedupe using your package manager.
The following conflicting packages were found:
	esm 12.4.2	node_modules/@polkadot/types-codec/
	esm 16.4.6	node_modules/@acala-network/chopsticks-core/node_modules/@polkadot/types-codec/
	esm 16.4.6	node_modules/@acala-network/chopsticks/node_modules/@polkadot/types-codec/
	esm 16.4.6	node_modules/@acala-network/chopsticks-utils/node_modules/@polkadot/types-codec/
[2025-09-09T20:40:06.731Z] [WARN] @polkadot/types-known has multiple versions, ensure that there is only one installed.
Either remove and explicitly install matching versions or dedupe using your package manager.
The following conflicting packages were found:
	esm 12.4.2	node_modules/@polkadot/types-known/
	esm 16.4.6	node_modules/@acala-network/chopsticks/node_modules/@polkadot/types-known/
	esm 16.4.6	node_modules/@acala-network/chopsticks-utils/node_modules/@polkadot/types-known/
[2025-09-09T20:40:06.764Z] [LOG] [dotenv@17.2.1] injecting env (0) from .env -- tip: ⚙️  override existing env vars with { override: true }
[2025-09-09T20:40:08.330Z] [LOG] Setting up AssetHub network with options: {
  "runtimeLogLevel": 5,
  "blockNumber": 9651100,
  "port": 8001,
  "endpoint": [
    "wss://polkadot-asset-hub-rpc.polkadot.io"
  ],
  "db": "assethub-db.sqlite",
  "processQueuedMessages": true
}
[2025-09-09T20:40:13.015Z] [LOG] siblingSovereignAccount 0x7369626c2b080000000000000000000000000000000000000000000000000000
[2025-09-09T20:40:53.260Z] [LOG] Test setup initialized - logging to test-output.log
[2025-09-09T20:40:53.480Z] [WARN] @polkadot/types-codec has multiple versions, ensure that there is only one installed.
Either remove and explicitly install matching versions or dedupe using your package manager.
The following conflicting packages were found:
	esm 12.4.2	node_modules/@polkadot/types-codec/
	esm 16.4.6	node_modules/@acala-network/chopsticks-core/node_modules/@polkadot/types-codec/
[2025-09-09T20:40:53.480Z] [WARN] @polkadot/types has multiple versions, ensure that there is only one installed.
Either remove and explicitly install matching versions or dedupe using your package manager.
The following conflicting packages were found:
	esm 12.4.2	node_modules/@polkadot/types/
	esm 16.4.6	node_modules/@acala-network/chopsticks-core/node_modules/@polkadot/types/
[2025-09-09T20:40:53.481Z] [WARN] @polkadot/types-create has multiple versions, ensure that there is only one installed.
Either remove and explicitly install matching versions or dedupe using your package manager.
The following conflicting packages were found:
	esm 12.4.2	node_modules/@polkadot/types-create/
	esm 16.4.6	node_modules/@acala-network/chopsticks-core/node_modules/@polkadot/types-create/
[2025-09-09T20:40:53.485Z] [WARN] @polkadot/rpc-provider has multiple versions, ensure that there is only one installed.
Either remove and explicitly install matching versions or dedupe using your package manager.
The following conflicting packages were found:
	esm 12.4.2	node_modules/@polkadot/rpc-provider/
	esm 16.4.6	node_modules/@acala-network/chopsticks-core/node_modules/@polkadot/rpc-provider/
[2025-09-09T20:40:54.155Z] [WARN] @polkadot/rpc-augment has multiple versions, ensure that there is only one installed.
Either remove and explicitly install matching versions or dedupe using your package manager.
The following conflicting packages were found:
	esm 12.4.2	node_modules/@polkadot/rpc-augment/
	esm 16.4.6	node_modules/@acala-network/chopsticks/node_modules/@polkadot/rpc-augment/
[2025-09-09T20:40:54.319Z] [WARN] @polkadot/api has multiple versions, ensure that there is only one installed.
Either remove and explicitly install matching versions or dedupe using your package manager.
The following conflicting packages were found:
	esm 12.4.2	node_modules/@polkadot/api/
	esm 16.4.6	node_modules/@acala-network/chopsticks/node_modules/@polkadot/api/
[2025-09-09T20:40:54.319Z] [WARN] @polkadot/rpc-provider has multiple versions, ensure that there is only one installed.
Either remove and explicitly install matching versions or dedupe using your package manager.
The following conflicting packages were found:
	esm 12.4.2	node_modules/@polkadot/rpc-provider/
	esm 16.4.6	node_modules/@acala-network/chopsticks-core/node_modules/@polkadot/rpc-provider/
	esm 16.4.6	node_modules/@acala-network/chopsticks/node_modules/@polkadot/rpc-provider/
[2025-09-09T20:40:54.319Z] [WARN] @polkadot/api-derive has multiple versions, ensure that there is only one installed.
Either remove and explicitly install matching versions or dedupe using your package manager.
The following conflicting packages were found:
	esm 12.4.2	node_modules/@polkadot/api-derive/
	esm 16.4.6	node_modules/@acala-network/chopsticks/node_modules/@polkadot/api-derive/
[2025-09-09T20:40:54.319Z] [WARN] @polkadot/rpc-core has multiple versions, ensure that there is only one installed.
Either remove and explicitly install matching versions or dedupe using your package manager.
The following conflicting packages were found:
	esm 12.4.2	node_modules/@polkadot/rpc-core/
	esm 16.4.6	node_modules/@acala-network/chopsticks/node_modules/@polkadot/rpc-core/
[2025-09-09T20:40:54.319Z] [WARN] @polkadot/types has multiple versions, ensure that there is only one installed.
Either remove and explicitly install matching versions or dedupe using your package manager.
The following conflicting packages were found:
	esm 12.4.2	node_modules/@polkadot/types/
	esm 16.4.6	node_modules/@acala-network/chopsticks-core/node_modules/@polkadot/types/
	esm 16.4.6	node_modules/@acala-network/chopsticks/node_modules/@polkadot/types/
[2025-09-09T20:40:54.320Z] [WARN] @polkadot/types-create has multiple versions, ensure that there is only one installed.
Either remove and explicitly install matching versions or dedupe using your package manager.
The following conflicting packages were found:
	esm 12.4.2	node_modules/@polkadot/types-create/
	esm 16.4.6	node_modules/@acala-network/chopsticks-core/node_modules/@polkadot/types-create/
	esm 16.4.6	node_modules/@acala-network/chopsticks/node_modules/@polkadot/types-create/
[2025-09-09T20:40:54.320Z] [WARN] @polkadot/types-codec has multiple versions, ensure that there is only one installed.
Either remove and explicitly install matching versions or dedupe using your package manager.
The following conflicting packages were found:
	esm 12.4.2	node_modules/@polkadot/types-codec/
	esm 16.4.6	node_modules/@acala-network/chopsticks-core/node_modules/@polkadot/types-codec/
	esm 16.4.6	node_modules/@acala-network/chopsticks/node_modules/@polkadot/types-codec/
[2025-09-09T20:40:54.322Z] [WARN] @polkadot/types-known has multiple versions, ensure that there is only one installed.
Either remove and explicitly install matching versions or dedupe using your package manager.
The following conflicting packages were found:
	esm 12.4.2	node_modules/@polkadot/types-known/
	esm 16.4.6	node_modules/@acala-network/chopsticks/node_modules/@polkadot/types-known/
[2025-09-09T20:40:54.324Z] [WARN] @polkadot/api has multiple versions, ensure that there is only one installed.
Either remove and explicitly install matching versions or dedupe using your package manager.
The following conflicting packages were found:
	esm 12.4.2	node_modules/@polkadot/api/
	esm 16.4.6	node_modules/@acala-network/chopsticks/node_modules/@polkadot/api/
	esm 16.4.6	node_modules/@acala-network/chopsticks-utils/node_modules/@polkadot/api/
[2025-09-09T20:40:54.324Z] [WARN] @polkadot/rpc-augment has multiple versions, ensure that there is only one installed.
Either remove and explicitly install matching versions or dedupe using your package manager.
The following conflicting packages were found:
	esm 12.4.2	node_modules/@polkadot/rpc-augment/
	esm 16.4.6	node_modules/@acala-network/chopsticks/node_modules/@polkadot/rpc-augment/
	esm 16.4.6	node_modules/@acala-network/chopsticks-utils/node_modules/@polkadot/rpc-augment/
[2025-09-09T20:40:54.324Z] [WARN] @polkadot/rpc-provider has multiple versions, ensure that there is only one installed.
Either remove and explicitly install matching versions or dedupe using your package manager.
The following conflicting packages were found:
	esm 12.4.2	node_modules/@polkadot/rpc-provider/
	esm 16.4.6	node_modules/@acala-network/chopsticks-core/node_modules/@polkadot/rpc-provider/
	esm 16.4.6	node_modules/@acala-network/chopsticks/node_modules/@polkadot/rpc-provider/
	esm 16.4.6	node_modules/@acala-network/chopsticks-utils/node_modules/@polkadot/rpc-provider/
[2025-09-09T20:40:54.325Z] [WARN] @polkadot/api-derive has multiple versions, ensure that there is only one installed.
Either remove and explicitly install matching versions or dedupe using your package manager.
The following conflicting packages were found:
	esm 12.4.2	node_modules/@polkadot/api-derive/
	esm 16.4.6	node_modules/@acala-network/chopsticks/node_modules/@polkadot/api-derive/
	esm 16.4.6	node_modules/@acala-network/chopsticks-utils/node_modules/@polkadot/api-derive/
[2025-09-09T20:40:54.325Z] [WARN] @polkadot/rpc-core has multiple versions, ensure that there is only one installed.
Either remove and explicitly install matching versions or dedupe using your package manager.
The following conflicting packages were found:
	esm 12.4.2	node_modules/@polkadot/rpc-core/
	esm 16.4.6	node_modules/@acala-network/chopsticks/node_modules/@polkadot/rpc-core/
	esm 16.4.6	node_modules/@acala-network/chopsticks-utils/node_modules/@polkadot/rpc-core/
[2025-09-09T20:40:54.325Z] [WARN] @polkadot/types has multiple versions, ensure that there is only one installed.
Either remove and explicitly install matching versions or dedupe using your package manager.
The following conflicting packages were found:
	esm 12.4.2	node_modules/@polkadot/types/
	esm 16.4.6	node_modules/@acala-network/chopsticks-core/node_modules/@polkadot/types/
	esm 16.4.6	node_modules/@acala-network/chopsticks/node_modules/@polkadot/types/
	esm 16.4.6	node_modules/@acala-network/chopsticks-utils/node_modules/@polkadot/types/
[2025-09-09T20:40:54.325Z] [WARN] @polkadot/types-create has multiple versions, ensure that there is only one installed.
Either remove and explicitly install matching versions or dedupe using your package manager.
The following conflicting packages were found:
	esm 12.4.2	node_modules/@polkadot/types-create/
	esm 16.4.6	node_modules/@acala-network/chopsticks-core/node_modules/@polkadot/types-create/
	esm 16.4.6	node_modules/@acala-network/chopsticks/node_modules/@polkadot/types-create/
	esm 16.4.6	node_modules/@acala-network/chopsticks-utils/node_modules/@polkadot/types-create/
[2025-09-09T20:40:54.325Z] [WARN] @polkadot/types-codec has multiple versions, ensure that there is only one installed.
Either remove and explicitly install matching versions or dedupe using your package manager.
The following conflicting packages were found:
	esm 12.4.2	node_modules/@polkadot/types-codec/
	esm 16.4.6	node_modules/@acala-network/chopsticks-core/node_modules/@polkadot/types-codec/
	esm 16.4.6	node_modules/@acala-network/chopsticks/node_modules/@polkadot/types-codec/
	esm 16.4.6	node_modules/@acala-network/chopsticks-utils/node_modules/@polkadot/types-codec/
[2025-09-09T20:40:54.327Z] [WARN] @polkadot/types-known has multiple versions, ensure that there is only one installed.
Either remove and explicitly install matching versions or dedupe using your package manager.
The following conflicting packages were found:
	esm 12.4.2	node_modules/@polkadot/types-known/
	esm 16.4.6	node_modules/@acala-network/chopsticks/node_modules/@polkadot/types-known/
	esm 16.4.6	node_modules/@acala-network/chopsticks-utils/node_modules/@polkadot/types-known/
[2025-09-09T20:40:54.333Z] [LOG] [dotenv@17.2.1] injecting env (0) from .env -- tip: ⚙️  enable debug logging with { debug: true }
[2025-09-09T20:40:55.993Z] [LOG] Setting up AssetHub network with options: {
  "runtimeLogLevel": 5,
  "blockNumber": 9651100,
  "port": 8001,
  "endpoint": [
    "wss://polkadot-asset-hub-rpc.polkadot.io"
  ],
  "db": "assethub-db.sqlite",
  "processQueuedMessages": true
}
[2025-09-09T20:40:57.951Z] [LOG] assetHub.url "ws://[::]:8001"
[2025-09-09T20:41:02.035Z] [LOG] Transaction status: Ready
[2025-09-09T20:41:02.035Z] [LOG] ✅ Transaction is ready in pool
[2025-09-09T20:41:02.036Z] [LOG] Transaction status: Broadcast
[2025-09-09T20:41:03.158Z] [LOG] Transaction status: InBlock
[2025-09-09T20:41:03.159Z] [LOG] ✅ Transaction is in block
[2025-09-09T20:41:03.159Z] [LOG] ✅ Transaction successful, unsubscribing...
[2025-09-09T20:41:07.631Z] [LOG] Frequency events: [
  {
    "phase": "Initialization",
    "event": {
      "method": "NewAccount",
      "section": "system",
      "index": "0x0003",
      "data": {
        "account": "f6cGVmusZ1zNcF9kZe67WFuAfcjzPiyCuemdfpDyhrEqGuaig"
      }
    },
    "topics": []
  },
  {
    "phase": "Initialization",
    "event": {
      "method": "Issued",
      "section": "foreignAssets",
      "index": "0x4b01",
      "data": {
        "assetId": {
          "parents": "1",
          "interior": "Here"
        },
        "owner": "f6cGVmusZ1zNcF9kZe67WFuAfcjzPiyCuemdfpDyhrEqGuaig",
        "amount": "499,951,030,402"
      }
    },
    "topics": []
  },
  {
    "phase": "Initialization",
    "event": {
      "method": "Processed",
      "section": "messageQueue",
      "index": "0x4a01",
      "data": {
        "id": "0x25af8fed3e025a040408842ae2b76094146bf9ab5b4d480424c9615d237f2a81",
        "origin": {
          "Sibling": "1,000"
        },
        "weightUsed": {
          "refTime": "480,047,000",
          "proofSize": "4,768"
        },
        "success": true
      }
    },
    "topics": []
  },
  {
    "phase": {
      "ApplyExtrinsic": "0"
    },
    "event": {
      "method": "ExtrinsicSuccess",
      "section": "system",
      "index": "0x0000",
      "data": {
        "dispatchInfo": {
          "weight": {
            "refTime": "275,594,000",
            "proofSize": "1,988"
          },
          "class": "Mandatory",
          "paysFee": "Yes"
        }
      }
    },
    "topics": []
  },
  {
    "phase": {
      "ApplyExtrinsic": "1"
    },
    "event": {
      "method": "ExtrinsicSuccess",
      "section": "system",
      "index": "0x0000",
      "data": {
        "dispatchInfo": {
          "weight": {
            "refTime": "98,029,000",
            "proofSize": "0"
          },
          "class": "Mandatory",
          "paysFee": "Yes"
        }
      }
    },
    "topics": []
  }
]
[2025-09-09T20:41:07.631Z] [LOG] XCM Results: []
[2025-09-09T20:42:08.166Z] [LOG] Test setup initialized - logging to test-output.log
[2025-09-09T20:42:08.166Z] [LOG] Test setup initialized - logging to test-output.log
[2025-09-09T20:42:08.426Z] [WARN] @polkadot/types-codec has multiple versions, ensure that there is only one installed.
Either remove and explicitly install matching versions or dedupe using your package manager.
The following conflicting packages were found:
	esm 12.4.2	node_modules/@polkadot/types-codec/
	esm 16.4.6	node_modules/@acala-network/chopsticks-core/node_modules/@polkadot/types-codec/
[2025-09-09T20:42:08.427Z] [WARN] @polkadot/types-codec has multiple versions, ensure that there is only one installed.
Either remove and explicitly install matching versions or dedupe using your package manager.
The following conflicting packages were found:
	esm 12.4.2	node_modules/@polkadot/types-codec/
	esm 16.4.6	node_modules/@acala-network/chopsticks-core/node_modules/@polkadot/types-codec/
[2025-09-09T20:42:08.427Z] [WARN] @polkadot/types has multiple versions, ensure that there is only one installed.
Either remove and explicitly install matching versions or dedupe using your package manager.
The following conflicting packages were found:
	esm 12.4.2	node_modules/@polkadot/types/
	esm 16.4.6	node_modules/@acala-network/chopsticks-core/node_modules/@polkadot/types/
[2025-09-09T20:42:08.427Z] [WARN] @polkadot/types has multiple versions, ensure that there is only one installed.
Either remove and explicitly install matching versions or dedupe using your package manager.
The following conflicting packages were found:
	esm 12.4.2	node_modules/@polkadot/types/
	esm 16.4.6	node_modules/@acala-network/chopsticks-core/node_modules/@polkadot/types/
[2025-09-09T20:42:08.428Z] [WARN] @polkadot/types-create has multiple versions, ensure that there is only one installed.
Either remove and explicitly install matching versions or dedupe using your package manager.
The following conflicting packages were found:
	esm 12.4.2	node_modules/@polkadot/types-create/
	esm 16.4.6	node_modules/@acala-network/chopsticks-core/node_modules/@polkadot/types-create/
[2025-09-09T20:42:08.428Z] [WARN] @polkadot/types-create has multiple versions, ensure that there is only one installed.
Either remove and explicitly install matching versions or dedupe using your package manager.
The following conflicting packages were found:
	esm 12.4.2	node_modules/@polkadot/types-create/
	esm 16.4.6	node_modules/@acala-network/chopsticks-core/node_modules/@polkadot/types-create/
[2025-09-09T20:42:08.432Z] [WARN] @polkadot/rpc-provider has multiple versions, ensure that there is only one installed.
Either remove and explicitly install matching versions or dedupe using your package manager.
The following conflicting packages were found:
	esm 12.4.2	node_modules/@polkadot/rpc-provider/
	esm 16.4.6	node_modules/@acala-network/chopsticks-core/node_modules/@polkadot/rpc-provider/
[2025-09-09T20:42:08.432Z] [WARN] @polkadot/rpc-provider has multiple versions, ensure that there is only one installed.
Either remove and explicitly install matching versions or dedupe using your package manager.
The following conflicting packages were found:
	esm 12.4.2	node_modules/@polkadot/rpc-provider/
	esm 16.4.6	node_modules/@acala-network/chopsticks-core/node_modules/@polkadot/rpc-provider/
[2025-09-09T20:42:09.093Z] [WARN] @polkadot/rpc-augment has multiple versions, ensure that there is only one installed.
Either remove and explicitly install matching versions or dedupe using your package manager.
The following conflicting packages were found:
	esm 12.4.2	node_modules/@polkadot/rpc-augment/
	esm 16.4.6	node_modules/@acala-network/chopsticks/node_modules/@polkadot/rpc-augment/
[2025-09-09T20:42:09.095Z] [WARN] @polkadot/rpc-augment has multiple versions, ensure that there is only one installed.
Either remove and explicitly install matching versions or dedupe using your package manager.
The following conflicting packages were found:
	esm 12.4.2	node_modules/@polkadot/rpc-augment/
	esm 16.4.6	node_modules/@acala-network/chopsticks/node_modules/@polkadot/rpc-augment/
[2025-09-09T20:42:09.201Z] [WARN] @polkadot/api has multiple versions, ensure that there is only one installed.
Either remove and explicitly install matching versions or dedupe using your package manager.
The following conflicting packages were found:
	esm 12.4.2	node_modules/@polkadot/api/
	esm 16.4.6	node_modules/@acala-network/chopsticks/node_modules/@polkadot/api/
[2025-09-09T20:42:09.201Z] [WARN] @polkadot/rpc-provider has multiple versions, ensure that there is only one installed.
Either remove and explicitly install matching versions or dedupe using your package manager.
The following conflicting packages were found:
	esm 12.4.2	node_modules/@polkadot/rpc-provider/
	esm 16.4.6	node_modules/@acala-network/chopsticks-core/node_modules/@polkadot/rpc-provider/
	esm 16.4.6	node_modules/@acala-network/chopsticks/node_modules/@polkadot/rpc-provider/
[2025-09-09T20:42:09.202Z] [WARN] @polkadot/api-derive has multiple versions, ensure that there is only one installed.
Either remove and explicitly install matching versions or dedupe using your package manager.
The following conflicting packages were found:
	esm 12.4.2	node_modules/@polkadot/api-derive/
	esm 16.4.6	node_modules/@acala-network/chopsticks/node_modules/@polkadot/api-derive/
[2025-09-09T20:42:09.202Z] [WARN] @polkadot/rpc-core has multiple versions, ensure that there is only one installed.
Either remove and explicitly install matching versions or dedupe using your package manager.
The following conflicting packages were found:
	esm 12.4.2	node_modules/@polkadot/rpc-core/
	esm 16.4.6	node_modules/@acala-network/chopsticks/node_modules/@polkadot/rpc-core/
[2025-09-09T20:42:09.202Z] [WARN] @polkadot/types has multiple versions, ensure that there is only one installed.
Either remove and explicitly install matching versions or dedupe using your package manager.
The following conflicting packages were found:
	esm 12.4.2	node_modules/@polkadot/types/
	esm 16.4.6	node_modules/@acala-network/chopsticks-core/node_modules/@polkadot/types/
	esm 16.4.6	node_modules/@acala-network/chopsticks/node_modules/@polkadot/types/
[2025-09-09T20:42:09.202Z] [WARN] @polkadot/api has multiple versions, ensure that there is only one installed.
Either remove and explicitly install matching versions or dedupe using your package manager.
The following conflicting packages were found:
	esm 12.4.2	node_modules/@polkadot/api/
	esm 16.4.6	node_modules/@acala-network/chopsticks/node_modules/@polkadot/api/
[2025-09-09T20:42:09.203Z] [WARN] @polkadot/rpc-provider has multiple versions, ensure that there is only one installed.
Either remove and explicitly install matching versions or dedupe using your package manager.
The following conflicting packages were found:
	esm 12.4.2	node_modules/@polkadot/rpc-provider/
	esm 16.4.6	node_modules/@acala-network/chopsticks-core/node_modules/@polkadot/rpc-provider/
	esm 16.4.6	node_modules/@acala-network/chopsticks/node_modules/@polkadot/rpc-provider/
[2025-09-09T20:42:09.203Z] [WARN] @polkadot/api-derive has multiple versions, ensure that there is only one installed.
Either remove and explicitly install matching versions or dedupe using your package manager.
The following conflicting packages were found:
	esm 12.4.2	node_modules/@polkadot/api-derive/
	esm 16.4.6	node_modules/@acala-network/chopsticks/node_modules/@polkadot/api-derive/
[2025-09-09T20:42:09.203Z] [WARN] @polkadot/rpc-core has multiple versions, ensure that there is only one installed.
Either remove and explicitly install matching versions or dedupe using your package manager.
The following conflicting packages were found:
	esm 12.4.2	node_modules/@polkadot/rpc-core/
	esm 16.4.6	node_modules/@acala-network/chopsticks/node_modules/@polkadot/rpc-core/
[2025-09-09T20:42:09.203Z] [WARN] @polkadot/types-create has multiple versions, ensure that there is only one installed.
Either remove and explicitly install matching versions or dedupe using your package manager.
The following conflicting packages were found:
	esm 12.4.2	node_modules/@polkadot/types-create/
	esm 16.4.6	node_modules/@acala-network/chopsticks-core/node_modules/@polkadot/types-create/
	esm 16.4.6	node_modules/@acala-network/chopsticks/node_modules/@polkadot/types-create/
[2025-09-09T20:42:09.203Z] [WARN] @polkadot/types has multiple versions, ensure that there is only one installed.
Either remove and explicitly install matching versions or dedupe using your package manager.
The following conflicting packages were found:
	esm 12.4.2	node_modules/@polkadot/types/
	esm 16.4.6	node_modules/@acala-network/chopsticks-core/node_modules/@polkadot/types/
	esm 16.4.6	node_modules/@acala-network/chopsticks/node_modules/@polkadot/types/
[2025-09-09T20:42:09.203Z] [WARN] @polkadot/types-codec has multiple versions, ensure that there is only one installed.
Either remove and explicitly install matching versions or dedupe using your package manager.
The following conflicting packages were found:
	esm 12.4.2	node_modules/@polkadot/types-codec/
	esm 16.4.6	node_modules/@acala-network/chopsticks-core/node_modules/@polkadot/types-codec/
	esm 16.4.6	node_modules/@acala-network/chopsticks/node_modules/@polkadot/types-codec/
[2025-09-09T20:42:09.204Z] [WARN] @polkadot/types-create has multiple versions, ensure that there is only one installed.
Either remove and explicitly install matching versions or dedupe using your package manager.
The following conflicting packages were found:
	esm 12.4.2	node_modules/@polkadot/types-create/
	esm 16.4.6	node_modules/@acala-network/chopsticks-core/node_modules/@polkadot/types-create/
	esm 16.4.6	node_modules/@acala-network/chopsticks/node_modules/@polkadot/types-create/
[2025-09-09T20:42:09.204Z] [WARN] @polkadot/types-codec has multiple versions, ensure that there is only one installed.
Either remove and explicitly install matching versions or dedupe using your package manager.
The following conflicting packages were found:
	esm 12.4.2	node_modules/@polkadot/types-codec/
	esm 16.4.6	node_modules/@acala-network/chopsticks-core/node_modules/@polkadot/types-codec/
	esm 16.4.6	node_modules/@acala-network/chopsticks/node_modules/@polkadot/types-codec/
[2025-09-09T20:42:09.206Z] [WARN] @polkadot/types-known has multiple versions, ensure that there is only one installed.
Either remove and explicitly install matching versions or dedupe using your package manager.
The following conflicting packages were found:
	esm 12.4.2	node_modules/@polkadot/types-known/
	esm 16.4.6	node_modules/@acala-network/chopsticks/node_modules/@polkadot/types-known/
[2025-09-09T20:42:09.206Z] [WARN] @polkadot/types-known has multiple versions, ensure that there is only one installed.
Either remove and explicitly install matching versions or dedupe using your package manager.
The following conflicting packages were found:
	esm 12.4.2	node_modules/@polkadot/types-known/
	esm 16.4.6	node_modules/@acala-network/chopsticks/node_modules/@polkadot/types-known/
[2025-09-09T20:42:09.208Z] [WARN] @polkadot/api has multiple versions, ensure that there is only one installed.
Either remove and explicitly install matching versions or dedupe using your package manager.
The following conflicting packages were found:
	esm 12.4.2	node_modules/@polkadot/api/
	esm 16.4.6	node_modules/@acala-network/chopsticks/node_modules/@polkadot/api/
	esm 16.4.6	node_modules/@acala-network/chopsticks-utils/node_modules/@polkadot/api/
[2025-09-09T20:42:09.208Z] [WARN] @polkadot/rpc-augment has multiple versions, ensure that there is only one installed.
Either remove and explicitly install matching versions or dedupe using your package manager.
The following conflicting packages were found:
	esm 12.4.2	node_modules/@polkadot/rpc-augment/
	esm 16.4.6	node_modules/@acala-network/chopsticks/node_modules/@polkadot/rpc-augment/
	esm 16.4.6	node_modules/@acala-network/chopsticks-utils/node_modules/@polkadot/rpc-augment/
[2025-09-09T20:42:09.208Z] [WARN] @polkadot/rpc-provider has multiple versions, ensure that there is only one installed.
Either remove and explicitly install matching versions or dedupe using your package manager.
The following conflicting packages were found:
	esm 12.4.2	node_modules/@polkadot/rpc-provider/
	esm 16.4.6	node_modules/@acala-network/chopsticks-core/node_modules/@polkadot/rpc-provider/
	esm 16.4.6	node_modules/@acala-network/chopsticks/node_modules/@polkadot/rpc-provider/
	esm 16.4.6	node_modules/@acala-network/chopsticks-utils/node_modules/@polkadot/rpc-provider/
[2025-09-09T20:42:09.208Z] [WARN] @polkadot/api-derive has multiple versions, ensure that there is only one installed.
Either remove and explicitly install matching versions or dedupe using your package manager.
The following conflicting packages were found:
	esm 12.4.2	node_modules/@polkadot/api-derive/
	esm 16.4.6	node_modules/@acala-network/chopsticks/node_modules/@polkadot/api-derive/
	esm 16.4.6	node_modules/@acala-network/chopsticks-utils/node_modules/@polkadot/api-derive/
[2025-09-09T20:42:09.208Z] [WARN] @polkadot/rpc-core has multiple versions, ensure that there is only one installed.
Either remove and explicitly install matching versions or dedupe using your package manager.
The following conflicting packages were found:
	esm 12.4.2	node_modules/@polkadot/rpc-core/
	esm 16.4.6	node_modules/@acala-network/chopsticks/node_modules/@polkadot/rpc-core/
	esm 16.4.6	node_modules/@acala-network/chopsticks-utils/node_modules/@polkadot/rpc-core/
[2025-09-09T20:42:09.208Z] [WARN] @polkadot/types has multiple versions, ensure that there is only one installed.
Either remove and explicitly install matching versions or dedupe using your package manager.
The following conflicting packages were found:
	esm 12.4.2	node_modules/@polkadot/types/
	esm 16.4.6	node_modules/@acala-network/chopsticks-core/node_modules/@polkadot/types/
	esm 16.4.6	node_modules/@acala-network/chopsticks/node_modules/@polkadot/types/
	esm 16.4.6	node_modules/@acala-network/chopsticks-utils/node_modules/@polkadot/types/
[2025-09-09T20:42:09.208Z] [WARN] @polkadot/api has multiple versions, ensure that there is only one installed.
Either remove and explicitly install matching versions or dedupe using your package manager.
The following conflicting packages were found:
	esm 12.4.2	node_modules/@polkadot/api/
	esm 16.4.6	node_modules/@acala-network/chopsticks/node_modules/@polkadot/api/
	esm 16.4.6	node_modules/@acala-network/chopsticks-utils/node_modules/@polkadot/api/
[2025-09-09T20:42:09.208Z] [WARN] @polkadot/rpc-augment has multiple versions, ensure that there is only one installed.
Either remove and explicitly install matching versions or dedupe using your package manager.
The following conflicting packages were found:
	esm 12.4.2	node_modules/@polkadot/rpc-augment/
	esm 16.4.6	node_modules/@acala-network/chopsticks/node_modules/@polkadot/rpc-augment/
	esm 16.4.6	node_modules/@acala-network/chopsticks-utils/node_modules/@polkadot/rpc-augment/
[2025-09-09T20:42:09.209Z] [WARN] @polkadot/rpc-provider has multiple versions, ensure that there is only one installed.
Either remove and explicitly install matching versions or dedupe using your package manager.
The following conflicting packages were found:
	esm 12.4.2	node_modules/@polkadot/rpc-provider/
	esm 16.4.6	node_modules/@acala-network/chopsticks-core/node_modules/@polkadot/rpc-provider/
	esm 16.4.6	node_modules/@acala-network/chopsticks/node_modules/@polkadot/rpc-provider/
	esm 16.4.6	node_modules/@acala-network/chopsticks-utils/node_modules/@polkadot/rpc-provider/
[2025-09-09T20:42:09.209Z] [WARN] @polkadot/api-derive has multiple versions, ensure that there is only one installed.
Either remove and explicitly install matching versions or dedupe using your package manager.
The following conflicting packages were found:
	esm 12.4.2	node_modules/@polkadot/api-derive/
	esm 16.4.6	node_modules/@acala-network/chopsticks/node_modules/@polkadot/api-derive/
	esm 16.4.6	node_modules/@acala-network/chopsticks-utils/node_modules/@polkadot/api-derive/
[2025-09-09T20:42:09.209Z] [WARN] @polkadot/rpc-core has multiple versions, ensure that there is only one installed.
Either remove and explicitly install matching versions or dedupe using your package manager.
The following conflicting packages were found:
	esm 12.4.2	node_modules/@polkadot/rpc-core/
	esm 16.4.6	node_modules/@acala-network/chopsticks/node_modules/@polkadot/rpc-core/
	esm 16.4.6	node_modules/@acala-network/chopsticks-utils/node_modules/@polkadot/rpc-core/
[2025-09-09T20:42:09.209Z] [WARN] @polkadot/types has multiple versions, ensure that there is only one installed.
Either remove and explicitly install matching versions or dedupe using your package manager.
The following conflicting packages were found:
	esm 12.4.2	node_modules/@polkadot/types/
	esm 16.4.6	node_modules/@acala-network/chopsticks-core/node_modules/@polkadot/types/
	esm 16.4.6	node_modules/@acala-network/chopsticks/node_modules/@polkadot/types/
	esm 16.4.6	node_modules/@acala-network/chopsticks-utils/node_modules/@polkadot/types/
[2025-09-09T20:42:09.209Z] [WARN] @polkadot/types-create has multiple versions, ensure that there is only one installed.
Either remove and explicitly install matching versions or dedupe using your package manager.
The following conflicting packages were found:
	esm 12.4.2	node_modules/@polkadot/types-create/
	esm 16.4.6	node_modules/@acala-network/chopsticks-core/node_modules/@polkadot/types-create/
	esm 16.4.6	node_modules/@acala-network/chopsticks/node_modules/@polkadot/types-create/
	esm 16.4.6	node_modules/@acala-network/chopsticks-utils/node_modules/@polkadot/types-create/
[2025-09-09T20:42:09.209Z] [WARN] @polkadot/types-codec has multiple versions, ensure that there is only one installed.
Either remove and explicitly install matching versions or dedupe using your package manager.
The following conflicting packages were found:
	esm 12.4.2	node_modules/@polkadot/types-codec/
	esm 16.4.6	node_modules/@acala-network/chopsticks-core/node_modules/@polkadot/types-codec/
	esm 16.4.6	node_modules/@acala-network/chopsticks/node_modules/@polkadot/types-codec/
	esm 16.4.6	node_modules/@acala-network/chopsticks-utils/node_modules/@polkadot/types-codec/
[2025-09-09T20:42:09.210Z] [WARN] @polkadot/types-create has multiple versions, ensure that there is only one installed.
Either remove and explicitly install matching versions or dedupe using your package manager.
The following conflicting packages were found:
	esm 12.4.2	node_modules/@polkadot/types-create/
	esm 16.4.6	node_modules/@acala-network/chopsticks-core/node_modules/@polkadot/types-create/
	esm 16.4.6	node_modules/@acala-network/chopsticks/node_modules/@polkadot/types-create/
	esm 16.4.6	node_modules/@acala-network/chopsticks-utils/node_modules/@polkadot/types-create/
[2025-09-09T20:42:09.210Z] [WARN] @polkadot/types-codec has multiple versions, ensure that there is only one installed.
Either remove and explicitly install matching versions or dedupe using your package manager.
The following conflicting packages were found:
	esm 12.4.2	node_modules/@polkadot/types-codec/
	esm 16.4.6	node_modules/@acala-network/chopsticks-core/node_modules/@polkadot/types-codec/
	esm 16.4.6	node_modules/@acala-network/chopsticks/node_modules/@polkadot/types-codec/
	esm 16.4.6	node_modules/@acala-network/chopsticks-utils/node_modules/@polkadot/types-codec/
[2025-09-09T20:42:09.211Z] [WARN] @polkadot/types-known has multiple versions, ensure that there is only one installed.
Either remove and explicitly install matching versions or dedupe using your package manager.
The following conflicting packages were found:
	esm 12.4.2	node_modules/@polkadot/types-known/
	esm 16.4.6	node_modules/@acala-network/chopsticks/node_modules/@polkadot/types-known/
	esm 16.4.6	node_modules/@acala-network/chopsticks-utils/node_modules/@polkadot/types-known/
[2025-09-09T20:42:09.211Z] [WARN] @polkadot/types-known has multiple versions, ensure that there is only one installed.
Either remove and explicitly install matching versions or dedupe using your package manager.
The following conflicting packages were found:
	esm 12.4.2	node_modules/@polkadot/types-known/
	esm 16.4.6	node_modules/@acala-network/chopsticks/node_modules/@polkadot/types-known/
	esm 16.4.6	node_modules/@acala-network/chopsticks-utils/node_modules/@polkadot/types-known/
[2025-09-09T20:42:09.227Z] [LOG] [dotenv@17.2.1] injecting env (0) from .env -- tip: ⚙️  specify custom .env file path with { path: '/custom/path/.env' }
[2025-09-09T20:42:09.255Z] [LOG] [dotenv@17.2.1] injecting env (0) from .env -- tip: 🔐 prevent building .env in docker: https://dotenvx.com/prebuild
[2025-09-09T20:42:11.032Z] [LOG] Setting up AssetHub network with options: {
  "runtimeLogLevel": 5,
  "blockNumber": 9651100,
  "port": 8001,
  "endpoint": [
    "wss://polkadot-asset-hub-rpc.polkadot.io"
  ],
  "db": "assethub-db.sqlite",
  "processQueuedMessages": true
}
[2025-09-09T20:42:11.043Z] [LOG] Setting up AssetHub network with options: {
  "runtimeLogLevel": 5,
  "blockNumber": 9651100,
  "port": 8001,
  "endpoint": [
    "wss://polkadot-asset-hub-rpc.polkadot.io"
  ],
  "db": "assethub-db.sqlite",
  "processQueuedMessages": true
}
[2025-09-09T20:42:12.887Z] [LOG] assetHub.url "ws://[::]:8001"
[2025-09-09T20:42:15.598Z] [LOG] siblingSovereignAccount 0x7369626c2b080000000000000000000000000000000000000000000000000000
[2025-09-09T20:42:16.707Z] [LOG] Transaction status: Ready
[2025-09-09T20:42:16.707Z] [LOG] ✅ Transaction is ready in pool
[2025-09-09T20:42:16.708Z] [LOG] Transaction status: Broadcast
[2025-09-09T20:42:17.789Z] [LOG] Transaction status: InBlock
[2025-09-09T20:42:17.789Z] [LOG] ✅ Transaction is in block
[2025-09-09T20:42:17.789Z] [LOG] ✅ Transaction successful, unsubscribing...
[2025-09-09T20:42:22.362Z] [LOG] Frequency events: [
  {
    "phase": "Initialization",
    "event": {
      "method": "NewAccount",
      "section": "system",
      "index": "0x0003",
      "data": {
        "account": "f6cGVmusZ1zNcF9kZe67WFuAfcjzPiyCuemdfpDyhrEqGuaig"
      }
    },
    "topics": []
  },
  {
    "phase": "Initialization",
    "event": {
      "method": "Issued",
      "section": "foreignAssets",
      "index": "0x4b01",
      "data": {
        "assetId": {
          "parents": "1",
          "interior": "Here"
        },
        "owner": "f6cGVmusZ1zNcF9kZe67WFuAfcjzPiyCuemdfpDyhrEqGuaig",
        "amount": "499,951,030,402"
      }
    },
    "topics": []
  },
  {
    "phase": "Initialization",
    "event": {
      "method": "Processed",
      "section": "messageQueue",
      "index": "0x4a01",
      "data": {
        "id": "0x25af8fed3e025a040408842ae2b76094146bf9ab5b4d480424c9615d237f2a81",
        "origin": {
          "Sibling": "1,000"
        },
        "weightUsed": {
          "refTime": "480,047,000",
          "proofSize": "4,768"
        },
        "success": true
      }
    },
    "topics": []
  },
  {
    "phase": {
      "ApplyExtrinsic": "0"
    },
    "event": {
      "method": "ExtrinsicSuccess",
      "section": "system",
      "index": "0x0000",
      "data": {
        "dispatchInfo": {
          "weight": {
            "refTime": "275,594,000",
            "proofSize": "1,988"
          },
          "class": "Mandatory",
          "paysFee": "Yes"
        }
      }
    },
    "topics": []
  },
  {
    "phase": {
      "ApplyExtrinsic": "1"
    },
    "event": {
      "method": "ExtrinsicSuccess",
      "section": "system",
      "index": "0x0000",
      "data": {
        "dispatchInfo": {
          "weight": {
            "refTime": "98,029,000",
            "proofSize": "0"
          },
          "class": "Mandatory",
          "paysFee": "Yes"
        }
      }
    },
    "topics": []
  }
]
[2025-09-09T20:42:22.362Z] [LOG] XCM Results: []
