// Vitest Snapshot v1, https://vitest.dev/guide/snapshot.html

exports[`Teleport DOT from AssetHub to Frequency with DOT fee > Teleport DOT from AssetHub to Frequency with DOT fee > assethub-check-foreign-assets-account 1`] = `
{
  "balance": 100000000000000,
  "extra": null,
  "reason": {
    "consumer": null,
  },
  "status": "Liquid",
}
`;

exports[`Teleport DOT from AssetHub to Frequency with DOT fee > Teleport DOT from AssetHub to Frequency with DOT fee > assethub-events-after-teleport 1`] = `
[
  {
    "data": {
      "amount": "(rounded 4100)",
      "from": "13UVJyLgBASGhE2ok3TvxUfaQBGUt88JCcdYjHvUhvQkFTTx",
      "to": "13xAUHVDyG1v9LLHYtMm7XZFyKNVxoj47oWV431XQ9kjXN38",
    },
    "method": "Transfer",
    "section": "balances",
  },
  {
    "data": {
      "dispatchInfo": {
        "class": "Mandatory",
        "paysFee": "Yes",
        "weight": {
          "proofSize": "(rounded 1500)",
          "refTime": "(rounded 280000000)",
        },
      },
    },
    "method": "ExtrinsicSuccess",
    "section": "system",
  },
  {
    "data": {
      "dispatchInfo": {
        "class": "Mandatory",
        "paysFee": "Yes",
        "weight": {
          "proofSize": 0,
          "refTime": "(rounded 130000000)",
        },
      },
    },
    "method": "ExtrinsicSuccess",
    "section": "system",
  },
  {
    "data": {
      "who": "146SvjUZXoMaemdeiecyxgALeYMm8ZWh1yrGo8RtpoPfe7WL",
    },
    "method": "Upgraded",
    "section": "balances",
  },
  {
    "data": {
      "amount": "(rounded 120000000)",
      "who": "146SvjUZXoMaemdeiecyxgALeYMm8ZWh1yrGo8RtpoPfe7WL",
    },
    "method": "Withdraw",
    "section": "balances",
  },
  {
    "data": {
      "amount": 100000000000000,
      "who": "146SvjUZXoMaemdeiecyxgALeYMm8ZWh1yrGo8RtpoPfe7WL",
    },
    "method": "Burned",
    "section": "balances",
  },
  {
    "data": {
      "assetId": {
        "interior": {
          "X1": [
            {
              "Parachain": "(rounded 2100)",
            },
          ],
        },
        "parents": 1,
      },
      "balance": 10000000000000,
      "owner": "146SvjUZXoMaemdeiecyxgALeYMm8ZWh1yrGo8RtpoPfe7WL",
    },
    "method": "Burned",
    "section": "foreignAssets",
  },
  {
    "data": {
      "account": "13cKp88npNh8qoUAS1gsDf1nfx3Ld138KehsN5Zg594unc7o",
    },
    "method": "NewAccount",
    "section": "system",
  },
  {
    "data": {
      "account": "13cKp88npNh8qoUAS1gsDf1nfx3Ld138KehsN5Zg594unc7o",
      "freeBalance": 90000000000,
    },
    "method": "Endowed",
    "section": "balances",
  },
  {
    "data": {
      "amount": 90000000000,
      "who": "13cKp88npNh8qoUAS1gsDf1nfx3Ld138KehsN5Zg594unc7o",
    },
    "method": "Minted",
    "section": "balances",
  },
  {
    "data": {
      "amount": "(rounded 310000000)",
      "who": "14xmwinmCEz6oRrFdczHKqHgWNMiCysE2KrA4jXXAAM1Eogk",
    },
    "method": "Minted",
    "section": "balances",
  },
  {
    "data": {
      "messageHash": "(hash)",
    },
    "method": "XcmpMessageSent",
    "section": "xcmpQueue",
  },
  {
    "data": {
      "destination": {
        "interior": {
          "X1": [
            {
              "Parachain": "(rounded 2100)",
            },
          ],
        },
        "parents": 1,
      },
      "message": [],
      "messageId": "(hash)",
      "origin": {
        "interior": {
          "X1": [
            {
              "AccountId32": {
                "id": "(hash)",
                "network": "Polkadot",
              },
            },
          ],
        },
        "parents": 0,
      },
    },
    "method": "Sent",
    "section": "polkadotXcm",
  },
  {
    "data": {
      "amount": "(rounded 120000000)",
    },
    "method": "Issued",
    "section": "balances",
  },
  {
    "data": {
      "amount": "(rounded 120000000)",
      "who": "13UVJyLgBASGhE2ok3TvxUfaQBGUt88JCcdYjHvUhvQkFTTx",
    },
    "method": "Deposit",
    "section": "balances",
  },
  {
    "data": {
      "assets": {
        "V5": [
          {
            "fun": {
              "Fungible": "(rounded 100000000000000)",
            },
            "id": {
              "interior": "Here",
              "parents": 1,
            },
          },
        ],
      },
      "hash_": "(hash)",
      "origin": {
        "interior": {
          "X1": [
            {
              "AccountId32": {
                "id": "(hash)",
                "network": "Polkadot",
              },
            },
          ],
        },
        "parents": 0,
      },
    },
    "method": "AssetsTrapped",
    "section": "polkadotXcm",
  },
  {
    "data": {
      "outcome": {
        "Complete": {
          "used": {
            "proofSize": "(rounded 23000)",
            "refTime": "(rounded 1700000000)",
          },
        },
      },
    },
    "method": "Attempted",
    "section": "polkadotXcm",
  },
  {
    "data": {
      "amount": "(rounded 88000000)",
      "who": "146SvjUZXoMaemdeiecyxgALeYMm8ZWh1yrGo8RtpoPfe7WL",
    },
    "method": "Deposit",
    "section": "balances",
  },
  {
    "data": {
      "amount": "(rounded 30000000)",
      "who": "13UVJyLgBASGhE2ok3TvxUfaQBGUt88JCcdYjHvUhvQkFTTx",
    },
    "method": "Deposit",
    "section": "balances",
  },
  {
    "data": {
      "actualFee": "(rounded 30000000)",
      "tip": 0,
      "who": "146SvjUZXoMaemdeiecyxgALeYMm8ZWh1yrGo8RtpoPfe7WL",
    },
    "method": "TransactionFeePaid",
    "section": "transactionPayment",
  },
  {
    "data": {
      "dispatchInfo": {
        "class": "Normal",
        "paysFee": "Yes",
        "weight": {
          "proofSize": "(rounded 34000)",
          "refTime": "(rounded 2200000000)",
        },
      },
    },
    "method": "ExtrinsicSuccess",
    "section": "system",
  },
]
`;

exports[`Teleport DOT from AssetHub to Frequency with DOT fee > Teleport DOT from AssetHub to Frequency with DOT fee > assethub-outbound-hrmp-messages 1`] = `
[
  {
    "data": [
      "ConcatenatedVersionedXcm",
      {
        "v5": [
          {
            "reserveAssetDeposited": [
              {
                "fun": {
                  "fungible": 90000000000,
                },
                "id": {
                  "interior": {
                    "here": null,
                  },
                  "parents": 1,
                },
              },
            ],
          },
          {
            "payFees": {
              "asset": {
                "fun": {
                  "fungible": 90000000000,
                },
                "id": {
                  "interior": {
                    "here": null,
                  },
                  "parents": 1,
                },
              },
            },
          },
          {
            "receiveTeleportedAsset": [
              {
                "fun": {
                  "fungible": 10000000000000,
                },
                "id": {
                  "interior": {
                    "here": null,
                  },
                  "parents": 0,
                },
              },
            ],
          },
          {
            "clearOrigin": null,
          },
          {
            "depositAsset": {
              "assets": {
                "wild": {
                  "allCounted": 2,
                },
              },
              "beneficiary": {
                "interior": {
                  "x1": [
                    {
                      "accountId32": {
                        "id": "0xd17c2d7823ebf260fd138f2d7e27d114c0145d968b5ff5006125f2414fadae69",
                        "network": null,
                      },
                    },
                  ],
                },
                "parents": 0,
              },
            },
          },
          {
            "setTopic": "(redacted)",
          },
        ],
      },
    ],
    "recipient": 2091,
  },
]
`;

exports[`Teleport DOT from AssetHub to Frequency with DOT fee > Teleport DOT from AssetHub to Frequency with DOT fee > initial-assethub-check-system-account 1`] = `
{
  "consumers": 0,
  "data": {
    "flags": 0,
    "free": 1000000000000000,
    "frozen": 0,
    "reserved": 0,
  },
  "nonce": 0,
  "providers": 1,
  "sufficients": 0,
}
`;

exports[`Teleport DOT from AssetHub to Frequency with DOT fee > Teleport DOT from AssetHub to Frequency with DOT fee > initial-frequency-check-system-account 1`] = `
{
  "consumers": 0,
  "data": {
    "flags": 0,
    "free": 1000000000000000,
    "frozen": 0,
    "reserved": 0,
  },
  "nonce": 0,
  "providers": 1,
  "sufficients": 0,
}
`;
