// Vitest Snapshot v1, https://vitest.dev/guide/snapshot.html

exports[`Teleport DOT from AssetHub to Frequency with DOT fee > Teleport DOT from AssetHub to Frequency with DOT fee > assethub-events-after-teleport 1`] = `
[
  {
    "data": {
      "dispatchInfo": {
        "class": "Mandatory",
        "paysFee": "Yes",
        "weight": {
          "proofSize": "(rounded 1500)",
          "refTime": "(rounded 280000000)",
        },
      },
    },
    "method": "ExtrinsicSuccess",
    "section": "system",
  },
  {
    "data": {
      "dispatchInfo": {
        "class": "Mandatory",
        "paysFee": "Yes",
        "weight": {
          "proofSize": 0,
          "refTime": "(rounded 130000000)",
        },
      },
    },
    "method": "ExtrinsicSuccess",
    "section": "system",
  },
  {
    "data": {
      "who": "146SvjUZXoMaemdeiecyxgALeYMm8ZWh1yrGo8RtpoPfe7WL",
    },
    "method": "Upgraded",
    "section": "balances",
  },
  {
    "data": {
      "amount": "(rounded 120000000)",
      "who": "146SvjUZXoMaemdeiecyxgALeYMm8ZWh1yrGo8RtpoPfe7WL",
    },
    "method": "Withdraw",
    "section": "balances",
  },
  {
    "data": {
      "amount": "(rounded 90000000)",
      "who": "146SvjUZXoMaemdeiecyxgALeYMm8ZWh1yrGo8RtpoPfe7WL",
    },
    "method": "Deposit",
    "section": "balances",
  },
  {
    "data": {
      "amount": "(rounded 27000000)",
      "who": "13UVJyLgBASGhE2ok3TvxUfaQBGUt88JCcdYjHvUhvQkFTTx",
    },
    "method": "Deposit",
    "section": "balances",
  },
  {
    "data": {
      "actualFee": "(rounded 27000000)",
      "tip": 0,
      "who": "146SvjUZXoMaemdeiecyxgALeYMm8ZWh1yrGo8RtpoPfe7WL",
    },
    "method": "TransactionFeePaid",
    "section": "transactionPayment",
  },
  {
    "data": {
      "dispatchError": {
        "Module": {
          "error": "0x18000000",
          "index": 31,
        },
      },
      "dispatchInfo": {
        "class": "Normal",
        "paysFee": "Yes",
        "weight": {
          "proofSize": "(rounded 31000)",
          "refTime": "(rounded 2000000000)",
        },
      },
    },
    "method": "ExtrinsicFailed",
    "section": "system",
  },
]
`;

exports[`Teleport DOT from AssetHub to Frequency with DOT fee > Teleport DOT from AssetHub to Frequency with DOT fee > assethub-outbound-hrmp-messages 1`] = `[]`;
