// Vitest Snapshot v1, https://vitest.dev/guide/snapshot.html

exports[`XCM > AssetHub send DOT to Frequency > initial-events-force-subscribe-version-notify 1`] = `
[
  {
    "data": {
      "dispatchInfo": {
        "class": "Mandatory",
        "paysFee": "Yes",
        "weight": {
          "proofSize": "(rounded 2000)",
          "refTime": "(rounded 280000000)",
        },
      },
    },
    "method": "ExtrinsicSuccess",
    "section": "system",
  },
  {
    "data": {
      "dispatchInfo": {
        "class": "Mandatory",
        "paysFee": "Yes",
        "weight": {
          "proofSize": 0,
          "refTime": "(rounded 98000000)",
        },
      },
    },
    "method": "ExtrinsicSuccess",
    "section": "system",
  },
]
`;

exports[`XCM > AssetHub send DOT to Frequency 1`] = `
{
  "balance": 120000000000,
  "extra": null,
  "reason": {
    "consumer": null,
  },
  "status": "Liquid",
}
`;

exports[`XCM > AssetHub send DOT to Frequency 2`] = `
{
  "balance": 120000000000,
  "extra": null,
  "reason": {
    "consumer": null,
  },
  "status": "Liquid",
}
`;
