// Vitest Snapshot v1, https://vitest.dev/guide/snapshot.html

exports[`XCM > frequency send upward messages to Polkadot > frequency-events 1`] = `
[
  {
    "data": {
      "dispatchInfo": {
        "class": "Mandatory",
        "paysFee": "Yes",
        "weight": {
          "proofSize": "(rounded 2000)",
          "refTime": "(rounded 410000000)",
        },
      },
    },
    "method": "ExtrinsicSuccess",
    "section": "system",
  },
  {
    "data": {
      "dispatchInfo": {
        "class": "Mandatory",
        "paysFee": "Yes",
        "weight": {
          "proofSize": 0,
          "refTime": "(rounded 98000000)",
        },
      },
    },
    "method": "ExtrinsicSuccess",
    "section": "system",
  },
  {
    "data": {
      "who": "5FA9nQDVg267DEd8m1ZypXLBnvN7SFxYwV7ndqSYGiN9TTpu",
    },
    "method": "Upgraded",
    "section": "balances",
  },
  {
    "data": {
      "amount": "(rounded 2000000)",
      "who": "5FA9nQDVg267DEd8m1ZypXLBnvN7SFxYwV7ndqSYGiN9TTpu",
    },
    "method": "Withdraw",
    "section": "balances",
  },
  {
    "data": {
      "actualFee": "(rounded 2000000)",
      "tip": 0,
      "who": "5FA9nQDVg267DEd8m1ZypXLBnvN7SFxYwV7ndqSYGiN9TTpu",
    },
    "method": "TransactionFeePaid",
    "section": "transactionPayment",
  },
  {
    "data": {
      "dispatchError": {
        "Module": {
          "error": "0x15000000",
          "index": 72,
        },
      },
      "dispatchInfo": {
        "class": "Normal",
        "paysFee": "Yes",
        "weight": {
          "proofSize": 0,
          "refTime": "(rounded 2200000000)",
        },
      },
    },
    "method": "ExtrinsicFailed",
    "section": "system",
  },
]
`;

exports[`XCM > frequency send upward messages to Polkadot > frequency-ump-events 1`] = `[]`;

exports[`XCM > frequency send upward messages to Polkadot > polkadot-events 1`] = `
[
  {
    "data": {
      "dispatchInfo": {
        "class": "Mandatory",
        "paysFee": "Yes",
        "weight": {
          "proofSize": "(rounded 1500)",
          "refTime": "(rounded 270000000)",
        },
      },
    },
    "method": "ExtrinsicSuccess",
    "section": "system",
  },
  {
    "data": {
      "dispatchInfo": {
        "class": "Mandatory",
        "paysFee": "Yes",
        "weight": {
          "proofSize": 2,
          "refTime": "(rounded 130000000)",
        },
      },
    },
    "method": "ExtrinsicSuccess",
    "section": "system",
  },
]
`;
